
  [1m[0;34m
    _   _ ____  __  __ ____
  | | | |  _ \|  \/  / ___|
  | |_| | |_) | |\/| \___ \
  |  _  |  _ <| |  | |___) |
  |_| |_|_| \_\_|  |_|____/
  [0m[0;36m  Human Resource Management System[0m
  

[0;36m---  Pre-flight checks  ---[0m
[0;32m  OK  Docker found: Docker version 29.4.3, build 055a478[0m
[0;32m  OK  Docker Compose found: 5.1.3[0m
[0;32m  OK  Docker daemon is running[0m

[0;36m---  Starting Infrastructure (Postgres, RabbitMQ, Redis)  ---[0m
 Container hrms-redis Running 
 Container hrms-postgres Running 
 Container hrms-rabbitmq Running 
  Waiting for hrms-postgres to be healthy... [0;32mhealthy[0m
  Waiting for hrms-rabbitmq to be healthy... [0;32mhealthy[0m
  Waiting for hrms-redis to be healthy... [0;32mhealthy[0m
[0;32m  OK  Infrastructure is up and healthy[0m

[0;36m---  Starting Application Services  ---[0m
[1m[0;34m[HRMS][0m Starting auth-service...
 Image auth-service-auth-service Building 
#1 [internal] load local bake definitions
#1 reading from stdin 569B done
#1 DONE 0.0s

#2 [internal] load build definition from Dockerfile
#2 transferring dockerfile: 617B done
#2 DONE 0.0s

#3 [internal] load metadata for docker.io/library/eclipse-temurin:21-jre-jammy
#3 DONE 1.3s

#4 [internal] load metadata for docker.io/library/maven:3.9.9-eclipse-temurin-21
#4 DONE 1.4s

#5 [internal] load .dockerignore
#5 transferring context: 2B done
#5 DONE 0.0s

#6 [internal] load build context
#6 DONE 0.0s

#7 [build 1/6] FROM docker.io/library/maven:3.9.9-eclipse-temurin-21@sha256:3a4ab3276a087bf276f79cae96b1af04f53731bec53fb2e651aca79e4b10211e
#7 resolve docker.io/library/maven:3.9.9-eclipse-temurin-21@sha256:3a4ab3276a087bf276f79cae96b1af04f53731bec53fb2e651aca79e4b10211e 0.1s done
#7 DONE 0.1s

#8 [stage-1 1/4] FROM docker.io/library/eclipse-temurin:21-jre-jammy@sha256:199aebeb3adcde4910695cdebfe782ada38dadb6cc8013159b58d3724451befd
#8 resolve docker.io/library/eclipse-temurin:21-jre-jammy@sha256:199aebeb3adcde4910695cdebfe782ada38dadb6cc8013159b58d3724451befd 0.1s done
#8 DONE 0.1s

#6 [internal] load build context
#6 transferring context: 3.74kB done
#6 DONE 0.0s

#9 [build 6/6] RUN mvn clean package -DskipTests
#9 CACHED

#10 [build 2/6] WORKDIR /app
#10 CACHED

#11 [build 3/6] COPY pom.xml .
#11 CACHED

#12 [build 5/6] COPY src ./src
#12 CACHED

#13 [stage-1 3/4] COPY --from=build /app/target/*.jar app.jar
#13 CACHED

#14 [stage-1 2/4] WORKDIR /app
#14 CACHED

#15 [build 4/6] RUN mvn -B -q dependency:go-offline
#15 CACHED

#16 [stage-1 4/4] RUN addgroup --system appgroup && adduser --system appuser
#16 CACHED

#17 exporting to image
#17 exporting layers done
#17 exporting manifest sha256:7d53bee04b805e89fd9ce917cc3e1c007498cfbc86e3f7d138ae6c7d4d2fa088 done
#17 exporting config sha256:3eae0a08063ff72604b3f74b74676d4cb36f74241341d32f9a6a00dbd3f0741c 0.0s done
#17 exporting attestation manifest sha256:26368df8dc74c8f769e704f34ce168ecd3d5a1ab03d331a1af71868849c63368
#17 exporting attestation manifest sha256:26368df8dc74c8f769e704f34ce168ecd3d5a1ab03d331a1af71868849c63368 0.1s done
#17 exporting manifest list sha256:56acc7461672023aa771022a1043b60042d71999fae4b87bafd6991909c1d5b7
#17 exporting manifest list sha256:56acc7461672023aa771022a1043b60042d71999fae4b87bafd6991909c1d5b7 0.1s done
#17 naming to docker.io/library/auth-service-auth-service:latest done
#17 unpacking to docker.io/library/auth-service-auth-service:latest 0.0s done
#17 DONE 0.3s

#18 resolving provenance for metadata file
#18 DONE 0.0s
 Image auth-service-auth-service Built 
 Container hrms-auth-service Recreate 
 Container hrms-auth-service Recreated 
 Container hrms-auth-service Starting 
 Container hrms-auth-service Started 
  Waiting for hrms-auth-service to be healthy...... [0;32mhealthy[0m
[0;32m  OK  auth-service is up[0m
[1m[0;34m[HRMS][0m Starting employee-service...
 Image employee-service-employee-service Building 
#1 [internal] load local bake definitions
#1 reading from stdin 601B done
#1 DONE 0.0s

#2 [internal] load build definition from Dockerfile
#2 transferring dockerfile: 659B done
#2 DONE 0.0s

#3 [internal] load metadata for docker.io/library/eclipse-temurin:21-jre-alpine
#3 ...

#4 [internal] load metadata for docker.io/library/eclipse-temurin:21-jdk-alpine
#4 DONE 0.5s

#3 [internal] load metadata for docker.io/library/eclipse-temurin:21-jre-alpine
#3 DONE 0.8s

#5 [internal] load .dockerignore
#5 transferring context: 2B done
#5 DONE 0.1s

#6 [internal] load build context
#6 DONE 0.0s

#7 [builder 1/9] FROM docker.io/library/eclipse-temurin:21-jdk-alpine@sha256:4fb80de7aeb277ad949cfbe89b4f504e50bb34c57fd908c5825236473d71e986
#7 resolve docker.io/library/eclipse-temurin:21-jdk-alpine@sha256:4fb80de7aeb277ad949cfbe89b4f504e50bb34c57fd908c5825236473d71e986
#7 resolve docker.io/library/eclipse-temurin:21-jdk-alpine@sha256:4fb80de7aeb277ad949cfbe89b4f504e50bb34c57fd908c5825236473d71e986 0.1s done
#7 DONE 0.1s

#8 [stage-1 1/5] FROM docker.io/library/eclipse-temurin:21-jre-alpine@sha256:704db3c40204a44f471191446ddd9cda5d60dab40f0e15c6507b815ed897238b
#8 resolve docker.io/library/eclipse-temurin:21-jre-alpine@sha256:704db3c40204a44f471191446ddd9cda5d60dab40f0e15c6507b815ed897238b 0.1s done
#8 DONE 0.1s

#6 [internal] load build context
#6 transferring context: 13.42kB 0.0s done
#6 DONE 0.0s

#9 [builder 2/9] WORKDIR /app
#9 CACHED

#10 [builder 3/9] COPY .mvn .mvn
#10 CACHED

#11 [builder 4/9] COPY mvnw mvnw
#11 CACHED

#12 [builder 5/9] COPY mvnw.cmd mvnw.cmd
#12 CACHED

#13 [builder 6/9] COPY pom.xml .
#13 DONE 0.1s

#14 [builder 7/9] RUN chmod +x mvnw
#14 DONE 0.5s

#15 [builder 8/9] COPY src src
#15 DONE 0.2s

#16 [builder 9/9] RUN ./mvnw clean package -DskipTests
#16 8.271 [INFO] Scanning for projects...
#16 8.476 Downloading from central: https://repo.maven.apache.org/maven2/org/springframework/boot/spring-boot-starter-parent/4.0.6/spring-boot-starter-parent-4.0.6.pom
#16 8.988 Progress (1): 1.1 kBProgress (1): 2.6 kBProgress (1): 6.5 kBProgress (1): 11 kB Progress (1): 14 kB                   Downloaded from central: https://repo.maven.apache.org/maven2/org/springframework/boot/spring-boot-starter-parent/4.0.6/spring-boot-starter-parent-4.0.6.pom (14 kB at 26 kB/s)
#16 9.019 Downloading from central: https://repo.maven.apache.org/maven2/org/springframework/boot/spring-boot-dependencies/4.0.6/spring-boot-dependencies-4.0.6.pom
#16 9.096 Progress (1): 1.0 kBProgress (1): 2.3 kBProgress (1): 4.3 kBProgress (1): 6.5 kBProgress (1): 8.2 kBProgress (1): 10 kB Progress (1): 15 kBProgress (1): 20 kBProgress (1): 29 kBProgress (1): 38 kBProgress (1): 42 kBProgress (1): 50 kBProgress (1): 59 kBProgress (1): 70 kBProgress (1): 91 kBProgress (1): 112 kBProgress (1): 117 kBProgress (1): 124 kBProgress (1): 132 kBProgress (1): 136 kBProgress (1): 138 kB                    Downloaded from central: https://repo.maven.apache.org/maven2/org/springframework/boot/spring-boot-dependencies/4.0.6/spring-boot-dependencies-4.0.6.pom (138 kB at 1.6 MB/s)
#16 9.151 Downloading from central: https://repo.maven.apache.org/maven2/org/apache/activemq/activemq-bom/6.1.8/activemq-bom-6.1.8.pom
#16 9.226 Progress (1): 799 BProgress (1): 1.9 kBProgress (1): 7.9 kB                    Downloaded from central: https://repo.maven.apache.org/maven2/org/apache/activemq/activemq-bom/6.1.8/activemq-bom-6.1.8.pom (7.9 kB at 100 kB/s)
#16 9.235 Downloading from central: https://repo.maven.apache.org/maven2/org/apache/activemq/artemis-bom/2.43.0/artemis-bom-2.43.0.pom
#16 9.315 Progress (1): 799 BProgress (1): 3.4 kBProgress (1): 9.4 kB                    Downloaded from central: https://repo.maven.apache.org/maven2/org/apache/activemq/artemis-bom/2.43.0/artemis-bom-2.43.0.pom (9.4 kB at 116 kB/s)
#16 9.320 Downloading from central: https://repo.maven.apache.org/maven2/org/apache/activemq/artemis-project/2.43.0/artemis-project-2.43.0.pom
#16 9.389 Progress (1): 704 BProgress (1): 1.9 kBProgress (1): 4.3 kBProgress (1): 6.3 kBProgress (1): 7.9 kBProgress (1): 10 kB Progress (1): 12 kBProgress (1): 13 kBProgress (1): 15 kBProgress (1): 16 kBProgress (1): 19 kBProgress (1): 24 kBProgress (1): 27 kBProgress (1): 29 kBProgress (1): 35 kBProgress (1): 40 kBProgress (1): 42 kBProgress (1): 45 kBProgress (1): 48 kBProgress (1): 51 kBProgress (1): 55 kBProgress (1): 56 kB                   Downloaded from central: https://repo.maven.apache.org/maven2/org/apache/activemq/artemis-project/2.43.0/artemis-project-2.43.0.pom (56 kB at 693 kB/s)
#16 9.407 Downloading from central: https://repo.maven.apache.org/maven2/org/apache/apache/35/apache-35.pom
#16 9.479 Progress (1): 739 BProgress (1): 1.6 kBProgress (1): 3.4 kBProgress (1): 5.1 kBProgress (1): 7.2 kBProgress (1): 12 kB Progress (1): 17 kBProgress (1): 19 kBProgress (1): 22 kBProgress (1): 24 kB                   Downloaded from central: https://repo.maven.apache.org/maven2/org/apache/apache/35/apache-35.pom (24 kB at 328 kB/s)
#16 9.490 Downloading from central: https://repo.maven.apache.org/maven2/org/assertj/assertj-bom/3.27.7/assertj-bom-3.27.7.pom
#16 9.576 Progress (1): 1.0 kBProgress (1): 3.2 kBProgress (1): 3.3 kB                    Downloaded from central: https://repo.maven.apache.org/maven2/org/assertj/assertj-bom/3.27.7/assertj-bom-3.27.7.pom (3.3 kB at 37 kB/s)
#16 9.585 Downloading from central: https://repo.maven.apache.org/maven2/io/zipkin/reporter2/zipkin-reporter-bom/3.5.3/zipkin-reporter-bom-3.5.3.pom
#16 9.708 Progress (1): 805 BProgress (1): 2.0 kBProgress (1): 5.3 kBProgress (1): 6.1 kB                    Downloaded from central: https://repo.maven.apache.org/maven2/io/zipkin/reporter2/zipkin-reporter-bom/3.5.3/zipkin-reporter-bom-3.5.3.pom (6.1 kB at 49 kB/s)
#16 9.714 Downloading from central: https://repo.maven.apache.org/maven2/io/zipkin/brave/brave-bom/6.3.1/brave-bom-6.3.1.pom
#16 9.789 Progress (1): 1.1 kBProgress (1): 2.4 kBProgress (1): 11 kB Progress (1): 11 kB                   Downloaded from central: https://repo.maven.apache.org/maven2/io/zipkin/brave/brave-bom/6.3.1/brave-bom-6.3.1.pom (11 kB at 145 kB/s)
#16 9.803 Downloading from central: https://repo.maven.apache.org/maven2/org/apache/cassandra/java-driver-bom/4.19.2/java-driver-bom-4.19.2.pom
#16 9.871 Progress (1): 817 BProgress (1): 2.0 kBProgress (1): 5.3 kBProgress (1): 5.5 kB                    Downloaded from central: https://repo.maven.apache.org/maven2/org/apache/cassandra/java-driver-bom/4.19.2/java-driver-bom-4.19.2.pom (5.5 kB at 70 kB/s)
#16 9.883 Downloading from central: https://repo.maven.apache.org/maven2/org/apache/groovy/groovy-bom/5.0.5/groovy-bom-5.0.5.pom
#16 9.959 Progress (1): 859 BProgress (1): 3.5 kBProgress (1): 7.0 kBProgress (1): 11 kB Progress (1): 14 kBProgress (1): 18 kBProgress (1): 22 kBProgress (1): 23 kBProgress (1): 27 kB                   Downloaded from central: https://repo.maven.apache.org/maven2/org/apache/groovy/groovy-bom/5.0.5/groovy-bom-5.0.5.pom (27 kB at 349 kB/s)
#16 9.967 Downloading from central: https://repo.maven.apache.org/maven2/org/infinispan/infinispan-bom/15.2.6.Final/infinispan-bom-15.2.6.Final.pom
#16 10.04 Progress (1): 1.1 kBProgress (1): 11 kB Progress (1): 17 kB                   Downloaded from central: https://repo.maven.apache.org/maven2/org/infinispan/infinispan-bom/15.2.6.Final/infinispan-bom-15.2.6.Final.pom (17 kB at 212 kB/s)
#16 10.06 Downloading from central: https://repo.maven.apache.org/maven2/org/infinispan/infinispan-build-configuration-parent/15.2.6.Final/infinispan-build-configuration-parent-15.2.6.Final.pom
#16 10.40 Progress (1): 1.0 kBProgress (1): 3.3 kBProgress (1): 5.2 kBProgress (1): 7.4 kBProgress (1): 9.4 kBProgress (1): 12 kB Progress (1): 15 kBProgress (1): 16 kBProgress (1): 17 kB                   Downloaded from central: https://repo.maven.apache.org/maven2/org/infinispan/infinispan-build-configuration-parent/15.2.6.Final/infinispan-build-configuration-parent-15.2.6.Final.pom (17 kB at 50 kB/s)
#16 10.41 Downloading from central: https://repo.maven.apache.org/maven2/com/fasterxml/jackson/jackson-bom/2.21.2/jackson-bom-2.21.2.pom
#16 10.52 Progress (1): 923 BProgress (1): 2.3 kBProgress (1): 6.6 kBProgress (1): 15 kB Progress (1): 20 kBProgress (1): 20 kB                   Downloaded from central: https://repo.maven.apache.org/maven2/com/fasterxml/jackson/jackson-bom/2.21.2/jackson-bom-2.21.2.pom (20 kB at 174 kB/s)
#16 10.53 Downloading from central: https://repo.maven.apache.org/maven2/com/fasterxml/jackson/jackson-parent/2.21/jackson-parent-2.21.pom
#16 10.61 Progress (1): 1.1 kBProgress (1): 2.5 kBProgress (1): 4.0 kBProgress (1): 6.0 kBProgress (1): 6.9 kB                    Downloaded from central: https://repo.maven.apache.org/maven2/com/fasterxml/jackson/jackson-parent/2.21/jackson-parent-2.21.pom (6.9 kB at 78 kB/s)
#16 10.62 Downloading from central: https://repo.maven.apache.org/maven2/com/fasterxml/oss-parent/75/oss-parent-75.pom
#16 10.72 Progress (1): 950 BProgress (1): 2.9 kBProgress (1): 4.1 kBProgress (1): 6.0 kBProgress (1): 10 kB Progress (1): 12 kBProgress (1): 15 kBProgress (1): 16 kBProgress (1): 19 kBProgress (1): 23 kBProgress (1): 24 kB                   Downloaded from central: https://repo.maven.apache.org/maven2/com/fasterxml/oss-parent/75/oss-parent-75.pom (24 kB at 211 kB/s)
#16 10.74 Downloading from central: https://repo.maven.apache.org/maven2/tools/jackson/jackson-bom/3.1.2/jackson-bom-3.1.2.pom
#16 10.80 Progress (1): 901 BProgress (1): 2.7 kBProgress (1): 4.8 kBProgress (1): 14 kB Progress (1): 19 kBProgress (1): 20 kB                   Downloaded from central: https://repo.maven.apache.org/maven2/tools/jackson/jackson-bom/3.1.2/jackson-bom-3.1.2.pom (20 kB at 265 kB/s)
#16 10.82 Downloading from central: https://repo.maven.apache.org/maven2/com/fasterxml/oss-parent/79/oss-parent-79.pom
#16 10.92 Progress (1): 950 BProgress (1): 2.9 kBProgress (1): 4.1 kBProgress (1): 6.1 kBProgress (1): 10 kB Progress (1): 12 kBProgress (1): 15 kBProgress (1): 16 kBProgress (1): 19 kBProgress (1): 22 kBProgress (1): 24 kB                   Downloaded from central: https://repo.maven.apache.org/maven2/com/fasterxml/oss-parent/79/oss-parent-79.pom (24 kB at 244 kB/s)
#16 10.93 Downloading from central: https://repo.maven.apache.org/maven2/org/glassfish/jersey/jersey-bom/4.0.2/jersey-bom-4.0.2.pom
#16 11.00 Progress (1): 853 BProgress (1): 3.2 kBProgress (1): 17 kB Progress (1): 22 kBProgress (1): 24 kB                   Downloaded from central: https://repo.maven.apache.org/maven2/org/glassfish/jersey/jersey-bom/4.0.2/jersey-bom-4.0.2.pom (24 kB at 267 kB/s)
#16 11.02 Downloading from central: https://repo.maven.apache.org/maven2/org/eclipse/ee4j/project/1.0.9/project-1.0.9.pom
#16 11.11 Progress (1): 876 BProgress (1): 2.5 kBProgress (1): 5.0 kBProgress (1): 8.5 kBProgress (1): 12 kB Progress (1): 16 kB                   Downloaded from central: https://repo.maven.apache.org/maven2/org/eclipse/ee4j/project/1.0.9/project-1.0.9.pom (16 kB at 154 kB/s)
#16 11.13 Downloading from central: https://repo.maven.apache.org/maven2/org/eclipse/jetty/ee11/jetty-ee11-bom/12.1.8/jetty-ee11-bom-12.1.8.pom
#16 11.23 Progress (1): 1.1 kBProgress (1): 4.7 kBProgress (1): 9.4 kB                    Downloaded from central: https://repo.maven.apache.org/maven2/org/eclipse/jetty/ee11/jetty-ee11-bom/12.1.8/jetty-ee11-bom-12.1.8.pom (9.4 kB at 92 kB/s)
#16 11.24 Downloading from central: https://repo.maven.apache.org/maven2/org/eclipse/jetty/jetty-bom/12.1.8/jetty-bom-12.1.8.pom
#16 11.31 Progress (1): 1.1 kBProgress (1): 4.6 kBProgress (1): 17 kB                    Downloaded from central: https://repo.maven.apache.org/maven2/org/eclipse/jetty/jetty-bom/12.1.8/jetty-bom-12.1.8.pom (17 kB at 229 kB/s)
#16 11.32 Downloading from central: https://repo.maven.apache.org/maven2/org/jooq/jooq-bom/3.19.32/jooq-bom-3.19.32.pom
#16 11.55 Progress (1): 1.2 kBProgress (1): 4.7 kB                    Downloaded from central: https://repo.maven.apache.org/maven2/org/jooq/jooq-bom/3.19.32/jooq-bom-3.19.32.pom (4.7 kB at 21 kB/s)
#16 11.55 Downloading from central: https://repo.maven.apache.org/maven2/org/junit/junit-bom/6.0.3/junit-bom-6.0.3.pom
#16 11.64 Progress (1): 915 BProgress (1): 4.3 kBProgress (1): 5.1 kB                    Downloaded from central: https://repo.maven.apache.org/maven2/org/junit/junit-bom/6.0.3/junit-bom-6.0.3.pom (5.1 kB at 60 kB/s)
#16 11.65 Downloading from central: https://repo.maven.apache.org/maven2/org/jetbrains/kotlin/kotlin-bom/2.2.21/kotlin-bom-2.2.21.pom
#16 11.72 Progress (1): 909 BProgress (1): 3.4 kBProgress (1): 9.4 kBProgress (1): 9.4 kB                    Downloaded from central: https://repo.maven.apache.org/maven2/org/jetbrains/kotlin/kotlin-bom/2.2.21/kotlin-bom-2.2.21.pom (9.4 kB at 129 kB/s)
#16 11.73 Downloading from central: https://repo.maven.apache.org/maven2/org/jetbrains/kotlinx/kotlinx-coroutines-bom/1.10.2/kotlinx-coroutines-bom-1.10.2.pom
#16 11.82 Progress (1): 1.3 kBProgress (1): 4.3 kB                    Downloaded from central: https://repo.maven.apache.org/maven2/org/jetbrains/kotlinx/kotlinx-coroutines-bom/1.10.2/kotlinx-coroutines-bom-1.10.2.pom (4.3 kB at 46 kB/s)
#16 11.83 Downloading from central: https://repo.maven.apache.org/maven2/org/jetbrains/kotlinx/kotlinx-serialization-bom/1.9.0/kotlinx-serialization-bom-1.9.0.pom
#16 11.96 Progress (1): 1.3 kBProgress (1): 4.0 kB                    Downloaded from central: https://repo.maven.apache.org/maven2/org/jetbrains/kotlinx/kotlinx-serialization-bom/1.9.0/kotlinx-serialization-bom-1.9.0.pom (4.0 kB at 29 kB/s)
#16 11.97 Downloading from central: https://repo.maven.apache.org/maven2/org/apache/logging/log4j/log4j-bom/2.25.4/log4j-bom-2.25.4.pom
#16 12.04 Progress (1): 793 BProgress (1): 2.4 kBProgress (1): 5.8 kBProgress (1): 12 kB                    Downloaded from central: https://repo.maven.apache.org/maven2/org/apache/logging/log4j/log4j-bom/2.25.4/log4j-bom-2.25.4.pom (12 kB at 183 kB/s)
#16 12.04 Downloading from central: https://repo.maven.apache.org/maven2/io/micrometer/micrometer-bom/1.16.5/micrometer-bom-1.16.5.pom
#16 12.13 Progress (1): 1.0 kBProgress (1): 7.7 kBProgress (1): 8.6 kB                    Downloaded from central: https://repo.maven.apache.org/maven2/io/micrometer/micrometer-bom/1.16.5/micrometer-bom-1.16.5.pom (8.6 kB at 100 kB/s)
#16 12.13 Downloading from central: https://repo.maven.apache.org/maven2/org/mockito/mockito-bom/5.20.0/mockito-bom-5.20.0.pom
#16 12.27 Progress (1): 1.5 kBProgress (1): 3.0 kB                    Downloaded from central: https://repo.maven.apache.org/maven2/org/mockito/mockito-bom/5.20.0/mockito-bom-5.20.0.pom (3.0 kB at 22 kB/s)
#16 12.27 Downloading from central: https://repo.maven.apache.org/maven2/org/mongodb/mongodb-driver-bom/5.6.5/mongodb-driver-bom-5.6.5.pom
#16 12.35 Progress (1): 1.0 kBProgress (1): 4.2 kB                    Downloaded from central: https://repo.maven.apache.org/maven2/org/mongodb/mongodb-driver-bom/5.6.5/mongodb-driver-bom-5.6.5.pom (4.2 kB at 57 kB/s)
#16 12.35 Downloading from central: https://repo.maven.apache.org/maven2/org/neo4j/driver/neo4j-java-driver-bom/6.0.5/neo4j-java-driver-bom-6.0.5.pom
#16 12.44 Progress (1): 1.3 kBProgress (1): 2.3 kB                    Downloaded from central: https://repo.maven.apache.org/maven2/org/neo4j/driver/neo4j-java-driver-bom/6.0.5/neo4j-java-driver-bom-6.0.5.pom (2.3 kB at 25 kB/s)
#16 12.45 Downloading from central: https://repo.maven.apache.org/maven2/org/neo4j/bolt/neo4j-bolt-connection-bom/11.0.1/neo4j-bolt-connection-bom-11.0.1.pom
#16 12.54 Progress (1): 1.3 kBProgress (1): 2.5 kB                    Downloaded from central: https://repo.maven.apache.org/maven2/org/neo4j/bolt/neo4j-bolt-connection-bom/11.0.1/neo4j-bolt-connection-bom-11.0.1.pom (2.5 kB at 25 kB/s)
#16 12.55 Downloading from central: https://repo.maven.apache.org/maven2/io/netty/netty-bom/4.2.12.Final/netty-bom-4.2.12.Final.pom
#16 12.99 Progress (1): 776 BProgress (1): 2.4 kBProgress (1): 8.2 kBProgress (1): 19 kB                    Downloaded from central: https://repo.maven.apache.org/maven2/io/netty/netty-bom/4.2.12.Final/netty-bom-4.2.12.Final.pom (19 kB at 43 kB/s)
#16 13.00 Downloading from central: https://repo.maven.apache.org/maven2/org/sonatype/oss/oss-parent/7/oss-parent-7.pom
#16 13.08 Progress (1): 848 BProgress (1): 2.5 kBProgress (1): 4.8 kB                    Downloaded from central: https://repo.maven.apache.org/maven2/org/sonatype/oss/oss-parent/7/oss-parent-7.pom (4.8 kB at 62 kB/s)
#16 13.08 Downloading from central: https://repo.maven.apache.org/maven2/io/opentelemetry/opentelemetry-bom/1.55.0/opentelemetry-bom-1.55.0.pom
#16 13.16 Progress (1): 961 BProgress (1): 6.0 kB                    Downloaded from central: https://repo.maven.apache.org/maven2/io/opentelemetry/opentelemetry-bom/1.55.0/opentelemetry-bom-1.55.0.pom (6.0 kB at 75 kB/s)
#16 13.17 Downloading from central: https://repo.maven.apache.org/maven2/io/prometheus/prometheus-metrics-bom/1.4.3/prometheus-metrics-bom-1.4.3.pom
#16 13.24 Progress (1): 2.1 kBProgress (1): 5.8 kB                    Downloaded from central: https://repo.maven.apache.org/maven2/io/prometheus/prometheus-metrics-bom/1.4.3/prometheus-metrics-bom-1.4.3.pom (5.8 kB at 75 kB/s)
#16 13.25 Downloading from central: https://repo.maven.apache.org/maven2/io/prometheus/client_java_parent/1.4.3/client_java_parent-1.4.3.pom
#16 13.31 Progress (1): 1.1 kBProgress (1): 3.1 kBProgress (1): 4.3 kB                    Downloaded from central: https://repo.maven.apache.org/maven2/io/prometheus/client_java_parent/1.4.3/client_java_parent-1.4.3.pom (4.3 kB at 72 kB/s)
#16 13.32 Downloading from central: https://repo.maven.apache.org/maven2/io/prometheus/simpleclient_bom/0.16.0/simpleclient_bom-0.16.0.pom
#16 13.55 Progress (1): 1.9 kBProgress (1): 6.0 kB                    Downloaded from central: https://repo.maven.apache.org/maven2/io/prometheus/simpleclient_bom/0.16.0/simpleclient_bom-0.16.0.pom (6.0 kB at 26 kB/s)
#16 13.55 Downloading from central: https://repo.maven.apache.org/maven2/io/prometheus/parent/0.16.0/parent-0.16.0.pom
#16 13.65 Progress (1): 1.1 kBProgress (1): 3.4 kBProgress (1): 7.9 kBProgress (1): 13 kB                    Downloaded from central: https://repo.maven.apache.org/maven2/io/prometheus/parent/0.16.0/parent-0.16.0.pom (13 kB at 124 kB/s)
#16 13.66 Downloading from central: https://repo.maven.apache.org/maven2/org/apache/pulsar/pulsar-bom/4.1.3/pulsar-bom-4.1.3.pom
#16 13.80 Progress (1): 794 BProgress (1): 2.4 kBProgress (1): 4.5 kBProgress (1): 14 kB Progress (1): 25 kB                   Downloaded from central: https://repo.maven.apache.org/maven2/org/apache/pulsar/pulsar-bom/4.1.3/pulsar-bom-4.1.3.pom (25 kB at 178 kB/s)
#16 13.80 Downloading from central: https://repo.maven.apache.org/maven2/com/querydsl/querydsl-bom/5.1.0/querydsl-bom-5.1.0.pom
#16 14.20 Progress (1): 1.2 kBProgress (1): 6.7 kBProgress (1): 7.2 kB                    Downloaded from central: https://repo.maven.apache.org/maven2/com/querydsl/querydsl-bom/5.1.0/querydsl-bom-5.1.0.pom (7.2 kB at 18 kB/s)
#16 14.21 Downloading from central: https://repo.maven.apache.org/maven2/io/projectreactor/reactor-bom/2025.0.5/reactor-bom-2025.0.5.pom
#16 14.27 Progress (1): 907 BProgress (1): 4.6 kBProgress (1): 4.6 kB                    Downloaded from central: https://repo.maven.apache.org/maven2/io/projectreactor/reactor-bom/2025.0.5/reactor-bom-2025.0.5.pom (4.6 kB at 72 kB/s)
#16 14.28 Downloading from central: https://repo.maven.apache.org/maven2/io/rsocket/rsocket-bom/1.1.5/rsocket-bom-1.1.5.pom
#16 14.35 Progress (1): 1.1 kBProgress (1): 2.4 kB                    Downloaded from central: https://repo.maven.apache.org/maven2/io/rsocket/rsocket-bom/1.1.5/rsocket-bom-1.1.5.pom (2.4 kB at 31 kB/s)
#16 14.38 Downloading from central: https://repo.maven.apache.org/maven2/org/seleniumhq/selenium/selenium-bom/4.37.0/selenium-bom-4.37.0.pom
#16 14.44 Progress (1): 1.1 kBProgress (1): 5.8 kB                    Downloaded from central: https://repo.maven.apache.org/maven2/org/seleniumhq/selenium/selenium-bom/4.37.0/selenium-bom-4.37.0.pom (5.8 kB at 75 kB/s)
#16 14.46 Downloading from central: https://repo.maven.apache.org/maven2/org/springframework/amqp/spring-amqp-bom/4.0.3/spring-amqp-bom-4.0.3.pom
#16 14.53 Progress (1): 971 BProgress (1): 4.1 kB                    Downloaded from central: https://repo.maven.apache.org/maven2/org/springframework/amqp/spring-amqp-bom/4.0.3/spring-amqp-bom-4.0.3.pom (4.1 kB at 53 kB/s)
#16 14.54 Downloading from central: https://repo.maven.apache.org/maven2/org/springframework/batch/spring-batch-bom/6.0.3/spring-batch-bom-6.0.3.pom
#16 14.61 Progress (1): 1.2 kBProgress (1): 3.2 kB                    Downloaded from central: https://repo.maven.apache.org/maven2/org/springframework/batch/spring-batch-bom/6.0.3/spring-batch-bom-6.0.3.pom (3.2 kB at 44 kB/s)
#16 14.61 Downloading from central: https://repo.maven.apache.org/maven2/org/springframework/data/spring-data-bom/2025.1.5/spring-data-bom-2025.1.5.pom
#16 14.69 Progress (1): 962 BProgress (1): 2.5 kBProgress (1): 5.5 kB                    Downloaded from central: https://repo.maven.apache.org/maven2/org/springframework/data/spring-data-bom/2025.1.5/spring-data-bom-2025.1.5.pom (5.5 kB at 72 kB/s)
#16 14.69 Downloading from central: https://repo.maven.apache.org/maven2/org/springframework/spring-framework-bom/7.0.7/spring-framework-bom-7.0.7.pom
#16 14.76 Progress (1): 979 BProgress (1): 5.7 kB                    Downloaded from central: https://repo.maven.apache.org/maven2/org/springframework/spring-framework-bom/7.0.7/spring-framework-bom-7.0.7.pom (5.7 kB at 77 kB/s)
#16 14.77 Downloading from central: https://repo.maven.apache.org/maven2/org/springframework/integration/spring-integration-bom/7.0.4/spring-integration-bom-7.0.4.pom
#16 14.84 Progress (1): 965 BProgress (1): 6.1 kBProgress (1): 10 kB                    Downloaded from central: https://repo.maven.apache.org/maven2/org/springframework/integration/spring-integration-bom/7.0.4/spring-integration-bom-7.0.4.pom (10 kB at 132 kB/s)
#16 14.85 Downloading from central: https://repo.maven.apache.org/maven2/org/springframework/pulsar/spring-pulsar-bom/2.0.5/spring-pulsar-bom-2.0.5.pom
#16 14.94 Progress (1): 969 BProgress (1): 2.7 kB                    Downloaded from central: https://repo.maven.apache.org/maven2/org/springframework/pulsar/spring-pulsar-bom/2.0.5/spring-pulsar-bom-2.0.5.pom (2.7 kB at 33 kB/s)
#16 14.94 Downloading from central: https://repo.maven.apache.org/maven2/org/springframework/restdocs/spring-restdocs-bom/4.0.0/spring-restdocs-bom-4.0.0.pom
#16 15.08 Progress (1): 1.2 kBProgress (1): 2.4 kB                    Downloaded from central: https://repo.maven.apache.org/maven2/org/springframework/restdocs/spring-restdocs-bom/4.0.0/spring-restdocs-bom-4.0.0.pom (2.4 kB at 17 kB/s)
#16 15.09 Downloading from central: https://repo.maven.apache.org/maven2/org/springframework/security/spring-security-bom/7.0.5/spring-security-bom-7.0.5.pom
#16 15.15 Progress (1): 971 BProgress (1): 6.7 kB                    Downloaded from central: https://repo.maven.apache.org/maven2/org/springframework/security/spring-security-bom/7.0.5/spring-security-bom-7.0.5.pom (6.7 kB at 109 kB/s)
#16 15.15 Downloading from central: https://repo.maven.apache.org/maven2/org/springframework/session/spring-session-bom/4.0.3/spring-session-bom-4.0.3.pom
#16 15.25 Progress (1): 1.0 kBProgress (1): 2.5 kB                    Downloaded from central: https://repo.maven.apache.org/maven2/org/springframework/session/spring-session-bom/4.0.3/spring-session-bom-4.0.3.pom (2.5 kB at 26 kB/s)
#16 15.25 Downloading from central: https://repo.maven.apache.org/maven2/org/springframework/ws/spring-ws-bom/5.0.1/spring-ws-bom-5.0.1.pom
#16 15.32 Progress (1): 1.2 kBProgress (1): 2.3 kB                    Downloaded from central: https://repo.maven.apache.org/maven2/org/springframework/ws/spring-ws-bom/5.0.1/spring-ws-bom-5.0.1.pom (2.3 kB at 31 kB/s)
#16 15.33 Downloading from central: https://repo.maven.apache.org/maven2/org/testcontainers/testcontainers-bom/2.0.5/testcontainers-bom-2.0.5.pom
#16 15.47 Progress (1): 1.2 kBProgress (1): 12 kB                    Downloaded from central: https://repo.maven.apache.org/maven2/org/testcontainers/testcontainers-bom/2.0.5/testcontainers-bom-2.0.5.pom (12 kB at 86 kB/s)
#16 15.53 [INFO] 
#16 15.53 [INFO] -------------------------< com.hrms:employee >--------------------------
#16 15.53 [INFO] Building employee 0.0.1-SNAPSHOT
#16 15.53 [INFO]   from pom.xml
#16 15.53 [INFO] --------------------------------[ jar ]---------------------------------
#16 15.53 Downloading from central: https://repo.maven.apache.org/maven2/org/springframework/boot/spring-boot-maven-plugin/4.0.6/spring-boot-maven-plugin-4.0.6.pom
#16 15.64 Progress (1): 1.3 kBProgress (1): 4.0 kB                    Downloaded from central: https://repo.maven.apache.org/maven2/org/springframework/boot/spring-boot-maven-plugin/4.0.6/spring-boot-maven-plugin-4.0.6.pom (4.0 kB at 37 kB/s)
#16 15.65 Downloading from central: https://repo.maven.apache.org/maven2/org/springframework/boot/spring-boot-maven-plugin/4.0.6/spring-boot-maven-plugin-4.0.6.jar
#16 15.71 Progress (1): 7.7/139 kBProgress (1): 16/139 kB Progress (1): 29/139 kBProgress (1): 45/139 kBProgress (1): 61/139 kBProgress (1): 78/139 kBProgress (1): 94/139 kBProgress (1): 111/139 kBProgress (1): 115/139 kBProgress (1): 131/139 kBProgress (1): 139 kB                        Downloaded from central: https://repo.maven.apache.org/maven2/org/springframework/boot/spring-boot-maven-plugin/4.0.6/spring-boot-maven-plugin-4.0.6.jar (139 kB at 627 kB/s)
#16 15.88 Downloading from central: https://repo.maven.apache.org/maven2/org/apache/maven/plugins/maven-clean-plugin/3.5.0/maven-clean-plugin-3.5.0.pom
#16 15.96 Progress (1): 797 BProgress (1): 2.2 kBProgress (1): 5.0 kBProgress (1): 5.7 kB                    Downloaded from central: https://repo.maven.apache.org/maven2/org/apache/maven/plugins/maven-clean-plugin/3.5.0/maven-clean-plugin-3.5.0.pom (5.7 kB at 75 kB/s)
#16 15.96 Downloading from central: https://repo.maven.apache.org/maven2/org/apache/maven/plugins/maven-plugins/44/maven-plugins-44.pom
#16 16.03 Progress (1): 771 BProgress (1): 2.3 kBProgress (1): 4.9 kBProgress (1): 7.8 kBProgress (1): 8.4 kB                    Downloaded from central: https://repo.maven.apache.org/maven2/org/apache/maven/plugins/maven-plugins/44/maven-plugins-44.pom (8.4 kB at 110 kB/s)
#16 16.04 Downloading from central: https://repo.maven.apache.org/maven2/org/apache/maven/maven-parent/44/maven-parent-44.pom
#16 16.10 Progress (1): 708 BProgress (1): 1.9 kBProgress (1): 5.5 kBProgress (1): 9.7 kBProgress (1): 14 kB Progress (1): 19 kBProgress (1): 23 kBProgress (1): 26 kBProgress (1): 28 kBProgress (1): 32 kBProgress (1): 36 kBProgress (1): 39 kBProgress (1): 42 kBProgress (1): 45 kBProgress (1): 49 kBProgress (1): 49 kBProgress (1): 52 kB                   Downloaded from central: https://repo.maven.apache.org/maven2/org/apache/maven/maven-parent/44/maven-parent-44.pom (52 kB at 829 kB/s)
#16 16.11 Downloading from central: https://repo.maven.apache.org/maven2/org/apache/apache/34/apache-34.pom
#16 16.18 Progress (1): 737 BProgress (1): 2.0 kBProgress (1): 4.0 kBProgress (1): 5.9 kBProgress (1): 11 kB Progress (1): 15 kBProgress (1): 19 kBProgress (1): 22 kBProgress (1): 24 kB                   Downloaded from central: https://repo.maven.apache.org/maven2/org/apache/apache/34/apache-34.pom (24 kB at 323 kB/s)
#16 16.19 Downloading from central: https://repo.maven.apache.org/maven2/org/junit/junit-bom/5.12.1/junit-bom-5.12.1.pom
#16 16.25 Progress (1): 908 BProgress (1): 4.1 kBProgress (1): 5.6 kB                    Downloaded from central: https://repo.maven.apache.org/maven2/org/junit/junit-bom/5.12.1/junit-bom-5.12.1.pom (5.6 kB at 94 kB/s)
#16 16.25 Downloading from central: https://repo.maven.apache.org/maven2/org/apache/maven/plugins/maven-clean-plugin/3.5.0/maven-clean-plugin-3.5.0.jar
#16 16.35 Progress (1): 7.7/37 kBProgress (1): 16/37 kB Progress (1): 25/37 kBProgress (1): 37 kB                      Downloaded from central: https://repo.maven.apache.org/maven2/org/apache/maven/plugins/maven-clean-plugin/3.5.0/maven-clean-plugin-3.5.0.jar (37 kB at 388 kB/s)
#16 16.35 Downloading from central: https://repo.maven.apache.org/maven2/org/apache/maven/plugins/maven-resources-plugin/3.3.1/maven-resources-plugin-3.3.1.pom
#16 16.41 Progress (1): 767 BProgress (1): 2.2 kBProgress (1): 4.9 kBProgress (1): 7.5 kBProgress (1): 8.2 kB                    Downloaded from central: https://repo.maven.apache.org/maven2/org/apache/maven/plugins/maven-resources-plugin/3.3.1/maven-resources-plugin-3.3.1.pom (8.2 kB at 132 kB/s)
#16 16.43 Downloading from central: https://repo.maven.apache.org/maven2/org/apache/maven/plugins/maven-plugins/39/maven-plugins-39.pom
#16 16.52 Progress (1): 773 BProgress (1): 2.3 kBProgress (1): 4.9 kBProgress (1): 7.4 kBProgress (1): 8.1 kB                    Downloaded from central: https://repo.maven.apache.org/maven2/org/apache/maven/plugins/maven-plugins/39/maven-plugins-39.pom (8.1 kB at 84 kB/s)
#16 16.53 Downloading from central: https://repo.maven.apache.org/maven2/org/apache/maven/maven-parent/39/maven-parent-39.pom
#16 16.59 Progress (1): 724 BProgress (1): 1.9 kBProgress (1): 5.5 kBProgress (1): 9.8 kBProgress (1): 14 kB Progress (1): 19 kBProgress (1): 23 kBProgress (1): 26 kBProgress (1): 28 kBProgress (1): 31 kBProgress (1): 34 kBProgress (1): 37 kBProgress (1): 40 kBProgress (1): 43 kBProgress (1): 48 kB                   Downloaded from central: https://repo.maven.apache.org/maven2/org/apache/maven/maven-parent/39/maven-parent-39.pom (48 kB at 774 kB/s)
#16 16.59 Downloading from central: https://repo.maven.apache.org/maven2/org/apache/apache/29/apache-29.pom
#16 16.68 Progress (1): 741 BProgress (1): 2.1 kBProgress (1): 3.9 kBProgress (1): 6.9 kBProgress (1): 12 kB Progress (1): 16 kBProgress (1): 19 kBProgress (1): 21 kB                   Downloaded from central: https://repo.maven.apache.org/maven2/org/apache/apache/29/apache-29.pom (21 kB at 235 kB/s)
#16 16.69 Downloading from central: https://repo.maven.apache.org/maven2/org/apache/maven/plugins/maven-resources-plugin/3.3.1/maven-resources-plugin-3.3.1.jar
#16 16.77 Progress (1): 7.7/31 kBProgress (1): 15/31 kB Progress (1): 31 kB                      Downloaded from central: https://repo.maven.apache.org/maven2/org/apache/maven/plugins/maven-resources-plugin/3.3.1/maven-resources-plugin-3.3.1.jar (31 kB at 352 kB/s)
#16 16.78 Downloading from central: https://repo.maven.apache.org/maven2/org/apache/maven/plugins/maven-compiler-plugin/3.14.1/maven-compiler-plugin-3.14.1.pom
#16 16.91 Progress (1): 762 BProgress (1): 2.3 kBProgress (1): 4.6 kBProgress (1): 8.2 kBProgress (1): 9.9 kB                    Downloaded from central: https://repo.maven.apache.org/maven2/org/apache/maven/plugins/maven-compiler-plugin/3.14.1/maven-compiler-plugin-3.14.1.pom (9.9 kB at 78 kB/s)
#16 16.91 Downloading from central: https://repo.maven.apache.org/maven2/org/apache/maven/plugins/maven-plugins/45/maven-plugins-45.pom
#16 16.99 Progress (1): 772 BProgress (1): 2.3 kBProgress (1): 4.9 kBProgress (1): 7.8 kBProgress (1): 8.4 kB                    Downloaded from central: https://repo.maven.apache.org/maven2/org/apache/maven/plugins/maven-plugins/45/maven-plugins-45.pom (8.4 kB at 84 kB/s)
#16 17.01 Downloading from central: https://repo.maven.apache.org/maven2/org/apache/maven/maven-parent/45/maven-parent-45.pom
#16 17.09 Progress (1): 708 BProgress (1): 1.9 kBProgress (1): 5.5 kBProgress (1): 9.7 kBProgress (1): 14 kB Progress (1): 19 kBProgress (1): 23 kBProgress (1): 27 kBProgress (1): 28 kBProgress (1): 32 kBProgress (1): 35 kBProgress (1): 38 kBProgress (1): 41 kBProgress (1): 44 kBProgress (1): 48 kBProgress (1): 48 kBProgress (1): 53 kB                   Downloaded from central: https://repo.maven.apache.org/maven2/org/apache/maven/maven-parent/45/maven-parent-45.pom (53 kB at 705 kB/s)
#16 17.09 Downloading from central: https://repo.maven.apache.org/maven2/org/junit/junit-bom/5.13.1/junit-bom-5.13.1.pom
#16 17.15 Progress (1): 908 BProgress (1): 4.1 kBProgress (1): 5.6 kB                    Downloaded from central: https://repo.maven.apache.org/maven2/org/junit/junit-bom/5.13.1/junit-bom-5.13.1.pom (5.6 kB at 99 kB/s)
#16 17.16 Downloading from central: https://repo.maven.apache.org/maven2/org/apache/maven/plugins/maven-compiler-plugin/3.14.1/maven-compiler-plugin-3.14.1.jar
#16 17.25 Progress (1): 7.7/84 kBProgress (1): 11/84 kB Progress (1): 28/84 kBProgress (1): 44/84 kBProgress (1): 61/84 kBProgress (1): 77/84 kBProgress (1): 84 kB                      Downloaded from central: https://repo.maven.apache.org/maven2/org/apache/maven/plugins/maven-compiler-plugin/3.14.1/maven-compiler-plugin-3.14.1.jar (84 kB at 774 kB/s)
#16 17.28 Downloading from central: https://repo.maven.apache.org/maven2/org/apache/maven/plugins/maven-surefire-plugin/3.5.5/maven-surefire-plugin-3.5.5.pom
#16 17.40 Progress (1): 827 BProgress (1): 3.3 kBProgress (1): 4.9 kB                    Downloaded from central: https://repo.maven.apache.org/maven2/org/apache/maven/plugins/maven-surefire-plugin/3.5.5/maven-surefire-plugin-3.5.5.pom (4.9 kB at 40 kB/s)
#16 17.40 Downloading from central: https://repo.maven.apache.org/maven2/org/apache/maven/surefire/surefire/3.5.5/surefire-3.5.5.pom
#16 17.48 Progress (1): 791 BProgress (1): 2.4 kBProgress (1): 4.1 kBProgress (1): 7.6 kBProgress (1): 11 kB Progress (1): 13 kBProgress (1): 16 kBProgress (1): 18 kBProgress (1): 19 kB                   Downloaded from central: https://repo.maven.apache.org/maven2/org/apache/maven/surefire/surefire/3.5.5/surefire-3.5.5.pom (19 kB at 243 kB/s)
#16 17.49 Downloading from central: https://repo.maven.apache.org/maven2/org/apache/maven/maven-parent/47/maven-parent-47.pom
#16 17.64 Progress (1): 716 BProgress (1): 1.9 kBProgress (1): 5.6 kBProgress (1): 9.7 kBProgress (1): 14 kB Progress (1): 19 kBProgress (1): 23 kBProgress (1): 27 kBProgress (1): 28 kBProgress (1): 32 kBProgress (1): 35 kBProgress (1): 38 kBProgress (1): 41 kBProgress (1): 44 kBProgress (1): 47 kBProgress (1): 48 kBProgress (1): 53 kBProgress (1): 54 kB                   Downloaded from central: https://repo.maven.apache.org/maven2/org/apache/maven/maven-parent/47/maven-parent-47.pom (54 kB at 365 kB/s)
#16 17.66 Downloading from central: https://repo.maven.apache.org/maven2/org/apache/apache/37/apache-37.pom
#16 17.72 Progress (1): 733 BProgress (1): 2.0 kBProgress (1): 4.0 kBProgress (1): 5.9 kBProgress (1): 10 kB Progress (1): 16 kBProgress (1): 19 kBProgress (1): 22 kBProgress (1): 24 kBProgress (1): 26 kB                   Downloaded from central: https://repo.maven.apache.org/maven2/org/apache/apache/37/apache-37.pom (26 kB at 413 kB/s)
#16 17.72 Downloading from central: https://repo.maven.apache.org/maven2/org/junit/junit-bom/5.12.2/junit-bom-5.12.2.pom
#16 17.80 Progress (1): 908 BProgress (1): 4.1 kBProgress (1): 5.6 kB                    Downloaded from central: https://repo.maven.apache.org/maven2/org/junit/junit-bom/5.12.2/junit-bom-5.12.2.pom (5.6 kB at 77 kB/s)
#16 17.80 Downloading from central: https://repo.maven.apache.org/maven2/org/apache/maven/plugins/maven-surefire-plugin/3.5.5/maven-surefire-plugin-3.5.5.jar
#16 17.88 Progress (1): 7.7/47 kBProgress (1): 16/47 kB Progress (1): 24/47 kBProgress (1): 40/47 kBProgress (1): 47 kB                      Downloaded from central: https://repo.maven.apache.org/maven2/org/apache/maven/plugins/maven-surefire-plugin/3.5.5/maven-surefire-plugin-3.5.5.jar (47 kB at 462 kB/s)
#16 17.91 Downloading from central: https://repo.maven.apache.org/maven2/org/apache/maven/plugins/maven-jar-plugin/3.4.2/maven-jar-plugin-3.4.2.pom
#16 17.99 Progress (1): 782 BProgress (1): 2.2 kBProgress (1): 4.7 kBProgress (1): 7.3 kBProgress (1): 7.7 kB                    Downloaded from central: https://repo.maven.apache.org/maven2/org/apache/maven/plugins/maven-jar-plugin/3.4.2/maven-jar-plugin-3.4.2.pom (7.7 kB at 96 kB/s)
#16 17.99 Downloading from central: https://repo.maven.apache.org/maven2/org/apache/maven/plugins/maven-plugins/42/maven-plugins-42.pom
#16 18.05 Progress (1): 773 BProgress (1): 2.4 kBProgress (1): 4.9 kBProgress (1): 7.7 kB                    Downloaded from central: https://repo.maven.apache.org/maven2/org/apache/maven/plugins/maven-plugins/42/maven-plugins-42.pom (7.7 kB at 126 kB/s)
#16 18.05 Downloading from central: https://repo.maven.apache.org/maven2/org/apache/maven/maven-parent/42/maven-parent-42.pom
#16 18.12 Progress (1): 724 BProgress (1): 1.9 kBProgress (1): 5.5 kBProgress (1): 9.9 kBProgress (1): 14 kB Progress (1): 19 kBProgress (1): 23 kBProgress (1): 26 kBProgress (1): 28 kBProgress (1): 31 kBProgress (1): 34 kBProgress (1): 37 kBProgress (1): 40 kBProgress (1): 43 kBProgress (1): 47 kBProgress (1): 47 kBProgress (1): 50 kB                   Downloaded from central: https://repo.maven.apache.org/maven2/org/apache/maven/maven-parent/42/maven-parent-42.pom (50 kB at 664 kB/s)
#16 18.13 Downloading from central: https://repo.maven.apache.org/maven2/org/apache/apache/32/apache-32.pom
#16 18.21 Progress (1): 733 BProgress (1): 2.0 kBProgress (1): 4.0 kBProgress (1): 5.9 kBProgress (1): 10 kB Progress (1): 16 kBProgress (1): 19 kBProgress (1): 22 kBProgress (1): 24 kB                   Downloaded from central: https://repo.maven.apache.org/maven2/org/apache/apache/32/apache-32.pom (24 kB at 295 kB/s)
#16 18.22 Downloading from central: https://repo.maven.apache.org/maven2/org/junit/junit-bom/5.10.2/junit-bom-5.10.2.pom
#16 18.32 Progress (1): 908 BProgress (1): 4.1 kBProgress (1): 5.6 kB                    Downloaded from central: https://repo.maven.apache.org/maven2/org/junit/junit-bom/5.10.2/junit-bom-5.10.2.pom (5.6 kB at 56 kB/s)
#16 18.34 Downloading from central: https://repo.maven.apache.org/maven2/org/apache/maven/plugins/maven-jar-plugin/3.4.2/maven-jar-plugin-3.4.2.jar
#16 18.41 Progress (1): 7.7/34 kBProgress (1): 11/34 kB Progress (1): 28/34 kBProgress (1): 34 kB                      Downloaded from central: https://repo.maven.apache.org/maven2/org/apache/maven/plugins/maven-jar-plugin/3.4.2/maven-jar-plugin-3.4.2.jar (34 kB at 442 kB/s)
#16 18.43 Downloading from central: https://repo.maven.apache.org/maven2/org/springframework/boot/spring-boot-starter-amqp/4.0.6/spring-boot-starter-amqp-4.0.6.pom
#16 18.51 Progress (1): 972 BProgress (1): 2.3 kB                    Downloaded from central: https://repo.maven.apache.org/maven2/org/springframework/boot/spring-boot-starter-amqp/4.0.6/spring-boot-starter-amqp-4.0.6.pom (2.3 kB at 27 kB/s)
#16 18.52 Downloading from central: https://repo.maven.apache.org/maven2/org/springframework/boot/spring-boot-starter/4.0.6/spring-boot-starter-4.0.6.pom
#16 18.59 Progress (1): 957 BProgress (1): 2.7 kB                    Downloaded from central: https://repo.maven.apache.org/maven2/org/springframework/boot/spring-boot-starter/4.0.6/spring-boot-starter-4.0.6.pom (2.7 kB at 38 kB/s)
#16 18.59 Downloading from central: https://repo.maven.apache.org/maven2/org/springframework/boot/spring-boot-starter-logging/4.0.6/spring-boot-starter-logging-4.0.6.pom
#16 18.67 Progress (1): 1.0 kBProgress (1): 2.4 kB                    Downloaded from central: https://repo.maven.apache.org/maven2/org/springframework/boot/spring-boot-starter-logging/4.0.6/spring-boot-starter-logging-4.0.6.pom (2.4 kB at 28 kB/s)
#16 18.68 Downloading from central: https://repo.maven.apache.org/maven2/ch/qos/logback/logback-classic/1.5.32/logback-classic-1.5.32.pom
#16 18.76 Progress (1): 1.8 kBProgress (1): 5.6 kBProgress (1): 9.5 kBProgress (1): 13 kB Progress (1): 15 kBProgress (1): 16 kB                   Downloaded from central: https://repo.maven.apache.org/maven2/ch/qos/logback/logback-classic/1.5.32/logback-classic-1.5.32.pom (16 kB at 201 kB/s)
#16 18.76 Downloading from central: https://repo.maven.apache.org/maven2/ch/qos/logback/logback-parent/1.5.32/logback-parent-1.5.32.pom
#16 18.83 Progress (1): 1.1 kBProgress (1): 2.8 kBProgress (1): 4.9 kBProgress (1): 9.8 kBProgress (1): 14 kB Progress (1): 17 kBProgress (1): 20 kB                   Downloaded from central: https://repo.maven.apache.org/maven2/ch/qos/logback/logback-parent/1.5.32/logback-parent-1.5.32.pom (20 kB at 268 kB/s)
#16 18.84 Downloading from central: https://repo.maven.apache.org/maven2/ch/qos/logback/logback-core/1.5.32/logback-core-1.5.32.pom
#16 18.91 Progress (1): 1.5 kBProgress (1): 5.0 kBProgress (1): 7.9 kBProgress (1): 9.4 kB                    Downloaded from central: https://repo.maven.apache.org/maven2/ch/qos/logback/logback-core/1.5.32/logback-core-1.5.32.pom (9.4 kB at 143 kB/s)
#16 18.91 Downloading from central: https://repo.maven.apache.org/maven2/org/slf4j/slf4j-api/2.0.17/slf4j-api-2.0.17.pom
#16 19.00 Progress (1): 1.1 kBProgress (1): 2.8 kB                    Downloaded from central: https://repo.maven.apache.org/maven2/org/slf4j/slf4j-api/2.0.17/slf4j-api-2.0.17.pom (2.8 kB at 32 kB/s)
#16 19.00 Downloading from central: https://repo.maven.apache.org/maven2/org/slf4j/slf4j-parent/2.0.17/slf4j-parent-2.0.17.pom
#16 19.15 Progress (1): 953 BProgress (1): 3.2 kBProgress (1): 6.0 kBProgress (1): 8.2 kBProgress (1): 11 kB Progress (1): 13 kB                   Downloaded from central: https://repo.maven.apache.org/maven2/org/slf4j/slf4j-parent/2.0.17/slf4j-parent-2.0.17.pom (13 kB at 88 kB/s)
#16 19.16 Downloading from central: https://repo.maven.apache.org/maven2/org/slf4j/slf4j-bom/2.0.17/slf4j-bom-2.0.17.pom
#16 19.25 Progress (1): 997 BProgress (1): 4.7 kBProgress (1): 7.3 kBProgress (1): 7.3 kB                    Downloaded from central: https://repo.maven.apache.org/maven2/org/slf4j/slf4j-bom/2.0.17/slf4j-bom-2.0.17.pom (7.3 kB at 81 kB/s)
#16 19.25 Downloading from central: https://repo.maven.apache.org/maven2/org/apache/logging/log4j/log4j-to-slf4j/2.25.4/log4j-to-slf4j-2.25.4.pom
#16 19.34 Progress (1): 807 BProgress (1): 2.1 kBProgress (1): 5.3 kBProgress (1): 5.5 kB                    Downloaded from central: https://repo.maven.apache.org/maven2/org/apache/logging/log4j/log4j-to-slf4j/2.25.4/log4j-to-slf4j-2.25.4.pom (5.5 kB at 62 kB/s)
#16 19.35 Downloading from central: https://repo.maven.apache.org/maven2/org/apache/logging/log4j/log4j/2.25.4/log4j-2.25.4.pom
#16 19.47 Progress (1): 724 BProgress (1): 2.2 kBProgress (1): 3.9 kBProgress (1): 5.9 kBProgress (1): 9.9 kBProgress (1): 16 kB Progress (1): 23 kBProgress (1): 28 kBProgress (1): 31 kBProgress (1): 34 kBProgress (1): 36 kBProgress (1): 40 kBProgress (1): 41 kB                   Downloaded from central: https://repo.maven.apache.org/maven2/org/apache/logging/log4j/log4j/2.25.4/log4j-2.25.4.pom (41 kB at 358 kB/s)
#16 19.48 Downloading from central: https://repo.maven.apache.org/maven2/org/apache/groovy/groovy-bom/4.0.27/groovy-bom-4.0.27.pom
#16 19.55 Progress (1): 863 BProgress (1): 3.6 kBProgress (1): 7.0 kBProgress (1): 11 kB Progress (1): 14 kBProgress (1): 18 kBProgress (1): 22 kBProgress (1): 27 kB                   Downloaded from central: https://repo.maven.apache.org/maven2/org/apache/groovy/groovy-bom/4.0.27/groovy-bom-4.0.27.pom (27 kB at 341 kB/s)
#16 19.56 Downloading from central: https://repo.maven.apache.org/maven2/com/fasterxml/jackson/jackson-bom/2.19.1/jackson-bom-2.19.1.pom
#16 19.65 Progress (1): 933 BProgress (1): 2.7 kBProgress (1): 7.4 kBProgress (1): 16 kB Progress (1): 20 kBProgress (1): 20 kB                   Downloaded from central: https://repo.maven.apache.org/maven2/com/fasterxml/jackson/jackson-bom/2.19.1/jackson-bom-2.19.1.pom (20 kB at 225 kB/s)
#16 19.65 Downloading from central: https://repo.maven.apache.org/maven2/com/fasterxml/jackson/jackson-parent/2.19.2/jackson-parent-2.19.2.pom
#16 19.76 Progress (1): 1.1 kBProgress (1): 2.5 kBProgress (1): 4.2 kBProgress (1): 6.1 kBProgress (1): 7.2 kB                    Downloaded from central: https://repo.maven.apache.org/maven2/com/fasterxml/jackson/jackson-parent/2.19.2/jackson-parent-2.19.2.pom (7.2 kB at 62 kB/s)
#16 19.77 Downloading from central: https://repo.maven.apache.org/maven2/com/fasterxml/oss-parent/68/oss-parent-68.pom
#16 19.84 Progress (1): 949 BProgress (1): 2.9 kBProgress (1): 4.1 kBProgress (1): 6.1 kBProgress (1): 9.9 kBProgress (1): 12 kB Progress (1): 15 kBProgress (1): 18 kBProgress (1): 21 kBProgress (1): 24 kB                   Downloaded from central: https://repo.maven.apache.org/maven2/com/fasterxml/oss-parent/68/oss-parent-68.pom (24 kB at 343 kB/s)
#16 19.85 Downloading from central: https://repo.maven.apache.org/maven2/jakarta/platform/jakarta.jakartaee-bom/9.1.0/jakarta.jakartaee-bom-9.1.0.pom
#16 19.91 Progress (1): 848 BProgress (1): 4.7 kBProgress (1): 9.6 kB                    Downloaded from central: https://repo.maven.apache.org/maven2/jakarta/platform/jakarta.jakartaee-bom/9.1.0/jakarta.jakartaee-bom-9.1.0.pom (9.6 kB at 129 kB/s)
#16 19.92 Downloading from central: https://repo.maven.apache.org/maven2/jakarta/platform/jakartaee-api-parent/9.1.0/jakartaee-api-parent-9.1.0.pom
#16 20.01 Progress (1): 823 BProgress (1): 3.1 kBProgress (1): 5.9 kBProgress (1): 11 kB Progress (1): 14 kBProgress (1): 15 kB                   Downloaded from central: https://repo.maven.apache.org/maven2/jakarta/platform/jakartaee-api-parent/9.1.0/jakartaee-api-parent-9.1.0.pom (15 kB at 143 kB/s)
#16 20.03 Downloading from central: https://repo.maven.apache.org/maven2/org/eclipse/ee4j/project/1.0.7/project-1.0.7.pom
#16 20.11 Progress (1): 837 BProgress (1): 2.5 kBProgress (1): 5.0 kBProgress (1): 8.0 kBProgress (1): 13 kB Progress (1): 14 kB                   Downloaded from central: https://repo.maven.apache.org/maven2/org/eclipse/ee4j/project/1.0.7/project-1.0.7.pom (14 kB at 159 kB/s)
#16 20.12 Downloading from central: https://repo.maven.apache.org/maven2/org/junit/junit-bom/5.13.2/junit-bom-5.13.2.pom
#16 20.19 Progress (1): 908 BProgress (1): 4.1 kBProgress (1): 5.7 kB                    Downloaded from central: https://repo.maven.apache.org/maven2/org/junit/junit-bom/5.13.2/junit-bom-5.13.2.pom (5.7 kB at 87 kB/s)
#16 20.19 Downloading from central: https://repo.maven.apache.org/maven2/org/mockito/mockito-bom/4.11.0/mockito-bom-4.11.0.pom
#16 20.26 Progress (1): 1.4 kBProgress (1): 3.2 kB                    Downloaded from central: https://repo.maven.apache.org/maven2/org/mockito/mockito-bom/4.11.0/mockito-bom-4.11.0.pom (3.2 kB at 43 kB/s)
#16 20.27 Downloading from central: https://repo.maven.apache.org/maven2/org/springframework/spring-framework-bom/5.3.39/spring-framework-bom-5.3.39.pom
#16 20.44 Progress (1): 974 BProgress (1): 5.7 kB                    Downloaded from central: https://repo.maven.apache.org/maven2/org/springframework/spring-framework-bom/5.3.39/spring-framework-bom-5.3.39.pom (5.7 kB at 32 kB/s)
#16 20.45 Downloading from central: https://repo.maven.apache.org/maven2/org/apache/logging/log4j/log4j-api/2.25.4/log4j-api-2.25.4.pom
#16 20.52 Progress (1): 817 BProgress (1): 2.1 kBProgress (1): 4.2 kBProgress (1): 4.5 kB                    Downloaded from central: https://repo.maven.apache.org/maven2/org/apache/logging/log4j/log4j-api/2.25.4/log4j-api-2.25.4.pom (4.5 kB at 59 kB/s)
#16 20.53 Downloading from central: https://repo.maven.apache.org/maven2/org/slf4j/jul-to-slf4j/2.0.17/jul-to-slf4j-2.0.17.pom
#16 20.61 Progress (1): 1.1 kB                    Downloaded from central: https://repo.maven.apache.org/maven2/org/slf4j/jul-to-slf4j/2.0.17/jul-to-slf4j-2.0.17.pom (1.1 kB at 12 kB/s)
#16 20.62 Downloading from central: https://repo.maven.apache.org/maven2/org/springframework/boot/spring-boot-autoconfigure/4.0.6/spring-boot-autoconfigure-4.0.6.pom
#16 20.68 Progress (1): 1.0 kBProgress (1): 2.1 kB                    Downloaded from central: https://repo.maven.apache.org/maven2/org/springframework/boot/spring-boot-autoconfigure/4.0.6/spring-boot-autoconfigure-4.0.6.pom (2.1 kB at 34 kB/s)
#16 20.69 Downloading from central: https://repo.maven.apache.org/maven2/org/springframework/boot/spring-boot/4.0.6/spring-boot-4.0.6.pom
#16 20.76 Progress (1): 1.0 kBProgress (1): 2.2 kB                    Downloaded from central: https://repo.maven.apache.org/maven2/org/springframework/boot/spring-boot/4.0.6/spring-boot-4.0.6.pom (2.2 kB at 27 kB/s)
#16 20.77 Downloading from central: https://repo.maven.apache.org/maven2/org/springframework/spring-core/7.0.7/spring-core-7.0.7.pom
#16 20.83 Progress (1): 1.1 kBProgress (1): 2.2 kB                    Downloaded from central: https://repo.maven.apache.org/maven2/org/springframework/spring-core/7.0.7/spring-core-7.0.7.pom (2.2 kB at 37 kB/s)
#16 20.84 Downloading from central: https://repo.maven.apache.org/maven2/commons-logging/commons-logging/1.3.6/commons-logging-1.3.6.pom
#16 20.91 Progress (1): 742 BProgress (1): 2.1 kBProgress (1): 3.9 kBProgress (1): 5.5 kBProgress (1): 8.4 kBProgress (1): 11 kB Progress (1): 14 kBProgress (1): 20 kBProgress (1): 23 kBProgress (1): 28 kBProgress (1): 31 kBProgress (1): 32 kB                   Downloaded from central: https://repo.maven.apache.org/maven2/commons-logging/commons-logging/1.3.6/commons-logging-1.3.6.pom (32 kB at 460 kB/s)
#16 20.91 Downloading from central: https://repo.maven.apache.org/maven2/org/apache/commons/commons-parent/97/commons-parent-97.pom
#16 20.99 Progress (1): 702 BProgress (1): 1.9 kBProgress (1): 3.2 kBProgress (1): 4.7 kBProgress (1): 6.8 kBProgress (1): 9.4 kBProgress (1): 11 kB Progress (1): 14 kBProgress (1): 16 kBProgress (1): 19 kBProgress (1): 21 kBProgress (1): 23 kBProgress (1): 25 kBProgress (1): 29 kBProgress (1): 32 kBProgress (1): 32 kBProgress (1): 37 kBProgress (1): 41 kBProgress (1): 44 kBProgress (1): 46 kBProgress (1): 50 kBProgress (1): 52 kBProgress (1): 56 kBProgress (1): 58 kBProgress (1): 60 kBProgress (1): 63 kBProgress (1): 67 kBProgress (1): 70 kBProgress (1): 73 kBProgress (1): 75 kBProgress (1): 77 kBProgress (1): 80 kB                   Downloaded from central: https://repo.maven.apache.org/maven2/org/apache/commons/commons-parent/97/commons-parent-97.pom (80 kB at 926 kB/s)
#16 21.01 Downloading from central: https://repo.maven.apache.org/maven2/org/junit/junit-bom/5.14.2/junit-bom-5.14.2.pom
#16 21.08 Progress (1): 908 BProgress (1): 4.1 kBProgress (1): 5.7 kB                    Downloaded from central: https://repo.maven.apache.org/maven2/org/junit/junit-bom/5.14.2/junit-bom-5.14.2.pom (5.7 kB at 79 kB/s)
#16 21.10 Downloading from central: https://repo.maven.apache.org/maven2/org/jspecify/jspecify/1.0.0/jspecify-1.0.0.pom
#16 21.23 Progress (1): 994 BProgress (1): 1.5 kB                    Downloaded from central: https://repo.maven.apache.org/maven2/org/jspecify/jspecify/1.0.0/jspecify-1.0.0.pom (1.5 kB at 10 kB/s)
#16 21.25 Downloading from central: https://repo.maven.apache.org/maven2/org/springframework/spring-context/7.0.7/spring-context-7.0.7.pom
#16 21.30 Progress (1): 1.1 kBProgress (1): 2.8 kB                    Downloaded from central: https://repo.maven.apache.org/maven2/org/springframework/spring-context/7.0.7/spring-context-7.0.7.pom (2.8 kB at 49 kB/s)
#16 21.32 Downloading from central: https://repo.maven.apache.org/maven2/org/springframework/spring-aop/7.0.7/spring-aop-7.0.7.pom
#16 21.38 Progress (1): 1.1 kBProgress (1): 2.2 kB                    Downloaded from central: https://repo.maven.apache.org/maven2/org/springframework/spring-aop/7.0.7/spring-aop-7.0.7.pom (2.2 kB at 32 kB/s)
#16 21.39 Downloading from central: https://repo.maven.apache.org/maven2/org/springframework/spring-beans/7.0.7/spring-beans-7.0.7.pom
#16 21.46 Progress (1): 1.1 kBProgress (1): 2.0 kB                    Downloaded from central: https://repo.maven.apache.org/maven2/org/springframework/spring-beans/7.0.7/spring-beans-7.0.7.pom (2.0 kB at 27 kB/s)
#16 21.47 Downloading from central: https://repo.maven.apache.org/maven2/org/springframework/spring-expression/7.0.7/spring-expression-7.0.7.pom
#16 21.53 Progress (1): 1.1 kBProgress (1): 2.1 kB                    Downloaded from central: https://repo.maven.apache.org/maven2/org/springframework/spring-expression/7.0.7/spring-expression-7.0.7.pom (2.1 kB at 31 kB/s)
#16 21.54 Downloading from central: https://repo.maven.apache.org/maven2/io/micrometer/micrometer-observation/1.16.5/micrometer-observation-1.16.5.pom
#16 21.77 Progress (1): 1.1 kBProgress (1): 3.4 kBProgress (1): 3.8 kB                    Downloaded from central: https://repo.maven.apache.org/maven2/io/micrometer/micrometer-observation/1.16.5/micrometer-observation-1.16.5.pom (3.8 kB at 17 kB/s)
#16 21.77 Downloading from central: https://repo.maven.apache.org/maven2/io/micrometer/micrometer-commons/1.16.5/micrometer-commons-1.16.5.pom
#16 21.83 Progress (1): 1.1 kBProgress (1): 3.2 kBProgress (1): 3.6 kB                    Downloaded from central: https://repo.maven.apache.org/maven2/io/micrometer/micrometer-commons/1.16.5/micrometer-commons-1.16.5.pom (3.6 kB at 58 kB/s)
#16 21.84 Downloading from central: https://repo.maven.apache.org/maven2/jakarta/annotation/jakarta.annotation-api/3.0.0/jakarta.annotation-api-3.0.0.pom
#16 21.91 Progress (1): 834 BProgress (1): 2.8 kBProgress (1): 5.2 kBProgress (1): 9.1 kBProgress (1): 13 kB Progress (1): 15 kB                   Downloaded from central: https://repo.maven.apache.org/maven2/jakarta/annotation/jakarta.annotation-api/3.0.0/jakarta.annotation-api-3.0.0.pom (15 kB at 194 kB/s)
#16 21.92 Downloading from central: https://repo.maven.apache.org/maven2/org/yaml/snakeyaml/2.5/snakeyaml-2.5.pom
#16 21.97 Progress (1): 1.2 kBProgress (1): 3.1 kBProgress (1): 7.2 kBProgress (1): 12 kB Progress (1): 16 kBProgress (1): 20 kBProgress (1): 21 kB                   Downloaded from central: https://repo.maven.apache.org/maven2/org/yaml/snakeyaml/2.5/snakeyaml-2.5.pom (21 kB at 356 kB/s)
#16 21.98 Downloading from central: https://repo.maven.apache.org/maven2/org/springframework/boot/spring-boot-amqp/4.0.6/spring-boot-amqp-4.0.6.pom
#16 22.05 Progress (1): 1.0 kBProgress (1): 2.6 kB                    Downloaded from central: https://repo.maven.apache.org/maven2/org/springframework/boot/spring-boot-amqp/4.0.6/spring-boot-amqp-4.0.6.pom (2.6 kB at 35 kB/s)
#16 22.06 Downloading from central: https://repo.maven.apache.org/maven2/org/springframework/spring-messaging/7.0.7/spring-messaging-7.0.7.pom
#16 22.14 Progress (1): 1.1 kBProgress (1): 2.2 kB                    Downloaded from central: https://repo.maven.apache.org/maven2/org/springframework/spring-messaging/7.0.7/spring-messaging-7.0.7.pom (2.2 kB at 26 kB/s)
#16 22.15 Downloading from central: https://repo.maven.apache.org/maven2/org/springframework/amqp/spring-rabbit/4.0.3/spring-rabbit-4.0.3.pom
#16 22.27 Progress (1): 1.0 kBProgress (1): 3.9 kBProgress (1): 6.4 kB                    Downloaded from central: https://repo.maven.apache.org/maven2/org/springframework/amqp/spring-rabbit/4.0.3/spring-rabbit-4.0.3.pom (6.4 kB at 53 kB/s)
#16 22.27 Downloading from central: https://repo.maven.apache.org/maven2/org/springframework/amqp/spring-amqp/4.0.3/spring-amqp-4.0.3.pom
#16 22.36 Progress (1): 1.0 kBProgress (1): 3.8 kBProgress (1): 7.2 kB                    Downloaded from central: https://repo.maven.apache.org/maven2/org/springframework/amqp/spring-amqp/4.0.3/spring-amqp-4.0.3.pom (7.2 kB at 71 kB/s)
#16 22.38 Downloading from central: https://repo.maven.apache.org/maven2/com/rabbitmq/amqp-client/5.27.1/amqp-client-5.27.1.pom
#16 22.52 Progress (1): 1.1 kBProgress (1): 2.9 kBProgress (1): 4.7 kBProgress (1): 6.5 kBProgress (1): 8.5 kBProgress (1): 13 kB Progress (1): 18 kBProgress (1): 20 kBProgress (1): 23 kBProgress (1): 27 kBProgress (1): 29 kBProgress (1): 30 kB                   Downloaded from central: https://repo.maven.apache.org/maven2/com/rabbitmq/amqp-client/5.27.1/amqp-client-5.27.1.pom (30 kB at 201 kB/s)
#16 22.53 Downloading from central: https://repo.maven.apache.org/maven2/org/junit/junit-bom/5.14.1/junit-bom-5.14.1.pom
#16 22.67 Progress (1): 908 BProgress (1): 4.1 kBProgress (1): 5.7 kB                    Downloaded from central: https://repo.maven.apache.org/maven2/org/junit/junit-bom/5.14.1/junit-bom-5.14.1.pom (5.7 kB at 41 kB/s)
#16 22.67 Downloading from central: https://repo.maven.apache.org/maven2/io/netty/netty-transport/4.2.12.Final/netty-transport-4.2.12.Final.pom
#16 22.75 Progress (1): 810 BProgress (1): 3.4 kB                    Downloaded from central: https://repo.maven.apache.org/maven2/io/netty/netty-transport/4.2.12.Final/netty-transport-4.2.12.Final.pom (3.4 kB at 35 kB/s)
#16 22.77 Downloading from central: https://repo.maven.apache.org/maven2/io/netty/netty-parent/4.2.12.Final/netty-parent-4.2.12.Final.pom
#16 22.85 Progress (1): 733 BProgress (1): 2.1 kBProgress (1): 4.0 kBProgress (1): 6.4 kBProgress (1): 8.8 kBProgress (1): 20 kB Progress (1): 23 kBProgress (1): 26 kBProgress (1): 28 kBProgress (1): 30 kBProgress (1): 33 kBProgress (1): 37 kBProgress (1): 42 kBProgress (1): 46 kBProgress (1): 49 kBProgress (1): 49 kBProgress (1): 52 kBProgress (1): 54 kBProgress (1): 57 kBProgress (1): 60 kBProgress (1): 62 kBProgress (1): 65 kBProgress (1): 67 kBProgress (1): 69 kBProgress (1): 72 kBProgress (1): 76 kBProgress (1): 79 kBProgress (1): 83 kB                   Downloaded from central: https://repo.maven.apache.org/maven2/io/netty/netty-parent/4.2.12.Final/netty-parent-4.2.12.Final.pom (83 kB at 1.1 MB/s)
#16 22.85 Downloading from central: https://repo.maven.apache.org/maven2/org/sonatype/oss/oss-parent/9/oss-parent-9.pom
#16 22.99 Progress (1): 838 BProgress (1): 2.7 kBProgress (1): 6.5 kBProgress (1): 6.6 kB                    Downloaded from central: https://repo.maven.apache.org/maven2/org/sonatype/oss/oss-parent/9/oss-parent-9.pom (6.6 kB at 49 kB/s)
#16 22.99 Downloading from central: https://repo.maven.apache.org/maven2/org/bouncycastle/bc-jdk18on-bom/1.83/bc-jdk18on-bom-1.83.pom
#16 23.10 Progress (1): 923 BProgress (1): 3.1 kB                    Downloaded from central: https://repo.maven.apache.org/maven2/org/bouncycastle/bc-jdk18on-bom/1.83/bc-jdk18on-bom-1.83.pom (3.1 kB at 28 kB/s)
#16 23.10 Downloading from central: https://repo.maven.apache.org/maven2/io/netty/netty-common/4.2.12.Final/netty-common-4.2.12.Final.pom
#16 23.29 Progress (1): 1.3 kBProgress (1): 4.9 kBProgress (1): 10 kB Progress (1): 12 kB                   Downloaded from central: https://repo.maven.apache.org/maven2/io/netty/netty-common/4.2.12.Final/netty-common-4.2.12.Final.pom (12 kB at 63 kB/s)
#16 23.30 Downloading from central: https://repo.maven.apache.org/maven2/io/netty/netty-buffer/4.2.12.Final/netty-buffer-4.2.12.Final.pom
#16 23.39 Progress (1): 791 BProgress (1): 3.3 kBProgress (1): 5.0 kBProgress (1): 5.5 kB                    Downloaded from central: https://repo.maven.apache.org/maven2/io/netty/netty-buffer/4.2.12.Final/netty-buffer-4.2.12.Final.pom (5.5 kB at 60 kB/s)
#16 23.39 Downloading from central: https://repo.maven.apache.org/maven2/io/netty/netty-resolver/4.2.12.Final/netty-resolver-4.2.12.Final.pom
#16 23.46 Progress (1): 815 BProgress (1): 2.7 kB                    Downloaded from central: https://repo.maven.apache.org/maven2/io/netty/netty-resolver/4.2.12.Final/netty-resolver-4.2.12.Final.pom (2.7 kB at 38 kB/s)
#16 23.47 Downloading from central: https://repo.maven.apache.org/maven2/io/netty/netty-codec/4.2.12.Final/netty-codec-4.2.12.Final.pom
#16 23.54 Progress (1): 802 BProgress (1): 3.9 kBProgress (1): 4.9 kB                    Downloaded from central: https://repo.maven.apache.org/maven2/io/netty/netty-codec/4.2.12.Final/netty-codec-4.2.12.Final.pom (4.9 kB at 57 kB/s)
#16 23.56 Downloading from central: https://repo.maven.apache.org/maven2/io/netty/netty-codec-base/4.2.12.Final/netty-codec-base-4.2.12.Final.pom
#16 23.65 Progress (1): 815 BProgress (1): 3.2 kBProgress (1): 3.6 kB                    Downloaded from central: https://repo.maven.apache.org/maven2/io/netty/netty-codec-base/4.2.12.Final/netty-codec-base-4.2.12.Final.pom (3.6 kB at 38 kB/s)
#16 23.67 Downloading from central: https://repo.maven.apache.org/maven2/io/netty/netty-codec-compression/4.2.12.Final/netty-codec-compression-4.2.12.Final.pom
#16 23.78 Progress (1): 807 BProgress (1): 4.3 kBProgress (1): 5.9 kB                    Downloaded from central: https://repo.maven.apache.org/maven2/io/netty/netty-codec-compression/4.2.12.Final/netty-codec-compression-4.2.12.Final.pom (5.9 kB at 55 kB/s)
#16 23.79 Downloading from central: https://repo.maven.apache.org/maven2/io/netty/netty-codec-protobuf/4.2.12.Final/netty-codec-protobuf-4.2.12.Final.pom
#16 23.85 Progress (1): 810 BProgress (1): 3.8 kBProgress (1): 3.9 kB                    Downloaded from central: https://repo.maven.apache.org/maven2/io/netty/netty-codec-protobuf/4.2.12.Final/netty-codec-protobuf-4.2.12.Final.pom (3.9 kB at 59 kB/s)
#16 23.86 Downloading from central: https://repo.maven.apache.org/maven2/io/netty/netty-codec-marshalling/4.2.12.Final/netty-codec-marshalling-4.2.12.Final.pom
#16 23.94 Progress (1): 815 BProgress (1): 3.6 kBProgress (1): 4.4 kB                    Downloaded from central: https://repo.maven.apache.org/maven2/io/netty/netty-codec-marshalling/4.2.12.Final/netty-codec-marshalling-4.2.12.Final.pom (4.4 kB at 56 kB/s)
#16 23.94 Downloading from central: https://repo.maven.apache.org/maven2/io/netty/netty-handler/4.2.12.Final/netty-handler-4.2.12.Final.pom
#16 24.03 Progress (1): 815 BProgress (1): 3.2 kBProgress (1): 4.5 kBProgress (1): 7.0 kB                    Downloaded from central: https://repo.maven.apache.org/maven2/io/netty/netty-handler/4.2.12.Final/netty-handler-4.2.12.Final.pom (7.0 kB at 84 kB/s)
#16 24.03 Downloading from central: https://repo.maven.apache.org/maven2/io/netty/netty-transport-native-unix-common/4.2.12.Final/netty-transport-native-unix-common-4.2.12.Final.pom
#16 24.11 Progress (1): 772 BProgress (1): 2.2 kBProgress (1): 4.3 kBProgress (1): 7.0 kBProgress (1): 12 kB Progress (1): 34 kB                   Downloaded from central: https://repo.maven.apache.org/maven2/io/netty/netty-transport-native-unix-common/4.2.12.Final/netty-transport-native-unix-common-4.2.12.Final.pom (34 kB at 400 kB/s)
#16 24.12 Downloading from central: https://repo.maven.apache.org/maven2/org/springframework/spring-tx/7.0.7/spring-tx-7.0.7.pom
#16 24.22 Progress (1): 1.1 kBProgress (1): 2.2 kB                    Downloaded from central: https://repo.maven.apache.org/maven2/org/springframework/spring-tx/7.0.7/spring-tx-7.0.7.pom (2.2 kB at 21 kB/s)
#16 24.23 Downloading from central: https://repo.maven.apache.org/maven2/org/springframework/boot/spring-boot-transaction/4.0.6/spring-boot-transaction-4.0.6.pom
#16 24.29 Progress (1): 1.0 kBProgress (1): 2.4 kB                    Downloaded from central: https://repo.maven.apache.org/maven2/org/springframework/boot/spring-boot-transaction/4.0.6/spring-boot-transaction-4.0.6.pom (2.4 kB at 39 kB/s)
#16 24.30 Downloading from central: https://repo.maven.apache.org/maven2/org/springframework/boot/spring-boot-persistence/4.0.6/spring-boot-persistence-4.0.6.pom
#16 24.36 Progress (1): 1.0 kBProgress (1): 2.2 kB                    Downloaded from central: https://repo.maven.apache.org/maven2/org/springframework/boot/spring-boot-persistence/4.0.6/spring-boot-persistence-4.0.6.pom (2.2 kB at 34 kB/s)
#16 24.38 Downloading from central: https://repo.maven.apache.org/maven2/org/springframework/boot/spring-boot-starter-data-jpa/4.0.6/spring-boot-starter-data-jpa-4.0.6.pom
#16 24.44 Progress (1): 982 BProgress (1): 2.7 kB                    Downloaded from central: https://repo.maven.apache.org/maven2/org/springframework/boot/spring-boot-starter-data-jpa/4.0.6/spring-boot-starter-data-jpa-4.0.6.pom (2.7 kB at 41 kB/s)
#16 24.44 Downloading from central: https://repo.maven.apache.org/maven2/org/springframework/boot/spring-boot-starter-jdbc/4.0.6/spring-boot-starter-jdbc-4.0.6.pom
#16 24.51 Progress (1): 974 BProgress (1): 2.5 kB                    Downloaded from central: https://repo.maven.apache.org/maven2/org/springframework/boot/spring-boot-starter-jdbc/4.0.6/spring-boot-starter-jdbc-4.0.6.pom (2.5 kB at 38 kB/s)
#16 24.52 Downloading from central: https://repo.maven.apache.org/maven2/org/springframework/boot/spring-boot-jdbc/4.0.6/spring-boot-jdbc-4.0.6.pom
#16 24.59 Progress (1): 1.0 kBProgress (1): 2.6 kB                    Downloaded from central: https://repo.maven.apache.org/maven2/org/springframework/boot/spring-boot-jdbc/4.0.6/spring-boot-jdbc-4.0.6.pom (2.6 kB at 36 kB/s)
#16 24.60 Downloading from central: https://repo.maven.apache.org/maven2/org/springframework/boot/spring-boot-sql/4.0.6/spring-boot-sql-4.0.6.pom
#16 24.66 Progress (1): 1.0 kBProgress (1): 2.0 kB                    Downloaded from central: https://repo.maven.apache.org/maven2/org/springframework/boot/spring-boot-sql/4.0.6/spring-boot-sql-4.0.6.pom (2.0 kB at 29 kB/s)
#16 24.67 Downloading from central: https://repo.maven.apache.org/maven2/org/springframework/spring-jdbc/7.0.7/spring-jdbc-7.0.7.pom
#16 24.75 Progress (1): 1.0 kBProgress (1): 2.4 kB                    Downloaded from central: https://repo.maven.apache.org/maven2/org/springframework/spring-jdbc/7.0.7/spring-jdbc-7.0.7.pom (2.4 kB at 28 kB/s)
#16 24.76 Downloading from central: https://repo.maven.apache.org/maven2/com/zaxxer/HikariCP/7.0.2/HikariCP-7.0.2.pom
#16 24.83 Progress (1): 701 BProgress (1): 2.0 kBProgress (1): 3.7 kBProgress (1): 8.2 kBProgress (1): 13 kB Progress (1): 16 kBProgress (1): 19 kBProgress (1): 23 kBProgress (1): 26 kBProgress (1): 29 kB                   Downloaded from central: https://repo.maven.apache.org/maven2/com/zaxxer/HikariCP/7.0.2/HikariCP-7.0.2.pom (29 kB at 381 kB/s)
#16 24.84 Downloading from central: https://repo.maven.apache.org/maven2/org/springframework/boot/spring-boot-data-jpa/4.0.6/spring-boot-data-jpa-4.0.6.pom
#16 24.91 Progress (1): 1.0 kBProgress (1): 2.6 kB                    Downloaded from central: https://repo.maven.apache.org/maven2/org/springframework/boot/spring-boot-data-jpa/4.0.6/spring-boot-data-jpa-4.0.6.pom (2.6 kB at 34 kB/s)
#16 24.92 Downloading from central: https://repo.maven.apache.org/maven2/org/springframework/boot/spring-boot-data-commons/4.0.6/spring-boot-data-commons-4.0.6.pom
#16 24.98 Progress (1): 1.0 kBProgress (1): 2.5 kB                    Downloaded from central: https://repo.maven.apache.org/maven2/org/springframework/boot/spring-boot-data-commons/4.0.6/spring-boot-data-commons-4.0.6.pom (2.5 kB at 36 kB/s)
#16 24.99 Downloading from central: https://repo.maven.apache.org/maven2/org/springframework/data/spring-data-commons/4.0.5/spring-data-commons-4.0.5.pom
#16 25.07 Progress (1): 1.2 kBProgress (1): 5.5 kBProgress (1): 9.5 kBProgress (1): 10 kB                    Downloaded from central: https://repo.maven.apache.org/maven2/org/springframework/data/spring-data-commons/4.0.5/spring-data-commons-4.0.5.pom (10 kB at 127 kB/s)
#16 25.07 Downloading from central: https://repo.maven.apache.org/maven2/org/springframework/data/build/spring-data-parent/4.0.5/spring-data-parent-4.0.5.pom
#16 25.16 Progress (1): 724 BProgress (1): 2.3 kBProgress (1): 3.5 kBProgress (1): 4.9 kBProgress (1): 6.5 kBProgress (1): 8.6 kBProgress (1): 11 kB Progress (1): 15 kBProgress (1): 19 kBProgress (1): 22 kBProgress (1): 24 kBProgress (1): 31 kBProgress (1): 36 kBProgress (1): 40 kBProgress (1): 45 kBProgress (1): 45 kBProgress (1): 48 kBProgress (1): 49 kB                   Downloaded from central: https://repo.maven.apache.org/maven2/org/springframework/data/build/spring-data-parent/4.0.5/spring-data-parent-4.0.5.pom (49 kB at 553 kB/s)
#16 25.17 Downloading from central: https://repo.maven.apache.org/maven2/org/springframework/data/build/spring-data-build/4.0.5/spring-data-build-4.0.5.pom
#16 25.23 Progress (1): 1.0 kBProgress (1): 2.5 kBProgress (1): 4.7 kBProgress (1): 6.0 kB                    Downloaded from central: https://repo.maven.apache.org/maven2/org/springframework/data/build/spring-data-build/4.0.5/spring-data-build-4.0.5.pom (6.0 kB at 94 kB/s)
#16 25.23 Downloading from central: https://repo.maven.apache.org/maven2/io/micrometer/micrometer-tracing-bom/1.6.5/micrometer-tracing-bom-1.6.5.pom
#16 25.34 Progress (1): 1.0 kBProgress (1): 3.8 kBProgress (1): 4.4 kB                    Downloaded from central: https://repo.maven.apache.org/maven2/io/micrometer/micrometer-tracing-bom/1.6.5/micrometer-tracing-bom-1.6.5.pom (4.4 kB at 38 kB/s)
#16 25.35 Downloading from central: https://repo.maven.apache.org/maven2/org/jmolecules/jmolecules-bom/2025.0.2/jmolecules-bom-2025.0.2.pom
#16 25.41 Progress (1): 1.2 kBProgress (1): 4.9 kB                    Downloaded from central: https://repo.maven.apache.org/maven2/org/jmolecules/jmolecules-bom/2025.0.2/jmolecules-bom-2025.0.2.pom (4.9 kB at 72 kB/s)
#16 25.42 Downloading from central: https://repo.maven.apache.org/maven2/org/testcontainers/testcontainers-bom/2.0.4/testcontainers-bom-2.0.4.pom
#16 25.49 Progress (1): 1.2 kBProgress (1): 12 kB                    Downloaded from central: https://repo.maven.apache.org/maven2/org/testcontainers/testcontainers-bom/2.0.4/testcontainers-bom-2.0.4.pom (12 kB at 177 kB/s)
#16 25.50 Downloading from central: https://repo.maven.apache.org/maven2/org/springframework/boot/spring-boot-hibernate/4.0.6/spring-boot-hibernate-4.0.6.pom
#16 25.58 Progress (1): 1.0 kBProgress (1): 2.4 kB                    Downloaded from central: https://repo.maven.apache.org/maven2/org/springframework/boot/spring-boot-hibernate/4.0.6/spring-boot-hibernate-4.0.6.pom (2.4 kB at 30 kB/s)
#16 25.58 Downloading from central: https://repo.maven.apache.org/maven2/org/springframework/boot/spring-boot-jpa/4.0.6/spring-boot-jpa-4.0.6.pom
#16 25.64 Progress (1): 1.0 kBProgress (1): 2.6 kB                    Downloaded from central: https://repo.maven.apache.org/maven2/org/springframework/boot/spring-boot-jpa/4.0.6/spring-boot-jpa-4.0.6.pom (2.6 kB at 43 kB/s)
#16 25.65 Downloading from central: https://repo.maven.apache.org/maven2/jakarta/persistence/jakarta.persistence-api/3.2.0/jakarta.persistence-api-3.2.0.pom
#16 25.72 Progress (1): 864 BProgress (1): 3.0 kBProgress (1): 6.0 kBProgress (1): 9.8 kBProgress (1): 13 kB Progress (1): 16 kB                   Downloaded from central: https://repo.maven.apache.org/maven2/jakarta/persistence/jakarta.persistence-api/3.2.0/jakarta.persistence-api-3.2.0.pom (16 kB at 209 kB/s)
#16 25.74 Downloading from central: https://repo.maven.apache.org/maven2/org/springframework/spring-orm/7.0.7/spring-orm-7.0.7.pom
#16 25.81 Progress (1): 1.1 kBProgress (1): 2.6 kB                    Downloaded from central: https://repo.maven.apache.org/maven2/org/springframework/spring-orm/7.0.7/spring-orm-7.0.7.pom (2.6 kB at 35 kB/s)
#16 25.82 Downloading from central: https://repo.maven.apache.org/maven2/org/hibernate/orm/hibernate-core/7.2.12.Final/hibernate-core-7.2.12.Final.pom
#16 25.88 Progress (1): 1.2 kBProgress (1): 5.4 kB                    Downloaded from central: https://repo.maven.apache.org/maven2/org/hibernate/orm/hibernate-core/7.2.12.Final/hibernate-core-7.2.12.Final.pom (5.4 kB at 82 kB/s)
#16 25.89 Downloading from central: https://repo.maven.apache.org/maven2/jakarta/transaction/jakarta.transaction-api/2.0.1/jakarta.transaction-api-2.0.1.pom
#16 25.96 Progress (1): 827 BProgress (1): 2.6 kBProgress (1): 4.6 kBProgress (1): 7.7 kBProgress (1): 11 kB Progress (1): 14 kB                   Downloaded from central: https://repo.maven.apache.org/maven2/jakarta/transaction/jakarta.transaction-api/2.0.1/jakarta.transaction-api-2.0.1.pom (14 kB at 189 kB/s)
#16 25.96 Downloading from central: https://repo.maven.apache.org/maven2/org/eclipse/ee4j/project/1.0.6/project-1.0.6.pom
#16 26.03 Progress (1): 839 BProgress (1): 2.5 kBProgress (1): 5.0 kBProgress (1): 7.7 kBProgress (1): 13 kB Progress (1): 13 kB                   Downloaded from central: https://repo.maven.apache.org/maven2/org/eclipse/ee4j/project/1.0.6/project-1.0.6.pom (13 kB at 185 kB/s)
#16 26.04 Downloading from central: https://repo.maven.apache.org/maven2/org/jboss/logging/jboss-logging/3.6.3.Final/jboss-logging-3.6.3.Final.pom
#16 26.11 Progress (1): 750 BProgress (1): 2.4 kBProgress (1): 4.0 kBProgress (1): 7.5 kBProgress (1): 11 kB Progress (1): 19 kBProgress (1): 23 kB                   Downloaded from central: https://repo.maven.apache.org/maven2/org/jboss/logging/jboss-logging/3.6.3.Final/jboss-logging-3.6.3.Final.pom (23 kB at 298 kB/s)
#16 26.12 Downloading from central: https://repo.maven.apache.org/maven2/org/jboss/jboss-parent/52/jboss-parent-52.pom
#16 26.19 Progress (1): 692 BProgress (1): 2.0 kBProgress (1): 4.5 kBProgress (1): 6.8 kBProgress (1): 9.2 kBProgress (1): 11 kB Progress (1): 16 kBProgress (1): 24 kBProgress (1): 30 kBProgress (1): 34 kBProgress (1): 37 kBProgress (1): 41 kBProgress (1): 45 kBProgress (1): 56 kBProgress (1): 75 kBProgress (1): 76 kBProgress (1): 102 kBProgress (1): 102 kB                    Downloaded from central: https://repo.maven.apache.org/maven2/org/jboss/jboss-parent/52/jboss-parent-52.pom (102 kB at 1.3 MB/s)
#16 26.21 Downloading from central: https://repo.maven.apache.org/maven2/org/junit/junit-bom/5.13.4/junit-bom-5.13.4.pom
#16 26.27 Progress (1): 908 BProgress (1): 4.1 kBProgress (1): 5.7 kB                    Downloaded from central: https://repo.maven.apache.org/maven2/org/junit/junit-bom/5.13.4/junit-bom-5.13.4.pom (5.7 kB at 94 kB/s)
#16 26.28 Downloading from central: https://repo.maven.apache.org/maven2/org/hibernate/models/hibernate-models/1.0.1/hibernate-models-1.0.1.pom
#16 26.36 Progress (1): 1.0 kBProgress (1): 2.1 kB                    Downloaded from central: https://repo.maven.apache.org/maven2/org/hibernate/models/hibernate-models/1.0.1/hibernate-models-1.0.1.pom (2.1 kB at 27 kB/s)
#16 26.36 Downloading from central: https://repo.maven.apache.org/maven2/com/fasterxml/classmate/1.7.3/classmate-1.7.3.pom
#16 26.43 Progress (1): 1.2 kBProgress (1): 3.1 kBProgress (1): 5.3 kBProgress (1): 6.5 kB                    Downloaded from central: https://repo.maven.apache.org/maven2/com/fasterxml/classmate/1.7.3/classmate-1.7.3.pom (6.5 kB at 83 kB/s)
#16 26.44 Downloading from central: https://repo.maven.apache.org/maven2/com/fasterxml/oss-parent/74/oss-parent-74.pom
#16 26.51 Progress (1): 948 BProgress (1): 2.9 kBProgress (1): 4.1 kBProgress (1): 6.0 kBProgress (1): 10 kB Progress (1): 12 kBProgress (1): 15 kBProgress (1): 18 kBProgress (1): 21 kBProgress (1): 24 kB                   Downloaded from central: https://repo.maven.apache.org/maven2/com/fasterxml/oss-parent/74/oss-parent-74.pom (24 kB at 329 kB/s)
#16 26.52 Downloading from central: https://repo.maven.apache.org/maven2/net/bytebuddy/byte-buddy/1.17.8/byte-buddy-1.17.8.pom
#16 26.58 Progress (1): 941 BProgress (1): 3.6 kBProgress (1): 6.7 kBProgress (1): 15 kB Progress (1): 19 kBProgress (1): 19 kB                   Downloaded from central: https://repo.maven.apache.org/maven2/net/bytebuddy/byte-buddy/1.17.8/byte-buddy-1.17.8.pom (19 kB at 289 kB/s)
#16 26.60 Downloading from central: https://repo.maven.apache.org/maven2/net/bytebuddy/byte-buddy-parent/1.17.8/byte-buddy-parent-1.17.8.pom
#16 26.78 Progress (1): 843 BProgress (1): 2.1 kBProgress (1): 3.6 kBProgress (1): 6.3 kBProgress (1): 8.1 kBProgress (1): 10 kB Progress (1): 13 kBProgress (1): 17 kBProgress (1): 21 kBProgress (1): 25 kBProgress (1): 34 kBProgress (1): 49 kBProgress (1): 54 kBProgress (1): 59 kBProgress (1): 64 kBProgress (1): 64 kBProgress (1): 66 kB                   Downloaded from central: https://repo.maven.apache.org/maven2/net/bytebuddy/byte-buddy-parent/1.17.8/byte-buddy-parent-1.17.8.pom (66 kB at 356 kB/s)
#16 26.80 Downloading from central: https://repo.maven.apache.org/maven2/jakarta/xml/bind/jakarta.xml.bind-api/4.0.4/jakarta.xml.bind-api-4.0.4.pom
#16 26.89 Progress (1): 845 BProgress (1): 3.2 kBProgress (1): 6.0 kBProgress (1): 9.8 kBProgress (1): 13 kB Progress (1): 13 kB                   Downloaded from central: https://repo.maven.apache.org/maven2/jakarta/xml/bind/jakarta.xml.bind-api/4.0.4/jakarta.xml.bind-api-4.0.4.pom (13 kB at 138 kB/s)
#16 26.89 Downloading from central: https://repo.maven.apache.org/maven2/jakarta/xml/bind/jakarta.xml.bind-api-parent/4.0.4/jakarta.xml.bind-api-parent-4.0.4.pom
#16 26.95 Progress (1): 897 BProgress (1): 2.8 kBProgress (1): 6.5 kBProgress (1): 9.1 kB                    Downloaded from central: https://repo.maven.apache.org/maven2/jakarta/xml/bind/jakarta.xml.bind-api-parent/4.0.4/jakarta.xml.bind-api-parent-4.0.4.pom (9.1 kB at 129 kB/s)
#16 26.97 Downloading from central: https://repo.maven.apache.org/maven2/jakarta/activation/jakarta.activation-api/2.1.4/jakarta.activation-api-2.1.4.pom
#16 27.02 Progress (1): 857 BProgress (1): 2.6 kBProgress (1): 5.3 kBProgress (1): 9.4 kBProgress (1): 12 kB Progress (1): 17 kBProgress (1): 19 kB                   Downloaded from central: https://repo.maven.apache.org/maven2/jakarta/activation/jakarta.activation-api/2.1.4/jakarta.activation-api-2.1.4.pom (19 kB at 264 kB/s)
#16 27.04 Downloading from central: https://repo.maven.apache.org/maven2/org/glassfish/jaxb/jaxb-runtime/4.0.6/jaxb-runtime-4.0.6.pom
#16 27.11 Progress (1): 806 BProgress (1): 3.1 kBProgress (1): 6.9 kBProgress (1): 10 kB Progress (1): 11 kB                   Downloaded from central: https://repo.maven.apache.org/maven2/org/glassfish/jaxb/jaxb-runtime/4.0.6/jaxb-runtime-4.0.6.pom (11 kB at 143 kB/s)
#16 27.12 Downloading from central: https://repo.maven.apache.org/maven2/com/sun/xml/bind/mvn/jaxb-runtime-parent/4.0.6/jaxb-runtime-parent-4.0.6.pom
#16 27.19 Progress (1): 932 BProgress (1): 1.2 kB                    Downloaded from central: https://repo.maven.apache.org/maven2/com/sun/xml/bind/mvn/jaxb-runtime-parent/4.0.6/jaxb-runtime-parent-4.0.6.pom (1.2 kB at 16 kB/s)
#16 27.19 Downloading from central: https://repo.maven.apache.org/maven2/com/sun/xml/bind/mvn/jaxb-parent/4.0.6/jaxb-parent-4.0.6.pom
#16 27.28 Progress (1): 781 BProgress (1): 2.7 kBProgress (1): 4.4 kBProgress (1): 6.6 kBProgress (1): 12 kB Progress (1): 17 kBProgress (1): 21 kBProgress (1): 28 kBProgress (1): 33 kBProgress (1): 35 kB                   Downloaded from central: https://repo.maven.apache.org/maven2/com/sun/xml/bind/mvn/jaxb-parent/4.0.6/jaxb-parent-4.0.6.pom (35 kB at 402 kB/s)
#16 27.30 Downloading from central: https://repo.maven.apache.org/maven2/com/sun/xml/bind/jaxb-bom-ext/4.0.6/jaxb-bom-ext-4.0.6.pom
#16 27.35 Progress (1): 863 BProgress (1): 3.5 kB                    Downloaded from central: https://repo.maven.apache.org/maven2/com/sun/xml/bind/jaxb-bom-ext/4.0.6/jaxb-bom-ext-4.0.6.pom (3.5 kB at 58 kB/s)
#16 27.37 Downloading from central: https://repo.maven.apache.org/maven2/org/glassfish/jaxb/jaxb-bom/4.0.6/jaxb-bom-4.0.6.pom
#16 27.44 Progress (1): 849 BProgress (1): 6.0 kBProgress (1): 12 kB                    Downloaded from central: https://repo.maven.apache.org/maven2/org/glassfish/jaxb/jaxb-bom/4.0.6/jaxb-bom-4.0.6.pom (12 kB at 160 kB/s)
#16 27.45 Downloading from central: https://repo.maven.apache.org/maven2/org/glassfish/jaxb/jaxb-core/4.0.6/jaxb-core-4.0.6.pom
#16 27.51 Progress (1): 898 BProgress (1): 3.1 kBProgress (1): 3.7 kB                    Downloaded from central: https://repo.maven.apache.org/maven2/org/glassfish/jaxb/jaxb-core/4.0.6/jaxb-core-4.0.6.pom (3.7 kB at 57 kB/s)
#16 27.51 Downloading from central: https://repo.maven.apache.org/maven2/org/eclipse/angus/angus-activation/2.0.3/angus-activation-2.0.3.pom
#16 27.58 Progress (1): 930 BProgress (1): 3.4 kBProgress (1): 4.0 kB                    Downloaded from central: https://repo.maven.apache.org/maven2/org/eclipse/angus/angus-activation/2.0.3/angus-activation-2.0.3.pom (4.0 kB at 65 kB/s)
#16 27.58 Downloading from central: https://repo.maven.apache.org/maven2/org/eclipse/angus/angus-activation-project/2.0.3/angus-activation-project-2.0.3.pom
#16 27.65 Progress (1): 873 BProgress (1): 2.6 kBProgress (1): 5.6 kBProgress (1): 10 kB Progress (1): 14 kBProgress (1): 18 kBProgress (1): 20 kBProgress (1): 21 kB                   Downloaded from central: https://repo.maven.apache.org/maven2/org/eclipse/angus/angus-activation-project/2.0.3/angus-activation-project-2.0.3.pom (21 kB at 286 kB/s)
#16 27.65 Downloading from central: https://repo.maven.apache.org/maven2/org/glassfish/jaxb/txw2/4.0.6/txw2-4.0.6.pom
#16 27.73 Progress (1): 931 BProgress (1): 1.8 kB                    Downloaded from central: https://repo.maven.apache.org/maven2/org/glassfish/jaxb/txw2/4.0.6/txw2-4.0.6.pom (1.8 kB at 22 kB/s)
#16 27.74 Downloading from central: https://repo.maven.apache.org/maven2/com/sun/xml/bind/mvn/jaxb-txw-parent/4.0.6/jaxb-txw-parent-4.0.6.pom
#16 27.86 Progress (1): 930 BProgress (1): 1.2 kB                    Downloaded from central: https://repo.maven.apache.org/maven2/com/sun/xml/bind/mvn/jaxb-txw-parent/4.0.6/jaxb-txw-parent-4.0.6.pom (1.2 kB at 9.3 kB/s)
#16 27.87 Downloading from central: https://repo.maven.apache.org/maven2/com/sun/istack/istack-commons-runtime/4.1.2/istack-commons-runtime-4.1.2.pom
#16 27.96 Progress (1): 933 BProgress (1): 1.6 kB                    Downloaded from central: https://repo.maven.apache.org/maven2/com/sun/istack/istack-commons-runtime/4.1.2/istack-commons-runtime-4.1.2.pom (1.6 kB at 16 kB/s)
#16 27.97 Downloading from central: https://repo.maven.apache.org/maven2/com/sun/istack/istack-commons/4.1.2/istack-commons-4.1.2.pom
#16 28.04 Progress (1): 794 BProgress (1): 2.6 kBProgress (1): 4.8 kBProgress (1): 12 kB Progress (1): 17 kBProgress (1): 21 kBProgress (1): 26 kBProgress (1): 26 kB                   Downloaded from central: https://repo.maven.apache.org/maven2/com/sun/istack/istack-commons/4.1.2/istack-commons-4.1.2.pom (26 kB at 325 kB/s)
#16 28.06 Downloading from central: https://repo.maven.apache.org/maven2/jakarta/inject/jakarta.inject-api/2.0.1/jakarta.inject-api-2.0.1.pom
#16 28.12 Progress (1): 1.2 kBProgress (1): 3.4 kBProgress (1): 5.4 kBProgress (1): 5.9 kB                    Downloaded from central: https://repo.maven.apache.org/maven2/jakarta/inject/jakarta.inject-api/2.0.1/jakarta.inject-api-2.0.1.pom (5.9 kB at 82 kB/s)
#16 28.13 Downloading from central: https://repo.maven.apache.org/maven2/org/antlr/antlr4-runtime/4.13.2/antlr4-runtime-4.13.2.pom
#16 28.28 Progress (1): 900 BProgress (1): 3.0 kBProgress (1): 3.6 kB                    Downloaded from central: https://repo.maven.apache.org/maven2/org/antlr/antlr4-runtime/4.13.2/antlr4-runtime-4.13.2.pom (3.6 kB at 24 kB/s)
#16 28.28 Downloading from central: https://repo.maven.apache.org/maven2/org/antlr/antlr4-master/4.13.2/antlr4-master-4.13.2.pom
#16 28.35 Progress (1): 966 BProgress (1): 2.9 kBProgress (1): 4.8 kB                    Downloaded from central: https://repo.maven.apache.org/maven2/org/antlr/antlr4-master/4.13.2/antlr4-master-4.13.2.pom (4.8 kB at 63 kB/s)
#16 28.36 Downloading from central: https://repo.maven.apache.org/maven2/org/springframework/data/spring-data-jpa/4.0.5/spring-data-jpa-4.0.5.pom
#16 28.44 Progress (1): 1.4 kBProgress (1): 5.4 kBProgress (1): 8.6 kBProgress (1): 12 kB Progress (1): 13 kB                   Downloaded from central: https://repo.maven.apache.org/maven2/org/springframework/data/spring-data-jpa/4.0.5/spring-data-jpa-4.0.5.pom (13 kB at 172 kB/s)
#16 28.44 Downloading from central: https://repo.maven.apache.org/maven2/org/springframework/data/spring-data-jpa-parent/4.0.5/spring-data-jpa-parent-4.0.5.pom
#16 28.53 Progress (1): 1.2 kBProgress (1): 3.0 kBProgress (1): 5.6 kB                    Downloaded from central: https://repo.maven.apache.org/maven2/org/springframework/data/spring-data-jpa-parent/4.0.5/spring-data-jpa-parent-4.0.5.pom (5.6 kB at 53 kB/s)
#16 28.55 Downloading from central: https://repo.maven.apache.org/maven2/org/springframework/spring-aspects/7.0.7/spring-aspects-7.0.7.pom
#16 28.67 Progress (1): 1.1 kBProgress (1): 2.0 kB                    Downloaded from central: https://repo.maven.apache.org/maven2/org/springframework/spring-aspects/7.0.7/spring-aspects-7.0.7.pom (2.0 kB at 17 kB/s)
#16 28.68 Downloading from central: https://repo.maven.apache.org/maven2/org/aspectj/aspectjweaver/1.9.25.1/aspectjweaver-1.9.25.1.pom
#16 28.74 Progress (1): 1.0 kBProgress (1): 1.7 kB                    Downloaded from central: https://repo.maven.apache.org/maven2/org/aspectj/aspectjweaver/1.9.25.1/aspectjweaver-1.9.25.1.pom (1.7 kB at 22 kB/s)
#16 28.76 Downloading from central: https://repo.maven.apache.org/maven2/org/springframework/boot/spring-boot-starter-webmvc/4.0.6/spring-boot-starter-webmvc-4.0.6.pom
#16 28.83 Progress (1): 982 BProgress (1): 2.9 kB                    Downloaded from central: https://repo.maven.apache.org/maven2/org/springframework/boot/spring-boot-starter-webmvc/4.0.6/spring-boot-starter-webmvc-4.0.6.pom (2.9 kB at 31 kB/s)
#16 28.85 Downloading from central: https://repo.maven.apache.org/maven2/org/springframework/boot/spring-boot-starter-jackson/4.0.6/spring-boot-starter-jackson-4.0.6.pom
#16 28.95 Progress (1): 1.0 kBProgress (1): 2.3 kB                    Downloaded from central: https://repo.maven.apache.org/maven2/org/springframework/boot/spring-boot-starter-jackson/4.0.6/spring-boot-starter-jackson-4.0.6.pom (2.3 kB at 22 kB/s)
#16 28.96 Downloading from central: https://repo.maven.apache.org/maven2/org/springframework/boot/spring-boot-jackson/4.0.6/spring-boot-jackson-4.0.6.pom
#16 29.03 Progress (1): 1.0 kBProgress (1): 2.2 kB                    Downloaded from central: https://repo.maven.apache.org/maven2/org/springframework/boot/spring-boot-jackson/4.0.6/spring-boot-jackson-4.0.6.pom (2.2 kB at 26 kB/s)
#16 29.05 Downloading from central: https://repo.maven.apache.org/maven2/tools/jackson/core/jackson-databind/3.1.2/jackson-databind-3.1.2.pom
#16 29.15 Progress (1): 964 BProgress (1): 2.4 kBProgress (1): 3.7 kBProgress (1): 5.7 kBProgress (1): 7.8 kBProgress (1): 10 kB Progress (1): 12 kBProgress (1): 14 kBProgress (1): 16 kBProgress (1): 18 kBProgress (1): 18 kB                   Downloaded from central: https://repo.maven.apache.org/maven2/tools/jackson/core/jackson-databind/3.1.2/jackson-databind-3.1.2.pom (18 kB at 186 kB/s)
#16 29.15 Downloading from central: https://repo.maven.apache.org/maven2/tools/jackson/jackson-base/3.1.2/jackson-base-3.1.2.pom
#16 29.23 Progress (1): 924 BProgress (1): 2.4 kBProgress (1): 4.5 kBProgress (1): 6.5 kBProgress (1): 9.1 kBProgress (1): 11 kB Progress (1): 14 kBProgress (1): 16 kB                   Downloaded from central: https://repo.maven.apache.org/maven2/tools/jackson/jackson-base/3.1.2/jackson-base-3.1.2.pom (16 kB at 169 kB/s)
#16 29.25 Downloading from central: https://repo.maven.apache.org/maven2/com/fasterxml/jackson/core/jackson-annotations/2.21/jackson-annotations-2.21.pom
#16 29.36 Progress (1): 946 BProgress (1): 2.3 kBProgress (1): 3.7 kBProgress (1): 6.0 kBProgress (1): 7.4 kB                    Downloaded from central: https://repo.maven.apache.org/maven2/com/fasterxml/jackson/core/jackson-annotations/2.21/jackson-annotations-2.21.pom (7.4 kB at 63 kB/s)
#16 29.37 Downloading from central: https://repo.maven.apache.org/maven2/tools/jackson/core/jackson-core/3.1.2/jackson-core-3.1.2.pom
#16 29.43 Progress (1): 951 BProgress (1): 3.3 kBProgress (1): 7.5 kBProgress (1): 11 kB Progress (1): 11 kB                   Downloaded from central: https://repo.maven.apache.org/maven2/tools/jackson/core/jackson-core/3.1.2/jackson-core-3.1.2.pom (11 kB at 182 kB/s)
#16 29.44 Downloading from central: https://repo.maven.apache.org/maven2/org/springframework/boot/spring-boot-starter-tomcat/4.0.6/spring-boot-starter-tomcat-4.0.6.pom
#16 29.52 Progress (1): 982 BProgress (1): 2.5 kB                    Downloaded from central: https://repo.maven.apache.org/maven2/org/springframework/boot/spring-boot-starter-tomcat/4.0.6/spring-boot-starter-tomcat-4.0.6.pom (2.5 kB at 29 kB/s)
#16 29.53 Downloading from central: https://repo.maven.apache.org/maven2/org/springframework/boot/spring-boot-starter-tomcat-runtime/4.0.6/spring-boot-starter-tomcat-runtime-4.0.6.pom
#16 29.60 Progress (1): 989 BProgress (1): 3.7 kB                    Downloaded from central: https://repo.maven.apache.org/maven2/org/springframework/boot/spring-boot-starter-tomcat-runtime/4.0.6/spring-boot-starter-tomcat-runtime-4.0.6.pom (3.7 kB at 57 kB/s)
#16 29.60 Downloading from central: https://repo.maven.apache.org/maven2/org/springframework/boot/spring-boot-tomcat/4.0.6/spring-boot-tomcat-4.0.6.pom
#16 29.70 Progress (1): 1.0 kBProgress (1): 2.6 kB                    Downloaded from central: https://repo.maven.apache.org/maven2/org/springframework/boot/spring-boot-tomcat/4.0.6/spring-boot-tomcat-4.0.6.pom (2.6 kB at 25 kB/s)
#16 29.71 Downloading from central: https://repo.maven.apache.org/maven2/org/springframework/boot/spring-boot-web-server/4.0.6/spring-boot-web-server-4.0.6.pom
#16 29.79 Progress (1): 1.0 kBProgress (1): 2.2 kB                    Downloaded from central: https://repo.maven.apache.org/maven2/org/springframework/boot/spring-boot-web-server/4.0.6/spring-boot-web-server-4.0.6.pom (2.2 kB at 26 kB/s)
#16 29.80 Downloading from central: https://repo.maven.apache.org/maven2/org/apache/tomcat/embed/tomcat-embed-core/11.0.21/tomcat-embed-core-11.0.21.pom
#16 29.88 Progress (1): 853 BProgress (1): 1.8 kB                    Downloaded from central: https://repo.maven.apache.org/maven2/org/apache/tomcat/embed/tomcat-embed-core/11.0.21/tomcat-embed-core-11.0.21.pom (1.8 kB at 22 kB/s)
#16 29.88 Downloading from central: https://repo.maven.apache.org/maven2/org/apache/tomcat/embed/tomcat-embed-el/11.0.21/tomcat-embed-el-11.0.21.pom
#16 29.95 Progress (1): 852 BProgress (1): 1.5 kB                    Downloaded from central: https://repo.maven.apache.org/maven2/org/apache/tomcat/embed/tomcat-embed-el/11.0.21/tomcat-embed-el-11.0.21.pom (1.5 kB at 21 kB/s)
#16 29.96 Downloading from central: https://repo.maven.apache.org/maven2/org/apache/tomcat/embed/tomcat-embed-websocket/11.0.21/tomcat-embed-websocket-11.0.21.pom
#16 30.04 Progress (1): 852 BProgress (1): 1.8 kB                    Downloaded from central: https://repo.maven.apache.org/maven2/org/apache/tomcat/embed/tomcat-embed-websocket/11.0.21/tomcat-embed-websocket-11.0.21.pom (1.8 kB at 21 kB/s)
#16 30.05 Downloading from central: https://repo.maven.apache.org/maven2/org/springframework/spring-web/7.0.7/spring-web-7.0.7.pom
#16 30.13 Progress (1): 1.1 kBProgress (1): 2.4 kB                    Downloaded from central: https://repo.maven.apache.org/maven2/org/springframework/spring-web/7.0.7/spring-web-7.0.7.pom (2.4 kB at 25 kB/s)
#16 30.14 Downloading from central: https://repo.maven.apache.org/maven2/org/springframework/boot/spring-boot-http-converter/4.0.6/spring-boot-http-converter-4.0.6.pom
#16 30.21 Progress (1): 1.0 kBProgress (1): 2.2 kB                    Downloaded from central: https://repo.maven.apache.org/maven2/org/springframework/boot/spring-boot-http-converter/4.0.6/spring-boot-http-converter-4.0.6.pom (2.2 kB at 31 kB/s)
#16 30.22 Downloading from central: https://repo.maven.apache.org/maven2/org/springframework/boot/spring-boot-webmvc/4.0.6/spring-boot-webmvc-4.0.6.pom
#16 30.29 Progress (1): 1.0 kBProgress (1): 2.6 kB                    Downloaded from central: https://repo.maven.apache.org/maven2/org/springframework/boot/spring-boot-webmvc/4.0.6/spring-boot-webmvc-4.0.6.pom (2.6 kB at 34 kB/s)
#16 30.30 Downloading from central: https://repo.maven.apache.org/maven2/org/springframework/boot/spring-boot-servlet/4.0.6/spring-boot-servlet-4.0.6.pom
#16 30.43 Progress (1): 1.0 kBProgress (1): 2.2 kB                    Downloaded from central: https://repo.maven.apache.org/maven2/org/springframework/boot/spring-boot-servlet/4.0.6/spring-boot-servlet-4.0.6.pom (2.2 kB at 17 kB/s)
#16 30.43 Downloading from central: https://repo.maven.apache.org/maven2/org/springframework/spring-webmvc/7.0.7/spring-webmvc-7.0.7.pom
#16 30.51 Progress (1): 1.0 kBProgress (1): 3.0 kB                    Downloaded from central: https://repo.maven.apache.org/maven2/org/springframework/spring-webmvc/7.0.7/spring-webmvc-7.0.7.pom (3.0 kB at 30 kB/s)
#16 30.53 Downloading from central: https://repo.maven.apache.org/maven2/org/springframework/boot/spring-boot-starter-security/4.0.6/spring-boot-starter-security-4.0.6.pom
#16 30.59 Progress (1): 1.0 kBProgress (1): 2.5 kB                    Downloaded from central: https://repo.maven.apache.org/maven2/org/springframework/boot/spring-boot-starter-security/4.0.6/spring-boot-starter-security-4.0.6.pom (2.5 kB at 40 kB/s)
#16 30.61 Downloading from central: https://repo.maven.apache.org/maven2/org/springframework/boot/spring-boot-security/4.0.6/spring-boot-security-4.0.6.pom
#16 30.69 Progress (1): 1.0 kBProgress (1): 2.4 kB                    Downloaded from central: https://repo.maven.apache.org/maven2/org/springframework/boot/spring-boot-security/4.0.6/spring-boot-security-4.0.6.pom (2.4 kB at 24 kB/s)
#16 30.71 Downloading from central: https://repo.maven.apache.org/maven2/org/springframework/security/spring-security-config/7.0.5/spring-security-config-7.0.5.pom
#16 30.82 Progress (1): 1.0 kBProgress (1): 2.8 kB                    Downloaded from central: https://repo.maven.apache.org/maven2/org/springframework/security/spring-security-config/7.0.5/spring-security-config-7.0.5.pom (2.8 kB at 24 kB/s)
#16 30.83 Downloading from central: https://repo.maven.apache.org/maven2/org/springframework/security/spring-security-core/7.0.5/spring-security-core-7.0.5.pom
#16 30.92 Progress (1): 1.0 kBProgress (1): 3.2 kB                    Downloaded from central: https://repo.maven.apache.org/maven2/org/springframework/security/spring-security-core/7.0.5/spring-security-core-7.0.5.pom (3.2 kB at 36 kB/s)
#16 30.92 Downloading from central: https://repo.maven.apache.org/maven2/org/springframework/security/spring-security-crypto/7.0.5/spring-security-crypto-7.0.5.pom
#16 31.00 Progress (1): 1.0 kBProgress (1): 2.1 kB                    Downloaded from central: https://repo.maven.apache.org/maven2/org/springframework/security/spring-security-crypto/7.0.5/spring-security-crypto-7.0.5.pom (2.1 kB at 28 kB/s)
#16 31.01 Downloading from central: https://repo.maven.apache.org/maven2/org/springframework/security/spring-security-web/7.0.5/spring-security-web-7.0.5.pom
#16 31.07 Progress (1): 1.0 kBProgress (1): 3.2 kB                    Downloaded from central: https://repo.maven.apache.org/maven2/org/springframework/security/spring-security-web/7.0.5/spring-security-web-7.0.5.pom (3.2 kB at 49 kB/s)
#16 31.08 Downloading from central: https://repo.maven.apache.org/maven2/org/springframework/boot/spring-boot-starter-actuator/4.0.6/spring-boot-starter-actuator-4.0.6.pom
#16 31.14 Progress (1): 947 BProgress (1): 3.2 kB                    Downloaded from central: https://repo.maven.apache.org/maven2/org/springframework/boot/spring-boot-starter-actuator/4.0.6/spring-boot-starter-actuator-4.0.6.pom (3.2 kB at 54 kB/s)
#16 31.14 Downloading from central: https://repo.maven.apache.org/maven2/org/springframework/boot/spring-boot-starter-micrometer-metrics/4.0.6/spring-boot-starter-micrometer-metrics-4.0.6.pom
#16 31.22 Progress (1): 1.0 kBProgress (1): 2.3 kB                    Downloaded from central: https://repo.maven.apache.org/maven2/org/springframework/boot/spring-boot-starter-micrometer-metrics/4.0.6/spring-boot-starter-micrometer-metrics-4.0.6.pom (2.3 kB at 29 kB/s)
#16 31.22 Downloading from central: https://repo.maven.apache.org/maven2/org/springframework/boot/spring-boot-micrometer-metrics/4.0.6/spring-boot-micrometer-metrics-4.0.6.pom
#16 31.30 Progress (1): 1.1 kBProgress (1): 2.5 kB                    Downloaded from central: https://repo.maven.apache.org/maven2/org/springframework/boot/spring-boot-micrometer-metrics/4.0.6/spring-boot-micrometer-metrics-4.0.6.pom (2.5 kB at 33 kB/s)
#16 31.30 Downloading from central: https://repo.maven.apache.org/maven2/org/springframework/boot/spring-boot-micrometer-observation/4.0.6/spring-boot-micrometer-observation-4.0.6.pom
#16 31.38 Progress (1): 1.0 kBProgress (1): 2.3 kB                    Downloaded from central: https://repo.maven.apache.org/maven2/org/springframework/boot/spring-boot-micrometer-observation/4.0.6/spring-boot-micrometer-observation-4.0.6.pom (2.3 kB at 25 kB/s)
#16 31.39 Downloading from central: https://repo.maven.apache.org/maven2/io/micrometer/micrometer-core/1.16.5/micrometer-core-1.16.5.pom
#16 31.49 Progress (1): 986 BProgress (1): 5.1 kBProgress (1): 9.7 kBProgress (1): 11 kB                    Downloaded from central: https://repo.maven.apache.org/maven2/io/micrometer/micrometer-core/1.16.5/micrometer-core-1.16.5.pom (11 kB at 113 kB/s)
#16 31.49 Downloading from central: https://repo.maven.apache.org/maven2/org/hdrhistogram/HdrHistogram/2.2.2/HdrHistogram-2.2.2.pom
#16 31.56 Progress (1): 961 BProgress (1): 2.8 kBProgress (1): 6.1 kBProgress (1): 10.0 kBProgress (1): 13 kB                     Downloaded from central: https://repo.maven.apache.org/maven2/org/hdrhistogram/HdrHistogram/2.2.2/HdrHistogram-2.2.2.pom (13 kB at 165 kB/s)
#16 31.58 Downloading from central: https://repo.maven.apache.org/maven2/org/latencyutils/LatencyUtils/2.0.3/LatencyUtils-2.0.3.pom
#16 31.65 Progress (1): 1.0 kBProgress (1): 3.9 kBProgress (1): 7.2 kB                    Downloaded from central: https://repo.maven.apache.org/maven2/org/latencyutils/LatencyUtils/2.0.3/LatencyUtils-2.0.3.pom (7.2 kB at 101 kB/s)
#16 31.65 Downloading from central: https://repo.maven.apache.org/maven2/org/springframework/boot/spring-boot-actuator-autoconfigure/4.0.6/spring-boot-actuator-autoconfigure-4.0.6.pom
#16 31.72 Progress (1): 1.0 kBProgress (1): 2.3 kB                    Downloaded from central: https://repo.maven.apache.org/maven2/org/springframework/boot/spring-boot-actuator-autoconfigure/4.0.6/spring-boot-actuator-autoconfigure-4.0.6.pom (2.3 kB at 35 kB/s)
#16 31.73 Downloading from central: https://repo.maven.apache.org/maven2/org/springframework/boot/spring-boot-actuator/4.0.6/spring-boot-actuator-4.0.6.pom
#16 32.13 Progress (1): 1.0 kBProgress (1): 2.0 kB                    Downloaded from central: https://repo.maven.apache.org/maven2/org/springframework/boot/spring-boot-actuator/4.0.6/spring-boot-actuator-4.0.6.pom (2.0 kB at 5.1 kB/s)
#16 32.14 Downloading from central: https://repo.maven.apache.org/maven2/org/springframework/boot/spring-boot-health/4.0.6/spring-boot-health-4.0.6.pom
#16 32.27 Progress (1): 1.0 kBProgress (1): 2.0 kB                    Downloaded from central: https://repo.maven.apache.org/maven2/org/springframework/boot/spring-boot-health/4.0.6/spring-boot-health-4.0.6.pom (2.0 kB at 15 kB/s)
#16 32.28 Downloading from central: https://repo.maven.apache.org/maven2/io/micrometer/micrometer-jakarta9/1.16.5/micrometer-jakarta9-1.16.5.pom
#16 32.37 Progress (1): 1.1 kBProgress (1): 3.5 kBProgress (1): 3.9 kB                    Downloaded from central: https://repo.maven.apache.org/maven2/io/micrometer/micrometer-jakarta9/1.16.5/micrometer-jakarta9-1.16.5.pom (3.9 kB at 42 kB/s)
#16 32.38 Downloading from central: https://repo.maven.apache.org/maven2/com/fasterxml/jackson/core/jackson-databind/2.21.2/jackson-databind-2.21.2.pom
#16 32.47 Progress (1): 969 BProgress (1): 2.3 kBProgress (1): 3.6 kBProgress (1): 6.1 kBProgress (1): 8.1 kBProgress (1): 10 kB Progress (1): 12 kBProgress (1): 15 kBProgress (1): 19 kBProgress (1): 21 kBProgress (1): 23 kBProgress (1): 23 kB                   Downloaded from central: https://repo.maven.apache.org/maven2/com/fasterxml/jackson/core/jackson-databind/2.21.2/jackson-databind-2.21.2.pom (23 kB at 235 kB/s)
#16 32.48 Downloading from central: https://repo.maven.apache.org/maven2/com/fasterxml/jackson/jackson-base/2.21.2/jackson-base-2.21.2.pom
#16 32.59 Progress (1): 922 BProgress (1): 2.7 kBProgress (1): 4.7 kBProgress (1): 6.3 kBProgress (1): 8.5 kBProgress (1): 11 kB Progress (1): 13 kBProgress (1): 13 kB                   Downloaded from central: https://repo.maven.apache.org/maven2/com/fasterxml/jackson/jackson-base/2.21.2/jackson-base-2.21.2.pom (13 kB at 112 kB/s)
#16 32.60 Downloading from central: https://repo.maven.apache.org/maven2/com/fasterxml/jackson/core/jackson-core/2.21.2/jackson-core-2.21.2.pom
#16 32.75 Progress (1): 950 BProgress (1): 3.6 kBProgress (1): 8.3 kBProgress (1): 10 kB                    Downloaded from central: https://repo.maven.apache.org/maven2/com/fasterxml/jackson/core/jackson-core/2.21.2/jackson-core-2.21.2.pom (10 kB at 66 kB/s)
#16 32.76 Downloading from central: https://repo.maven.apache.org/maven2/org/postgresql/postgresql/42.7.10/postgresql-42.7.10.pom
#16 32.84 Progress (1): 1.3 kBProgress (1): 2.7 kB                    Downloaded from central: https://repo.maven.apache.org/maven2/org/postgresql/postgresql/42.7.10/postgresql-42.7.10.pom (2.7 kB at 36 kB/s)
#16 32.85 Downloading from central: https://repo.maven.apache.org/maven2/org/checkerframework/checker-qual/3.52.0/checker-qual-3.52.0.pom
#16 32.94 Progress (1): 954 BProgress (1): 2.1 kB                    Downloaded from central: https://repo.maven.apache.org/maven2/org/checkerframework/checker-qual/3.52.0/checker-qual-3.52.0.pom (2.1 kB at 22 kB/s)
#16 32.95 Downloading from central: https://repo.maven.apache.org/maven2/com/h2database/h2/2.4.240/h2-2.4.240.pom
#16 33.04 Progress (1): 1.1 kB                    Downloaded from central: https://repo.maven.apache.org/maven2/com/h2database/h2/2.4.240/h2-2.4.240.pom (1.1 kB at 13 kB/s)
#16 33.04 Downloading from central: https://repo.maven.apache.org/maven2/org/projectlombok/lombok/1.18.46/lombok-1.18.46.pom
#16 33.11 Progress (1): 1.1 kBProgress (1): 1.5 kB                    Downloaded from central: https://repo.maven.apache.org/maven2/org/projectlombok/lombok/1.18.46/lombok-1.18.46.pom (1.5 kB at 22 kB/s)
#16 33.11 Downloading from central: https://repo.maven.apache.org/maven2/org/springframework/boot/spring-boot-starter-test/4.0.6/spring-boot-starter-test-4.0.6.pom
#16 33.18 Progress (1): 924 BProgress (1): 4.2 kBProgress (1): 4.9 kB                    Downloaded from central: https://repo.maven.apache.org/maven2/org/springframework/boot/spring-boot-starter-test/4.0.6/spring-boot-starter-test-4.0.6.pom (4.9 kB at 57 kB/s)
#16 33.20 Downloading from central: https://repo.maven.apache.org/maven2/org/springframework/boot/spring-boot-test/4.0.6/spring-boot-test-4.0.6.pom
#16 33.27 Progress (1): 1.0 kBProgress (1): 2.2 kB                    Downloaded from central: https://repo.maven.apache.org/maven2/org/springframework/boot/spring-boot-test/4.0.6/spring-boot-test-4.0.6.pom (2.2 kB at 34 kB/s)
#16 33.28 Downloading from central: https://repo.maven.apache.org/maven2/org/springframework/spring-test/7.0.7/spring-test-7.0.7.pom
#16 33.37 Progress (1): 1.1 kBProgress (1): 2.1 kB                    Downloaded from central: https://repo.maven.apache.org/maven2/org/springframework/spring-test/7.0.7/spring-test-7.0.7.pom (2.1 kB at 23 kB/s)
#16 33.38 Downloading from central: https://repo.maven.apache.org/maven2/org/springframework/boot/spring-boot-test-autoconfigure/4.0.6/spring-boot-test-autoconfigure-4.0.6.pom
#16 33.47 Progress (1): 1.0 kBProgress (1): 2.1 kB                    Downloaded from central: https://repo.maven.apache.org/maven2/org/springframework/boot/spring-boot-test-autoconfigure/4.0.6/spring-boot-test-autoconfigure-4.0.6.pom (2.1 kB at 23 kB/s)
#16 33.48 Downloading from central: https://repo.maven.apache.org/maven2/com/jayway/jsonpath/json-path/2.10.0/json-path-2.10.0.pom
#16 33.56 Progress (1): 961 BProgress (1): 1.9 kB                    Downloaded from central: https://repo.maven.apache.org/maven2/com/jayway/jsonpath/json-path/2.10.0/json-path-2.10.0.pom (1.9 kB at 24 kB/s)
#16 33.57 Downloading from central: https://repo.maven.apache.org/maven2/net/minidev/json-smart/2.6.0/json-smart-2.6.0.pom
#16 33.63 Progress (1): 781 BProgress (1): 1.9 kBProgress (1): 3.5 kBProgress (1): 5.7 kBProgress (1): 8.8 kBProgress (1): 12 kB                    Downloaded from central: https://repo.maven.apache.org/maven2/net/minidev/json-smart/2.6.0/json-smart-2.6.0.pom (12 kB at 186 kB/s)
#16 33.65 Downloading from central: https://repo.maven.apache.org/maven2/net/minidev/accessors-smart/2.6.0/accessors-smart-2.6.0.pom
#16 33.73 Progress (1): 775 BProgress (1): 2.4 kBProgress (1): 4.6 kBProgress (1): 7.8 kBProgress (1): 12 kB Progress (1): 14 kB                   Downloaded from central: https://repo.maven.apache.org/maven2/net/minidev/accessors-smart/2.6.0/accessors-smart-2.6.0.pom (14 kB at 178 kB/s)
#16 33.74 Downloading from central: https://repo.maven.apache.org/maven2/org/ow2/asm/asm/9.7.1/asm-9.7.1.pom
#16 33.81 Progress (1): 1.3 kBProgress (1): 2.4 kB                    Downloaded from central: https://repo.maven.apache.org/maven2/org/ow2/asm/asm/9.7.1/asm-9.7.1.pom (2.4 kB at 29 kB/s)
#16 33.83 Downloading from central: https://repo.maven.apache.org/maven2/org/ow2/ow2/1.5.1/ow2-1.5.1.pom
#16 33.95 Progress (1): 709 BProgress (1): 2.1 kBProgress (1): 3.6 kBProgress (1): 5.7 kBProgress (1): 8.1 kBProgress (1): 11 kB                    Downloaded from central: https://repo.maven.apache.org/maven2/org/ow2/ow2/1.5.1/ow2-1.5.1.pom (11 kB at 79 kB/s)
#16 33.97 Downloading from central: https://repo.maven.apache.org/maven2/org/assertj/assertj-core/3.27.7/assertj-core-3.27.7.pom
#16 34.03 Progress (1): 1.2 kBProgress (1): 3.8 kB                    Downloaded from central: https://repo.maven.apache.org/maven2/org/assertj/assertj-core/3.27.7/assertj-core-3.27.7.pom (3.8 kB at 61 kB/s)
#16 34.04 Downloading from central: https://repo.maven.apache.org/maven2/org/awaitility/awaitility/4.3.0/awaitility-4.3.0.pom
#16 34.12 Progress (1): 821 BProgress (1): 3.0 kBProgress (1): 3.7 kB                    Downloaded from central: https://repo.maven.apache.org/maven2/org/awaitility/awaitility/4.3.0/awaitility-4.3.0.pom (3.7 kB at 40 kB/s)
#16 34.13 Downloading from central: https://repo.maven.apache.org/maven2/org/awaitility/awaitility-parent/4.3.0/awaitility-parent-4.3.0.pom
#16 34.20 Progress (1): 826 BProgress (1): 2.5 kBProgress (1): 5.3 kBProgress (1): 9.3 kBProgress (1): 11 kB                    Downloaded from central: https://repo.maven.apache.org/maven2/org/awaitility/awaitility-parent/4.3.0/awaitility-parent-4.3.0.pom (11 kB at 117 kB/s)
#16 34.23 Downloading from central: https://repo.maven.apache.org/maven2/org/hamcrest/hamcrest/3.0/hamcrest-3.0.pom
#16 34.36 Progress (1): 983 BProgress (1): 1.6 kB                    Downloaded from central: https://repo.maven.apache.org/maven2/org/hamcrest/hamcrest/3.0/hamcrest-3.0.pom (1.6 kB at 11 kB/s)
#16 34.38 Downloading from central: https://repo.maven.apache.org/maven2/org/junit/jupiter/junit-jupiter/6.0.3/junit-jupiter-6.0.3.pom
#16 34.47 Progress (1): 948 BProgress (1): 3.2 kB                    Downloaded from central: https://repo.maven.apache.org/maven2/org/junit/jupiter/junit-jupiter/6.0.3/junit-jupiter-6.0.3.pom (3.2 kB at 35 kB/s)
#16 34.47 Downloading from central: https://repo.maven.apache.org/maven2/org/junit/jupiter/junit-jupiter-api/6.0.3/junit-jupiter-api-6.0.3.pom
#16 34.59 Progress (1): 952 BProgress (1): 3.3 kBProgress (1): 3.4 kB                    Downloaded from central: https://repo.maven.apache.org/maven2/org/junit/jupiter/junit-jupiter-api/6.0.3/junit-jupiter-api-6.0.3.pom (3.4 kB at 26 kB/s)
#16 34.60 Downloading from central: https://repo.maven.apache.org/maven2/org/opentest4j/opentest4j/1.3.0/opentest4j-1.3.0.pom
#16 34.67 Progress (1): 996 BProgress (1): 2.0 kB                    Downloaded from central: https://repo.maven.apache.org/maven2/org/opentest4j/opentest4j/1.3.0/opentest4j-1.3.0.pom (2.0 kB at 28 kB/s)
#16 34.69 Downloading from central: https://repo.maven.apache.org/maven2/org/junit/platform/junit-platform-commons/6.0.3/junit-platform-commons-6.0.3.pom
#16 34.75 Progress (1): 968 BProgress (1): 3.0 kB                    Downloaded from central: https://repo.maven.apache.org/maven2/org/junit/platform/junit-platform-commons/6.0.3/junit-platform-commons-6.0.3.pom (3.0 kB at 44 kB/s)
#16 34.76 Downloading from central: https://repo.maven.apache.org/maven2/org/apiguardian/apiguardian-api/1.1.2/apiguardian-api-1.1.2.pom
#16 34.83 Progress (1): 1.0 kBProgress (1): 1.5 kB                    Downloaded from central: https://repo.maven.apache.org/maven2/org/apiguardian/apiguardian-api/1.1.2/apiguardian-api-1.1.2.pom (1.5 kB at 23 kB/s)
#16 34.83 Downloading from central: https://repo.maven.apache.org/maven2/org/junit/jupiter/junit-jupiter-params/6.0.3/junit-jupiter-params-6.0.3.pom
#16 34.91 Progress (1): 974 BProgress (1): 3.2 kB                    Downloaded from central: https://repo.maven.apache.org/maven2/org/junit/jupiter/junit-jupiter-params/6.0.3/junit-jupiter-params-6.0.3.pom (3.2 kB at 43 kB/s)
#16 34.91 Downloading from central: https://repo.maven.apache.org/maven2/org/junit/jupiter/junit-jupiter-engine/6.0.3/junit-jupiter-engine-6.0.3.pom
#16 34.98 Progress (1): 956 BProgress (1): 3.4 kB                    Downloaded from central: https://repo.maven.apache.org/maven2/org/junit/jupiter/junit-jupiter-engine/6.0.3/junit-jupiter-engine-6.0.3.pom (3.4 kB at 45 kB/s)
#16 34.99 Downloading from central: https://repo.maven.apache.org/maven2/org/junit/platform/junit-platform-engine/6.0.3/junit-platform-engine-6.0.3.pom
#16 35.06 Progress (1): 956 BProgress (1): 3.4 kBProgress (1): 3.4 kB                    Downloaded from central: https://repo.maven.apache.org/maven2/org/junit/platform/junit-platform-engine/6.0.3/junit-platform-engine-6.0.3.pom (3.4 kB at 49 kB/s)
#16 35.07 Downloading from central: https://repo.maven.apache.org/maven2/org/mockito/mockito-core/5.20.0/mockito-core-5.20.0.pom
#16 35.14 Progress (1): 1.6 kBProgress (1): 2.5 kB                    Downloaded from central: https://repo.maven.apache.org/maven2/org/mockito/mockito-core/5.20.0/mockito-core-5.20.0.pom (2.5 kB at 34 kB/s)
#16 35.16 Downloading from central: https://repo.maven.apache.org/maven2/net/bytebuddy/byte-buddy-agent/1.17.8/byte-buddy-agent-1.17.8.pom
#16 35.32 Progress (1): 1.1 kBProgress (1): 3.6 kBProgress (1): 6.3 kBProgress (1): 9.9 kBProgress (1): 14 kB                    Downloaded from central: https://repo.maven.apache.org/maven2/net/bytebuddy/byte-buddy-agent/1.17.8/byte-buddy-agent-1.17.8.pom (14 kB at 88 kB/s)
#16 35.33 Downloading from central: https://repo.maven.apache.org/maven2/org/objenesis/objenesis/3.3/objenesis-3.3.pom
#16 35.40 Progress (1): 795 BProgress (1): 2.5 kBProgress (1): 3.0 kB                    Downloaded from central: https://repo.maven.apache.org/maven2/org/objenesis/objenesis/3.3/objenesis-3.3.pom (3.0 kB at 39 kB/s)
#16 35.41 Downloading from central: https://repo.maven.apache.org/maven2/org/objenesis/objenesis-parent/3.3/objenesis-parent-3.3.pom
#16 35.49 Progress (1): 741 BProgress (1): 2.3 kBProgress (1): 4.5 kBProgress (1): 6.6 kBProgress (1): 10 kB Progress (1): 13 kBProgress (1): 18 kBProgress (1): 19 kB                   Downloaded from central: https://repo.maven.apache.org/maven2/org/objenesis/objenesis-parent/3.3/objenesis-parent-3.3.pom (19 kB at 220 kB/s)
#16 35.51 Downloading from central: https://repo.maven.apache.org/maven2/org/mockito/mockito-junit-jupiter/5.20.0/mockito-junit-jupiter-5.20.0.pom
#16 35.63 Progress (1): 1.6 kBProgress (1): 2.3 kB                    Downloaded from central: https://repo.maven.apache.org/maven2/org/mockito/mockito-junit-jupiter/5.20.0/mockito-junit-jupiter-5.20.0.pom (2.3 kB at 20 kB/s)
#16 35.63 Downloading from central: https://repo.maven.apache.org/maven2/org/skyscreamer/jsonassert/1.5.3/jsonassert-1.5.3.pom
#16 35.72 Progress (1): 1.0 kBProgress (1): 3.5 kBProgress (1): 7.0 kB                    Downloaded from central: https://repo.maven.apache.org/maven2/org/skyscreamer/jsonassert/1.5.3/jsonassert-1.5.3.pom (7.0 kB at 77 kB/s)
#16 35.73 Downloading from central: https://repo.maven.apache.org/maven2/com/vaadin/external/google/android-json/0.0.20131108.vaadin1/android-json-0.0.20131108.vaadin1.pom
#16 35.88 Progress (1): 1.1 kBProgress (1): 2.8 kB                    Downloaded from central: https://repo.maven.apache.org/maven2/com/vaadin/external/google/android-json/0.0.20131108.vaadin1/android-json-0.0.20131108.vaadin1.pom (2.8 kB at 19 kB/s)
#16 35.88 Downloading from central: https://repo.maven.apache.org/maven2/org/xmlunit/xmlunit-core/2.10.4/xmlunit-core-2.10.4.pom
#16 35.95 Progress (1): 843 BProgress (1): 2.8 kB                    Downloaded from central: https://repo.maven.apache.org/maven2/org/xmlunit/xmlunit-core/2.10.4/xmlunit-core-2.10.4.pom (2.8 kB at 41 kB/s)
#16 35.95 Downloading from central: https://repo.maven.apache.org/maven2/org/xmlunit/xmlunit-parent/2.10.4/xmlunit-parent-2.10.4.pom
#16 36.04 Progress (1): 783 BProgress (1): 2.3 kBProgress (1): 4.3 kBProgress (1): 8.0 kBProgress (1): 10 kB Progress (1): 14 kBProgress (1): 16 kBProgress (1): 21 kBProgress (1): 23 kB                   Downloaded from central: https://repo.maven.apache.org/maven2/org/xmlunit/xmlunit-parent/2.10.4/xmlunit-parent-2.10.4.pom (23 kB at 224 kB/s)
#16 36.08 Downloading from central: https://repo.maven.apache.org/maven2/org/springframework/boot/spring-boot-starter-amqp/4.0.6/spring-boot-starter-amqp-4.0.6.jar
#16 36.19 Progress (1): 4.8 kB                    Downloaded from central: https://repo.maven.apache.org/maven2/org/springframework/boot/spring-boot-starter-amqp/4.0.6/spring-boot-starter-amqp-4.0.6.jar (4.8 kB at 46 kB/s)
#16 36.19 Downloading from central: https://repo.maven.apache.org/maven2/org/springframework/boot/spring-boot-starter/4.0.6/spring-boot-starter-4.0.6.jar
#16 36.19 Downloading from central: https://repo.maven.apache.org/maven2/ch/qos/logback/logback-classic/1.5.32/logback-classic-1.5.32.jar
#16 36.19 Downloading from central: https://repo.maven.apache.org/maven2/org/springframework/boot/spring-boot-starter-logging/4.0.6/spring-boot-starter-logging-4.0.6.jar
#16 36.19 Downloading from central: https://repo.maven.apache.org/maven2/ch/qos/logback/logback-core/1.5.32/logback-core-1.5.32.jar
#16 36.19 Downloading from central: https://repo.maven.apache.org/maven2/org/apache/logging/log4j/log4j-to-slf4j/2.25.4/log4j-to-slf4j-2.25.4.jar
#16 36.29 Progress (1): 4.8 kB                    Downloaded from central: https://repo.maven.apache.org/maven2/org/springframework/boot/spring-boot-starter/4.0.6/spring-boot-starter-4.0.6.jar (4.8 kB at 45 kB/s)
#16 36.30 Downloading from central: https://repo.maven.apache.org/maven2/org/apache/logging/log4j/log4j-api/2.25.4/log4j-api-2.25.4.jar
#16 36.45 Progress (1): 7.7/351 kBProgress (1): 16/351 kB Progress (1): 32/351 kBProgress (1): 49/351 kBProgress (1): 65/351 kBProgress (1): 81/351 kBProgress (2): 81/351 kB | 0.9/286 kBProgress (2): 81/351 kB | 2.3/286 kBProgress (2): 81/351 kB | 3.6/286 kBProgress (2): 81/351 kB | 5.0/286 kBProgress (2): 81/351 kB | 6.4/286 kBProgress (2): 81/351 kB | 7.7/286 kBProgress (2): 81/351 kB | 9.1/286 kBProgress (2): 81/351 kB | 10/286 kB Progress (2): 81/351 kB | 12/286 kBProgress (2): 81/351 kB | 12/286 kBProgress (2): 81/351 kB | 14/286 kBProgress (2): 81/351 kB | 15/286 kBProgress (2): 81/351 kB | 16/286 kBProgress (2): 81/351 kB | 18/286 kBProgress (2): 98/351 kB | 18/286 kBProgress (2): 98/351 kB | 19/286 kBProgress (2): 98/351 kB | 21/286 kBProgress (2): 98/351 kB | 22/286 kBProgress (2): 98/351 kB | 23/286 kBProgress (2): 98/351 kB | 25/286 kBProgress (2): 98/351 kB | 26/286 kBProgress (2): 98/351 kB | 27/286 kBProgress (3): 98/351 kB | 27/286 kB | 0.9/644 kBProgress (3): 98/351 kB | 27/286 kB | 2.3/644 kBProgress (3): 98/351 kB | 27/286 kB | 3.6/644 kBProgress (3): 98/351 kB | 27/286 kB | 5.0/644 kBProgress (3): 98/351 kB | 27/286 kB | 6.4/644 kBProgress (3): 98/351 kB | 29/286 kB | 6.4/644 kBProgress (3): 98/351 kB | 29/286 kB | 7.7/644 kBProgress (3): 98/351 kB | 30/286 kB | 7.7/644 kBProgress (3): 98/351 kB | 30/286 kB | 9.1/644 kBProgress (3): 98/351 kB | 30/286 kB | 10/644 kB Progress (3): 98/351 kB | 31/286 kB | 10/644 kBProgress (3): 98/351 kB | 31/286 kB | 12/644 kBProgress (3): 98/351 kB | 31/286 kB | 13/644 kBProgress (3): 98/351 kB | 31/286 kB | 15/644 kBProgress (3): 98/351 kB | 31/286 kB | 16/644 kBProgress (3): 98/351 kB | 31/286 kB | 17/644 kBProgress (3): 98/351 kB | 31/286 kB | 19/644 kBProgress (3): 98/351 kB | 31/286 kB | 20/644 kBProgress (3): 98/351 kB | 31/286 kB | 21/644 kBProgress (3): 98/351 kB | 31/286 kB | 23/644 kBProgress (3): 98/351 kB | 33/286 kB | 23/644 kBProgress (3): 98/351 kB | 34/286 kB | 23/644 kBProgress (3): 98/351 kB | 36/286 kB | 23/644 kBProgress (3): 98/351 kB | 37/286 kB | 23/644 kBProgress (3): 98/351 kB | 38/286 kB | 23/644 kBProgress (3): 98/351 kB | 40/286 kB | 23/644 kBProgress (3): 98/351 kB | 41/286 kB | 23/644 kBProgress (3): 98/351 kB | 42/286 kB | 23/644 kBProgress (3): 98/351 kB | 44/286 kB | 23/644 kBProgress (3): 98/351 kB | 45/286 kB | 23/644 kBProgress (3): 98/351 kB | 47/286 kB | 23/644 kBProgress (3): 98/351 kB | 47/286 kB | 24/644 kBProgress (3): 98/351 kB | 48/286 kB | 24/644 kBProgress (3): 98/351 kB | 48/286 kB | 26/644 kBProgress (3): 98/351 kB | 48/286 kB | 27/644 kBProgress (3): 98/351 kB | 48/286 kB | 28/644 kBProgress (3): 98/351 kB | 49/286 kB | 28/644 kBProgress (3): 98/351 kB | 51/286 kB | 28/644 kBProgress (3): 98/351 kB | 52/286 kB | 28/644 kBProgress (3): 98/351 kB | 52/286 kB | 30/644 kBProgress (3): 98/351 kB | 53/286 kB | 30/644 kBProgress (3): 98/351 kB | 53/286 kB | 31/644 kBProgress (3): 98/351 kB | 53/286 kB | 32/644 kBProgress (3): 98/351 kB | 53/286 kB | 34/644 kBProgress (3): 98/351 kB | 53/286 kB | 35/644 kBProgress (3): 98/351 kB | 55/286 kB | 35/644 kBProgress (3): 98/351 kB | 55/286 kB | 36/644 kBProgress (3): 98/351 kB | 55/286 kB | 38/644 kBProgress (3): 98/351 kB | 55/286 kB | 39/644 kBProgress (3): 98/351 kB | 55/286 kB | 41/644 kBProgress (3): 98/351 kB | 55/286 kB | 42/644 kBProgress (3): 98/351 kB | 55/286 kB | 43/644 kBProgress (3): 98/351 kB | 55/286 kB | 45/644 kBProgress (3): 98/351 kB | 55/286 kB | 46/644 kBProgress (3): 98/351 kB | 55/286 kB | 47/644 kBProgress (3): 98/351 kB | 55/286 kB | 49/644 kBProgress (3): 114/351 kB | 55/286 kB | 49/644 kBProgress (3): 131/351 kB | 55/286 kB | 49/644 kBProgress (3): 131/351 kB | 59/286 kB | 49/644 kBProgress (3): 131/351 kB | 63/286 kB | 49/644 kBProgress (3): 147/351 kB | 63/286 kB | 49/644 kBProgress (3): 147/351 kB | 67/286 kB | 49/644 kBProgress (3): 163/351 kB | 67/286 kB | 49/644 kBProgress (3): 163/351 kB | 72/286 kB | 49/644 kBProgress (3): 163/351 kB | 76/286 kB | 49/644 kBProgress (3): 180/351 kB | 76/286 kB | 49/644 kBProgress (3): 196/351 kB | 76/286 kB | 49/644 kBProgress (4): 196/351 kB | 76/286 kB | 49/644 kB | 0.9/24 kBProgress (4): 196/351 kB | 76/286 kB | 49/644 kB | 2.3/24 kBProgress (4): 196/351 kB | 76/286 kB | 49/644 kB | 3.6/24 kBProgress (4): 196/351 kB | 76/286 kB | 49/644 kB | 5.0/24 kBProgress (4): 196/351 kB | 76/286 kB | 49/644 kB | 6.4/24 kBProgress (4): 196/351 kB | 76/286 kB | 49/644 kB | 7.7/24 kBProgress (4): 196/351 kB | 76/286 kB | 49/644 kB | 8.2/24 kBProgress (4): 196/351 kB | 76/286 kB | 49/644 kB | 9.6/24 kBProgress (4): 196/351 kB | 76/286 kB | 49/644 kB | 11/24 kB Progress (4): 196/351 kB | 76/286 kB | 49/644 kB | 12/24 kBProgress (4): 196/351 kB | 76/286 kB | 49/644 kB | 14/24 kBProgress (4): 196/351 kB | 76/286 kB | 49/644 kB | 15/24 kBProgress (5): 196/351 kB | 76/286 kB | 49/644 kB | 15/24 kB | 0.9/4.7 kBProgress (5): 196/351 kB | 76/286 kB | 49/644 kB | 15/24 kB | 2.3/4.7 kBProgress (5): 196/351 kB | 76/286 kB | 49/644 kB | 15/24 kB | 3.6/4.7 kBProgress (5): 196/351 kB | 76/286 kB | 49/644 kB | 15/24 kB | 4.7 kB                                                                        Downloaded from central: https://repo.maven.apache.org/maven2/org/springframework/boot/spring-boot-starter-logging/4.0.6/spring-boot-starter-logging-4.0.6.jar (4.7 kB at 12 kB/s)
#16 36.59 Downloading from central: https://repo.maven.apache.org/maven2/org/slf4j/jul-to-slf4j/2.0.17/jul-to-slf4j-2.0.17.jar
#16 36.60 Progress (4): 196/351 kB | 76/286 kB | 49/644 kB | 16/24 kBProgress (4): 196/351 kB | 76/286 kB | 49/644 kB | 18/24 kBProgress (4): 196/351 kB | 76/286 kB | 49/644 kB | 19/24 kBProgress (4): 196/351 kB | 80/286 kB | 49/644 kB | 19/24 kBProgress (4): 196/351 kB | 80/286 kB | 49/644 kB | 21/24 kBProgress (4): 196/351 kB | 80/286 kB | 50/644 kB | 21/24 kBProgress (4): 196/351 kB | 80/286 kB | 52/644 kB | 21/24 kBProgress (4): 196/351 kB | 80/286 kB | 53/644 kB | 21/24 kBProgress (4): 212/351 kB | 80/286 kB | 53/644 kB | 21/24 kBProgress (4): 212/351 kB | 80/286 kB | 54/644 kB | 21/24 kBProgress (4): 212/351 kB | 80/286 kB | 56/644 kB | 21/24 kBProgress (4): 212/351 kB | 80/286 kB | 60/644 kB | 21/24 kBProgress (4): 212/351 kB | 80/286 kB | 64/644 kB | 21/24 kBProgress (4): 212/351 kB | 80/286 kB | 68/644 kB | 21/24 kBProgress (4): 212/351 kB | 80/286 kB | 73/644 kB | 21/24 kBProgress (4): 212/351 kB | 80/286 kB | 77/644 kB | 21/24 kBProgress (4): 212/351 kB | 80/286 kB | 81/644 kB | 21/24 kBProgress (4): 212/351 kB | 80/286 kB | 85/644 kB | 21/24 kBProgress (4): 229/351 kB | 80/286 kB | 85/644 kB | 21/24 kBProgress (4): 229/351 kB | 80/286 kB | 89/644 kB | 21/24 kBProgress (4): 229/351 kB | 80/286 kB | 94/644 kB | 21/24 kBProgress (4): 229/351 kB | 80/286 kB | 98/644 kB | 21/24 kBProgress (4): 229/351 kB | 80/286 kB | 102/644 kB | 21/24 kBProgress (4): 229/351 kB | 80/286 kB | 106/644 kB | 21/24 kBProgress (4): 245/351 kB | 80/286 kB | 106/644 kB | 21/24 kBProgress (4): 245/351 kB | 80/286 kB | 111/644 kB | 21/24 kBProgress (4): 262/351 kB | 80/286 kB | 111/644 kB | 21/24 kBProgress (4): 278/351 kB | 80/286 kB | 111/644 kB | 21/24 kBProgress (4): 294/351 kB | 80/286 kB | 111/644 kB | 21/24 kBProgress (4): 311/351 kB | 80/286 kB | 111/644 kB | 21/24 kBProgress (4): 311/351 kB | 80/286 kB | 115/644 kB | 21/24 kBProgress (5): 311/351 kB | 80/286 kB | 115/644 kB | 21/24 kB | 0.9/6.3 kBProgress (5): 311/351 kB | 80/286 kB | 115/644 kB | 21/24 kB | 2.3/6.3 kBProgress (5): 311/351 kB | 80/286 kB | 115/644 kB | 21/24 kB | 3.2/6.3 kBProgress (5): 311/351 kB | 80/286 kB | 115/644 kB | 21/24 kB | 4.6/6.3 kBProgress (5): 311/351 kB | 80/286 kB | 115/644 kB | 21/24 kB | 5.9/6.3 kBProgress (5): 311/351 kB | 80/286 kB | 115/644 kB | 21/24 kB | 6.3 kB                                                                         Downloaded from central: https://repo.maven.apache.org/maven2/org/slf4j/jul-to-slf4j/2.0.17/jul-to-slf4j-2.0.17.jar (6.3 kB at 11 kB/s)
#16 36.79 Downloading from central: https://repo.maven.apache.org/maven2/org/springframework/boot/spring-boot-autoconfigure/4.0.6/spring-boot-autoconfigure-4.0.6.jar
#16 36.80 Progress (4): 311/351 kB | 80/286 kB | 115/644 kB | 22/24 kBProgress (4): 311/351 kB | 80/286 kB | 115/644 kB | 23/24 kBProgress (4): 311/351 kB | 80/286 kB | 115/644 kB | 24 kB   Progress (4): 327/351 kB | 80/286 kB | 115/644 kB | 24 kBProgress (4): 327/351 kB | 84/286 kB | 115/644 kB | 24 kBProgress (4): 327/351 kB | 84/286 kB | 119/644 kB | 24 kBProgress (4): 327/351 kB | 89/286 kB | 119/644 kB | 24 kBProgress (4): 327/351 kB | 93/286 kB | 119/644 kB | 24 kB                                                         Downloaded from central: https://repo.maven.apache.org/maven2/org/apache/logging/log4j/log4j-to-slf4j/2.25.4/log4j-to-slf4j-2.25.4.jar (24 kB at 40 kB/s)
#16 36.80 Progress (3): 327/351 kB | 97/286 kB | 119/644 kB                                                 Downloading from central: https://repo.maven.apache.org/maven2/jakarta/annotation/jakarta.annotation-api/3.0.0/jakarta.annotation-api-3.0.0.jar
#16 36.80 Progress (3): 327/351 kB | 101/286 kB | 119/644 kBProgress (3): 327/351 kB | 105/286 kB | 119/644 kBProgress (3): 327/351 kB | 110/286 kB | 119/644 kBProgress (3): 327/351 kB | 114/286 kB | 119/644 kBProgress (3): 327/351 kB | 118/286 kB | 119/644 kBProgress (3): 327/351 kB | 122/286 kB | 119/644 kBProgress (3): 327/351 kB | 127/286 kB | 119/644 kBProgress (3): 327/351 kB | 131/286 kB | 119/644 kBProgress (3): 327/351 kB | 135/286 kB | 119/644 kBProgress (3): 327/351 kB | 139/286 kB | 119/644 kBProgress (3): 327/351 kB | 143/286 kB | 119/644 kBProgress (3): 327/351 kB | 148/286 kB | 119/644 kBProgress (3): 327/351 kB | 152/286 kB | 119/644 kBProgress (3): 327/351 kB | 156/286 kB | 119/644 kBProgress (3): 327/351 kB | 160/286 kB | 119/644 kBProgress (3): 327/351 kB | 165/286 kB | 119/644 kBProgress (3): 327/351 kB | 169/286 kB | 119/644 kBProgress (3): 327/351 kB | 173/286 kB | 119/644 kBProgress (3): 327/351 kB | 177/286 kB | 119/644 kBProgress (3): 327/351 kB | 181/286 kB | 119/644 kBProgress (3): 327/351 kB | 186/286 kB | 119/644 kBProgress (3): 327/351 kB | 186/286 kB | 123/644 kBProgress (3): 327/351 kB | 190/286 kB | 123/644 kBProgress (3): 327/351 kB | 190/286 kB | 128/644 kBProgress (3): 327/351 kB | 190/286 kB | 130/644 kBProgress (3): 327/351 kB | 194/286 kB | 130/644 kBProgress (3): 327/351 kB | 198/286 kB | 130/644 kBProgress (3): 327/351 kB | 198/286 kB | 134/644 kBProgress (3): 327/351 kB | 198/286 kB | 139/644 kBProgress (3): 344/351 kB | 198/286 kB | 139/644 kBProgress (3): 344/351 kB | 198/286 kB | 143/644 kBProgress (3): 344/351 kB | 203/286 kB | 143/644 kBProgress (3): 344/351 kB | 203/286 kB | 147/644 kBProgress (3): 344/351 kB | 203/286 kB | 151/644 kBProgress (3): 351 kB | 203/286 kB | 151/644 kB    Progress (3): 351 kB | 203/286 kB | 156/644 kBProgress (3): 351 kB | 203/286 kB | 160/644 kBProgress (3): 351 kB | 207/286 kB | 160/644 kBProgress (3): 351 kB | 207/286 kB | 164/644 kBProgress (3): 351 kB | 207/286 kB | 168/644 kBProgress (3): 351 kB | 211/286 kB | 168/644 kBProgress (3): 351 kB | 211/286 kB | 172/644 kBProgress (3): 351 kB | 211/286 kB | 177/644 kBProgress (3): 351 kB | 211/286 kB | 181/644 kB                                              Downloaded from central: https://repo.maven.apache.org/maven2/org/apache/logging/log4j/log4j-api/2.25.4/log4j-api-2.25.4.jar (351 kB at 515 kB/s)
#16 36.87 Downloading from central: https://repo.maven.apache.org/maven2/org/yaml/snakeyaml/2.5/snakeyaml-2.5.jar
#16 36.88 Progress (2): 211/286 kB | 185/644 kBProgress (2): 211/286 kB | 189/644 kBProgress (3): 211/286 kB | 189/644 kB | 0.9/371 kBProgress (3): 211/286 kB | 189/644 kB | 2.3/371 kBProgress (3): 211/286 kB | 189/644 kB | 3.6/371 kBProgress (3): 211/286 kB | 189/644 kB | 5.0/371 kBProgress (3): 211/286 kB | 189/644 kB | 6.4/371 kBProgress (3): 211/286 kB | 189/644 kB | 7.7/371 kBProgress (3): 211/286 kB | 189/644 kB | 9.1/371 kBProgress (3): 211/286 kB | 189/644 kB | 10/371 kB Progress (3): 211/286 kB | 189/644 kB | 12/371 kBProgress (3): 211/286 kB | 189/644 kB | 13/371 kBProgress (3): 211/286 kB | 194/644 kB | 13/371 kBProgress (3): 215/286 kB | 194/644 kB | 13/371 kBProgress (3): 215/286 kB | 194/644 kB | 15/371 kBProgress (3): 215/286 kB | 194/644 kB | 16/371 kBProgress (3): 219/286 kB | 194/644 kB | 16/371 kBProgress (3): 219/286 kB | 194/644 kB | 17/371 kBProgress (3): 219/286 kB | 198/644 kB | 17/371 kBProgress (3): 219/286 kB | 198/644 kB | 19/371 kBProgress (3): 224/286 kB | 198/644 kB | 19/371 kBProgress (3): 224/286 kB | 198/644 kB | 20/371 kBProgress (3): 224/286 kB | 198/644 kB | 21/371 kBProgress (3): 224/286 kB | 198/644 kB | 23/371 kBProgress (3): 224/286 kB | 198/644 kB | 24/371 kBProgress (3): 224/286 kB | 202/644 kB | 24/371 kBProgress (3): 224/286 kB | 202/644 kB | 26/371 kBProgress (3): 224/286 kB | 202/644 kB | 27/371 kBProgress (3): 224/286 kB | 206/644 kB | 27/371 kBProgress (3): 224/286 kB | 206/644 kB | 28/371 kBProgress (3): 224/286 kB | 210/644 kB | 28/371 kBProgress (3): 224/286 kB | 210/644 kB | 30/371 kBProgress (3): 224/286 kB | 210/644 kB | 31/371 kBProgress (3): 224/286 kB | 210/644 kB | 32/371 kBProgress (3): 224/286 kB | 210/644 kB | 34/371 kBProgress (3): 240/286 kB | 210/644 kB | 34/371 kBProgress (3): 240/286 kB | 210/644 kB | 35/371 kBProgress (3): 240/286 kB | 210/644 kB | 36/371 kBProgress (3): 240/286 kB | 210/644 kB | 38/371 kBProgress (3): 240/286 kB | 210/644 kB | 39/371 kBProgress (3): 240/286 kB | 210/644 kB | 41/371 kBProgress (3): 240/286 kB | 210/644 kB | 42/371 kBProgress (3): 240/286 kB | 210/644 kB | 46/371 kBProgress (3): 256/286 kB | 210/644 kB | 46/371 kBProgress (3): 256/286 kB | 210/644 kB | 50/371 kBProgress (3): 256/286 kB | 215/644 kB | 50/371 kBProgress (3): 256/286 kB | 215/644 kB | 55/371 kBProgress (3): 256/286 kB | 219/644 kB | 55/371 kBProgress (3): 273/286 kB | 219/644 kB | 55/371 kBProgress (3): 274/286 kB | 219/644 kB | 55/371 kBProgress (3): 274/286 kB | 223/644 kB | 55/371 kBProgress (4): 274/286 kB | 223/644 kB | 55/371 kB | 0.9/26 kBProgress (4): 274/286 kB | 223/644 kB | 55/371 kB | 2.3/26 kBProgress (4): 274/286 kB | 223/644 kB | 55/371 kB | 3.6/26 kBProgress (4): 274/286 kB | 240/644 kB | 55/371 kB | 3.6/26 kBProgress (4): 274/286 kB | 240/644 kB | 55/371 kB | 5.0/26 kBProgress (4): 286 kB | 240/644 kB | 55/371 kB | 5.0/26 kB    Progress (4): 286 kB | 240/644 kB | 55/371 kB | 6.4/26 kBProgress (4): 286 kB | 240/644 kB | 55/371 kB | 7.7/26 kBProgress (4): 286 kB | 240/644 kB | 55/371 kB | 9.1/26 kBProgress (4): 286 kB | 240/644 kB | 55/371 kB | 10/26 kB Progress (4): 286 kB | 240/644 kB | 55/371 kB | 12/26 kBProgress (4): 286 kB | 240/644 kB | 55/371 kB | 13/26 kBProgress (4): 286 kB | 240/644 kB | 55/371 kB | 15/26 kBProgress (4): 286 kB | 240/644 kB | 55/371 kB | 16/26 kB                                                        Downloaded from central: https://repo.maven.apache.org/maven2/ch/qos/logback/logback-classic/1.5.32/logback-classic-1.5.32.jar (286 kB at 250 kB/s)
#16 37.33 Downloading from central: https://repo.maven.apache.org/maven2/org/springframework/boot/spring-boot-amqp/4.0.6/spring-boot-amqp-4.0.6.jar
#16 37.33 Progress (3): 240/644 kB | 59/371 kB | 16/26 kBProgress (3): 240/644 kB | 59/371 kB | 17/26 kBProgress (3): 240/644 kB | 59/371 kB | 19/26 kBProgress (3): 240/644 kB | 59/371 kB | 20/26 kBProgress (3): 256/644 kB | 59/371 kB | 20/26 kBProgress (3): 256/644 kB | 59/371 kB | 21/26 kBProgress (3): 256/644 kB | 59/371 kB | 23/26 kBProgress (3): 256/644 kB | 59/371 kB | 24/26 kBProgress (3): 256/644 kB | 59/371 kB | 26/26 kBProgress (3): 256/644 kB | 59/371 kB | 26 kB   Progress (3): 256/644 kB | 63/371 kB | 26 kB                                            Downloaded from central: https://repo.maven.apache.org/maven2/jakarta/annotation/jakarta.annotation-api/3.0.0/jakarta.annotation-api-3.0.0.jar (26 kB at 23 kB/s)
#16 37.34 Downloading from central: https://repo.maven.apache.org/maven2/org/springframework/boot/spring-boot/4.0.6/spring-boot-4.0.6.jar
#16 37.35 Progress (2): 256/644 kB | 67/371 kBProgress (2): 256/644 kB | 72/371 kBProgress (2): 256/644 kB | 76/371 kBProgress (2): 261/644 kB | 76/371 kBProgress (2): 261/644 kB | 80/371 kBProgress (2): 278/644 kB | 80/371 kBProgress (2): 278/644 kB | 84/371 kBProgress (2): 294/644 kB | 84/371 kBProgress (2): 310/644 kB | 84/371 kBProgress (3): 310/644 kB | 84/371 kB | 7.7/340 kBProgress (3): 310/644 kB | 84/371 kB | 8.2/340 kBProgress (3): 310/644 kB | 84/371 kB | 25/340 kB Progress (3): 310/644 kB | 88/371 kB | 25/340 kBProgress (3): 310/644 kB | 88/371 kB | 41/340 kBProgress (3): 310/644 kB | 88/371 kB | 57/340 kBProgress (3): 310/644 kB | 88/371 kB | 74/340 kBProgress (3): 310/644 kB | 88/371 kB | 90/340 kBProgress (3): 310/644 kB | 88/371 kB | 106/340 kBProgress (3): 327/644 kB | 88/371 kB | 106/340 kBProgress (3): 327/644 kB | 93/371 kB | 106/340 kBProgress (3): 327/644 kB | 93/371 kB | 106/340 kBProgress (3): 327/644 kB | 98/371 kB | 106/340 kBProgress (3): 327/644 kB | 102/371 kB | 106/340 kBProgress (3): 327/644 kB | 106/371 kB | 106/340 kBProgress (3): 327/644 kB | 110/371 kB | 106/340 kBProgress (3): 343/644 kB | 110/371 kB | 106/340 kBProgress (3): 343/644 kB | 114/371 kB | 106/340 kBProgress (3): 360/644 kB | 114/371 kB | 106/340 kBProgress (3): 360/644 kB | 119/371 kB | 106/340 kBProgress (3): 360/644 kB | 123/371 kB | 106/340 kBProgress (3): 360/644 kB | 127/371 kB | 106/340 kBProgress (3): 360/644 kB | 131/371 kB | 106/340 kBProgress (4): 360/644 kB | 131/371 kB | 106/340 kB | 0/1.4 MBProgress (4): 360/644 kB | 131/371 kB | 106/340 kB | 0/1.4 MBProgress (4): 360/644 kB | 131/371 kB | 106/340 kB | 0/1.4 MBProgress (4): 360/644 kB | 131/371 kB | 106/340 kB | 0/1.4 MBProgress (4): 360/644 kB | 131/371 kB | 106/340 kB | 0/1.4 MBProgress (4): 360/644 kB | 131/371 kB | 106/340 kB | 0/1.4 MBProgress (4): 360/644 kB | 131/371 kB | 106/340 kB | 0/1.4 MBProgress (4): 360/644 kB | 136/371 kB | 106/340 kB | 0/1.4 MBProgress (4): 360/644 kB | 140/371 kB | 106/340 kB | 0/1.4 MBProgress (4): 360/644 kB | 140/371 kB | 106/340 kB | 0/1.4 MBProgress (4): 360/644 kB | 140/371 kB | 106/340 kB | 0/1.4 MBProgress (4): 360/644 kB | 140/371 kB | 106/340 kB | 0/1.4 MBProgress (4): 360/644 kB | 140/371 kB | 106/340 kB | 0/1.4 MBProgress (5): 360/644 kB | 140/371 kB | 106/340 kB | 0/1.4 MB | 7.7/91 kBProgress (5): 360/644 kB | 140/371 kB | 106/340 kB | 0/1.4 MB | 16/91 kB Progress (5): 360/644 kB | 140/371 kB | 106/340 kB | 0/1.4 MB | 16/91 kBProgress (5): 360/644 kB | 140/371 kB | 106/340 kB | 0/1.4 MB | 16/91 kBProgress (5): 360/644 kB | 140/371 kB | 106/340 kB | 0/1.4 MB | 16/91 kBProgress (5): 360/644 kB | 140/371 kB | 106/340 kB | 0/1.4 MB | 16/91 kBProgress (5): 360/644 kB | 140/371 kB | 106/340 kB | 0.1/1.4 MB | 16/91 kBProgress (5): 360/644 kB | 140/371 kB | 106/340 kB | 0.1/1.4 MB | 33/91 kBProgress (5): 360/644 kB | 140/371 kB | 106/340 kB | 0.1/1.4 MB | 49/91 kBProgress (5): 360/644 kB | 140/371 kB | 106/340 kB | 0.1/1.4 MB | 66/91 kBProgress (5): 360/644 kB | 144/371 kB | 106/340 kB | 0.1/1.4 MB | 66/91 kBProgress (5): 360/644 kB | 144/371 kB | 123/340 kB | 0.1/1.4 MB | 66/91 kBProgress (5): 360/644 kB | 144/371 kB | 139/340 kB | 0.1/1.4 MB | 66/91 kBProgress (5): 360/644 kB | 144/371 kB | 156/340 kB | 0.1/1.4 MB | 66/91 kBProgress (5): 360/644 kB | 144/371 kB | 172/340 kB | 0.1/1.4 MB | 66/91 kBProgress (5): 360/644 kB | 144/371 kB | 172/340 kB | 0.1/1.4 MB | 82/91 kBProgress (5): 360/644 kB | 144/371 kB | 188/340 kB | 0.1/1.4 MB | 82/91 kBProgress (5): 360/644 kB | 144/371 kB | 205/340 kB | 0.1/1.4 MB | 82/91 kBProgress (5): 360/644 kB | 144/371 kB | 221/340 kB | 0.1/1.4 MB | 82/91 kBProgress (5): 360/644 kB | 144/371 kB | 221/340 kB | 0.1/1.4 MB | 91 kB                                                                          Downloaded from central: https://repo.maven.apache.org/maven2/org/springframework/boot/spring-boot-amqp/4.0.6/spring-boot-amqp-4.0.6.jar (91 kB at 52 kB/s)
#16 37.95 Downloading from central: https://repo.maven.apache.org/maven2/org/springframework/spring-context/7.0.7/spring-context-7.0.7.jar
#16 37.96 Progress (4): 360/644 kB | 144/371 kB | 238/340 kB | 0.1/1.4 MBProgress (4): 360/644 kB | 144/371 kB | 254/340 kB | 0.1/1.4 MBProgress (4): 360/644 kB | 144/371 kB | 270/340 kB | 0.1/1.4 MBProgress (4): 360/644 kB | 144/371 kB | 287/340 kB | 0.1/1.4 MBProgress (4): 360/644 kB | 148/371 kB | 287/340 kB | 0.1/1.4 MBProgress (4): 360/644 kB | 148/371 kB | 303/340 kB | 0.1/1.4 MBProgress (4): 360/644 kB | 148/371 kB | 319/340 kB | 0.1/1.4 MBProgress (4): 360/644 kB | 148/371 kB | 336/340 kB | 0.1/1.4 MBProgress (4): 360/644 kB | 148/371 kB | 340 kB | 0.1/1.4 MB                                                               Downloaded from central: https://repo.maven.apache.org/maven2/org/yaml/snakeyaml/2.5/snakeyaml-2.5.jar (340 kB at 184 kB/s)
#16 38.04 Downloading from central: https://repo.maven.apache.org/maven2/org/springframework/spring-messaging/7.0.7/spring-messaging-7.0.7.jar
#16 38.04 Progress (3): 360/644 kB | 153/371 kB | 0.1/1.4 MBProgress (3): 360/644 kB | 157/371 kB | 0.1/1.4 MBProgress (3): 360/644 kB | 161/371 kB | 0.1/1.4 MBProgress (3): 360/644 kB | 165/371 kB | 0.1/1.4 MBProgress (3): 376/644 kB | 165/371 kB | 0.1/1.4 MBProgress (3): 376/644 kB | 169/371 kB | 0.1/1.4 MBProgress (3): 376/644 kB | 174/371 kB | 0.1/1.4 MBProgress (3): 376/644 kB | 178/371 kB | 0.1/1.4 MBProgress (3): 392/644 kB | 178/371 kB | 0.1/1.4 MBProgress (3): 409/644 kB | 178/371 kB | 0.1/1.4 MBProgress (3): 425/644 kB | 178/371 kB | 0.1/1.4 MBProgress (3): 425/644 kB | 182/371 kB | 0.1/1.4 MBProgress (3): 441/644 kB | 182/371 kB | 0.1/1.4 MBProgress (3): 441/644 kB | 182/371 kB | 0.1/1.4 MBProgress (3): 458/644 kB | 182/371 kB | 0.1/1.4 MBProgress (3): 474/644 kB | 182/371 kB | 0.1/1.4 MBProgress (3): 474/644 kB | 186/371 kB | 0.1/1.4 MBProgress (3): 474/644 kB | 186/371 kB | 0.1/1.4 MBProgress (3): 474/644 kB | 186/371 kB | 0.1/1.4 MBProgress (3): 474/644 kB | 186/371 kB | 0.1/1.4 MBProgress (3): 474/644 kB | 191/371 kB | 0.1/1.4 MBProgress (3): 474/644 kB | 195/371 kB | 0.1/1.4 MBProgress (3): 491/644 kB | 195/371 kB | 0.1/1.4 MBProgress (3): 491/644 kB | 195/371 kB | 0.1/1.4 MBProgress (3): 491/644 kB | 195/371 kB | 0.1/1.4 MBProgress (3): 491/644 kB | 195/371 kB | 0.1/1.4 MBProgress (3): 507/644 kB | 195/371 kB | 0.1/1.4 MBProgress (3): 507/644 kB | 195/371 kB | 0.1/1.4 MBProgress (3): 507/644 kB | 195/371 kB | 0.1/1.4 MBProgress (3): 507/644 kB | 195/371 kB | 0.1/1.4 MBProgress (3): 507/644 kB | 195/371 kB | 0.1/1.4 MBProgress (3): 523/644 kB | 195/371 kB | 0.1/1.4 MBProgress (3): 523/644 kB | 199/371 kB | 0.1/1.4 MBProgress (3): 523/644 kB | 199/371 kB | 0.1/1.4 MBProgress (3): 523/644 kB | 199/371 kB | 0.1/1.4 MBProgress (3): 523/644 kB | 199/371 kB | 0.1/1.4 MBProgress (3): 523/644 kB | 203/371 kB | 0.1/1.4 MBProgress (3): 540/644 kB | 203/371 kB | 0.1/1.4 MBProgress (3): 540/644 kB | 207/371 kB | 0.1/1.4 MBProgress (4): 540/644 kB | 207/371 kB | 0.1/1.4 MB | 0/1.4 MBProgress (4): 540/644 kB | 207/371 kB | 0.1/1.4 MB | 0/1.4 MBProgress (4): 540/644 kB | 207/371 kB | 0.1/1.4 MB | 0/1.4 MBProgress (4): 540/644 kB | 207/371 kB | 0.1/1.4 MB | 0/1.4 MBProgress (4): 540/644 kB | 207/371 kB | 0.1/1.4 MB | 0.1/1.4 MBProgress (4): 556/644 kB | 207/371 kB | 0.1/1.4 MB | 0.1/1.4 MBProgress (4): 556/644 kB | 207/371 kB | 0.1/1.4 MB | 0.1/1.4 MBProgress (4): 556/644 kB | 224/371 kB | 0.1/1.4 MB | 0.1/1.4 MBProgress (4): 556/644 kB | 224/371 kB | 0.1/1.4 MB | 0.1/1.4 MBProgress (4): 556/644 kB | 224/371 kB | 0.1/1.4 MB | 0.1/1.4 MBProgress (4): 573/644 kB | 224/371 kB | 0.1/1.4 MB | 0.1/1.4 MBProgress (4): 573/644 kB | 224/371 kB | 0.1/1.4 MB | 0.1/1.4 MBProgress (4): 582/644 kB | 224/371 kB | 0.1/1.4 MB | 0.1/1.4 MBProgress (4): 582/644 kB | 224/371 kB | 0.1/1.4 MB | 0.1/1.4 MBProgress (4): 582/644 kB | 241/371 kB | 0.1/1.4 MB | 0.1/1.4 MBProgress (4): 582/644 kB | 241/371 kB | 0.1/1.4 MB | 0.1/1.4 MBProgress (4): 582/644 kB | 241/371 kB | 0.1/1.4 MB | 0.1/1.4 MBProgress (4): 582/644 kB | 241/371 kB | 0.1/1.4 MB | 0.1/1.4 MBProgress (4): 582/644 kB | 241/371 kB | 0.1/1.4 MB | 0.1/1.4 MBProgress (4): 599/644 kB | 241/371 kB | 0.1/1.4 MB | 0.1/1.4 MBProgress (4): 599/644 kB | 241/371 kB | 0.1/1.4 MB | 0.1/1.4 MBProgress (4): 599/644 kB | 257/371 kB | 0.1/1.4 MB | 0.1/1.4 MBProgress (4): 599/644 kB | 257/371 kB | 0.1/1.4 MB | 0.1/1.4 MBProgress (4): 615/644 kB | 257/371 kB | 0.1/1.4 MB | 0.1/1.4 MBProgress (4): 615/644 kB | 257/371 kB | 0.2/1.4 MB | 0.1/1.4 MBProgress (4): 615/644 kB | 257/371 kB | 0.2/1.4 MB | 0.1/1.4 MBProgress (4): 615/644 kB | 257/371 kB | 0.2/1.4 MB | 0.1/1.4 MBProgress (4): 615/644 kB | 257/371 kB | 0.2/1.4 MB | 0.1/1.4 MBProgress (4): 631/644 kB | 257/371 kB | 0.2/1.4 MB | 0.1/1.4 MBProgress (5): 631/644 kB | 257/371 kB | 0.2/1.4 MB | 0.1/1.4 MB | 7.7/614 kBProgress (5): 644 kB | 257/371 kB | 0.2/1.4 MB | 0.1/1.4 MB | 7.7/614 kB    Progress (5): 644 kB | 257/371 kB | 0.2/1.4 MB | 0.1/1.4 MB | 7.7/614 kB                                                                        Downloaded from central: https://repo.maven.apache.org/maven2/ch/qos/logback/logback-core/1.5.32/logback-core-1.5.32.jar (644 kB at 315 kB/s)
#16 38.24 Downloading from central: https://repo.maven.apache.org/maven2/org/springframework/amqp/spring-rabbit/4.0.3/spring-rabbit-4.0.3.jar
#16 38.24 Progress (4): 257/371 kB | 0.2/1.4 MB | 0.1/1.4 MB | 16/614 kBProgress (4): 257/371 kB | 0.2/1.4 MB | 0.1/1.4 MB | 24/614 kBProgress (4): 274/371 kB | 0.2/1.4 MB | 0.1/1.4 MB | 24/614 kBProgress (4): 274/371 kB | 0.2/1.4 MB | 0.1/1.4 MB | 24/614 kBProgress (4): 274/371 kB | 0.2/1.4 MB | 0.1/1.4 MB | 40/614 kBProgress (4): 274/371 kB | 0.2/1.4 MB | 0.1/1.4 MB | 40/614 kBProgress (4): 274/371 kB | 0.2/1.4 MB | 0.1/1.4 MB | 57/614 kBProgress (4): 274/371 kB | 0.2/1.4 MB | 0.1/1.4 MB | 73/614 kBProgress (4): 274/371 kB | 0.2/1.4 MB | 0.1/1.4 MB | 90/614 kBProgress (4): 274/371 kB | 0.2/1.4 MB | 0.1/1.4 MB | 106/614 kBProgress (4): 274/371 kB | 0.2/1.4 MB | 0.1/1.4 MB | 106/614 kBProgress (4): 274/371 kB | 0.2/1.4 MB | 0.1/1.4 MB | 122/614 kBProgress (4): 274/371 kB | 0.2/1.4 MB | 0.1/1.4 MB | 139/614 kBProgress (4): 274/371 kB | 0.2/1.4 MB | 0.1/1.4 MB | 139/614 kBProgress (4): 274/371 kB | 0.2/1.4 MB | 0.1/1.4 MB | 155/614 kBProgress (4): 274/371 kB | 0.2/1.4 MB | 0.1/1.4 MB | 155/614 kBProgress (4): 274/371 kB | 0.2/1.4 MB | 0.1/1.4 MB | 172/614 kBProgress (4): 274/371 kB | 0.2/1.4 MB | 0.2/1.4 MB | 172/614 kBProgress (4): 274/371 kB | 0.2/1.4 MB | 0.2/1.4 MB | 188/614 kBProgress (4): 274/371 kB | 0.2/1.4 MB | 0.2/1.4 MB | 188/614 kBProgress (4): 274/371 kB | 0.2/1.4 MB | 0.2/1.4 MB | 188/614 kBProgress (4): 274/371 kB | 0.2/1.4 MB | 0.2/1.4 MB | 204/614 kBProgress (4): 274/371 kB | 0.2/1.4 MB | 0.2/1.4 MB | 204/614 kBProgress (4): 274/371 kB | 0.2/1.4 MB | 0.2/1.4 MB | 204/614 kBProgress (4): 274/371 kB | 0.2/1.4 MB | 0.2/1.4 MB | 221/614 kBProgress (4): 290/371 kB | 0.2/1.4 MB | 0.2/1.4 MB | 221/614 kBProgress (4): 290/371 kB | 0.2/1.4 MB | 0.2/1.4 MB | 221/614 kBProgress (4): 290/371 kB | 0.2/1.4 MB | 0.2/1.4 MB | 221/614 kBProgress (4): 290/371 kB | 0.2/1.4 MB | 0.2/1.4 MB | 237/614 kBProgress (4): 290/371 kB | 0.2/1.4 MB | 0.2/1.4 MB | 253/614 kBProgress (4): 306/371 kB | 0.2/1.4 MB | 0.2/1.4 MB | 253/614 kBProgress (4): 306/371 kB | 0.2/1.4 MB | 0.2/1.4 MB | 270/614 kBProgress (5): 306/371 kB | 0.2/1.4 MB | 0.2/1.4 MB | 270/614 kB | 7.7/664 kBProgress (5): 306/371 kB | 0.2/1.4 MB | 0.2/1.4 MB | 270/614 kB | 16/664 kB Progress (5): 306/371 kB | 0.2/1.4 MB | 0.2/1.4 MB | 286/614 kB | 16/664 kBProgress (5): 306/371 kB | 0.2/1.4 MB | 0.2/1.4 MB | 286/614 kB | 24/664 kBProgress (5): 306/371 kB | 0.2/1.4 MB | 0.2/1.4 MB | 303/614 kB | 24/664 kBProgress (5): 306/371 kB | 0.2/1.4 MB | 0.2/1.4 MB | 303/614 kB | 40/664 kBProgress (5): 306/371 kB | 0.2/1.4 MB | 0.2/1.4 MB | 319/614 kB | 40/664 kBProgress (5): 323/371 kB | 0.2/1.4 MB | 0.2/1.4 MB | 319/614 kB | 40/664 kBProgress (5): 323/371 kB | 0.2/1.4 MB | 0.2/1.4 MB | 335/614 kB | 40/664 kBProgress (5): 323/371 kB | 0.2/1.4 MB | 0.2/1.4 MB | 335/614 kB | 57/664 kBProgress (5): 323/371 kB | 0.2/1.4 MB | 0.2/1.4 MB | 352/614 kB | 57/664 kBProgress (5): 323/371 kB | 0.2/1.4 MB | 0.2/1.4 MB | 352/614 kB | 57/664 kBProgress (5): 323/371 kB | 0.2/1.4 MB | 0.2/1.4 MB | 368/614 kB | 57/664 kBProgress (5): 339/371 kB | 0.2/1.4 MB | 0.2/1.4 MB | 368/614 kB | 57/664 kBProgress (5): 339/371 kB | 0.2/1.4 MB | 0.2/1.4 MB | 385/614 kB | 57/664 kBProgress (5): 339/371 kB | 0.2/1.4 MB | 0.2/1.4 MB | 385/614 kB | 73/664 kBProgress (5): 339/371 kB | 0.2/1.4 MB | 0.2/1.4 MB | 385/614 kB | 73/664 kBProgress (5): 339/371 kB | 0.2/1.4 MB | 0.2/1.4 MB | 401/614 kB | 73/664 kBProgress (5): 339/371 kB | 0.2/1.4 MB | 0.2/1.4 MB | 401/614 kB | 90/664 kBProgress (5): 339/371 kB | 0.2/1.4 MB | 0.2/1.4 MB | 417/614 kB | 90/664 kBProgress (5): 355/371 kB | 0.2/1.4 MB | 0.2/1.4 MB | 417/614 kB | 90/664 kBProgress (5): 355/371 kB | 0.2/1.4 MB | 0.2/1.4 MB | 434/614 kB | 90/664 kBProgress (5): 355/371 kB | 0.2/1.4 MB | 0.2/1.4 MB | 450/614 kB | 90/664 kBProgress (5): 355/371 kB | 0.2/1.4 MB | 0.2/1.4 MB | 450/614 kB | 106/664 kBProgress (5): 355/371 kB | 0.2/1.4 MB | 0.2/1.4 MB | 466/614 kB | 106/664 kBProgress (5): 355/371 kB | 0.2/1.4 MB | 0.2/1.4 MB | 466/614 kB | 106/664 kBProgress (5): 355/371 kB | 0.2/1.4 MB | 0.2/1.4 MB | 466/614 kB | 122/664 kBProgress (5): 355/371 kB | 0.2/1.4 MB | 0.2/1.4 MB | 483/614 kB | 122/664 kBProgress (5): 355/371 kB | 0.2/1.4 MB | 0.2/1.4 MB | 499/614 kB | 122/664 kBProgress (5): 355/371 kB | 0.2/1.4 MB | 0.2/1.4 MB | 516/614 kB | 122/664 kBProgress (5): 355/371 kB | 0.2/1.4 MB | 0.2/1.4 MB | 532/614 kB | 122/664 kBProgress (5): 355/371 kB | 0.2/1.4 MB | 0.2/1.4 MB | 548/614 kB | 122/664 kBProgress (5): 355/371 kB | 0.2/1.4 MB | 0.3/1.4 MB | 548/614 kB | 122/664 kBProgress (5): 355/371 kB | 0.2/1.4 MB | 0.3/1.4 MB | 565/614 kB | 122/664 kBProgress (5): 355/371 kB | 0.2/1.4 MB | 0.3/1.4 MB | 581/614 kB | 122/664 kBProgress (5): 355/371 kB | 0.2/1.4 MB | 0.3/1.4 MB | 598/614 kB | 122/664 kBProgress (5): 355/371 kB | 0.3/1.4 MB | 0.3/1.4 MB | 598/614 kB | 122/664 kBProgress (5): 355/371 kB | 0.3/1.4 MB | 0.3/1.4 MB | 614 kB | 122/664 kB    Progress (5): 355/371 kB | 0.3/1.4 MB | 0.3/1.4 MB | 614 kB | 122/664 kB                                                                        Downloaded from central: https://repo.maven.apache.org/maven2/org/springframework/spring-messaging/7.0.7/spring-messaging-7.0.7.jar (614 kB at 177 kB/s)
#16 39.65 Downloading from central: https://repo.maven.apache.org/maven2/org/springframework/amqp/spring-amqp/4.0.3/spring-amqp-4.0.3.jar
#16 39.66 Progress (4): 355/371 kB | 0.3/1.4 MB | 0.3/1.4 MB | 122/664 kBProgress (4): 355/371 kB | 0.3/1.4 MB | 0.3/1.4 MB | 122/664 kBProgress (4): 355/371 kB | 0.3/1.4 MB | 0.3/1.4 MB | 122/664 kBProgress (4): 371 kB | 0.3/1.4 MB | 0.3/1.4 MB | 122/664 kB                                                               Downloaded from central: https://repo.maven.apache.org/maven2/org/springframework/boot/spring-boot-autoconfigure/4.0.6/spring-boot-autoconfigure-4.0.6.jar (371 kB at 106 kB/s)
#16 39.68 Downloading from central: https://repo.maven.apache.org/maven2/com/rabbitmq/amqp-client/5.27.1/amqp-client-5.27.1.jar
#16 39.68 Progress (3): 0.3/1.4 MB | 0.3/1.4 MB | 122/664 kBProgress (3): 0.3/1.4 MB | 0.3/1.4 MB | 122/664 kBProgress (3): 0.3/1.4 MB | 0.3/1.4 MB | 139/664 kBProgress (3): 0.3/1.4 MB | 0.3/1.4 MB | 139/664 kBProgress (3): 0.3/1.4 MB | 0.3/1.4 MB | 155/664 kBProgress (3): 0.3/1.4 MB | 0.3/1.4 MB | 172/664 kBProgress (3): 0.3/1.4 MB | 0.3/1.4 MB | 188/664 kBProgress (3): 0.3/1.4 MB | 0.3/1.4 MB | 188/664 kBProgress (3): 0.3/1.4 MB | 0.3/1.4 MB | 204/664 kBProgress (3): 0.3/1.4 MB | 0.3/1.4 MB | 204/664 kBProgress (3): 0.3/1.4 MB | 0.3/1.4 MB | 221/664 kBProgress (3): 0.3/1.4 MB | 0.4/1.4 MB | 221/664 kBProgress (3): 0.3/1.4 MB | 0.4/1.4 MB | 237/664 kBProgress (3): 0.3/1.4 MB | 0.4/1.4 MB | 253/664 kBProgress (3): 0.3/1.4 MB | 0.4/1.4 MB | 253/664 kBProgress (3): 0.3/1.4 MB | 0.4/1.4 MB | 253/664 kBProgress (3): 0.3/1.4 MB | 0.4/1.4 MB | 253/664 kBProgress (3): 0.4/1.4 MB | 0.4/1.4 MB | 253/664 kBProgress (3): 0.4/1.4 MB | 0.4/1.4 MB | 253/664 kBProgress (3): 0.4/1.4 MB | 0.4/1.4 MB | 253/664 kBProgress (3): 0.4/1.4 MB | 0.4/1.4 MB | 270/664 kBProgress (4): 0.4/1.4 MB | 0.4/1.4 MB | 270/664 kB | 7.7/192 kBProgress (4): 0.4/1.4 MB | 0.4/1.4 MB | 270/664 kB | 12/192 kB Progress (4): 0.4/1.4 MB | 0.4/1.4 MB | 270/664 kB | 12/192 kBProgress (5): 0.4/1.4 MB | 0.4/1.4 MB | 270/664 kB | 12/192 kB | 3.2/722 kBProgress (5): 0.4/1.4 MB | 0.4/1.4 MB | 270/664 kB | 29/192 kB | 3.2/722 kBProgress (5): 0.4/1.4 MB | 0.4/1.4 MB | 270/664 kB | 29/192 kB | 3.2/722 kBProgress (5): 0.4/1.4 MB | 0.4/1.4 MB | 286/664 kB | 29/192 kB | 3.2/722 kBProgress (5): 0.4/1.4 MB | 0.4/1.4 MB | 286/664 kB | 29/192 kB | 3.2/722 kBProgress (5): 0.4/1.4 MB | 0.4/1.4 MB | 286/664 kB | 45/192 kB | 3.2/722 kBProgress (5): 0.4/1.4 MB | 0.4/1.4 MB | 286/664 kB | 45/192 kB | 11/722 kB Progress (5): 0.4/1.4 MB | 0.4/1.4 MB | 286/664 kB | 45/192 kB | 11/722 kBProgress (5): 0.4/1.4 MB | 0.4/1.4 MB | 286/664 kB | 61/192 kB | 11/722 kBProgress (5): 0.4/1.4 MB | 0.4/1.4 MB | 303/664 kB | 61/192 kB | 11/722 kBProgress (5): 0.4/1.4 MB | 0.4/1.4 MB | 303/664 kB | 66/192 kB | 11/722 kBProgress (5): 0.4/1.4 MB | 0.4/1.4 MB | 303/664 kB | 66/192 kB | 11/722 kBProgress (5): 0.4/1.4 MB | 0.4/1.4 MB | 303/664 kB | 82/192 kB | 11/722 kBProgress (5): 0.4/1.4 MB | 0.4/1.4 MB | 319/664 kB | 82/192 kB | 11/722 kBProgress (5): 0.4/1.4 MB | 0.5/1.4 MB | 319/664 kB | 82/192 kB | 11/722 kBProgress (5): 0.4/1.4 MB | 0.5/1.4 MB | 319/664 kB | 82/192 kB | 28/722 kBProgress (5): 0.4/1.4 MB | 0.5/1.4 MB | 319/664 kB | 98/192 kB | 28/722 kBProgress (5): 0.4/1.4 MB | 0.5/1.4 MB | 319/664 kB | 115/192 kB | 28/722 kBProgress (5): 0.4/1.4 MB | 0.5/1.4 MB | 335/664 kB | 115/192 kB | 28/722 kBProgress (5): 0.4/1.4 MB | 0.5/1.4 MB | 335/664 kB | 115/192 kB | 28/722 kBProgress (5): 0.4/1.4 MB | 0.5/1.4 MB | 335/664 kB | 131/192 kB | 28/722 kBProgress (5): 0.4/1.4 MB | 0.5/1.4 MB | 335/664 kB | 131/192 kB | 28/722 kBProgress (5): 0.4/1.4 MB | 0.5/1.4 MB | 335/664 kB | 147/192 kB | 28/722 kBProgress (5): 0.5/1.4 MB | 0.5/1.4 MB | 335/664 kB | 147/192 kB | 28/722 kBProgress (5): 0.5/1.4 MB | 0.5/1.4 MB | 335/664 kB | 147/192 kB | 44/722 kBProgress (5): 0.5/1.4 MB | 0.5/1.4 MB | 352/664 kB | 147/192 kB | 44/722 kBProgress (5): 0.5/1.4 MB | 0.5/1.4 MB | 352/664 kB | 164/192 kB | 44/722 kBProgress (5): 0.5/1.4 MB | 0.5/1.4 MB | 352/664 kB | 164/192 kB | 44/722 kBProgress (5): 0.5/1.4 MB | 0.5/1.4 MB | 352/664 kB | 180/192 kB | 44/722 kBProgress (5): 0.5/1.4 MB | 0.5/1.4 MB | 352/664 kB | 192 kB | 44/722 kB                                                                           Downloaded from central: https://repo.maven.apache.org/maven2/org/springframework/amqp/spring-amqp/4.0.3/spring-amqp-4.0.3.jar (192 kB at 48 kB/s)
#16 40.18 Downloading from central: https://repo.maven.apache.org/maven2/io/netty/netty-transport/4.2.12.Final/netty-transport-4.2.12.Final.jar
#16 40.35 Progress (4): 0.5/1.4 MB | 0.5/1.4 MB | 352/664 kB | 44/722 kBProgress (4): 0.5/1.4 MB | 0.5/1.4 MB | 368/664 kB | 44/722 kBProgress (4): 0.5/1.4 MB | 0.5/1.4 MB | 368/664 kB | 61/722 kBProgress (4): 0.5/1.4 MB | 0.5/1.4 MB | 368/664 kB | 61/722 kBProgress (4): 0.5/1.4 MB | 0.5/1.4 MB | 385/664 kB | 61/722 kBProgress (4): 0.5/1.4 MB | 0.5/1.4 MB | 385/664 kB | 61/722 kBProgress (4): 0.5/1.4 MB | 0.5/1.4 MB | 385/664 kB | 61/722 kBProgress (4): 0.5/1.4 MB | 0.5/1.4 MB | 385/664 kB | 61/722 kBProgress (4): 0.5/1.4 MB | 0.5/1.4 MB | 401/664 kB | 61/722 kBProgress (4): 0.5/1.4 MB | 0.6/1.4 MB | 401/664 kB | 61/722 kBProgress (4): 0.5/1.4 MB | 0.6/1.4 MB | 401/664 kB | 77/722 kBProgress (4): 0.5/1.4 MB | 0.6/1.4 MB | 417/664 kB | 77/722 kBProgress (4): 0.5/1.4 MB | 0.6/1.4 MB | 417/664 kB | 77/722 kBProgress (4): 0.5/1.4 MB | 0.6/1.4 MB | 417/664 kB | 77/722 kBProgress (4): 0.5/1.4 MB | 0.6/1.4 MB | 434/664 kB | 77/722 kBProgress (4): 0.5/1.4 MB | 0.6/1.4 MB | 434/664 kB | 77/722 kBProgress (4): 0.5/1.4 MB | 0.6/1.4 MB | 434/664 kB | 93/722 kBProgress (4): 0.5/1.4 MB | 0.6/1.4 MB | 434/664 kB | 93/722 kBProgress (4): 0.5/1.4 MB | 0.6/1.4 MB | 450/664 kB | 93/722 kBProgress (4): 0.5/1.4 MB | 0.6/1.4 MB | 450/664 kB | 93/722 kBProgress (4): 0.5/1.4 MB | 0.6/1.4 MB | 450/664 kB | 93/722 kBProgress (4): 0.5/1.4 MB | 0.6/1.4 MB | 466/664 kB | 93/722 kBProgress (4): 0.5/1.4 MB | 0.6/1.4 MB | 466/664 kB | 110/722 kBProgress (4): 0.6/1.4 MB | 0.6/1.4 MB | 466/664 kB | 110/722 kBProgress (4): 0.6/1.4 MB | 0.6/1.4 MB | 466/664 kB | 110/722 kBProgress (4): 0.6/1.4 MB | 0.6/1.4 MB | 466/664 kB | 110/722 kBProgress (4): 0.6/1.4 MB | 0.6/1.4 MB | 483/664 kB | 110/722 kBProgress (4): 0.6/1.4 MB | 0.6/1.4 MB | 483/664 kB | 110/722 kBProgress (4): 0.6/1.4 MB | 0.6/1.4 MB | 483/664 kB | 110/722 kBProgress (4): 0.6/1.4 MB | 0.6/1.4 MB | 483/664 kB | 126/722 kBProgress (5): 0.6/1.4 MB | 0.6/1.4 MB | 483/664 kB | 126/722 kB | 7.7/550 kBProgress (5): 0.6/1.4 MB | 0.6/1.4 MB | 483/664 kB | 126/722 kB | 15/550 kB Progress (5): 0.6/1.4 MB | 0.6/1.4 MB | 483/664 kB | 126/722 kB | 32/550 kBProgress (5): 0.6/1.4 MB | 0.6/1.4 MB | 483/664 kB | 126/722 kB | 48/550 kBProgress (5): 0.6/1.4 MB | 0.6/1.4 MB | 483/664 kB | 126/722 kB | 65/550 kBProgress (5): 0.6/1.4 MB | 0.6/1.4 MB | 483/664 kB | 126/722 kB | 81/550 kBProgress (5): 0.6/1.4 MB | 0.6/1.4 MB | 483/664 kB | 126/722 kB | 81/550 kBProgress (5): 0.6/1.4 MB | 0.6/1.4 MB | 483/664 kB | 126/722 kB | 97/550 kBProgress (5): 0.6/1.4 MB | 0.6/1.4 MB | 483/664 kB | 126/722 kB | 114/550 kBProgress (5): 0.6/1.4 MB | 0.6/1.4 MB | 483/664 kB | 126/722 kB | 130/550 kBProgress (5): 0.6/1.4 MB | 0.6/1.4 MB | 483/664 kB | 126/722 kB | 147/550 kBProgress (5): 0.6/1.4 MB | 0.6/1.4 MB | 483/664 kB | 126/722 kB | 163/550 kBProgress (5): 0.6/1.4 MB | 0.6/1.4 MB | 499/664 kB | 126/722 kB | 163/550 kBProgress (5): 0.6/1.4 MB | 0.6/1.4 MB | 499/664 kB | 126/722 kB | 179/550 kBProgress (5): 0.6/1.4 MB | 0.6/1.4 MB | 499/664 kB | 126/722 kB | 196/550 kBProgress (5): 0.6/1.4 MB | 0.6/1.4 MB | 499/664 kB | 126/722 kB | 212/550 kBProgress (5): 0.6/1.4 MB | 0.6/1.4 MB | 499/664 kB | 126/722 kB | 228/550 kBProgress (5): 0.6/1.4 MB | 0.6/1.4 MB | 499/664 kB | 126/722 kB | 245/550 kBProgress (5): 0.6/1.4 MB | 0.6/1.4 MB | 499/664 kB | 126/722 kB | 261/550 kBProgress (5): 0.6/1.4 MB | 0.6/1.4 MB | 499/664 kB | 134/722 kB | 261/550 kBProgress (5): 0.6/1.4 MB | 0.6/1.4 MB | 499/664 kB | 134/722 kB | 278/550 kBProgress (5): 0.6/1.4 MB | 0.6/1.4 MB | 499/664 kB | 134/722 kB | 294/550 kBProgress (5): 0.6/1.4 MB | 0.6/1.4 MB | 499/664 kB | 134/722 kB | 310/550 kBProgress (5): 0.6/1.4 MB | 0.6/1.4 MB | 499/664 kB | 134/722 kB | 327/550 kBProgress (5): 0.6/1.4 MB | 0.6/1.4 MB | 499/664 kB | 134/722 kB | 343/550 kBProgress (5): 0.6/1.4 MB | 0.7/1.4 MB | 499/664 kB | 134/722 kB | 343/550 kBProgress (5): 0.6/1.4 MB | 0.7/1.4 MB | 516/664 kB | 134/722 kB | 343/550 kBProgress (5): 0.6/1.4 MB | 0.7/1.4 MB | 516/664 kB | 142/722 kB | 343/550 kBProgress (5): 0.6/1.4 MB | 0.7/1.4 MB | 516/664 kB | 142/722 kB | 343/550 kBProgress (5): 0.6/1.4 MB | 0.7/1.4 MB | 516/664 kB | 142/722 kB | 343/550 kBProgress (5): 0.6/1.4 MB | 0.7/1.4 MB | 516/664 kB | 142/722 kB | 343/550 kBProgress (5): 0.6/1.4 MB | 0.7/1.4 MB | 516/664 kB | 151/722 kB | 343/550 kBProgress (5): 0.6/1.4 MB | 0.7/1.4 MB | 516/664 kB | 151/722 kB | 343/550 kBProgress (5): 0.6/1.4 MB | 0.7/1.4 MB | 532/664 kB | 151/722 kB | 343/550 kBProgress (5): 0.6/1.4 MB | 0.7/1.4 MB | 532/664 kB | 151/722 kB | 343/550 kBProgress (5): 0.7/1.4 MB | 0.7/1.4 MB | 532/664 kB | 151/722 kB | 343/550 kBProgress (5): 0.7/1.4 MB | 0.7/1.4 MB | 532/664 kB | 151/722 kB | 343/550 kBProgress (5): 0.7/1.4 MB | 0.7/1.4 MB | 548/664 kB | 151/722 kB | 343/550 kBProgress (5): 0.7/1.4 MB | 0.7/1.4 MB | 548/664 kB | 167/722 kB | 343/550 kBProgress (5): 0.7/1.4 MB | 0.7/1.4 MB | 565/664 kB | 167/722 kB | 343/550 kBProgress (5): 0.7/1.4 MB | 0.7/1.4 MB | 565/664 kB | 167/722 kB | 343/550 kBProgress (5): 0.7/1.4 MB | 0.7/1.4 MB | 565/664 kB | 167/722 kB | 343/550 kBProgress (5): 0.7/1.4 MB | 0.7/1.4 MB | 581/664 kB | 167/722 kB | 343/550 kBProgress (5): 0.7/1.4 MB | 0.7/1.4 MB | 581/664 kB | 167/722 kB | 343/550 kBProgress (5): 0.7/1.4 MB | 0.7/1.4 MB | 581/664 kB | 167/722 kB | 343/550 kBProgress (5): 0.7/1.4 MB | 0.7/1.4 MB | 581/664 kB | 183/722 kB | 343/550 kBProgress (5): 0.7/1.4 MB | 0.7/1.4 MB | 598/664 kB | 183/722 kB | 343/550 kBProgress (5): 0.7/1.4 MB | 0.7/1.4 MB | 598/664 kB | 183/722 kB | 343/550 kBProgress (5): 0.7/1.4 MB | 0.7/1.4 MB | 598/664 kB | 183/722 kB | 343/550 kBProgress (5): 0.7/1.4 MB | 0.7/1.4 MB | 598/664 kB | 183/722 kB | 343/550 kBProgress (5): 0.7/1.4 MB | 0.7/1.4 MB | 598/664 kB | 200/722 kB | 343/550 kBProgress (5): 0.7/1.4 MB | 0.7/1.4 MB | 614/664 kB | 200/722 kB | 343/550 kBProgress (5): 0.8/1.4 MB | 0.7/1.4 MB | 614/664 kB | 200/722 kB | 343/550 kBProgress (5): 0.8/1.4 MB | 0.8/1.4 MB | 614/664 kB | 200/722 kB | 343/550 kBProgress (5): 0.8/1.4 MB | 0.8/1.4 MB | 614/664 kB | 200/722 kB | 343/550 kBProgress (5): 0.8/1.4 MB | 0.8/1.4 MB | 614/664 kB | 200/722 kB | 360/550 kBProgress (5): 0.8/1.4 MB | 0.8/1.4 MB | 614/664 kB | 200/722 kB | 376/550 kBProgress (5): 0.8/1.4 MB | 0.8/1.4 MB | 614/664 kB | 200/722 kB | 392/550 kBProgress (5): 0.8/1.4 MB | 0.8/1.4 MB | 614/664 kB | 200/722 kB | 409/550 kBProgress (5): 0.8/1.4 MB | 0.8/1.4 MB | 614/664 kB | 200/722 kB | 425/550 kBProgress (5): 0.8/1.4 MB | 0.8/1.4 MB | 614/664 kB | 200/722 kB | 441/550 kBProgress (5): 0.8/1.4 MB | 0.8/1.4 MB | 614/664 kB | 200/722 kB | 458/550 kBProgress (5): 0.8/1.4 MB | 0.8/1.4 MB | 614/664 kB | 200/722 kB | 474/550 kBProgress (5): 0.8/1.4 MB | 0.8/1.4 MB | 614/664 kB | 200/722 kB | 491/550 kBProgress (5): 0.8/1.4 MB | 0.8/1.4 MB | 614/664 kB | 200/722 kB | 507/550 kBProgress (5): 0.8/1.4 MB | 0.8/1.4 MB | 614/664 kB | 200/722 kB | 523/550 kBProgress (5): 0.8/1.4 MB | 0.8/1.4 MB | 614/664 kB | 200/722 kB | 540/550 kBProgress (5): 0.8/1.4 MB | 0.8/1.4 MB | 614/664 kB | 200/722 kB | 550 kB                                                                            Downloaded from central: https://repo.maven.apache.org/maven2/io/netty/netty-transport/4.2.12.Final/netty-transport-4.2.12.Final.jar (550 kB at 67 kB/s)
#16 44.41 Downloading from central: https://repo.maven.apache.org/maven2/io/netty/netty-common/4.2.12.Final/netty-common-4.2.12.Final.jar
#16 45.07 Progress (4): 0.8/1.4 MB | 0.8/1.4 MB | 630/664 kB | 200/722 kBProgress (4): 0.8/1.4 MB | 0.8/1.4 MB | 630/664 kB | 216/722 kBProgress (4): 0.8/1.4 MB | 0.8/1.4 MB | 630/664 kB | 216/722 kBProgress (4): 0.8/1.4 MB | 0.8/1.4 MB | 647/664 kB | 216/722 kBProgress (4): 0.8/1.4 MB | 0.8/1.4 MB | 647/664 kB | 216/722 kBProgress (4): 0.8/1.4 MB | 0.8/1.4 MB | 647/664 kB | 216/722 kBProgress (4): 0.8/1.4 MB | 0.8/1.4 MB | 647/664 kB | 216/722 kBProgress (4): 0.8/1.4 MB | 0.8/1.4 MB | 647/664 kB | 233/722 kBProgress (4): 0.8/1.4 MB | 0.8/1.4 MB | 663/664 kB | 233/722 kBProgress (4): 0.8/1.4 MB | 0.8/1.4 MB | 663/664 kB | 233/722 kBProgress (4): 0.8/1.4 MB | 0.8/1.4 MB | 663/664 kB | 233/722 kBProgress (4): 0.8/1.4 MB | 0.8/1.4 MB | 664 kB | 233/722 kB    Progress (4): 0.8/1.4 MB | 0.8/1.4 MB | 664 kB | 233/722 kB                                                           Downloaded from central: https://repo.maven.apache.org/maven2/org/springframework/amqp/spring-rabbit/4.0.3/spring-rabbit-4.0.3.jar (664 kB at 74 kB/s)
#16 45.16 Downloading from central: https://repo.maven.apache.org/maven2/io/netty/netty-buffer/4.2.12.Final/netty-buffer-4.2.12.Final.jar
#16 45.16 Progress (3): 0.8/1.4 MB | 0.8/1.4 MB | 233/722 kBProgress (3): 0.9/1.4 MB | 0.8/1.4 MB | 233/722 kBProgress (3): 0.9/1.4 MB | 0.8/1.4 MB | 249/722 kBProgress (3): 0.9/1.4 MB | 0.8/1.4 MB | 249/722 kBProgress (3): 0.9/1.4 MB | 0.8/1.4 MB | 249/722 kBProgress (3): 0.9/1.4 MB | 0.8/1.4 MB | 249/722 kBProgress (3): 0.9/1.4 MB | 0.9/1.4 MB | 249/722 kBProgress (3): 0.9/1.4 MB | 0.9/1.4 MB | 249/722 kBProgress (3): 0.9/1.4 MB | 0.9/1.4 MB | 249/722 kBProgress (3): 0.9/1.4 MB | 0.9/1.4 MB | 265/722 kBProgress (3): 0.9/1.4 MB | 0.9/1.4 MB | 274/722 kBProgress (3): 0.9/1.4 MB | 0.9/1.4 MB | 274/722 kBProgress (3): 0.9/1.4 MB | 0.9/1.4 MB | 274/722 kBProgress (4): 0.9/1.4 MB | 0.9/1.4 MB | 274/722 kB | 7.7/813 kBProgress (4): 0.9/1.4 MB | 0.9/1.4 MB | 274/722 kB | 11/813 kB Progress (4): 0.9/1.4 MB | 0.9/1.4 MB | 274/722 kB | 28/813 kBProgress (4): 0.9/1.4 MB | 0.9/1.4 MB | 274/722 kB | 44/813 kBProgress (4): 0.9/1.4 MB | 0.9/1.4 MB | 274/722 kB | 61/813 kBProgress (4): 0.9/1.4 MB | 0.9/1.4 MB | 274/722 kB | 77/813 kBProgress (4): 0.9/1.4 MB | 0.9/1.4 MB | 274/722 kB | 93/813 kBProgress (4): 0.9/1.4 MB | 0.9/1.4 MB | 274/722 kB | 110/813 kBProgress (4): 0.9/1.4 MB | 0.9/1.4 MB | 274/722 kB | 126/813 kBProgress (4): 0.9/1.4 MB | 0.9/1.4 MB | 274/722 kB | 142/813 kBProgress (4): 0.9/1.4 MB | 0.9/1.4 MB | 274/722 kB | 159/813 kBProgress (4): 0.9/1.4 MB | 0.9/1.4 MB | 274/722 kB | 175/813 kBProgress (4): 0.9/1.4 MB | 0.9/1.4 MB | 274/722 kB | 192/813 kBProgress (4): 0.9/1.4 MB | 0.9/1.4 MB | 274/722 kB | 208/813 kBProgress (4): 0.9/1.4 MB | 0.9/1.4 MB | 274/722 kB | 224/813 kBProgress (4): 0.9/1.4 MB | 0.9/1.4 MB | 274/722 kB | 241/813 kBProgress (4): 0.9/1.4 MB | 0.9/1.4 MB | 274/722 kB | 257/813 kBProgress (4): 0.9/1.4 MB | 0.9/1.4 MB | 290/722 kB | 257/813 kBProgress (4): 0.9/1.4 MB | 0.9/1.4 MB | 290/722 kB | 274/813 kBProgress (4): 0.9/1.4 MB | 0.9/1.4 MB | 290/722 kB | 290/813 kBProgress (4): 0.9/1.4 MB | 0.9/1.4 MB | 290/722 kB | 306/813 kBProgress (4): 0.9/1.4 MB | 0.9/1.4 MB | 290/722 kB | 323/813 kBProgress (4): 0.9/1.4 MB | 0.9/1.4 MB | 290/722 kB | 339/813 kBProgress (4): 0.9/1.4 MB | 0.9/1.4 MB | 290/722 kB | 339/813 kBProgress (4): 1.0/1.4 MB | 0.9/1.4 MB | 290/722 kB | 339/813 kBProgress (4): 1.0/1.4 MB | 0.9/1.4 MB | 290/722 kB | 339/813 kBProgress (4): 1.0/1.4 MB | 0.9/1.4 MB | 290/722 kB | 339/813 kBProgress (4): 1.0/1.4 MB | 0.9/1.4 MB | 306/722 kB | 339/813 kBProgress (4): 1.0/1.4 MB | 0.9/1.4 MB | 306/722 kB | 339/813 kBProgress (4): 1.0/1.4 MB | 0.9/1.4 MB | 306/722 kB | 339/813 kBProgress (4): 1.0/1.4 MB | 0.9/1.4 MB | 306/722 kB | 339/813 kBProgress (4): 1.0/1.4 MB | 0.9/1.4 MB | 323/722 kB | 339/813 kBProgress (4): 1.0/1.4 MB | 0.9/1.4 MB | 323/722 kB | 339/813 kBProgress (4): 1.0/1.4 MB | 0.9/1.4 MB | 323/722 kB | 339/813 kBProgress (5): 1.0/1.4 MB | 0.9/1.4 MB | 323/722 kB | 339/813 kB | 7.7/371 kBProgress (5): 1.0/1.4 MB | 0.9/1.4 MB | 323/722 kB | 339/813 kB | 16/371 kB Progress (5): 1.0/1.4 MB | 0.9/1.4 MB | 323/722 kB | 339/813 kB | 16/371 kBProgress (5): 1.0/1.4 MB | 0.9/1.4 MB | 323/722 kB | 339/813 kB | 32/371 kBProgress (5): 1.0/1.4 MB | 0.9/1.4 MB | 323/722 kB | 339/813 kB | 49/371 kBProgress (5): 1.0/1.4 MB | 0.9/1.4 MB | 323/722 kB | 339/813 kB | 57/371 kBProgress (5): 1.0/1.4 MB | 1.0/1.4 MB | 323/722 kB | 339/813 kB | 57/371 kBProgress (5): 1.0/1.4 MB | 1.0/1.4 MB | 323/722 kB | 339/813 kB | 73/371 kBProgress (5): 1.0/1.4 MB | 1.0/1.4 MB | 323/722 kB | 339/813 kB | 90/371 kBProgress (5): 1.0/1.4 MB | 1.0/1.4 MB | 323/722 kB | 339/813 kB | 106/371 kBProgress (5): 1.0/1.4 MB | 1.0/1.4 MB | 339/722 kB | 339/813 kB | 106/371 kBProgress (5): 1.1/1.4 MB | 1.0/1.4 MB | 339/722 kB | 339/813 kB | 106/371 kBProgress (5): 1.1/1.4 MB | 1.0/1.4 MB | 339/722 kB | 339/813 kB | 106/371 kBProgress (5): 1.1/1.4 MB | 1.0/1.4 MB | 339/722 kB | 339/813 kB | 106/371 kBProgress (5): 1.1/1.4 MB | 1.0/1.4 MB | 339/722 kB | 339/813 kB | 106/371 kBProgress (5): 1.1/1.4 MB | 1.0/1.4 MB | 339/722 kB | 339/813 kB | 106/371 kBProgress (5): 1.1/1.4 MB | 1.0/1.4 MB | 339/722 kB | 355/813 kB | 106/371 kBProgress (5): 1.1/1.4 MB | 1.0/1.4 MB | 355/722 kB | 355/813 kB | 106/371 kBProgress (5): 1.1/1.4 MB | 1.0/1.4 MB | 355/722 kB | 355/813 kB | 106/371 kBProgress (5): 1.1/1.4 MB | 1.0/1.4 MB | 355/722 kB | 372/813 kB | 106/371 kBProgress (5): 1.1/1.4 MB | 1.0/1.4 MB | 355/722 kB | 388/813 kB | 106/371 kBProgress (5): 1.1/1.4 MB | 1.0/1.4 MB | 355/722 kB | 388/813 kB | 106/371 kBProgress (5): 1.1/1.4 MB | 1.0/1.4 MB | 355/722 kB | 405/813 kB | 106/371 kBProgress (5): 1.1/1.4 MB | 1.0/1.4 MB | 355/722 kB | 421/813 kB | 106/371 kBProgress (5): 1.1/1.4 MB | 1.0/1.4 MB | 355/722 kB | 437/813 kB | 106/371 kBProgress (5): 1.1/1.4 MB | 1.0/1.4 MB | 355/722 kB | 454/813 kB | 106/371 kBProgress (5): 1.1/1.4 MB | 1.0/1.4 MB | 355/722 kB | 470/813 kB | 106/371 kBProgress (5): 1.1/1.4 MB | 1.0/1.4 MB | 355/722 kB | 487/813 kB | 106/371 kBProgress (5): 1.1/1.4 MB | 1.0/1.4 MB | 355/722 kB | 503/813 kB | 106/371 kBProgress (5): 1.1/1.4 MB | 1.0/1.4 MB | 355/722 kB | 519/813 kB | 106/371 kBProgress (5): 1.1/1.4 MB | 1.0/1.4 MB | 355/722 kB | 536/813 kB | 106/371 kBProgress (5): 1.1/1.4 MB | 1.0/1.4 MB | 355/722 kB | 552/813 kB | 106/371 kBProgress (5): 1.1/1.4 MB | 1.0/1.4 MB | 355/722 kB | 568/813 kB | 106/371 kBProgress (5): 1.1/1.4 MB | 1.0/1.4 MB | 355/722 kB | 585/813 kB | 106/371 kBProgress (5): 1.1/1.4 MB | 1.0/1.4 MB | 355/722 kB | 601/813 kB | 106/371 kBProgress (5): 1.1/1.4 MB | 1.0/1.4 MB | 355/722 kB | 618/813 kB | 106/371 kBProgress (5): 1.1/1.4 MB | 1.0/1.4 MB | 355/722 kB | 618/813 kB | 106/371 kBProgress (5): 1.1/1.4 MB | 1.0/1.4 MB | 355/722 kB | 634/813 kB | 106/371 kBProgress (5): 1.1/1.4 MB | 1.0/1.4 MB | 355/722 kB | 650/813 kB | 106/371 kBProgress (5): 1.1/1.4 MB | 1.0/1.4 MB | 355/722 kB | 667/813 kB | 106/371 kBProgress (5): 1.1/1.4 MB | 1.0/1.4 MB | 355/722 kB | 683/813 kB | 106/371 kBProgress (5): 1.1/1.4 MB | 1.0/1.4 MB | 355/722 kB | 683/813 kB | 106/371 kBProgress (5): 1.1/1.4 MB | 1.0/1.4 MB | 355/722 kB | 699/813 kB | 106/371 kBProgress (5): 1.1/1.4 MB | 1.0/1.4 MB | 355/722 kB | 699/813 kB | 106/371 kBProgress (5): 1.1/1.4 MB | 1.0/1.4 MB | 355/722 kB | 699/813 kB | 106/371 kBProgress (5): 1.1/1.4 MB | 1.0/1.4 MB | 372/722 kB | 699/813 kB | 106/371 kBProgress (5): 1.2/1.4 MB | 1.0/1.4 MB | 372/722 kB | 699/813 kB | 106/371 kBProgress (5): 1.2/1.4 MB | 1.0/1.4 MB | 372/722 kB | 699/813 kB | 106/371 kBProgress (5): 1.2/1.4 MB | 1.0/1.4 MB | 388/722 kB | 699/813 kB | 106/371 kBProgress (5): 1.2/1.4 MB | 1.0/1.4 MB | 388/722 kB | 699/813 kB | 106/371 kBProgress (5): 1.2/1.4 MB | 1.0/1.4 MB | 388/722 kB | 699/813 kB | 122/371 kBProgress (5): 1.2/1.4 MB | 1.1/1.4 MB | 388/722 kB | 699/813 kB | 122/371 kBProgress (5): 1.2/1.4 MB | 1.1/1.4 MB | 388/722 kB | 699/813 kB | 122/371 kBProgress (5): 1.2/1.4 MB | 1.1/1.4 MB | 388/722 kB | 699/813 kB | 139/371 kBProgress (5): 1.2/1.4 MB | 1.1/1.4 MB | 388/722 kB | 699/813 kB | 139/371 kBProgress (5): 1.2/1.4 MB | 1.1/1.4 MB | 388/722 kB | 699/813 kB | 155/371 kBProgress (5): 1.2/1.4 MB | 1.1/1.4 MB | 388/722 kB | 699/813 kB | 155/371 kBProgress (5): 1.2/1.4 MB | 1.1/1.4 MB | 388/722 kB | 699/813 kB | 155/371 kBProgress (5): 1.2/1.4 MB | 1.1/1.4 MB | 388/722 kB | 699/813 kB | 172/371 kBProgress (5): 1.2/1.4 MB | 1.1/1.4 MB | 388/722 kB | 699/813 kB | 188/371 kBProgress (5): 1.2/1.4 MB | 1.1/1.4 MB | 388/722 kB | 699/813 kB | 204/371 kBProgress (5): 1.2/1.4 MB | 1.1/1.4 MB | 388/722 kB | 699/813 kB | 221/371 kBProgress (5): 1.2/1.4 MB | 1.1/1.4 MB | 388/722 kB | 699/813 kB | 237/371 kBProgress (5): 1.2/1.4 MB | 1.1/1.4 MB | 388/722 kB | 699/813 kB | 237/371 kBProgress (5): 1.2/1.4 MB | 1.1/1.4 MB | 388/722 kB | 699/813 kB | 237/371 kBProgress (5): 1.3/1.4 MB | 1.1/1.4 MB | 388/722 kB | 699/813 kB | 237/371 kBProgress (5): 1.3/1.4 MB | 1.1/1.4 MB | 388/722 kB | 699/813 kB | 237/371 kBProgress (5): 1.3/1.4 MB | 1.1/1.4 MB | 388/722 kB | 699/813 kB | 237/371 kBProgress (5): 1.3/1.4 MB | 1.1/1.4 MB | 388/722 kB | 699/813 kB | 237/371 kBProgress (5): 1.3/1.4 MB | 1.1/1.4 MB | 388/722 kB | 716/813 kB | 237/371 kBProgress (5): 1.3/1.4 MB | 1.1/1.4 MB | 388/722 kB | 732/813 kB | 237/371 kBProgress (5): 1.3/1.4 MB | 1.1/1.4 MB | 388/722 kB | 749/813 kB | 237/371 kBProgress (5): 1.3/1.4 MB | 1.1/1.4 MB | 388/722 kB | 765/813 kB | 237/371 kBProgress (5): 1.3/1.4 MB | 1.1/1.4 MB | 388/722 kB | 765/813 kB | 237/371 kBProgress (5): 1.3/1.4 MB | 1.1/1.4 MB | 388/722 kB | 765/813 kB | 237/371 kBProgress (5): 1.3/1.4 MB | 1.1/1.4 MB | 388/722 kB | 765/813 kB | 237/371 kBProgress (5): 1.4/1.4 MB | 1.1/1.4 MB | 388/722 kB | 765/813 kB | 237/371 kBProgress (5): 1.4/1.4 MB | 1.1/1.4 MB | 388/722 kB | 765/813 kB | 237/371 kBProgress (5): 1.4/1.4 MB | 1.1/1.4 MB | 388/722 kB | 765/813 kB | 237/371 kBProgress (5): 1.4 MB | 1.1/1.4 MB | 388/722 kB | 765/813 kB | 237/371 kB    Progress (5): 1.4 MB | 1.1/1.4 MB | 388/722 kB | 781/813 kB | 237/371 kB                                                                        Downloaded from central: https://repo.maven.apache.org/maven2/org/springframework/boot/spring-boot/4.0.6/spring-boot-4.0.6.jar (1.4 MB at 110 kB/s)
#16 48.72 Downloading from central: https://repo.maven.apache.org/maven2/io/netty/netty-resolver/4.2.12.Final/netty-resolver-4.2.12.Final.jar
#16 48.72 Progress (4): 1.1/1.4 MB | 388/722 kB | 798/813 kB | 237/371 kBProgress (4): 1.1/1.4 MB | 388/722 kB | 813 kB | 237/371 kB                                                               Downloaded from central: https://repo.maven.apache.org/maven2/io/netty/netty-common/4.2.12.Final/netty-common-4.2.12.Final.jar (813 kB at 65 kB/s)
#16 48.72 Downloading from central: https://repo.maven.apache.org/maven2/io/netty/netty-codec/4.2.12.Final/netty-codec-4.2.12.Final.jar
#16 48.76 Progress (3): 1.1/1.4 MB | 405/722 kB | 237/371 kBProgress (3): 1.1/1.4 MB | 421/722 kB | 237/371 kBProgress (3): 1.1/1.4 MB | 437/722 kB | 237/371 kBProgress (4): 1.1/1.4 MB | 437/722 kB | 237/371 kB | 4.0 kB                                                           Downloaded from central: https://repo.maven.apache.org/maven2/io/netty/netty-codec/4.2.12.Final/netty-codec-4.2.12.Final.jar (4.0 kB at 312 B/s)
#16 48.84 Downloading from central: https://repo.maven.apache.org/maven2/io/netty/netty-codec-base/4.2.12.Final/netty-codec-base-4.2.12.Final.jar
#16 48.84 Progress (4): 1.1/1.4 MB | 437/722 kB | 237/371 kB | 7.7/33 kBProgress (4): 1.1/1.4 MB | 437/722 kB | 237/371 kB | 11/33 kB Progress (4): 1.1/1.4 MB | 437/722 kB | 237/371 kB | 28/33 kBProgress (4): 1.1/1.4 MB | 437/722 kB | 237/371 kB | 33 kB   Progress (4): 1.1/1.4 MB | 454/722 kB | 237/371 kB | 33 kB                                                          Downloaded from central: https://repo.maven.apache.org/maven2/io/netty/netty-resolver/4.2.12.Final/netty-resolver-4.2.12.Final.jar (33 kB at 2.6 kB/s)
#16 48.87 Downloading from central: https://repo.maven.apache.org/maven2/io/netty/netty-codec-compression/4.2.12.Final/netty-codec-compression-4.2.12.Final.jar
#16 48.87 Progress (3): 1.1/1.4 MB | 454/722 kB | 253/371 kBProgress (3): 1.1/1.4 MB | 454/722 kB | 253/371 kBProgress (3): 1.1/1.4 MB | 454/722 kB | 270/371 kBProgress (3): 1.1/1.4 MB | 470/722 kB | 270/371 kBProgress (3): 1.2/1.4 MB | 470/722 kB | 270/371 kBProgress (3): 1.2/1.4 MB | 470/722 kB | 286/371 kBProgress (4): 1.2/1.4 MB | 470/722 kB | 286/371 kB | 7.7/153 kBProgress (4): 1.2/1.4 MB | 470/722 kB | 286/371 kB | 16/153 kB Progress (4): 1.2/1.4 MB | 470/722 kB | 286/371 kB | 24/153 kBProgress (5): 1.2/1.4 MB | 470/722 kB | 286/371 kB | 24/153 kB | 3.2/182 kBProgress (5): 1.2/1.4 MB | 470/722 kB | 303/371 kB | 24/153 kB | 3.2/182 kBProgress (5): 1.2/1.4 MB | 470/722 kB | 303/371 kB | 40/153 kB | 3.2/182 kBProgress (5): 1.2/1.4 MB | 470/722 kB | 303/371 kB | 40/153 kB | 3.2/182 kBProgress (5): 1.2/1.4 MB | 470/722 kB | 303/371 kB | 40/153 kB | 20/182 kB Progress (5): 1.2/1.4 MB | 487/722 kB | 303/371 kB | 40/153 kB | 20/182 kBProgress (5): 1.2/1.4 MB | 487/722 kB | 303/371 kB | 57/153 kB | 20/182 kBProgress (5): 1.2/1.4 MB | 487/722 kB | 319/371 kB | 57/153 kB | 20/182 kBProgress (5): 1.2/1.4 MB | 487/722 kB | 319/371 kB | 57/153 kB | 36/182 kBProgress (5): 1.2/1.4 MB | 487/722 kB | 319/371 kB | 57/153 kB | 36/182 kBProgress (5): 1.2/1.4 MB | 487/722 kB | 319/371 kB | 73/153 kB | 36/182 kBProgress (5): 1.2/1.4 MB | 503/722 kB | 319/371 kB | 73/153 kB | 36/182 kBProgress (5): 1.2/1.4 MB | 503/722 kB | 335/371 kB | 73/153 kB | 36/182 kBProgress (5): 1.2/1.4 MB | 503/722 kB | 335/371 kB | 73/153 kB | 52/182 kBProgress (5): 1.2/1.4 MB | 503/722 kB | 335/371 kB | 90/153 kB | 52/182 kBProgress (5): 1.2/1.4 MB | 503/722 kB | 335/371 kB | 90/153 kB | 52/182 kBProgress (5): 1.2/1.4 MB | 503/722 kB | 335/371 kB | 90/153 kB | 61/182 kBProgress (5): 1.2/1.4 MB | 503/722 kB | 335/371 kB | 106/153 kB | 61/182 kBProgress (5): 1.2/1.4 MB | 503/722 kB | 352/371 kB | 106/153 kB | 61/182 kBProgress (5): 1.2/1.4 MB | 503/722 kB | 352/371 kB | 106/153 kB | 61/182 kBProgress (5): 1.2/1.4 MB | 503/722 kB | 352/371 kB | 106/153 kB | 77/182 kBProgress (5): 1.2/1.4 MB | 519/722 kB | 352/371 kB | 106/153 kB | 77/182 kBProgress (5): 1.2/1.4 MB | 519/722 kB | 352/371 kB | 122/153 kB | 77/182 kBProgress (5): 1.2/1.4 MB | 519/722 kB | 368/371 kB | 122/153 kB | 77/182 kBProgress (5): 1.2/1.4 MB | 519/722 kB | 368/371 kB | 122/153 kB | 77/182 kBProgress (5): 1.2/1.4 MB | 519/722 kB | 371 kB | 122/153 kB | 77/182 kB    Progress (5): 1.2/1.4 MB | 519/722 kB | 371 kB | 139/153 kB | 77/182 kBProgress (5): 1.2/1.4 MB | 519/722 kB | 371 kB | 139/153 kB | 93/182 kB                                                                       Downloaded from central: https://repo.maven.apache.org/maven2/io/netty/netty-buffer/4.2.12.Final/netty-buffer-4.2.12.Final.jar (371 kB at 28 kB/s)
#16 49.57 Downloading from central: https://repo.maven.apache.org/maven2/io/netty/netty-codec-protobuf/4.2.12.Final/netty-codec-protobuf-4.2.12.Final.jar
#16 49.58 Progress (4): 1.2/1.4 MB | 519/722 kB | 153 kB | 93/182 kB                                                          Downloaded from central: https://repo.maven.apache.org/maven2/io/netty/netty-codec-base/4.2.12.Final/netty-codec-base-4.2.12.Final.jar (153 kB at 11 kB/s)
#16 49.58 Downloading from central: https://repo.maven.apache.org/maven2/io/netty/netty-codec-marshalling/4.2.12.Final/netty-codec-marshalling-4.2.12.Final.jar
#16 49.60 Progress (3): 1.2/1.4 MB | 519/722 kB | 93/182 kBProgress (3): 1.2/1.4 MB | 536/722 kB | 93/182 kBProgress (3): 1.2/1.4 MB | 536/722 kB | 110/182 kBProgress (3): 1.2/1.4 MB | 536/722 kB | 126/182 kBProgress (3): 1.2/1.4 MB | 536/722 kB | 142/182 kBProgress (3): 1.3/1.4 MB | 536/722 kB | 142/182 kBProgress (3): 1.3/1.4 MB | 536/722 kB | 159/182 kBProgress (3): 1.3/1.4 MB | 536/722 kB | 159/182 kBProgress (3): 1.3/1.4 MB | 552/722 kB | 159/182 kBProgress (3): 1.3/1.4 MB | 552/722 kB | 175/182 kBProgress (3): 1.3/1.4 MB | 552/722 kB | 182 kB                                                  Downloaded from central: https://repo.maven.apache.org/maven2/io/netty/netty-codec-compression/4.2.12.Final/netty-codec-compression-4.2.12.Final.jar (182 kB at 13 kB/s)
#16 49.73 Downloading from central: https://repo.maven.apache.org/maven2/io/netty/netty-handler/4.2.12.Final/netty-handler-4.2.12.Final.jar
#16 49.99 Progress (2): 1.3/1.4 MB | 552/722 kBProgress (2): 1.3/1.4 MB | 568/722 kBProgress (2): 1.3/1.4 MB | 585/722 kBProgress (2): 1.3/1.4 MB | 585/722 kBProgress (2): 1.3/1.4 MB | 585/722 kBProgress (3): 1.3/1.4 MB | 585/722 kB | 7.7/20 kBProgress (3): 1.3/1.4 MB | 585/722 kB | 8.2/20 kBProgress (3): 1.3/1.4 MB | 585/722 kB | 20 kB    Progress (3): 1.3/1.4 MB | 601/722 kB | 20 kBProgress (3): 1.3/1.4 MB | 601/722 kB | 20 kB                                             Downloaded from central: https://repo.maven.apache.org/maven2/io/netty/netty-codec-marshalling/4.2.12.Final/netty-codec-marshalling-4.2.12.Final.jar (20 kB at 1.5 kB/s)
#16 50.03 Downloading from central: https://repo.maven.apache.org/maven2/io/netty/netty-transport-native-unix-common/4.2.12.Final/netty-transport-native-unix-common-4.2.12.Final.jar
#16 50.03 Progress (3): 1.3/1.4 MB | 601/722 kB | 7.7/15 kBProgress (3): 1.3/1.4 MB | 601/722 kB | 15 kB                                                 Downloaded from central: https://repo.maven.apache.org/maven2/io/netty/netty-codec-protobuf/4.2.12.Final/netty-codec-protobuf-4.2.12.Final.jar (15 kB at 1.1 kB/s)
#16 50.03 Downloading from central: https://repo.maven.apache.org/maven2/org/springframework/spring-tx/7.0.7/spring-tx-7.0.7.jar
#16 50.06 Progress (2): 1.3/1.4 MB | 618/722 kBProgress (3): 1.3/1.4 MB | 618/722 kB | 7.7/579 kBProgress (3): 1.3/1.4 MB | 618/722 kB | 11/579 kB Progress (3): 1.3/1.4 MB | 618/722 kB | 28/579 kBProgress (3): 1.3/1.4 MB | 634/722 kB | 28/579 kBProgress (3): 1.4/1.4 MB | 634/722 kB | 28/579 kBProgress (3): 1.4/1.4 MB | 634/722 kB | 44/579 kBProgress (3): 1.4/1.4 MB | 634/722 kB | 61/579 kBProgress (4): 1.4/1.4 MB | 634/722 kB | 61/579 kB | 7.7/47 kBProgress (4): 1.4/1.4 MB | 634/722 kB | 61/579 kB | 16/47 kB Progress (4): 1.4/1.4 MB | 634/722 kB | 69/579 kB | 16/47 kBProgress (4): 1.4/1.4 MB | 650/722 kB | 69/579 kB | 16/47 kBProgress (4): 1.4/1.4 MB | 650/722 kB | 69/579 kB | 32/47 kBProgress (5): 1.4/1.4 MB | 650/722 kB | 69/579 kB | 32/47 kB | 3.2/292 kBProgress (5): 1.4/1.4 MB | 650/722 kB | 85/579 kB | 32/47 kB | 3.2/292 kBProgress (5): 1.4/1.4 MB | 650/722 kB | 85/579 kB | 47 kB | 3.2/292 kB                                                                         Downloaded from central: https://repo.maven.apache.org/maven2/io/netty/netty-transport-native-unix-common/4.2.12.Final/netty-transport-native-unix-common-4.2.12.Final.jar (47 kB at 3.3 kB/s)
#16 50.21 Downloading from central: https://repo.maven.apache.org/maven2/org/springframework/boot/spring-boot-transaction/4.0.6/spring-boot-transaction-4.0.6.jar
#16 50.21 Progress (4): 1.4/1.4 MB | 667/722 kB | 85/579 kB | 3.2/292 kBProgress (4): 1.4/1.4 MB | 667/722 kB | 85/579 kB | 3.2/292 kBProgress (4): 1.4/1.4 MB | 667/722 kB | 102/579 kB | 3.2/292 kBProgress (4): 1.4/1.4 MB | 667/722 kB | 102/579 kB | 20/292 kB Progress (4): 1.4/1.4 MB | 667/722 kB | 102/579 kB | 36/292 kBProgress (4): 1.4/1.4 MB | 667/722 kB | 118/579 kB | 36/292 kBProgress (4): 1.4/1.4 MB | 683/722 kB | 118/579 kB | 36/292 kBProgress (4): 1.4/1.4 MB | 683/722 kB | 134/579 kB | 36/292 kBProgress (4): 1.4/1.4 MB | 683/722 kB | 134/579 kB | 52/292 kBProgress (4): 1.4/1.4 MB | 683/722 kB | 151/579 kB | 52/292 kBProgress (4): 1.4/1.4 MB | 683/722 kB | 151/579 kB | 69/292 kBProgress (4): 1.4/1.4 MB | 700/722 kB | 151/579 kB | 69/292 kBProgress (4): 1.4/1.4 MB | 700/722 kB | 151/579 kB | 69/292 kBProgress (4): 1.4 MB | 700/722 kB | 151/579 kB | 69/292 kB    Progress (4): 1.4 MB | 700/722 kB | 167/579 kB | 69/292 kB                                                          Downloaded from central: https://repo.maven.apache.org/maven2/org/springframework/spring-context/7.0.7/spring-context-7.0.7.jar (1.4 MB at 99 kB/s)
#16 50.29 Downloading from central: https://repo.maven.apache.org/maven2/org/springframework/boot/spring-boot-persistence/4.0.6/spring-boot-persistence-4.0.6.jar
#16 50.29 Progress (3): 700/722 kB | 167/579 kB | 85/292 kBProgress (3): 700/722 kB | 183/579 kB | 85/292 kBProgress (3): 716/722 kB | 183/579 kB | 85/292 kBProgress (3): 716/722 kB | 200/579 kB | 85/292 kBProgress (3): 716/722 kB | 200/579 kB | 102/292 kBProgress (3): 722 kB | 200/579 kB | 102/292 kB                                                  Downloaded from central: https://repo.maven.apache.org/maven2/com/rabbitmq/amqp-client/5.27.1/amqp-client-5.27.1.jar (722 kB at 51 kB/s)
#16 50.36 Downloading from central: https://repo.maven.apache.org/maven2/org/springframework/boot/spring-boot-starter-data-jpa/4.0.6/spring-boot-starter-data-jpa-4.0.6.jar
#16 50.37 Progress (2): 216/579 kB | 102/292 kBProgress (2): 216/579 kB | 118/292 kBProgress (2): 233/579 kB | 118/292 kBProgress (3): 233/579 kB | 118/292 kB | 7.7/21 kBProgress (3): 233/579 kB | 118/292 kB | 15/21 kB Progress (3): 233/579 kB | 118/292 kB | 21 kB                                                Downloaded from central: https://repo.maven.apache.org/maven2/org/springframework/boot/spring-boot-transaction/4.0.6/spring-boot-transaction-4.0.6.jar (21 kB at 1.5 kB/s)
#16 50.44 Downloading from central: https://repo.maven.apache.org/maven2/org/springframework/boot/spring-boot-starter-jdbc/4.0.6/spring-boot-starter-jdbc-4.0.6.jar
#16 50.44 Progress (2): 233/579 kB | 134/292 kBProgress (2): 249/579 kB | 134/292 kBProgress (3): 249/579 kB | 134/292 kB | 7.7/16 kBProgress (3): 249/579 kB | 134/292 kB | 11/16 kB Progress (3): 249/579 kB | 151/292 kB | 11/16 kBProgress (3): 265/579 kB | 151/292 kB | 11/16 kBProgress (4): 265/579 kB | 151/292 kB | 11/16 kB | 4.8 kB                                                         Downloaded from central: https://repo.maven.apache.org/maven2/org/springframework/boot/spring-boot-starter-data-jpa/4.0.6/spring-boot-starter-data-jpa-4.0.6.jar (4.8 kB at 333 B/s)
#16 50.45 Downloading from central: https://repo.maven.apache.org/maven2/com/zaxxer/HikariCP/7.0.2/HikariCP-7.0.2.jar
#16 50.52 Progress (3): 265/579 kB | 151/292 kB | 16 kBProgress (3): 282/579 kB | 151/292 kB | 16 kB                                             Downloaded from central: https://repo.maven.apache.org/maven2/org/springframework/boot/spring-boot-persistence/4.0.6/spring-boot-persistence-4.0.6.jar (16 kB at 1.1 kB/s)
#16 50.52 Downloading from central: https://repo.maven.apache.org/maven2/org/springframework/boot/spring-boot-data-jpa/4.0.6/spring-boot-data-jpa-4.0.6.jar
#16 50.52 Progress (2): 282/579 kB | 167/292 kBProgress (2): 298/579 kB | 167/292 kBProgress (2): 314/579 kB | 167/292 kBProgress (2): 314/579 kB | 183/292 kBProgress (3): 314/579 kB | 183/292 kB | 4.8 kBProgress (3): 331/579 kB | 183/292 kB | 4.8 kB                                              Downloaded from central: https://repo.maven.apache.org/maven2/org/springframework/boot/spring-boot-starter-jdbc/4.0.6/spring-boot-starter-jdbc-4.0.6.jar (4.8 kB at 332 B/s)
#16 50.53 Downloading from central: https://repo.maven.apache.org/maven2/org/springframework/boot/spring-boot-data-commons/4.0.6/spring-boot-data-commons-4.0.6.jar
#16 50.54 Progress (2): 331/579 kB | 200/292 kBProgress (3): 331/579 kB | 200/292 kB | 7.7/172 kBProgress (3): 331/579 kB | 200/292 kB | 8.2/172 kBProgress (3): 347/579 kB | 200/292 kB | 8.2/172 kBProgress (3): 364/579 kB | 200/292 kB | 8.2/172 kBProgress (3): 364/579 kB | 216/292 kB | 8.2/172 kBProgress (3): 364/579 kB | 216/292 kB | 25/172 kB Progress (3): 380/579 kB | 216/292 kB | 25/172 kBProgress (3): 380/579 kB | 233/292 kB | 25/172 kBProgress (3): 396/579 kB | 233/292 kB | 25/172 kBProgress (4): 396/579 kB | 233/292 kB | 25/172 kB | 7.7/30 kBProgress (4): 396/579 kB | 233/292 kB | 25/172 kB | 16/30 kB Progress (4): 396/579 kB | 233/292 kB | 25/172 kB | 24/30 kBProgress (4): 396/579 kB | 233/292 kB | 25/172 kB | 30 kB   Progress (4): 413/579 kB | 233/292 kB | 25/172 kB | 30 kBProgress (5): 413/579 kB | 233/292 kB | 25/172 kB | 30 kB | 7.3/16 kB                                                                     Downloaded from central: https://repo.maven.apache.org/maven2/org/springframework/boot/spring-boot-data-commons/4.0.6/spring-boot-data-commons-4.0.6.jar (30 kB at 2.1 kB/s)
#16 50.68 Downloading from central: https://repo.maven.apache.org/maven2/org/springframework/data/spring-data-commons/4.0.5/spring-data-commons-4.0.5.jar
#16 50.68 Progress (4): 413/579 kB | 233/292 kB | 41/172 kB | 7.3/16 kBProgress (4): 413/579 kB | 249/292 kB | 41/172 kB | 7.3/16 kBProgress (4): 429/579 kB | 249/292 kB | 41/172 kB | 7.3/16 kBProgress (4): 429/579 kB | 249/292 kB | 49/172 kB | 7.3/16 kBProgress (4): 446/579 kB | 249/292 kB | 49/172 kB | 7.3/16 kBProgress (4): 446/579 kB | 265/292 kB | 49/172 kB | 7.3/16 kBProgress (4): 446/579 kB | 265/292 kB | 49/172 kB | 16 kB                                                             Downloaded from central: https://repo.maven.apache.org/maven2/org/springframework/boot/spring-boot-data-jpa/4.0.6/spring-boot-data-jpa-4.0.6.jar (16 kB at 1.1 kB/s)
#16 50.70 Downloading from central: https://repo.maven.apache.org/maven2/org/springframework/boot/spring-boot-hibernate/4.0.6/spring-boot-hibernate-4.0.6.jar
#16 50.70 Progress (3): 446/579 kB | 265/292 kB | 66/172 kBProgress (3): 446/579 kB | 282/292 kB | 66/172 kBProgress (3): 462/579 kB | 282/292 kB | 66/172 kBProgress (3): 462/579 kB | 292 kB | 66/172 kB    Progress (3): 478/579 kB | 292 kB | 66/172 kBProgress (3): 478/579 kB | 292 kB | 82/172 kB                                             Downloaded from central: https://repo.maven.apache.org/maven2/org/springframework/spring-tx/7.0.7/spring-tx-7.0.7.jar (292 kB at 20 kB/s)
#16 50.76 Downloading from central: https://repo.maven.apache.org/maven2/org/springframework/boot/spring-boot-jpa/4.0.6/spring-boot-jpa-4.0.6.jar
#16 50.79 Progress (2): 495/579 kB | 82/172 kBProgress (2): 495/579 kB | 98/172 kBProgress (2): 511/579 kB | 98/172 kBProgress (3): 511/579 kB | 98/172 kB | 3.2/29 kBProgress (4): 511/579 kB | 98/172 kB | 3.2/29 kB | 0/1.7 MBProgress (4): 511/579 kB | 98/172 kB | 3.2/29 kB | 0/1.7 MBProgress (4): 511/579 kB | 98/172 kB | 3.2/29 kB | 0/1.7 MBProgress (4): 527/579 kB | 98/172 kB | 3.2/29 kB | 0/1.7 MBProgress (4): 527/579 kB | 115/172 kB | 3.2/29 kB | 0/1.7 MBProgress (4): 527/579 kB | 115/172 kB | 3.2/29 kB | 0/1.7 MBProgress (4): 544/579 kB | 115/172 kB | 3.2/29 kB | 0/1.7 MBProgress (4): 544/579 kB | 115/172 kB | 3.2/29 kB | 0.1/1.7 MBProgress (4): 544/579 kB | 123/172 kB | 3.2/29 kB | 0.1/1.7 MBProgress (4): 560/579 kB | 123/172 kB | 3.2/29 kB | 0.1/1.7 MBProgress (4): 560/579 kB | 123/172 kB | 3.2/29 kB | 0.1/1.7 MBProgress (4): 577/579 kB | 123/172 kB | 3.2/29 kB | 0.1/1.7 MBProgress (4): 579 kB | 123/172 kB | 3.2/29 kB | 0.1/1.7 MB    Progress (4): 579 kB | 123/172 kB | 20/29 kB | 0.1/1.7 MB Progress (5): 579 kB | 123/172 kB | 20/29 kB | 0.1/1.7 MB | 7.7/24 kBProgress (5): 579 kB | 123/172 kB | 20/29 kB | 0.1/1.7 MB | 16/24 kB                                                                     Downloaded from central: https://repo.maven.apache.org/maven2/io/netty/netty-handler/4.2.12.Final/netty-handler-4.2.12.Final.jar (579 kB at 39 kB/s)
#16 50.91 Downloading from central: https://repo.maven.apache.org/maven2/jakarta/persistence/jakarta.persistence-api/3.2.0/jakarta.persistence-api-3.2.0.jar
#16 50.90 Progress (4): 123/172 kB | 20/29 kB | 0.1/1.7 MB | 16/24 kBProgress (4): 139/172 kB | 20/29 kB | 0.1/1.7 MB | 16/24 kBProgress (4): 139/172 kB | 20/29 kB | 0.1/1.7 MB | 24 kB                                                           Downloaded from central: https://repo.maven.apache.org/maven2/org/springframework/boot/spring-boot-jpa/4.0.6/spring-boot-jpa-4.0.6.jar (24 kB at 1.6 kB/s)
#16 50.91 Downloading from central: https://repo.maven.apache.org/maven2/org/hibernate/orm/hibernate-core/7.2.12.Final/hibernate-core-7.2.12.Final.jar
#16 50.91 Progress (3): 139/172 kB | 20/29 kB | 0.1/1.7 MBProgress (3): 139/172 kB | 20/29 kB | 0.1/1.7 MBProgress (3): 156/172 kB | 20/29 kB | 0.1/1.7 MBProgress (3): 156/172 kB | 29 kB | 0.1/1.7 MB   Progress (3): 156/172 kB | 29 kB | 0.1/1.7 MB                                             Downloaded from central: https://repo.maven.apache.org/maven2/org/springframework/boot/spring-boot-hibernate/4.0.6/spring-boot-hibernate-4.0.6.jar (29 kB at 2.0 kB/s)
#16 50.94 Downloading from central: https://repo.maven.apache.org/maven2/jakarta/transaction/jakarta.transaction-api/2.0.1/jakarta.transaction-api-2.0.1.jar
#16 50.96 Progress (2): 156/172 kB | 0.2/1.7 MBProgress (2): 172/172 kB | 0.2/1.7 MBProgress (2): 172 kB | 0.2/1.7 MB                                     Downloaded from central: https://repo.maven.apache.org/maven2/com/zaxxer/HikariCP/7.0.2/HikariCP-7.0.2.jar (172 kB at 12 kB/s)
#16 50.99 Downloading from central: https://repo.maven.apache.org/maven2/org/jboss/logging/jboss-logging/3.6.3.Final/jboss-logging-3.6.3.Final.jar
#16 50.99 Progress (1): 0.2/1.7 MBProgress (1): 0.2/1.7 MBProgress (2): 0.2/1.7 MB | 7.7/196 kBProgress (2): 0.2/1.7 MB | 11/196 kB Progress (2): 0.2/1.7 MB | 11/196 kBProgress (2): 0.2/1.7 MB | 28/196 kBProgress (3): 0.2/1.7 MB | 28/196 kB | 3.2/29 kBProgress (4): 0.2/1.7 MB | 28/196 kB | 3.2/29 kB | 0/14 MBProgress (4): 0.2/1.7 MB | 28/196 kB | 3.2/29 kB | 0/14 MBProgress (4): 0.2/1.7 MB | 28/196 kB | 3.2/29 kB | 0/14 MBProgress (4): 0.2/1.7 MB | 28/196 kB | 3.2/29 kB | 0/14 MBProgress (4): 0.2/1.7 MB | 44/196 kB | 3.2/29 kB | 0/14 MBProgress (4): 0.2/1.7 MB | 44/196 kB | 3.2/29 kB | 0/14 MBProgress (4): 0.2/1.7 MB | 61/196 kB | 3.2/29 kB | 0/14 MBProgress (4): 0.2/1.7 MB | 61/196 kB | 3.2/29 kB | 0/14 MBProgress (4): 0.3/1.7 MB | 61/196 kB | 3.2/29 kB | 0/14 MBProgress (4): 0.3/1.7 MB | 77/196 kB | 3.2/29 kB | 0/14 MBProgress (4): 0.3/1.7 MB | 77/196 kB | 3.2/29 kB | 0/14 MBProgress (4): 0.3/1.7 MB | 93/196 kB | 3.2/29 kB | 0/14 MBProgress (4): 0.3/1.7 MB | 93/196 kB | 3.2/29 kB | 0.1/14 MBProgress (5): 0.3/1.7 MB | 93/196 kB | 3.2/29 kB | 0.1/14 MB | 3.2/63 kBProgress (5): 0.3/1.7 MB | 93/196 kB | 3.2/29 kB | 0.1/14 MB | 3.2/63 kBProgress (5): 0.3/1.7 MB | 93/196 kB | 20/29 kB | 0.1/14 MB | 3.2/63 kB Progress (5): 0.3/1.7 MB | 110/196 kB | 20/29 kB | 0.1/14 MB | 3.2/63 kBProgress (5): 0.3/1.7 MB | 110/196 kB | 20/29 kB | 0.1/14 MB | 3.2/63 kBProgress (5): 0.3/1.7 MB | 126/196 kB | 20/29 kB | 0.1/14 MB | 3.2/63 kBProgress (5): 0.3/1.7 MB | 126/196 kB | 20/29 kB | 0.1/14 MB | 20/63 kB Progress (5): 0.3/1.7 MB | 126/196 kB | 20/29 kB | 0.1/14 MB | 20/63 kBProgress (5): 0.3/1.7 MB | 126/196 kB | 29 kB | 0.1/14 MB | 20/63 kB   Progress (5): 0.3/1.7 MB | 142/196 kB | 29 kB | 0.1/14 MB | 20/63 kB                                                                    Downloaded from central: https://repo.maven.apache.org/maven2/jakarta/transaction/jakarta.transaction-api/2.0.1/jakarta.transaction-api-2.0.1.jar (29 kB at 1.8 kB/s)
#16 52.28 Downloading from central: https://repo.maven.apache.org/maven2/org/hibernate/models/hibernate-models/1.0.1/hibernate-models-1.0.1.jar
#16 52.29 Progress (4): 0.3/1.7 MB | 142/196 kB | 0.1/14 MB | 36/63 kBProgress (4): 0.3/1.7 MB | 159/196 kB | 0.1/14 MB | 36/63 kBProgress (4): 0.3/1.7 MB | 159/196 kB | 0.1/14 MB | 36/63 kBProgress (4): 0.3/1.7 MB | 159/196 kB | 0.1/14 MB | 36/63 kBProgress (4): 0.3/1.7 MB | 159/196 kB | 0.1/14 MB | 52/63 kBProgress (4): 0.3/1.7 MB | 159/196 kB | 0.1/14 MB | 52/63 kBProgress (4): 0.3/1.7 MB | 159/196 kB | 0.1/14 MB | 63 kB                                                            Downloaded from central: https://repo.maven.apache.org/maven2/org/jboss/logging/jboss-logging/3.6.3.Final/jboss-logging-3.6.3.Final.jar (63 kB at 3.9 kB/s)
#16 52.37 Downloading from central: https://repo.maven.apache.org/maven2/com/fasterxml/classmate/1.7.3/classmate-1.7.3.jar
#16 52.37 Progress (3): 0.3/1.7 MB | 175/196 kB | 0.1/14 MBProgress (3): 0.3/1.7 MB | 175/196 kB | 0.1/14 MBProgress (3): 0.3/1.7 MB | 175/196 kB | 0.1/14 MBProgress (3): 0.4/1.7 MB | 175/196 kB | 0.1/14 MBProgress (3): 0.4/1.7 MB | 192/196 kB | 0.1/14 MBProgress (3): 0.4/1.7 MB | 196 kB | 0.1/14 MB                                                 Downloaded from central: https://repo.maven.apache.org/maven2/jakarta/persistence/jakarta.persistence-api/3.2.0/jakarta.persistence-api-3.2.0.jar (196 kB at 12 kB/s)
#16 52.38 Downloading from central: https://repo.maven.apache.org/maven2/org/glassfish/jaxb/jaxb-runtime/4.0.6/jaxb-runtime-4.0.6.jar
#16 52.40 Progress (2): 0.4/1.7 MB | 0.1/14 MBProgress (2): 0.4/1.7 MB | 0.1/14 MBProgress (2): 0.4/1.7 MB | 0.1/14 MBProgress (2): 0.4/1.7 MB | 0.1/14 MBProgress (2): 0.4/1.7 MB | 0.2/14 MBProgress (2): 0.4/1.7 MB | 0.2/14 MBProgress (2): 0.4/1.7 MB | 0.2/14 MBProgress (2): 0.4/1.7 MB | 0.2/14 MBProgress (2): 0.4/1.7 MB | 0.2/14 MBProgress (2): 0.5/1.7 MB | 0.2/14 MBProgress (2): 0.5/1.7 MB | 0.2/14 MBProgress (3): 0.5/1.7 MB | 0.2/14 MB | 7.7/218 kBProgress (3): 0.5/1.7 MB | 0.2/14 MB | 16/218 kB Progress (3): 0.5/1.7 MB | 0.2/14 MB | 16/218 kBProgress (4): 0.5/1.7 MB | 0.2/14 MB | 16/218 kB | 7.7/920 kBProgress (4): 0.5/1.7 MB | 0.2/14 MB | 16/218 kB | 11/920 kB Progress (5): 0.5/1.7 MB | 0.2/14 MB | 16/218 kB | 11/920 kB | 7.7/68 kBProgress (5): 0.5/1.7 MB | 0.2/14 MB | 16/218 kB | 11/920 kB | 11/68 kB Progress (5): 0.5/1.7 MB | 0.2/14 MB | 16/218 kB | 11/920 kB | 11/68 kBProgress (5): 0.5/1.7 MB | 0.2/14 MB | 16/218 kB | 11/920 kB | 11/68 kBProgress (5): 0.5/1.7 MB | 0.2/14 MB | 16/218 kB | 28/920 kB | 11/68 kBProgress (5): 0.5/1.7 MB | 0.2/14 MB | 25/218 kB | 28/920 kB | 11/68 kBProgress (5): 0.5/1.7 MB | 0.2/14 MB | 25/218 kB | 28/920 kB | 11/68 kBProgress (5): 0.5/1.7 MB | 0.2/14 MB | 25/218 kB | 44/920 kB | 11/68 kBProgress (5): 0.5/1.7 MB | 0.2/14 MB | 25/218 kB | 44/920 kB | 11/68 kBProgress (5): 0.5/1.7 MB | 0.2/14 MB | 25/218 kB | 44/920 kB | 28/68 kBProgress (5): 0.5/1.7 MB | 0.2/14 MB | 25/218 kB | 44/920 kB | 28/68 kBProgress (5): 0.5/1.7 MB | 0.2/14 MB | 25/218 kB | 61/920 kB | 28/68 kBProgress (5): 0.5/1.7 MB | 0.3/14 MB | 25/218 kB | 61/920 kB | 28/68 kBProgress (5): 0.5/1.7 MB | 0.3/14 MB | 25/218 kB | 61/920 kB | 44/68 kBProgress (5): 0.5/1.7 MB | 0.3/14 MB | 25/218 kB | 77/920 kB | 44/68 kBProgress (5): 0.5/1.7 MB | 0.3/14 MB | 25/218 kB | 77/920 kB | 44/68 kBProgress (5): 0.5/1.7 MB | 0.3/14 MB | 41/218 kB | 77/920 kB | 44/68 kBProgress (5): 0.5/1.7 MB | 0.3/14 MB | 41/218 kB | 77/920 kB | 44/68 kBProgress (5): 0.5/1.7 MB | 0.3/14 MB | 41/218 kB | 93/920 kB | 44/68 kBProgress (5): 0.5/1.7 MB | 0.3/14 MB | 41/218 kB | 93/920 kB | 44/68 kBProgress (5): 0.5/1.7 MB | 0.3/14 MB | 41/218 kB | 93/920 kB | 61/68 kBProgress (5): 0.5/1.7 MB | 0.3/14 MB | 41/218 kB | 93/920 kB | 61/68 kBProgress (5): 0.5/1.7 MB | 0.3/14 MB | 41/218 kB | 110/920 kB | 61/68 kBProgress (5): 0.5/1.7 MB | 0.3/14 MB | 41/218 kB | 110/920 kB | 68 kB   Progress (5): 0.5/1.7 MB | 0.3/14 MB | 41/218 kB | 126/920 kB | 68 kB                                                                     Downloaded from central: https://repo.maven.apache.org/maven2/com/fasterxml/classmate/1.7.3/classmate-1.7.3.jar (68 kB at 4.1 kB/s)
#16 52.85 Downloading from central: https://repo.maven.apache.org/maven2/org/glassfish/jaxb/jaxb-core/4.0.6/jaxb-core-4.0.6.jar
#16 52.86 Progress (4): 0.5/1.7 MB | 0.3/14 MB | 41/218 kB | 126/920 kBProgress (4): 0.6/1.7 MB | 0.3/14 MB | 41/218 kB | 126/920 kBProgress (4): 0.6/1.7 MB | 0.3/14 MB | 41/218 kB | 142/920 kBProgress (4): 0.6/1.7 MB | 0.3/14 MB | 41/218 kB | 142/920 kBProgress (4): 0.6/1.7 MB | 0.3/14 MB | 41/218 kB | 159/920 kBProgress (4): 0.6/1.7 MB | 0.3/14 MB | 41/218 kB | 159/920 kBProgress (4): 0.6/1.7 MB | 0.3/14 MB | 41/218 kB | 159/920 kBProgress (4): 0.6/1.7 MB | 0.3/14 MB | 41/218 kB | 175/920 kBProgress (4): 0.6/1.7 MB | 0.3/14 MB | 57/218 kB | 175/920 kBProgress (4): 0.6/1.7 MB | 0.3/14 MB | 57/218 kB | 175/920 kBProgress (4): 0.6/1.7 MB | 0.3/14 MB | 57/218 kB | 192/920 kBProgress (4): 0.6/1.7 MB | 0.3/14 MB | 57/218 kB | 192/920 kBProgress (4): 0.6/1.7 MB | 0.3/14 MB | 57/218 kB | 192/920 kBProgress (4): 0.6/1.7 MB | 0.3/14 MB | 57/218 kB | 208/920 kBProgress (4): 0.6/1.7 MB | 0.3/14 MB | 57/218 kB | 208/920 kBProgress (4): 0.6/1.7 MB | 0.4/14 MB | 57/218 kB | 208/920 kBProgress (4): 0.6/1.7 MB | 0.4/14 MB | 57/218 kB | 208/920 kBProgress (4): 0.6/1.7 MB | 0.4/14 MB | 57/218 kB | 224/920 kBProgress (4): 0.6/1.7 MB | 0.4/14 MB | 57/218 kB | 224/920 kBProgress (4): 0.7/1.7 MB | 0.4/14 MB | 57/218 kB | 224/920 kBProgress (4): 0.7/1.7 MB | 0.4/14 MB | 74/218 kB | 224/920 kBProgress (4): 0.7/1.7 MB | 0.4/14 MB | 74/218 kB | 241/920 kBProgress (4): 0.7/1.7 MB | 0.4/14 MB | 74/218 kB | 241/920 kBProgress (4): 0.7/1.7 MB | 0.4/14 MB | 74/218 kB | 257/920 kBProgress (5): 0.7/1.7 MB | 0.4/14 MB | 74/218 kB | 257/920 kB | 7.7/138 kBProgress (5): 0.7/1.7 MB | 0.4/14 MB | 74/218 kB | 257/920 kB | 11/138 kB Progress (5): 0.7/1.7 MB | 0.4/14 MB | 74/218 kB | 274/920 kB | 11/138 kBProgress (5): 0.7/1.7 MB | 0.4/14 MB | 74/218 kB | 274/920 kB | 11/138 kBProgress (5): 0.7/1.7 MB | 0.4/14 MB | 74/218 kB | 274/920 kB | 11/138 kBProgress (5): 0.7/1.7 MB | 0.4/14 MB | 74/218 kB | 274/920 kB | 11/138 kBProgress (5): 0.7/1.7 MB | 0.4/14 MB | 74/218 kB | 290/920 kB | 11/138 kBProgress (5): 0.7/1.7 MB | 0.4/14 MB | 90/218 kB | 290/920 kB | 11/138 kBProgress (5): 0.7/1.7 MB | 0.4/14 MB | 90/218 kB | 290/920 kB | 28/138 kBProgress (5): 0.7/1.7 MB | 0.4/14 MB | 90/218 kB | 290/920 kB | 44/138 kBProgress (5): 0.7/1.7 MB | 0.4/14 MB | 90/218 kB | 290/920 kB | 44/138 kBProgress (5): 0.7/1.7 MB | 0.4/14 MB | 90/218 kB | 306/920 kB | 44/138 kBProgress (5): 0.7/1.7 MB | 0.4/14 MB | 90/218 kB | 306/920 kB | 44/138 kBProgress (5): 0.7/1.7 MB | 0.4/14 MB | 90/218 kB | 306/920 kB | 61/138 kBProgress (5): 0.7/1.7 MB | 0.4/14 MB | 90/218 kB | 323/920 kB | 61/138 kBProgress (5): 0.7/1.7 MB | 0.4/14 MB | 90/218 kB | 323/920 kB | 61/138 kBProgress (5): 0.7/1.7 MB | 0.4/14 MB | 90/218 kB | 323/920 kB | 77/138 kBProgress (5): 0.7/1.7 MB | 0.4/14 MB | 90/218 kB | 323/920 kB | 77/138 kBProgress (5): 0.7/1.7 MB | 0.4/14 MB | 90/218 kB | 339/920 kB | 77/138 kBProgress (5): 0.7/1.7 MB | 0.4/14 MB | 90/218 kB | 339/920 kB | 77/138 kBProgress (5): 0.7/1.7 MB | 0.5/14 MB | 90/218 kB | 339/920 kB | 77/138 kBProgress (5): 0.7/1.7 MB | 0.5/14 MB | 90/218 kB | 355/920 kB | 77/138 kBProgress (5): 0.8/1.7 MB | 0.5/14 MB | 90/218 kB | 355/920 kB | 77/138 kBProgress (5): 0.8/1.7 MB | 0.5/14 MB | 106/218 kB | 355/920 kB | 77/138 kBProgress (5): 0.8/1.7 MB | 0.5/14 MB | 106/218 kB | 355/920 kB | 77/138 kBProgress (5): 0.8/1.7 MB | 0.5/14 MB | 106/218 kB | 355/920 kB | 77/138 kBProgress (5): 0.8/1.7 MB | 0.5/14 MB | 106/218 kB | 372/920 kB | 77/138 kBProgress (5): 0.8/1.7 MB | 0.5/14 MB | 106/218 kB | 388/920 kB | 77/138 kBProgress (5): 0.8/1.7 MB | 0.5/14 MB | 106/218 kB | 388/920 kB | 77/138 kBProgress (5): 0.8/1.7 MB | 0.5/14 MB | 106/218 kB | 388/920 kB | 77/138 kBProgress (5): 0.8/1.7 MB | 0.5/14 MB | 106/218 kB | 405/920 kB | 77/138 kBProgress (5): 0.8/1.7 MB | 0.5/14 MB | 106/218 kB | 405/920 kB | 77/138 kBProgress (5): 0.8/1.7 MB | 0.5/14 MB | 106/218 kB | 405/920 kB | 93/138 kBProgress (5): 0.8/1.7 MB | 0.5/14 MB | 106/218 kB | 421/920 kB | 93/138 kBProgress (5): 0.8/1.7 MB | 0.5/14 MB | 106/218 kB | 421/920 kB | 93/138 kBProgress (5): 0.8/1.7 MB | 0.5/14 MB | 106/218 kB | 421/920 kB | 93/138 kBProgress (5): 0.8/1.7 MB | 0.5/14 MB | 106/218 kB | 421/920 kB | 110/138 kBProgress (5): 0.8/1.7 MB | 0.5/14 MB | 123/218 kB | 421/920 kB | 110/138 kBProgress (5): 0.8/1.7 MB | 0.5/14 MB | 123/218 kB | 437/920 kB | 110/138 kBProgress (5): 0.8/1.7 MB | 0.5/14 MB | 123/218 kB | 437/920 kB | 118/138 kBProgress (5): 0.8/1.7 MB | 0.5/14 MB | 123/218 kB | 437/920 kB | 118/138 kBProgress (5): 0.8/1.7 MB | 0.5/14 MB | 123/218 kB | 437/920 kB | 118/138 kBProgress (5): 0.8/1.7 MB | 0.5/14 MB | 123/218 kB | 454/920 kB | 118/138 kBProgress (5): 0.8/1.7 MB | 0.5/14 MB | 123/218 kB | 454/920 kB | 118/138 kBProgress (5): 0.8/1.7 MB | 0.5/14 MB | 123/218 kB | 454/920 kB | 134/138 kBProgress (5): 0.8/1.7 MB | 0.5/14 MB | 123/218 kB | 454/920 kB | 134/138 kBProgress (5): 0.8/1.7 MB | 0.5/14 MB | 123/218 kB | 470/920 kB | 134/138 kBProgress (5): 0.8/1.7 MB | 0.5/14 MB | 123/218 kB | 470/920 kB | 138 kB    Progress (5): 0.9/1.7 MB | 0.5/14 MB | 123/218 kB | 470/920 kB | 138 kB                                                                       Downloaded from central: https://repo.maven.apache.org/maven2/org/glassfish/jaxb/jaxb-core/4.0.6/jaxb-core-4.0.6.jar (138 kB at 8.0 kB/s)
#16 53.45 Downloading from central: https://repo.maven.apache.org/maven2/org/eclipse/angus/angus-activation/2.0.3/angus-activation-2.0.3.jar
#16 53.48 Progress (4): 0.9/1.7 MB | 0.5/14 MB | 123/218 kB | 487/920 kBProgress (4): 0.9/1.7 MB | 0.5/14 MB | 123/218 kB | 487/920 kBProgress (4): 0.9/1.7 MB | 0.5/14 MB | 123/218 kB | 487/920 kBProgress (4): 0.9/1.7 MB | 0.5/14 MB | 139/218 kB | 487/920 kBProgress (4): 0.9/1.7 MB | 0.5/14 MB | 139/218 kB | 487/920 kBProgress (4): 0.9/1.7 MB | 0.5/14 MB | 139/218 kB | 503/920 kBProgress (4): 0.9/1.7 MB | 0.5/14 MB | 139/218 kB | 503/920 kBProgress (4): 0.9/1.7 MB | 0.6/14 MB | 139/218 kB | 503/920 kBProgress (4): 0.9/1.7 MB | 0.6/14 MB | 139/218 kB | 519/920 kBProgress (4): 0.9/1.7 MB | 0.6/14 MB | 139/218 kB | 519/920 kBProgress (4): 0.9/1.7 MB | 0.6/14 MB | 139/218 kB | 536/920 kBProgress (4): 0.9/1.7 MB | 0.6/14 MB | 139/218 kB | 536/920 kBProgress (4): 0.9/1.7 MB | 0.6/14 MB | 139/218 kB | 536/920 kBProgress (4): 0.9/1.7 MB | 0.6/14 MB | 139/218 kB | 552/920 kBProgress (4): 0.9/1.7 MB | 0.6/14 MB | 139/218 kB | 552/920 kBProgress (4): 1.0/1.7 MB | 0.6/14 MB | 139/218 kB | 552/920 kBProgress (4): 1.0/1.7 MB | 0.6/14 MB | 139/218 kB | 568/920 kBProgress (4): 1.0/1.7 MB | 0.6/14 MB | 139/218 kB | 568/920 kBProgress (4): 1.0/1.7 MB | 0.6/14 MB | 156/218 kB | 568/920 kBProgress (4): 1.0/1.7 MB | 0.6/14 MB | 156/218 kB | 568/920 kBProgress (4): 1.0/1.7 MB | 0.6/14 MB | 156/218 kB | 585/920 kBProgress (4): 1.0/1.7 MB | 0.6/14 MB | 156/218 kB | 585/920 kBProgress (4): 1.0/1.7 MB | 0.6/14 MB | 156/218 kB | 585/920 kBProgress (4): 1.0/1.7 MB | 0.6/14 MB | 156/218 kB | 601/920 kBProgress (4): 1.0/1.7 MB | 0.6/14 MB | 156/218 kB | 601/920 kBProgress (5): 1.0/1.7 MB | 0.6/14 MB | 156/218 kB | 601/920 kB | 7.7/27 kBProgress (5): 1.0/1.7 MB | 0.6/14 MB | 156/218 kB | 601/920 kB | 8.2/27 kBProgress (5): 1.0/1.7 MB | 0.6/14 MB | 156/218 kB | 618/920 kB | 8.2/27 kBProgress (5): 1.0/1.7 MB | 0.6/14 MB | 156/218 kB | 618/920 kB | 8.2/27 kBProgress (5): 1.0/1.7 MB | 0.6/14 MB | 156/218 kB | 618/920 kB | 8.2/27 kBProgress (5): 1.0/1.7 MB | 0.6/14 MB | 156/218 kB | 618/920 kB | 25/27 kB Progress (5): 1.0/1.7 MB | 0.6/14 MB | 156/218 kB | 618/920 kB | 25/27 kBProgress (5): 1.0/1.7 MB | 0.6/14 MB | 172/218 kB | 618/920 kB | 25/27 kBProgress (5): 1.0/1.7 MB | 0.6/14 MB | 172/218 kB | 634/920 kB | 25/27 kBProgress (5): 1.0/1.7 MB | 0.6/14 MB | 172/218 kB | 634/920 kB | 27 kB   Progress (5): 1.0/1.7 MB | 0.6/14 MB | 172/218 kB | 634/920 kB | 27 kB                                                                      Downloaded from central: https://repo.maven.apache.org/maven2/org/eclipse/angus/angus-activation/2.0.3/angus-activation-2.0.3.jar (27 kB at 1.5 kB/s)
#16 53.73 Downloading from central: https://repo.maven.apache.org/maven2/org/glassfish/jaxb/txw2/4.0.6/txw2-4.0.6.jar
#16 53.74 Progress (4): 1.0/1.7 MB | 0.6/14 MB | 172/218 kB | 650/920 kBProgress (4): 1.0/1.7 MB | 0.7/14 MB | 172/218 kB | 650/920 kBProgress (4): 1.1/1.7 MB | 0.7/14 MB | 172/218 kB | 650/920 kBProgress (4): 1.1/1.7 MB | 0.7/14 MB | 172/218 kB | 667/920 kBProgress (4): 1.1/1.7 MB | 0.7/14 MB | 172/218 kB | 667/920 kBProgress (4): 1.1/1.7 MB | 0.7/14 MB | 172/218 kB | 667/920 kBProgress (4): 1.1/1.7 MB | 0.7/14 MB | 188/218 kB | 667/920 kBProgress (4): 1.1/1.7 MB | 0.7/14 MB | 188/218 kB | 683/920 kBProgress (4): 1.1/1.7 MB | 0.7/14 MB | 188/218 kB | 683/920 kBProgress (4): 1.1/1.7 MB | 0.7/14 MB | 188/218 kB | 683/920 kBProgress (4): 1.1/1.7 MB | 0.7/14 MB | 188/218 kB | 700/920 kBProgress (4): 1.1/1.7 MB | 0.7/14 MB | 188/218 kB | 700/920 kBProgress (4): 1.1/1.7 MB | 0.7/14 MB | 188/218 kB | 716/920 kBProgress (4): 1.1/1.7 MB | 0.7/14 MB | 188/218 kB | 716/920 kBProgress (4): 1.1/1.7 MB | 0.7/14 MB | 188/218 kB | 716/920 kBProgress (4): 1.1/1.7 MB | 0.7/14 MB | 188/218 kB | 732/920 kBProgress (4): 1.1/1.7 MB | 0.7/14 MB | 188/218 kB | 732/920 kBProgress (4): 1.1/1.7 MB | 0.7/14 MB | 205/218 kB | 732/920 kBProgress (4): 1.1/1.7 MB | 0.7/14 MB | 205/218 kB | 732/920 kBProgress (4): 1.1/1.7 MB | 0.7/14 MB | 205/218 kB | 749/920 kBProgress (4): 1.2/1.7 MB | 0.7/14 MB | 205/218 kB | 749/920 kBProgress (5): 1.2/1.7 MB | 0.7/14 MB | 205/218 kB | 749/920 kB | 3.2/73 kBProgress (5): 1.2/1.7 MB | 0.7/14 MB | 205/218 kB | 765/920 kB | 3.2/73 kBProgress (5): 1.2/1.7 MB | 0.7/14 MB | 205/218 kB | 765/920 kB | 3.2/73 kBProgress (5): 1.2/1.7 MB | 0.7/14 MB | 205/218 kB | 765/920 kB | 3.2/73 kBProgress (5): 1.2/1.7 MB | 0.7/14 MB | 205/218 kB | 765/920 kB | 20/73 kB Progress (5): 1.2/1.7 MB | 0.7/14 MB | 205/218 kB | 781/920 kB | 20/73 kBProgress (5): 1.2/1.7 MB | 0.7/14 MB | 205/218 kB | 781/920 kB | 20/73 kBProgress (5): 1.2/1.7 MB | 0.7/14 MB | 218 kB | 781/920 kB | 20/73 kB                                                                         Downloaded from central: https://repo.maven.apache.org/maven2/org/hibernate/models/hibernate-models/1.0.1/hibernate-models-1.0.1.jar (218 kB at 12 kB/s)
#16 53.96 Downloading from central: https://repo.maven.apache.org/maven2/com/sun/istack/istack-commons-runtime/4.1.2/istack-commons-runtime-4.1.2.jar
#16 54.03 Progress (4): 1.2/1.7 MB | 0.8/14 MB | 781/920 kB | 20/73 kBProgress (4): 1.2/1.7 MB | 0.8/14 MB | 798/920 kB | 20/73 kBProgress (4): 1.2/1.7 MB | 0.8/14 MB | 798/920 kB | 36/73 kBProgress (4): 1.2/1.7 MB | 0.8/14 MB | 798/920 kB | 36/73 kBProgress (4): 1.2/1.7 MB | 0.8/14 MB | 814/920 kB | 36/73 kBProgress (4): 1.2/1.7 MB | 0.8/14 MB | 814/920 kB | 36/73 kBProgress (4): 1.2/1.7 MB | 0.8/14 MB | 814/920 kB | 52/73 kBProgress (4): 1.2/1.7 MB | 0.8/14 MB | 814/920 kB | 52/73 kBProgress (4): 1.2/1.7 MB | 0.8/14 MB | 831/920 kB | 52/73 kBProgress (4): 1.2/1.7 MB | 0.8/14 MB | 831/920 kB | 52/73 kBProgress (4): 1.2/1.7 MB | 0.8/14 MB | 831/920 kB | 61/73 kBProgress (4): 1.2/1.7 MB | 0.8/14 MB | 847/920 kB | 61/73 kBProgress (4): 1.2/1.7 MB | 0.8/14 MB | 847/920 kB | 61/73 kBProgress (4): 1.2/1.7 MB | 0.8/14 MB | 847/920 kB | 61/73 kBProgress (4): 1.2/1.7 MB | 0.8/14 MB | 847/920 kB | 73 kB                                                            Downloaded from central: https://repo.maven.apache.org/maven2/org/glassfish/jaxb/txw2/4.0.6/txw2-4.0.6.jar (73 kB at 4.1 kB/s)
#16 54.12 Progress (3): 1.2/1.7 MB | 0.8/14 MB | 863/920 kB                                                 Downloading from central: https://repo.maven.apache.org/maven2/jakarta/inject/jakarta.inject-api/2.0.1/jakarta.inject-api-2.0.1.jar
#16 54.19 Progress (3): 1.3/1.7 MB | 0.8/14 MB | 863/920 kBProgress (3): 1.3/1.7 MB | 0.8/14 MB | 880/920 kBProgress (3): 1.3/1.7 MB | 0.8/14 MB | 880/920 kBProgress (3): 1.3/1.7 MB | 0.8/14 MB | 880/920 kBProgress (3): 1.3/1.7 MB | 0.8/14 MB | 896/920 kBProgress (3): 1.3/1.7 MB | 0.8/14 MB | 896/920 kBProgress (3): 1.3/1.7 MB | 0.8/14 MB | 913/920 kBProgress (3): 1.3/1.7 MB | 0.8/14 MB | 913/920 kBProgress (3): 1.3/1.7 MB | 0.8/14 MB | 920 kB                                                 Downloaded from central: https://repo.maven.apache.org/maven2/org/glassfish/jaxb/jaxb-runtime/4.0.6/jaxb-runtime-4.0.6.jar (920 kB at 51 kB/s)
#16 54.21 Downloading from central: https://repo.maven.apache.org/maven2/org/springframework/spring-orm/7.0.7/spring-orm-7.0.7.jar
#16 54.21 Progress (2): 1.3/1.7 MB | 0.8/14 MBProgress (3): 1.3/1.7 MB | 0.8/14 MB | 7.7/26 kBProgress (3): 1.3/1.7 MB | 0.8/14 MB | 12/26 kB Progress (3): 1.3/1.7 MB | 0.8/14 MB | 12/26 kBProgress (3): 1.3/1.7 MB | 0.9/14 MB | 12/26 kBProgress (3): 1.3/1.7 MB | 0.9/14 MB | 12/26 kBProgress (3): 1.3/1.7 MB | 0.9/14 MB | 12/26 kBProgress (3): 1.3/1.7 MB | 0.9/14 MB | 26 kB                                               Downloaded from central: https://repo.maven.apache.org/maven2/com/sun/istack/istack-commons-runtime/4.1.2/istack-commons-runtime-4.1.2.jar (26 kB at 1.4 kB/s)
#16 54.28 Downloading from central: https://repo.maven.apache.org/maven2/org/springframework/data/spring-data-jpa/4.0.5/spring-data-jpa-4.0.5.jar
#16 54.28 Progress (2): 1.3/1.7 MB | 0.9/14 MBProgress (2): 1.4/1.7 MB | 0.9/14 MBProgress (2): 1.4/1.7 MB | 0.9/14 MBProgress (3): 1.4/1.7 MB | 0.9/14 MB | 7.7/11 kBProgress (3): 1.4/1.7 MB | 0.9/14 MB | 11 kB    Progress (3): 1.4/1.7 MB | 0.9/14 MB | 11 kB                                            Downloaded from central: https://repo.maven.apache.org/maven2/jakarta/inject/jakarta.inject-api/2.0.1/jakarta.inject-api-2.0.1.jar (11 kB at 589 B/s)
#16 54.30 Downloading from central: https://repo.maven.apache.org/maven2/org/antlr/antlr4-runtime/4.13.2/antlr4-runtime-4.13.2.jar
#16 54.35 Progress (2): 1.4/1.7 MB | 0.9/14 MBProgress (2): 1.4/1.7 MB | 0.9/14 MBProgress (3): 1.4/1.7 MB | 0.9/14 MB | 3.2/225 kBProgress (3): 1.4/1.7 MB | 0.9/14 MB | 11/225 kB Progress (3): 1.4/1.7 MB | 0.9/14 MB | 11/225 kBProgress (3): 1.4/1.7 MB | 0.9/14 MB | 11/225 kBProgress (3): 1.4/1.7 MB | 0.9/14 MB | 28/225 kBProgress (3): 1.4/1.7 MB | 0.9/14 MB | 44/225 kBProgress (3): 1.4/1.7 MB | 0.9/14 MB | 44/225 kBProgress (3): 1.4/1.7 MB | 0.9/14 MB | 44/225 kBProgress (4): 1.4/1.7 MB | 0.9/14 MB | 44/225 kB | 3.2/326 kBProgress (4): 1.4/1.7 MB | 0.9/14 MB | 61/225 kB | 3.2/326 kBProgress (4): 1.4/1.7 MB | 0.9/14 MB | 61/225 kB | 3.2/326 kBProgress (4): 1.4/1.7 MB | 0.9/14 MB | 61/225 kB | 20/326 kB Progress (4): 1.4/1.7 MB | 1.0/14 MB | 61/225 kB | 20/326 kBProgress (4): 1.4/1.7 MB | 1.0/14 MB | 61/225 kB | 20/326 kBProgress (4): 1.4/1.7 MB | 1.0/14 MB | 77/225 kB | 20/326 kBProgress (4): 1.4/1.7 MB | 1.0/14 MB | 93/225 kB | 20/326 kBProgress (4): 1.5/1.7 MB | 1.0/14 MB | 93/225 kB | 20/326 kBProgress (4): 1.5/1.7 MB | 1.0/14 MB | 93/225 kB | 20/326 kBProgress (5): 1.5/1.7 MB | 1.0/14 MB | 93/225 kB | 20/326 kB | 0/2.2 MBProgress (5): 1.5/1.7 MB | 1.0/14 MB | 102/225 kB | 20/326 kB | 0/2.2 MBProgress (5): 1.5/1.7 MB | 1.0/14 MB | 102/225 kB | 20/326 kB | 0/2.2 MBProgress (5): 1.5/1.7 MB | 1.0/14 MB | 102/225 kB | 36/326 kB | 0/2.2 MBProgress (5): 1.5/1.7 MB | 1.0/14 MB | 102/225 kB | 36/326 kB | 0/2.2 MBProgress (5): 1.5/1.7 MB | 1.0/14 MB | 118/225 kB | 36/326 kB | 0/2.2 MBProgress (5): 1.5/1.7 MB | 1.0/14 MB | 118/225 kB | 36/326 kB | 0/2.2 MBProgress (5): 1.5/1.7 MB | 1.0/14 MB | 118/225 kB | 44/326 kB | 0/2.2 MBProgress (5): 1.5/1.7 MB | 1.0/14 MB | 118/225 kB | 44/326 kB | 0/2.2 MBProgress (5): 1.5/1.7 MB | 1.0/14 MB | 134/225 kB | 44/326 kB | 0/2.2 MBProgress (5): 1.5/1.7 MB | 1.0/14 MB | 134/225 kB | 44/326 kB | 0/2.2 MBProgress (5): 1.5/1.7 MB | 1.0/14 MB | 134/225 kB | 44/326 kB | 0/2.2 MBProgress (5): 1.5/1.7 MB | 1.0/14 MB | 134/225 kB | 61/326 kB | 0/2.2 MBProgress (5): 1.5/1.7 MB | 1.0/14 MB | 151/225 kB | 61/326 kB | 0/2.2 MBProgress (5): 1.5/1.7 MB | 1.0/14 MB | 151/225 kB | 69/326 kB | 0/2.2 MBProgress (5): 1.5/1.7 MB | 1.0/14 MB | 151/225 kB | 69/326 kB | 0/2.2 MBProgress (5): 1.5/1.7 MB | 1.0/14 MB | 167/225 kB | 69/326 kB | 0/2.2 MBProgress (5): 1.5/1.7 MB | 1.0/14 MB | 167/225 kB | 69/326 kB | 0/2.2 MBProgress (5): 1.5/1.7 MB | 1.0/14 MB | 167/225 kB | 77/326 kB | 0/2.2 MBProgress (5): 1.5/1.7 MB | 1.0/14 MB | 183/225 kB | 77/326 kB | 0/2.2 MBProgress (5): 1.5/1.7 MB | 1.0/14 MB | 183/225 kB | 77/326 kB | 0/2.2 MBProgress (5): 1.5/1.7 MB | 1.0/14 MB | 183/225 kB | 77/326 kB | 0/2.2 MBProgress (5): 1.6/1.7 MB | 1.0/14 MB | 183/225 kB | 77/326 kB | 0/2.2 MBProgress (5): 1.6/1.7 MB | 1.0/14 MB | 200/225 kB | 77/326 kB | 0/2.2 MBProgress (5): 1.6/1.7 MB | 1.0/14 MB | 200/225 kB | 77/326 kB | 0/2.2 MBProgress (5): 1.6/1.7 MB | 1.0/14 MB | 200/225 kB | 93/326 kB | 0/2.2 MBProgress (5): 1.6/1.7 MB | 1.0/14 MB | 200/225 kB | 93/326 kB | 0/2.2 MBProgress (5): 1.6/1.7 MB | 1.0/14 MB | 200/225 kB | 93/326 kB | 0/2.2 MBProgress (5): 1.6/1.7 MB | 1.0/14 MB | 216/225 kB | 93/326 kB | 0/2.2 MBProgress (5): 1.6/1.7 MB | 1.0/14 MB | 216/225 kB | 93/326 kB | 0/2.2 MBProgress (5): 1.6/1.7 MB | 1.0/14 MB | 216/225 kB | 110/326 kB | 0/2.2 MBProgress (5): 1.6/1.7 MB | 1.1/14 MB | 216/225 kB | 110/326 kB | 0/2.2 MBProgress (5): 1.6/1.7 MB | 1.1/14 MB | 225 kB | 110/326 kB | 0/2.2 MB                                                                         Downloaded from central: https://repo.maven.apache.org/maven2/org/springframework/spring-orm/7.0.7/spring-orm-7.0.7.jar (225 kB at 12 kB/s)
#16 54.85 Downloading from central: https://repo.maven.apache.org/maven2/org/springframework/spring-aspects/7.0.7/spring-aspects-7.0.7.jar
#16 54.99 Progress (4): 1.6/1.7 MB | 1.1/14 MB | 110/326 kB | 0/2.2 MBProgress (4): 1.6/1.7 MB | 1.1/14 MB | 110/326 kB | 0/2.2 MBProgress (4): 1.6/1.7 MB | 1.1/14 MB | 110/326 kB | 0/2.2 MBProgress (4): 1.6/1.7 MB | 1.1/14 MB | 110/326 kB | 0/2.2 MBProgress (4): 1.6/1.7 MB | 1.1/14 MB | 110/326 kB | 0/2.2 MBProgress (4): 1.6/1.7 MB | 1.1/14 MB | 110/326 kB | 0.1/2.2 MBProgress (4): 1.6/1.7 MB | 1.1/14 MB | 126/326 kB | 0.1/2.2 MBProgress (4): 1.6/1.7 MB | 1.1/14 MB | 134/326 kB | 0.1/2.2 MBProgress (4): 1.6/1.7 MB | 1.1/14 MB | 134/326 kB | 0.1/2.2 MBProgress (4): 1.6/1.7 MB | 1.1/14 MB | 134/326 kB | 0.1/2.2 MBProgress (4): 1.7/1.7 MB | 1.1/14 MB | 134/326 kB | 0.1/2.2 MBProgress (4): 1.7/1.7 MB | 1.1/14 MB | 151/326 kB | 0.1/2.2 MBProgress (4): 1.7/1.7 MB | 1.1/14 MB | 151/326 kB | 0.1/2.2 MBProgress (4): 1.7/1.7 MB | 1.1/14 MB | 151/326 kB | 0.1/2.2 MBProgress (4): 1.7/1.7 MB | 1.1/14 MB | 151/326 kB | 0.1/2.2 MBProgress (4): 1.7 MB | 1.1/14 MB | 151/326 kB | 0.1/2.2 MB    Progress (4): 1.7 MB | 1.1/14 MB | 151/326 kB | 0.1/2.2 MB                                                          Downloaded from central: https://repo.maven.apache.org/maven2/org/springframework/data/spring-data-commons/4.0.5/spring-data-commons-4.0.5.jar (1.7 MB at 90 kB/s)
#16 55.08 Downloading from central: https://repo.maven.apache.org/maven2/org/aspectj/aspectjweaver/1.9.25.1/aspectjweaver-1.9.25.1.jar
#16 55.12 Progress (3): 1.1/14 MB | 167/326 kB | 0.1/2.2 MBProgress (4): 1.1/14 MB | 167/326 kB | 0.1/2.2 MB | 3.2/50 kBProgress (4): 1.1/14 MB | 167/326 kB | 0.1/2.2 MB | 20/50 kB Progress (4): 1.1/14 MB | 167/326 kB | 0.1/2.2 MB | 36/50 kBProgress (4): 1.1/14 MB | 167/326 kB | 0.1/2.2 MB | 50 kB                                                            Downloaded from central: https://repo.maven.apache.org/maven2/org/springframework/spring-aspects/7.0.7/spring-aspects-7.0.7.jar (50 kB at 2.6 kB/s)
#16 55.13 Downloading from central: https://repo.maven.apache.org/maven2/org/springframework/boot/spring-boot-jdbc/4.0.6/spring-boot-jdbc-4.0.6.jar
#16 55.22 Progress (3): 1.1/14 MB | 183/326 kB | 0.1/2.2 MBProgress (3): 1.2/14 MB | 183/326 kB | 0.1/2.2 MBProgress (3): 1.2/14 MB | 200/326 kB | 0.1/2.2 MBProgress (3): 1.2/14 MB | 200/326 kB | 0.1/2.2 MBProgress (3): 1.2/14 MB | 200/326 kB | 0.1/2.2 MBProgress (3): 1.2/14 MB | 216/326 kB | 0.1/2.2 MBProgress (3): 1.2/14 MB | 216/326 kB | 0.1/2.2 MBProgress (3): 1.2/14 MB | 216/326 kB | 0.1/2.2 MBProgress (3): 1.2/14 MB | 233/326 kB | 0.1/2.2 MBProgress (4): 1.2/14 MB | 233/326 kB | 0.1/2.2 MB | 0/2.2 MBProgress (4): 1.2/14 MB | 233/326 kB | 0.1/2.2 MB | 0/2.2 MBProgress (4): 1.2/14 MB | 233/326 kB | 0.1/2.2 MB | 0/2.2 MBProgress (5): 1.2/14 MB | 233/326 kB | 0.1/2.2 MB | 0/2.2 MB | 3.2/201 kBProgress (5): 1.2/14 MB | 233/326 kB | 0.1/2.2 MB | 0/2.2 MB | 3.2/201 kBProgress (5): 1.2/14 MB | 233/326 kB | 0.1/2.2 MB | 0/2.2 MB | 3.2/201 kBProgress (5): 1.2/14 MB | 233/326 kB | 0.1/2.2 MB | 0/2.2 MB | 20/201 kB Progress (5): 1.2/14 MB | 233/326 kB | 0.1/2.2 MB | 0/2.2 MB | 20/201 kBProgress (5): 1.2/14 MB | 233/326 kB | 0.1/2.2 MB | 0/2.2 MB | 36/201 kBProgress (5): 1.2/14 MB | 249/326 kB | 0.1/2.2 MB | 0/2.2 MB | 36/201 kBProgress (5): 1.2/14 MB | 249/326 kB | 0.1/2.2 MB | 0.1/2.2 MB | 36/201 kBProgress (5): 1.2/14 MB | 249/326 kB | 0.1/2.2 MB | 0.1/2.2 MB | 52/201 kBProgress (5): 1.2/14 MB | 249/326 kB | 0.1/2.2 MB | 0.1/2.2 MB | 52/201 kBProgress (5): 1.2/14 MB | 249/326 kB | 0.1/2.2 MB | 0.1/2.2 MB | 52/201 kBProgress (5): 1.2/14 MB | 249/326 kB | 0.1/2.2 MB | 0.1/2.2 MB | 52/201 kBProgress (5): 1.2/14 MB | 249/326 kB | 0.1/2.2 MB | 0.1/2.2 MB | 61/201 kBProgress (5): 1.2/14 MB | 249/326 kB | 0.1/2.2 MB | 0.1/2.2 MB | 77/201 kBProgress (5): 1.2/14 MB | 249/326 kB | 0.1/2.2 MB | 0.1/2.2 MB | 77/201 kBProgress (5): 1.2/14 MB | 265/326 kB | 0.1/2.2 MB | 0.1/2.2 MB | 77/201 kBProgress (5): 1.2/14 MB | 265/326 kB | 0.1/2.2 MB | 0.1/2.2 MB | 77/201 kBProgress (5): 1.2/14 MB | 265/326 kB | 0.1/2.2 MB | 0.1/2.2 MB | 93/201 kBProgress (5): 1.2/14 MB | 265/326 kB | 0.1/2.2 MB | 0.1/2.2 MB | 93/201 kBProgress (5): 1.2/14 MB | 265/326 kB | 0.1/2.2 MB | 0.1/2.2 MB | 110/201 kBProgress (5): 1.2/14 MB | 265/326 kB | 0.1/2.2 MB | 0.1/2.2 MB | 110/201 kBProgress (5): 1.3/14 MB | 265/326 kB | 0.1/2.2 MB | 0.1/2.2 MB | 110/201 kBProgress (5): 1.3/14 MB | 282/326 kB | 0.1/2.2 MB | 0.1/2.2 MB | 110/201 kBProgress (5): 1.3/14 MB | 282/326 kB | 0.1/2.2 MB | 0.1/2.2 MB | 110/201 kBProgress (5): 1.3/14 MB | 282/326 kB | 0.1/2.2 MB | 0.1/2.2 MB | 110/201 kBProgress (5): 1.3/14 MB | 298/326 kB | 0.1/2.2 MB | 0.1/2.2 MB | 110/201 kBProgress (5): 1.3/14 MB | 298/326 kB | 0.1/2.2 MB | 0.1/2.2 MB | 110/201 kBProgress (5): 1.3/14 MB | 298/326 kB | 0.1/2.2 MB | 0.1/2.2 MB | 126/201 kBProgress (5): 1.3/14 MB | 298/326 kB | 0.1/2.2 MB | 0.1/2.2 MB | 126/201 kBProgress (5): 1.3/14 MB | 314/326 kB | 0.1/2.2 MB | 0.1/2.2 MB | 126/201 kBProgress (5): 1.3/14 MB | 314/326 kB | 0.1/2.2 MB | 0.1/2.2 MB | 142/201 kBProgress (5): 1.3/14 MB | 314/326 kB | 0.1/2.2 MB | 0.2/2.2 MB | 142/201 kBProgress (5): 1.3/14 MB | 314/326 kB | 0.1/2.2 MB | 0.2/2.2 MB | 142/201 kBProgress (5): 1.3/14 MB | 314/326 kB | 0.2/2.2 MB | 0.2/2.2 MB | 142/201 kBProgress (5): 1.3/14 MB | 326 kB | 0.2/2.2 MB | 0.2/2.2 MB | 142/201 kB                                                                           Downloaded from central: https://repo.maven.apache.org/maven2/org/antlr/antlr4-runtime/4.13.2/antlr4-runtime-4.13.2.jar (326 kB at 17 kB/s)
#16 55.63 Downloading from central: https://repo.maven.apache.org/maven2/org/springframework/boot/spring-boot-sql/4.0.6/spring-boot-sql-4.0.6.jar
#16 55.63 Progress (4): 1.3/14 MB | 0.2/2.2 MB | 0.2/2.2 MB | 159/201 kBProgress (4): 1.3/14 MB | 0.2/2.2 MB | 0.2/2.2 MB | 159/201 kBProgress (4): 1.3/14 MB | 0.2/2.2 MB | 0.2/2.2 MB | 159/201 kBProgress (4): 1.3/14 MB | 0.2/2.2 MB | 0.2/2.2 MB | 175/201 kBProgress (4): 1.3/14 MB | 0.2/2.2 MB | 0.2/2.2 MB | 175/201 kBProgress (4): 1.3/14 MB | 0.2/2.2 MB | 0.2/2.2 MB | 192/201 kBProgress (4): 1.3/14 MB | 0.2/2.2 MB | 0.2/2.2 MB | 201 kB                                                              Downloaded from central: https://repo.maven.apache.org/maven2/org/springframework/boot/spring-boot-jdbc/4.0.6/spring-boot-jdbc-4.0.6.jar (201 kB at 10 kB/s)
#16 55.69 Downloading from central: https://repo.maven.apache.org/maven2/org/springframework/spring-jdbc/7.0.7/spring-jdbc-7.0.7.jar
#16 55.69 Progress (3): 1.3/14 MB | 0.2/2.2 MB | 0.2/2.2 MBProgress (3): 1.3/14 MB | 0.2/2.2 MB | 0.2/2.2 MBProgress (3): 1.3/14 MB | 0.2/2.2 MB | 0.2/2.2 MBProgress (3): 1.3/14 MB | 0.2/2.2 MB | 0.2/2.2 MBProgress (3): 1.3/14 MB | 0.2/2.2 MB | 0.2/2.2 MBProgress (3): 1.3/14 MB | 0.2/2.2 MB | 0.2/2.2 MBProgress (3): 1.3/14 MB | 0.2/2.2 MB | 0.2/2.2 MBProgress (3): 1.4/14 MB | 0.2/2.2 MB | 0.2/2.2 MBProgress (3): 1.4/14 MB | 0.2/2.2 MB | 0.3/2.2 MBProgress (3): 1.4/14 MB | 0.2/2.2 MB | 0.3/2.2 MBProgress (3): 1.4/14 MB | 0.2/2.2 MB | 0.3/2.2 MBProgress (3): 1.4/14 MB | 0.2/2.2 MB | 0.3/2.2 MBProgress (3): 1.4/14 MB | 0.2/2.2 MB | 0.3/2.2 MBProgress (3): 1.4/14 MB | 0.2/2.2 MB | 0.3/2.2 MBProgress (4): 1.4/14 MB | 0.2/2.2 MB | 0.3/2.2 MB | 7.7/36 kBProgress (4): 1.4/14 MB | 0.2/2.2 MB | 0.3/2.2 MB | 11/36 kB Progress (4): 1.4/14 MB | 0.2/2.2 MB | 0.3/2.2 MB | 11/36 kBProgress (4): 1.4/14 MB | 0.2/2.2 MB | 0.3/2.2 MB | 11/36 kBProgress (4): 1.4/14 MB | 0.2/2.2 MB | 0.3/2.2 MB | 11/36 kBProgress (5): 1.4/14 MB | 0.2/2.2 MB | 0.3/2.2 MB | 11/36 kB | 3.2/481 kBProgress (5): 1.4/14 MB | 0.2/2.2 MB | 0.3/2.2 MB | 11/36 kB | 20/481 kB Progress (5): 1.4/14 MB | 0.2/2.2 MB | 0.3/2.2 MB | 28/36 kB | 20/481 kBProgress (5): 1.4/14 MB | 0.2/2.2 MB | 0.3/2.2 MB | 28/36 kB | 28/481 kBProgress (5): 1.4/14 MB | 0.2/2.2 MB | 0.3/2.2 MB | 28/36 kB | 28/481 kBProgress (5): 1.4/14 MB | 0.2/2.2 MB | 0.3/2.2 MB | 36 kB | 28/481 kB                                                                        Downloaded from central: https://repo.maven.apache.org/maven2/org/springframework/boot/spring-boot-sql/4.0.6/spring-boot-sql-4.0.6.jar (36 kB at 1.8 kB/s)
#16 55.88 Downloading from central: https://repo.maven.apache.org/maven2/org/springframework/boot/spring-boot-starter-webmvc/4.0.6/spring-boot-starter-webmvc-4.0.6.jar
#16 55.89 Progress (4): 1.4/14 MB | 0.2/2.2 MB | 0.3/2.2 MB | 44/481 kBProgress (4): 1.4/14 MB | 0.2/2.2 MB | 0.3/2.2 MB | 61/481 kBProgress (4): 1.4/14 MB | 0.2/2.2 MB | 0.3/2.2 MB | 69/481 kBProgress (4): 1.4/14 MB | 0.2/2.2 MB | 0.3/2.2 MB | 85/481 kBProgress (4): 1.4/14 MB | 0.2/2.2 MB | 0.3/2.2 MB | 93/481 kBProgress (4): 1.4/14 MB | 0.2/2.2 MB | 0.3/2.2 MB | 110/481 kBProgress (4): 1.4/14 MB | 0.2/2.2 MB | 0.3/2.2 MB | 110/481 kBProgress (4): 1.4/14 MB | 0.2/2.2 MB | 0.3/2.2 MB | 110/481 kBProgress (4): 1.4/14 MB | 0.2/2.2 MB | 0.4/2.2 MB | 110/481 kBProgress (4): 1.4/14 MB | 0.2/2.2 MB | 0.4/2.2 MB | 118/481 kBProgress (4): 1.4/14 MB | 0.2/2.2 MB | 0.4/2.2 MB | 118/481 kBProgress (5): 1.4/14 MB | 0.2/2.2 MB | 0.4/2.2 MB | 118/481 kB | 4.7 kBProgress (5): 1.4/14 MB | 0.2/2.2 MB | 0.4/2.2 MB | 118/481 kB | 4.7 kB                                                                       Downloaded from central: https://repo.maven.apache.org/maven2/org/springframework/boot/spring-boot-starter-webmvc/4.0.6/spring-boot-starter-webmvc-4.0.6.jar (4.7 kB at 239 B/s)
#16 56.05 Downloading from central: https://repo.maven.apache.org/maven2/org/springframework/boot/spring-boot-starter-jackson/4.0.6/spring-boot-starter-jackson-4.0.6.jar
#16 56.05 Progress (4): 1.4/14 MB | 0.2/2.2 MB | 0.4/2.2 MB | 134/481 kBProgress (4): 1.4/14 MB | 0.2/2.2 MB | 0.4/2.2 MB | 134/481 kBProgress (4): 1.4/14 MB | 0.2/2.2 MB | 0.4/2.2 MB | 142/481 kBProgress (4): 1.4/14 MB | 0.2/2.2 MB | 0.4/2.2 MB | 142/481 kBProgress (4): 1.4/14 MB | 0.2/2.2 MB | 0.4/2.2 MB | 151/481 kBProgress (4): 1.5/14 MB | 0.2/2.2 MB | 0.4/2.2 MB | 151/481 kBProgress (4): 1.5/14 MB | 0.2/2.2 MB | 0.4/2.2 MB | 151/481 kBProgress (4): 1.5/14 MB | 0.2/2.2 MB | 0.4/2.2 MB | 167/481 kBProgress (4): 1.5/14 MB | 0.2/2.2 MB | 0.4/2.2 MB | 167/481 kBProgress (4): 1.5/14 MB | 0.2/2.2 MB | 0.4/2.2 MB | 183/481 kBProgress (4): 1.5/14 MB | 0.2/2.2 MB | 0.4/2.2 MB | 183/481 kBProgress (4): 1.5/14 MB | 0.2/2.2 MB | 0.4/2.2 MB | 183/481 kBProgress (4): 1.5/14 MB | 0.2/2.2 MB | 0.4/2.2 MB | 200/481 kBProgress (4): 1.5/14 MB | 0.2/2.2 MB | 0.4/2.2 MB | 200/481 kBProgress (4): 1.5/14 MB | 0.2/2.2 MB | 0.4/2.2 MB | 200/481 kBProgress (4): 1.5/14 MB | 0.2/2.2 MB | 0.4/2.2 MB | 200/481 kBProgress (4): 1.5/14 MB | 0.2/2.2 MB | 0.4/2.2 MB | 216/481 kBProgress (5): 1.5/14 MB | 0.2/2.2 MB | 0.4/2.2 MB | 216/481 kB | 4.7 kB                                                                       Downloaded from central: https://repo.maven.apache.org/maven2/org/springframework/boot/spring-boot-starter-jackson/4.0.6/spring-boot-starter-jackson-4.0.6.jar (4.7 kB at 236 B/s)
#16 56.24 Downloading from central: https://repo.maven.apache.org/maven2/org/springframework/boot/spring-boot-jackson/4.0.6/spring-boot-jackson-4.0.6.jar
#16 56.27 Progress (4): 1.5/14 MB | 0.2/2.2 MB | 0.4/2.2 MB | 233/481 kBProgress (4): 1.5/14 MB | 0.2/2.2 MB | 0.5/2.2 MB | 233/481 kBProgress (4): 1.5/14 MB | 0.2/2.2 MB | 0.5/2.2 MB | 233/481 kBProgress (4): 1.5/14 MB | 0.2/2.2 MB | 0.5/2.2 MB | 233/481 kBProgress (4): 1.5/14 MB | 0.2/2.2 MB | 0.5/2.2 MB | 249/481 kBProgress (4): 1.5/14 MB | 0.2/2.2 MB | 0.5/2.2 MB | 249/481 kBProgress (4): 1.5/14 MB | 0.2/2.2 MB | 0.5/2.2 MB | 265/481 kBProgress (4): 1.5/14 MB | 0.2/2.2 MB | 0.5/2.2 MB | 265/481 kBProgress (4): 1.5/14 MB | 0.2/2.2 MB | 0.5/2.2 MB | 274/481 kBProgress (4): 1.5/14 MB | 0.3/2.2 MB | 0.5/2.2 MB | 274/481 kBProgress (4): 1.5/14 MB | 0.3/2.2 MB | 0.5/2.2 MB | 274/481 kBProgress (4): 1.6/14 MB | 0.3/2.2 MB | 0.5/2.2 MB | 274/481 kBProgress (4): 1.6/14 MB | 0.3/2.2 MB | 0.5/2.2 MB | 290/481 kBProgress (4): 1.6/14 MB | 0.3/2.2 MB | 0.5/2.2 MB | 306/481 kBProgress (4): 1.6/14 MB | 0.3/2.2 MB | 0.5/2.2 MB | 306/481 kBProgress (4): 1.6/14 MB | 0.3/2.2 MB | 0.5/2.2 MB | 306/481 kBProgress (4): 1.6/14 MB | 0.3/2.2 MB | 0.5/2.2 MB | 323/481 kBProgress (4): 1.6/14 MB | 0.3/2.2 MB | 0.5/2.2 MB | 323/481 kBProgress (4): 1.6/14 MB | 0.3/2.2 MB | 0.5/2.2 MB | 323/481 kBProgress (4): 1.6/14 MB | 0.3/2.2 MB | 0.5/2.2 MB | 323/481 kBProgress (4): 1.6/14 MB | 0.3/2.2 MB | 0.5/2.2 MB | 339/481 kBProgress (4): 1.6/14 MB | 0.3/2.2 MB | 0.6/2.2 MB | 339/481 kBProgress (4): 1.6/14 MB | 0.3/2.2 MB | 0.6/2.2 MB | 339/481 kBProgress (4): 1.6/14 MB | 0.3/2.2 MB | 0.6/2.2 MB | 355/481 kBProgress (4): 1.6/14 MB | 0.3/2.2 MB | 0.6/2.2 MB | 355/481 kBProgress (5): 1.6/14 MB | 0.3/2.2 MB | 0.6/2.2 MB | 355/481 kB | 7.7/68 kBProgress (5): 1.6/14 MB | 0.3/2.2 MB | 0.6/2.2 MB | 355/481 kB | 11/68 kB Progress (5): 1.6/14 MB | 0.3/2.2 MB | 0.6/2.2 MB | 372/481 kB | 11/68 kBProgress (5): 1.6/14 MB | 0.3/2.2 MB | 0.6/2.2 MB | 372/481 kB | 11/68 kBProgress (5): 1.6/14 MB | 0.3/2.2 MB | 0.6/2.2 MB | 372/481 kB | 11/68 kBProgress (5): 1.6/14 MB | 0.3/2.2 MB | 0.6/2.2 MB | 372/481 kB | 11/68 kBProgress (5): 1.6/14 MB | 0.3/2.2 MB | 0.6/2.2 MB | 388/481 kB | 11/68 kBProgress (5): 1.6/14 MB | 0.3/2.2 MB | 0.6/2.2 MB | 388/481 kB | 11/68 kBProgress (5): 1.6/14 MB | 0.3/2.2 MB | 0.6/2.2 MB | 388/481 kB | 11/68 kBProgress (5): 1.6/14 MB | 0.3/2.2 MB | 0.6/2.2 MB | 388/481 kB | 28/68 kBProgress (5): 1.6/14 MB | 0.3/2.2 MB | 0.6/2.2 MB | 405/481 kB | 28/68 kBProgress (5): 1.6/14 MB | 0.3/2.2 MB | 0.6/2.2 MB | 405/481 kB | 28/68 kBProgress (5): 1.7/14 MB | 0.3/2.2 MB | 0.6/2.2 MB | 405/481 kB | 28/68 kBProgress (5): 1.7/14 MB | 0.3/2.2 MB | 0.6/2.2 MB | 421/481 kB | 28/68 kBProgress (5): 1.7/14 MB | 0.3/2.2 MB | 0.6/2.2 MB | 421/481 kB | 44/68 kBProgress (5): 1.7/14 MB | 0.3/2.2 MB | 0.6/2.2 MB | 421/481 kB | 44/68 kBProgress (5): 1.7/14 MB | 0.3/2.2 MB | 0.6/2.2 MB | 437/481 kB | 44/68 kBProgress (5): 1.7/14 MB | 0.3/2.2 MB | 0.6/2.2 MB | 437/481 kB | 44/68 kBProgress (5): 1.7/14 MB | 0.3/2.2 MB | 0.6/2.2 MB | 437/481 kB | 44/68 kBProgress (5): 1.7/14 MB | 0.3/2.2 MB | 0.6/2.2 MB | 437/481 kB | 61/68 kBProgress (5): 1.7/14 MB | 0.3/2.2 MB | 0.7/2.2 MB | 437/481 kB | 61/68 kBProgress (5): 1.7/14 MB | 0.3/2.2 MB | 0.7/2.2 MB | 454/481 kB | 61/68 kBProgress (5): 1.7/14 MB | 0.3/2.2 MB | 0.7/2.2 MB | 470/481 kB | 61/68 kBProgress (5): 1.7/14 MB | 0.3/2.2 MB | 0.7/2.2 MB | 470/481 kB | 68 kB   Progress (5): 1.7/14 MB | 0.3/2.2 MB | 0.7/2.2 MB | 470/481 kB | 68 kBProgress (5): 1.7/14 MB | 0.3/2.2 MB | 0.7/2.2 MB | 481 kB | 68 kB    Progress (5): 1.7/14 MB | 0.3/2.2 MB | 0.7/2.2 MB | 481 kB | 68 kB                                                                  Downloaded from central: https://repo.maven.apache.org/maven2/org/springframework/spring-jdbc/7.0.7/spring-jdbc-7.0.7.jar (481 kB at 23 kB/s)
#16 56.68 Downloading from central: https://repo.maven.apache.org/maven2/tools/jackson/core/jackson-databind/3.1.2/jackson-databind-3.1.2.jar
#16 56.68 Downloaded from central: https://repo.maven.apache.org/maven2/org/springframework/boot/spring-boot-jackson/4.0.6/spring-boot-jackson-4.0.6.jar (68 kB at 3.3 kB/s)
#16 56.68 Downloading from central: https://repo.maven.apache.org/maven2/tools/jackson/core/jackson-core/3.1.2/jackson-core-3.1.2.jar
#16 56.68 Progress (3): 1.7/14 MB | 0.3/2.2 MB | 0.7/2.2 MBProgress (3): 1.7/14 MB | 0.3/2.2 MB | 0.7/2.2 MBProgress (3): 1.7/14 MB | 0.3/2.2 MB | 0.7/2.2 MBProgress (3): 1.7/14 MB | 0.3/2.2 MB | 0.7/2.2 MBProgress (3): 1.7/14 MB | 0.3/2.2 MB | 0.7/2.2 MBProgress (3): 1.7/14 MB | 0.3/2.2 MB | 0.7/2.2 MBProgress (3): 1.7/14 MB | 0.3/2.2 MB | 0.7/2.2 MBProgress (3): 1.7/14 MB | 0.3/2.2 MB | 0.7/2.2 MBProgress (4): 1.7/14 MB | 0.3/2.2 MB | 0.7/2.2 MB | 3.2/600 kBProgress (4): 1.7/14 MB | 0.3/2.2 MB | 0.7/2.2 MB | 3.2/600 kBProgress (4): 1.7/14 MB | 0.3/2.2 MB | 0.7/2.2 MB | 3.2/600 kBProgress (5): 1.7/14 MB | 0.3/2.2 MB | 0.7/2.2 MB | 3.2/600 kB | 0/1.9 MBProgress (5): 1.7/14 MB | 0.3/2.2 MB | 0.7/2.2 MB | 3.2/600 kB | 0/1.9 MBProgress (5): 1.7/14 MB | 0.3/2.2 MB | 0.7/2.2 MB | 3.2/600 kB | 0/1.9 MBProgress (5): 1.8/14 MB | 0.3/2.2 MB | 0.7/2.2 MB | 3.2/600 kB | 0/1.9 MBProgress (5): 1.8/14 MB | 0.3/2.2 MB | 0.8/2.2 MB | 3.2/600 kB | 0/1.9 MBProgress (5): 1.8/14 MB | 0.3/2.2 MB | 0.8/2.2 MB | 20/600 kB | 0/1.9 MB Progress (5): 1.8/14 MB | 0.3/2.2 MB | 0.8/2.2 MB | 20/600 kB | 0/1.9 MBProgress (5): 1.8/14 MB | 0.3/2.2 MB | 0.8/2.2 MB | 20/600 kB | 0/1.9 MBProgress (5): 1.8/14 MB | 0.3/2.2 MB | 0.8/2.2 MB | 20/600 kB | 0/1.9 MBProgress (5): 1.8/14 MB | 0.3/2.2 MB | 0.8/2.2 MB | 36/600 kB | 0/1.9 MBProgress (5): 1.8/14 MB | 0.3/2.2 MB | 0.8/2.2 MB | 36/600 kB | 0/1.9 MBProgress (5): 1.8/14 MB | 0.3/2.2 MB | 0.8/2.2 MB | 36/600 kB | 0.1/1.9 MBProgress (5): 1.8/14 MB | 0.3/2.2 MB | 0.8/2.2 MB | 36/600 kB | 0.1/1.9 MBProgress (5): 1.8/14 MB | 0.3/2.2 MB | 0.8/2.2 MB | 36/600 kB | 0.1/1.9 MBProgress (5): 1.8/14 MB | 0.4/2.2 MB | 0.8/2.2 MB | 36/600 kB | 0.1/1.9 MBProgress (5): 1.8/14 MB | 0.4/2.2 MB | 0.8/2.2 MB | 36/600 kB | 0.1/1.9 MBProgress (5): 1.8/14 MB | 0.4/2.2 MB | 0.8/2.2 MB | 52/600 kB | 0.1/1.9 MBProgress (5): 1.8/14 MB | 0.4/2.2 MB | 0.8/2.2 MB | 52/600 kB | 0.1/1.9 MBProgress (5): 1.8/14 MB | 0.4/2.2 MB | 0.8/2.2 MB | 52/600 kB | 0.1/1.9 MBProgress (5): 1.8/14 MB | 0.4/2.2 MB | 0.8/2.2 MB | 52/600 kB | 0.1/1.9 MBProgress (5): 1.8/14 MB | 0.4/2.2 MB | 0.8/2.2 MB | 52/600 kB | 0.1/1.9 MBProgress (5): 1.8/14 MB | 0.4/2.2 MB | 0.8/2.2 MB | 52/600 kB | 0.1/1.9 MBProgress (5): 1.8/14 MB | 0.4/2.2 MB | 0.8/2.2 MB | 52/600 kB | 0.1/1.9 MBProgress (5): 1.8/14 MB | 0.4/2.2 MB | 0.8/2.2 MB | 69/600 kB | 0.1/1.9 MBProgress (5): 1.8/14 MB | 0.4/2.2 MB | 0.8/2.2 MB | 69/600 kB | 0.1/1.9 MBProgress (5): 1.8/14 MB | 0.4/2.2 MB | 0.8/2.2 MB | 69/600 kB | 0.1/1.9 MBProgress (5): 1.8/14 MB | 0.4/2.2 MB | 0.8/2.2 MB | 69/600 kB | 0.1/1.9 MBProgress (5): 1.8/14 MB | 0.4/2.2 MB | 0.9/2.2 MB | 69/600 kB | 0.1/1.9 MBProgress (5): 1.8/14 MB | 0.4/2.2 MB | 0.9/2.2 MB | 69/600 kB | 0.1/1.9 MBProgress (5): 1.8/14 MB | 0.4/2.2 MB | 0.9/2.2 MB | 69/600 kB | 0.1/1.9 MBProgress (5): 1.8/14 MB | 0.4/2.2 MB | 0.9/2.2 MB | 69/600 kB | 0.1/1.9 MBProgress (5): 1.8/14 MB | 0.4/2.2 MB | 0.9/2.2 MB | 69/600 kB | 0.2/1.9 MBProgress (5): 1.8/14 MB | 0.4/2.2 MB | 0.9/2.2 MB | 85/600 kB | 0.2/1.9 MBProgress (5): 1.8/14 MB | 0.4/2.2 MB | 0.9/2.2 MB | 85/600 kB | 0.2/1.9 MBProgress (5): 1.8/14 MB | 0.4/2.2 MB | 0.9/2.2 MB | 85/600 kB | 0.2/1.9 MBProgress (5): 1.8/14 MB | 0.4/2.2 MB | 0.9/2.2 MB | 85/600 kB | 0.2/1.9 MBProgress (5): 1.9/14 MB | 0.4/2.2 MB | 0.9/2.2 MB | 85/600 kB | 0.2/1.9 MBProgress (5): 1.9/14 MB | 0.4/2.2 MB | 0.9/2.2 MB | 85/600 kB | 0.2/1.9 MBProgress (5): 1.9/14 MB | 0.4/2.2 MB | 0.9/2.2 MB | 102/600 kB | 0.2/1.9 MBProgress (5): 1.9/14 MB | 0.4/2.2 MB | 0.9/2.2 MB | 102/600 kB | 0.2/1.9 MBProgress (5): 1.9/14 MB | 0.4/2.2 MB | 0.9/2.2 MB | 102/600 kB | 0.2/1.9 MBProgress (5): 1.9/14 MB | 0.4/2.2 MB | 0.9/2.2 MB | 102/600 kB | 0.2/1.9 MBProgress (5): 1.9/14 MB | 0.4/2.2 MB | 0.9/2.2 MB | 102/600 kB | 0.2/1.9 MBProgress (5): 1.9/14 MB | 0.4/2.2 MB | 0.9/2.2 MB | 118/600 kB | 0.2/1.9 MBProgress (5): 1.9/14 MB | 0.4/2.2 MB | 0.9/2.2 MB | 118/600 kB | 0.2/1.9 MBProgress (5): 1.9/14 MB | 0.4/2.2 MB | 0.9/2.2 MB | 118/600 kB | 0.2/1.9 MBProgress (5): 1.9/14 MB | 0.4/2.2 MB | 0.9/2.2 MB | 118/600 kB | 0.2/1.9 MBProgress (5): 1.9/14 MB | 0.4/2.2 MB | 1.0/2.2 MB | 118/600 kB | 0.2/1.9 MBProgress (5): 1.9/14 MB | 0.4/2.2 MB | 1.0/2.2 MB | 118/600 kB | 0.2/1.9 MBProgress (5): 1.9/14 MB | 0.4/2.2 MB | 1.0/2.2 MB | 118/600 kB | 0.2/1.9 MBProgress (5): 1.9/14 MB | 0.4/2.2 MB | 1.0/2.2 MB | 134/600 kB | 0.2/1.9 MBProgress (5): 1.9/14 MB | 0.4/2.2 MB | 1.0/2.2 MB | 134/600 kB | 0.2/1.9 MBProgress (5): 1.9/14 MB | 0.4/2.2 MB | 1.0/2.2 MB | 134/600 kB | 0.2/1.9 MBProgress (5): 1.9/14 MB | 0.4/2.2 MB | 1.0/2.2 MB | 134/600 kB | 0.3/1.9 MBProgress (5): 1.9/14 MB | 0.4/2.2 MB | 1.0/2.2 MB | 134/600 kB | 0.3/1.9 MBProgress (5): 1.9/14 MB | 0.4/2.2 MB | 1.0/2.2 MB | 134/600 kB | 0.3/1.9 MBProgress (5): 1.9/14 MB | 0.4/2.2 MB | 1.0/2.2 MB | 134/600 kB | 0.3/1.9 MBProgress (5): 1.9/14 MB | 0.4/2.2 MB | 1.0/2.2 MB | 151/600 kB | 0.3/1.9 MBProgress (5): 1.9/14 MB | 0.4/2.2 MB | 1.0/2.2 MB | 151/600 kB | 0.3/1.9 MBProgress (5): 1.9/14 MB | 0.4/2.2 MB | 1.0/2.2 MB | 151/600 kB | 0.3/1.9 MBProgress (5): 1.9/14 MB | 0.4/2.2 MB | 1.0/2.2 MB | 151/600 kB | 0.3/1.9 MBProgress (5): 1.9/14 MB | 0.4/2.2 MB | 1.0/2.2 MB | 151/600 kB | 0.3/1.9 MBProgress (5): 1.9/14 MB | 0.4/2.2 MB | 1.0/2.2 MB | 151/600 kB | 0.3/1.9 MBProgress (5): 1.9/14 MB | 0.4/2.2 MB | 1.0/2.2 MB | 167/600 kB | 0.3/1.9 MBProgress (5): 1.9/14 MB | 0.4/2.2 MB | 1.0/2.2 MB | 167/600 kB | 0.3/1.9 MBProgress (5): 2.0/14 MB | 0.4/2.2 MB | 1.0/2.2 MB | 167/600 kB | 0.3/1.9 MBProgress (5): 2.0/14 MB | 0.4/2.2 MB | 1.0/2.2 MB | 167/600 kB | 0.3/1.9 MBProgress (5): 2.0/14 MB | 0.4/2.2 MB | 1.0/2.2 MB | 167/600 kB | 0.3/1.9 MBProgress (5): 2.0/14 MB | 0.4/2.2 MB | 1.0/2.2 MB | 167/600 kB | 0.3/1.9 MBProgress (5): 2.0/14 MB | 0.4/2.2 MB | 1.0/2.2 MB | 167/600 kB | 0.3/1.9 MBProgress (5): 2.0/14 MB | 0.4/2.2 MB | 1.0/2.2 MB | 183/600 kB | 0.3/1.9 MBProgress (5): 2.0/14 MB | 0.4/2.2 MB | 1.1/2.2 MB | 183/600 kB | 0.3/1.9 MBProgress (5): 2.0/14 MB | 0.4/2.2 MB | 1.1/2.2 MB | 183/600 kB | 0.3/1.9 MBProgress (5): 2.0/14 MB | 0.4/2.2 MB | 1.1/2.2 MB | 183/600 kB | 0.3/1.9 MBProgress (5): 2.0/14 MB | 0.4/2.2 MB | 1.1/2.2 MB | 183/600 kB | 0.3/1.9 MBProgress (5): 2.0/14 MB | 0.4/2.2 MB | 1.1/2.2 MB | 183/600 kB | 0.4/1.9 MBProgress (5): 2.0/14 MB | 0.4/2.2 MB | 1.1/2.2 MB | 200/600 kB | 0.4/1.9 MBProgress (5): 2.0/14 MB | 0.4/2.2 MB | 1.1/2.2 MB | 200/600 kB | 0.4/1.9 MBProgress (5): 2.0/14 MB | 0.4/2.2 MB | 1.1/2.2 MB | 200/600 kB | 0.4/1.9 MBProgress (5): 2.0/14 MB | 0.4/2.2 MB | 1.1/2.2 MB | 200/600 kB | 0.4/1.9 MBProgress (5): 2.0/14 MB | 0.4/2.2 MB | 1.1/2.2 MB | 200/600 kB | 0.4/1.9 MBProgress (5): 2.0/14 MB | 0.4/2.2 MB | 1.1/2.2 MB | 200/600 kB | 0.4/1.9 MBProgress (5): 2.0/14 MB | 0.5/2.2 MB | 1.1/2.2 MB | 200/600 kB | 0.4/1.9 MBProgress (5): 2.0/14 MB | 0.5/2.2 MB | 1.1/2.2 MB | 216/600 kB | 0.4/1.9 MBProgress (5): 2.0/14 MB | 0.5/2.2 MB | 1.1/2.2 MB | 216/600 kB | 0.4/1.9 MBProgress (5): 2.0/14 MB | 0.5/2.2 MB | 1.1/2.2 MB | 216/600 kB | 0.4/1.9 MBProgress (5): 2.0/14 MB | 0.5/2.2 MB | 1.1/2.2 MB | 233/600 kB | 0.4/1.9 MBProgress (5): 2.0/14 MB | 0.5/2.2 MB | 1.1/2.2 MB | 233/600 kB | 0.4/1.9 MBProgress (5): 2.0/14 MB | 0.5/2.2 MB | 1.1/2.2 MB | 233/600 kB | 0.4/1.9 MBProgress (5): 2.0/14 MB | 0.5/2.2 MB | 1.1/2.2 MB | 233/600 kB | 0.4/1.9 MBProgress (5): 2.0/14 MB | 0.5/2.2 MB | 1.1/2.2 MB | 233/600 kB | 0.4/1.9 MBProgress (5): 2.0/14 MB | 0.5/2.2 MB | 1.1/2.2 MB | 233/600 kB | 0.4/1.9 MBProgress (5): 2.1/14 MB | 0.5/2.2 MB | 1.1/2.2 MB | 233/600 kB | 0.4/1.9 MBProgress (5): 2.1/14 MB | 0.5/2.2 MB | 1.2/2.2 MB | 233/600 kB | 0.4/1.9 MBProgress (5): 2.1/14 MB | 0.5/2.2 MB | 1.2/2.2 MB | 233/600 kB | 0.5/1.9 MBProgress (5): 2.1/14 MB | 0.5/2.2 MB | 1.2/2.2 MB | 249/600 kB | 0.5/1.9 MBProgress (5): 2.1/14 MB | 0.5/2.2 MB | 1.2/2.2 MB | 249/600 kB | 0.5/1.9 MBProgress (5): 2.1/14 MB | 0.5/2.2 MB | 1.2/2.2 MB | 249/600 kB | 0.5/1.9 MBProgress (5): 2.1/14 MB | 0.5/2.2 MB | 1.2/2.2 MB | 249/600 kB | 0.5/1.9 MBProgress (5): 2.1/14 MB | 0.5/2.2 MB | 1.2/2.2 MB | 249/600 kB | 0.5/1.9 MBProgress (5): 2.1/14 MB | 0.5/2.2 MB | 1.2/2.2 MB | 265/600 kB | 0.5/1.9 MBProgress (5): 2.1/14 MB | 0.5/2.2 MB | 1.2/2.2 MB | 265/600 kB | 0.5/1.9 MBProgress (5): 2.1/14 MB | 0.5/2.2 MB | 1.2/2.2 MB | 265/600 kB | 0.5/1.9 MBProgress (5): 2.1/14 MB | 0.5/2.2 MB | 1.2/2.2 MB | 265/600 kB | 0.5/1.9 MBProgress (5): 2.1/14 MB | 0.5/2.2 MB | 1.2/2.2 MB | 265/600 kB | 0.5/1.9 MBProgress (5): 2.1/14 MB | 0.5/2.2 MB | 1.2/2.2 MB | 265/600 kB | 0.5/1.9 MBProgress (5): 2.1/14 MB | 0.5/2.2 MB | 1.2/2.2 MB | 265/600 kB | 0.5/1.9 MBProgress (5): 2.1/14 MB | 0.5/2.2 MB | 1.2/2.2 MB | 265/600 kB | 0.5/1.9 MBProgress (5): 2.1/14 MB | 0.5/2.2 MB | 1.2/2.2 MB | 265/600 kB | 0.5/1.9 MBProgress (5): 2.1/14 MB | 0.5/2.2 MB | 1.2/2.2 MB | 282/600 kB | 0.5/1.9 MBProgress (5): 2.1/14 MB | 0.5/2.2 MB | 1.2/2.2 MB | 282/600 kB | 0.5/1.9 MBProgress (5): 2.1/14 MB | 0.5/2.2 MB | 1.2/2.2 MB | 282/600 kB | 0.5/1.9 MBProgress (5): 2.1/14 MB | 0.5/2.2 MB | 1.2/2.2 MB | 282/600 kB | 0.5/1.9 MBProgress (5): 2.1/14 MB | 0.5/2.2 MB | 1.2/2.2 MB | 282/600 kB | 0.5/1.9 MBProgress (5): 2.1/14 MB | 0.5/2.2 MB | 1.2/2.2 MB | 298/600 kB | 0.5/1.9 MBProgress (5): 2.1/14 MB | 0.5/2.2 MB | 1.2/2.2 MB | 298/600 kB | 0.5/1.9 MBProgress (5): 2.1/14 MB | 0.5/2.2 MB | 1.2/2.2 MB | 298/600 kB | 0.5/1.9 MBProgress (5): 2.1/14 MB | 0.5/2.2 MB | 1.2/2.2 MB | 298/600 kB | 0.5/1.9 MBProgress (5): 2.1/14 MB | 0.5/2.2 MB | 1.3/2.2 MB | 298/600 kB | 0.5/1.9 MBProgress (5): 2.2/14 MB | 0.5/2.2 MB | 1.3/2.2 MB | 298/600 kB | 0.5/1.9 MBProgress (5): 2.2/14 MB | 0.5/2.2 MB | 1.3/2.2 MB | 298/600 kB | 0.6/1.9 MBProgress (5): 2.2/14 MB | 0.5/2.2 MB | 1.3/2.2 MB | 314/600 kB | 0.6/1.9 MBProgress (5): 2.2/14 MB | 0.5/2.2 MB | 1.3/2.2 MB | 314/600 kB | 0.6/1.9 MBProgress (5): 2.2/14 MB | 0.5/2.2 MB | 1.3/2.2 MB | 314/600 kB | 0.6/1.9 MBProgress (5): 2.2/14 MB | 0.5/2.2 MB | 1.3/2.2 MB | 314/600 kB | 0.6/1.9 MBProgress (5): 2.2/14 MB | 0.5/2.2 MB | 1.3/2.2 MB | 331/600 kB | 0.6/1.9 MBProgress (5): 2.2/14 MB | 0.5/2.2 MB | 1.3/2.2 MB | 331/600 kB | 0.6/1.9 MBProgress (5): 2.2/14 MB | 0.5/2.2 MB | 1.3/2.2 MB | 331/600 kB | 0.6/1.9 MBProgress (5): 2.2/14 MB | 0.5/2.2 MB | 1.3/2.2 MB | 331/600 kB | 0.6/1.9 MBProgress (5): 2.2/14 MB | 0.5/2.2 MB | 1.3/2.2 MB | 331/600 kB | 0.6/1.9 MBProgress (5): 2.2/14 MB | 0.5/2.2 MB | 1.3/2.2 MB | 331/600 kB | 0.6/1.9 MBProgress (5): 2.2/14 MB | 0.5/2.2 MB | 1.3/2.2 MB | 347/600 kB | 0.6/1.9 MBProgress (5): 2.2/14 MB | 0.5/2.2 MB | 1.3/2.2 MB | 347/600 kB | 0.6/1.9 MBProgress (5): 2.2/14 MB | 0.5/2.2 MB | 1.3/2.2 MB | 347/600 kB | 0.6/1.9 MBProgress (5): 2.2/14 MB | 0.5/2.2 MB | 1.3/2.2 MB | 347/600 kB | 0.6/1.9 MBProgress (5): 2.2/14 MB | 0.5/2.2 MB | 1.3/2.2 MB | 347/600 kB | 0.6/1.9 MBProgress (5): 2.2/14 MB | 0.5/2.2 MB | 1.3/2.2 MB | 364/600 kB | 0.6/1.9 MBProgress (5): 2.2/14 MB | 0.5/2.2 MB | 1.3/2.2 MB | 364/600 kB | 0.6/1.9 MBProgress (5): 2.2/14 MB | 0.5/2.2 MB | 1.3/2.2 MB | 364/600 kB | 0.6/1.9 MBProgress (5): 2.2/14 MB | 0.5/2.2 MB | 1.3/2.2 MB | 364/600 kB | 0.6/1.9 MBProgress (5): 2.2/14 MB | 0.5/2.2 MB | 1.3/2.2 MB | 364/600 kB | 0.7/1.9 MBProgress (5): 2.2/14 MB | 0.5/2.2 MB | 1.3/2.2 MB | 364/600 kB | 0.7/1.9 MBProgress (5): 2.2/14 MB | 0.5/2.2 MB | 1.3/2.2 MB | 364/600 kB | 0.7/1.9 MBProgress (5): 2.2/14 MB | 0.5/2.2 MB | 1.4/2.2 MB | 364/600 kB | 0.7/1.9 MBProgress (5): 2.2/14 MB | 0.5/2.2 MB | 1.4/2.2 MB | 364/600 kB | 0.7/1.9 MBProgress (5): 2.2/14 MB | 0.5/2.2 MB | 1.4/2.2 MB | 364/600 kB | 0.7/1.9 MBProgress (5): 2.2/14 MB | 0.5/2.2 MB | 1.4/2.2 MB | 364/600 kB | 0.7/1.9 MBProgress (5): 2.2/14 MB | 0.5/2.2 MB | 1.4/2.2 MB | 380/600 kB | 0.7/1.9 MBProgress (5): 2.3/14 MB | 0.5/2.2 MB | 1.4/2.2 MB | 380/600 kB | 0.7/1.9 MBProgress (5): 2.3/14 MB | 0.5/2.2 MB | 1.4/2.2 MB | 380/600 kB | 0.7/1.9 MBProgress (5): 2.3/14 MB | 0.5/2.2 MB | 1.4/2.2 MB | 380/600 kB | 0.7/1.9 MBProgress (5): 2.3/14 MB | 0.5/2.2 MB | 1.4/2.2 MB | 380/600 kB | 0.7/1.9 MBProgress (5): 2.3/14 MB | 0.6/2.2 MB | 1.4/2.2 MB | 380/600 kB | 0.7/1.9 MBProgress (5): 2.3/14 MB | 0.6/2.2 MB | 1.4/2.2 MB | 380/600 kB | 0.7/1.9 MBProgress (5): 2.3/14 MB | 0.6/2.2 MB | 1.4/2.2 MB | 380/600 kB | 0.7/1.9 MBProgress (5): 2.3/14 MB | 0.6/2.2 MB | 1.4/2.2 MB | 380/600 kB | 0.7/1.9 MBProgress (5): 2.3/14 MB | 0.6/2.2 MB | 1.4/2.2 MB | 380/600 kB | 0.7/1.9 MBProgress (5): 2.3/14 MB | 0.6/2.2 MB | 1.4/2.2 MB | 380/600 kB | 0.7/1.9 MBProgress (5): 2.3/14 MB | 0.6/2.2 MB | 1.5/2.2 MB | 380/600 kB | 0.7/1.9 MBProgress (5): 2.3/14 MB | 0.6/2.2 MB | 1.5/2.2 MB | 380/600 kB | 0.7/1.9 MBProgress (5): 2.3/14 MB | 0.6/2.2 MB | 1.5/2.2 MB | 380/600 kB | 0.7/1.9 MBProgress (5): 2.3/14 MB | 0.6/2.2 MB | 1.5/2.2 MB | 380/600 kB | 0.7/1.9 MBProgress (5): 2.3/14 MB | 0.6/2.2 MB | 1.5/2.2 MB | 380/600 kB | 0.7/1.9 MBProgress (5): 2.3/14 MB | 0.6/2.2 MB | 1.5/2.2 MB | 380/600 kB | 0.7/1.9 MBProgress (5): 2.3/14 MB | 0.6/2.2 MB | 1.5/2.2 MB | 380/600 kB | 0.7/1.9 MBProgress (5): 2.3/14 MB | 0.6/2.2 MB | 1.5/2.2 MB | 380/600 kB | 0.7/1.9 MBProgress (5): 2.4/14 MB | 0.6/2.2 MB | 1.5/2.2 MB | 380/600 kB | 0.7/1.9 MBProgress (5): 2.4/14 MB | 0.6/2.2 MB | 1.5/2.2 MB | 380/600 kB | 0.7/1.9 MBProgress (5): 2.4/14 MB | 0.6/2.2 MB | 1.5/2.2 MB | 380/600 kB | 0.7/1.9 MBProgress (5): 2.4/14 MB | 0.6/2.2 MB | 1.5/2.2 MB | 380/600 kB | 0.7/1.9 MBProgress (5): 2.4/14 MB | 0.6/2.2 MB | 1.6/2.2 MB | 380/600 kB | 0.7/1.9 MBProgress (5): 2.4/14 MB | 0.6/2.2 MB | 1.6/2.2 MB | 380/600 kB | 0.7/1.9 MBProgress (5): 2.4/14 MB | 0.6/2.2 MB | 1.6/2.2 MB | 380/600 kB | 0.7/1.9 MBProgress (5): 2.4/14 MB | 0.6/2.2 MB | 1.6/2.2 MB | 380/600 kB | 0.7/1.9 MBProgress (5): 2.4/14 MB | 0.6/2.2 MB | 1.6/2.2 MB | 380/600 kB | 0.7/1.9 MBProgress (5): 2.4/14 MB | 0.6/2.2 MB | 1.6/2.2 MB | 380/600 kB | 0.7/1.9 MBProgress (5): 2.4/14 MB | 0.6/2.2 MB | 1.6/2.2 MB | 380/600 kB | 0.7/1.9 MBProgress (5): 2.4/14 MB | 0.6/2.2 MB | 1.6/2.2 MB | 380/600 kB | 0.7/1.9 MBProgress (5): 2.4/14 MB | 0.6/2.2 MB | 1.6/2.2 MB | 380/600 kB | 0.7/1.9 MBProgress (5): 2.4/14 MB | 0.6/2.2 MB | 1.6/2.2 MB | 380/600 kB | 0.7/1.9 MBProgress (5): 2.4/14 MB | 0.6/2.2 MB | 1.6/2.2 MB | 380/600 kB | 0.7/1.9 MBProgress (5): 2.4/14 MB | 0.6/2.2 MB | 1.6/2.2 MB | 380/600 kB | 0.7/1.9 MBProgress (5): 2.4/14 MB | 0.6/2.2 MB | 1.6/2.2 MB | 380/600 kB | 0.7/1.9 MBProgress (5): 2.4/14 MB | 0.6/2.2 MB | 1.6/2.2 MB | 396/600 kB | 0.7/1.9 MBProgress (5): 2.5/14 MB | 0.6/2.2 MB | 1.6/2.2 MB | 396/600 kB | 0.7/1.9 MBProgress (5): 2.5/14 MB | 0.6/2.2 MB | 1.6/2.2 MB | 396/600 kB | 0.7/1.9 MBProgress (5): 2.5/14 MB | 0.6/2.2 MB | 1.6/2.2 MB | 396/600 kB | 0.7/1.9 MBProgress (5): 2.5/14 MB | 0.6/2.2 MB | 1.6/2.2 MB | 413/600 kB | 0.7/1.9 MBProgress (5): 2.5/14 MB | 0.6/2.2 MB | 1.6/2.2 MB | 413/600 kB | 0.7/1.9 MBProgress (5): 2.5/14 MB | 0.6/2.2 MB | 1.6/2.2 MB | 413/600 kB | 0.7/1.9 MBProgress (5): 2.5/14 MB | 0.6/2.2 MB | 1.7/2.2 MB | 413/600 kB | 0.7/1.9 MBProgress (5): 2.5/14 MB | 0.6/2.2 MB | 1.7/2.2 MB | 413/600 kB | 0.7/1.9 MBProgress (5): 2.5/14 MB | 0.6/2.2 MB | 1.7/2.2 MB | 413/600 kB | 0.7/1.9 MBProgress (5): 2.5/14 MB | 0.6/2.2 MB | 1.7/2.2 MB | 413/600 kB | 0.7/1.9 MBProgress (5): 2.5/14 MB | 0.6/2.2 MB | 1.7/2.2 MB | 429/600 kB | 0.7/1.9 MBProgress (5): 2.5/14 MB | 0.6/2.2 MB | 1.7/2.2 MB | 429/600 kB | 0.8/1.9 MBProgress (5): 2.5/14 MB | 0.6/2.2 MB | 1.7/2.2 MB | 429/600 kB | 0.8/1.9 MBProgress (5): 2.5/14 MB | 0.6/2.2 MB | 1.7/2.2 MB | 429/600 kB | 0.8/1.9 MBProgress (5): 2.5/14 MB | 0.6/2.2 MB | 1.7/2.2 MB | 446/600 kB | 0.8/1.9 MBProgress (5): 2.5/14 MB | 0.6/2.2 MB | 1.7/2.2 MB | 446/600 kB | 0.8/1.9 MBProgress (5): 2.5/14 MB | 0.6/2.2 MB | 1.7/2.2 MB | 446/600 kB | 0.8/1.9 MBProgress (5): 2.5/14 MB | 0.7/2.2 MB | 1.7/2.2 MB | 446/600 kB | 0.8/1.9 MBProgress (5): 2.5/14 MB | 0.7/2.2 MB | 1.7/2.2 MB | 446/600 kB | 0.8/1.9 MBProgress (5): 2.5/14 MB | 0.7/2.2 MB | 1.7/2.2 MB | 446/600 kB | 0.8/1.9 MBProgress (5): 2.5/14 MB | 0.7/2.2 MB | 1.7/2.2 MB | 446/600 kB | 0.8/1.9 MBProgress (5): 2.5/14 MB | 0.7/2.2 MB | 1.7/2.2 MB | 462/600 kB | 0.8/1.9 MBProgress (5): 2.5/14 MB | 0.7/2.2 MB | 1.7/2.2 MB | 462/600 kB | 0.8/1.9 MBProgress (5): 2.5/14 MB | 0.7/2.2 MB | 1.7/2.2 MB | 462/600 kB | 0.8/1.9 MBProgress (5): 2.5/14 MB | 0.7/2.2 MB | 1.7/2.2 MB | 462/600 kB | 0.8/1.9 MBProgress (5): 2.5/14 MB | 0.7/2.2 MB | 1.7/2.2 MB | 478/600 kB | 0.8/1.9 MBProgress (5): 2.5/14 MB | 0.7/2.2 MB | 1.7/2.2 MB | 478/600 kB | 0.8/1.9 MBProgress (5): 2.5/14 MB | 0.7/2.2 MB | 1.7/2.2 MB | 478/600 kB | 0.8/1.9 MBProgress (5): 2.6/14 MB | 0.7/2.2 MB | 1.7/2.2 MB | 478/600 kB | 0.8/1.9 MBProgress (5): 2.6/14 MB | 0.7/2.2 MB | 1.7/2.2 MB | 478/600 kB | 0.8/1.9 MBProgress (5): 2.6/14 MB | 0.7/2.2 MB | 1.8/2.2 MB | 478/600 kB | 0.8/1.9 MBProgress (5): 2.6/14 MB | 0.7/2.2 MB | 1.8/2.2 MB | 495/600 kB | 0.8/1.9 MBProgress (5): 2.6/14 MB | 0.7/2.2 MB | 1.8/2.2 MB | 495/600 kB | 0.9/1.9 MBProgress (5): 2.6/14 MB | 0.7/2.2 MB | 1.8/2.2 MB | 495/600 kB | 0.9/1.9 MBProgress (5): 2.6/14 MB | 0.7/2.2 MB | 1.8/2.2 MB | 495/600 kB | 0.9/1.9 MBProgress (5): 2.6/14 MB | 0.7/2.2 MB | 1.8/2.2 MB | 495/600 kB | 0.9/1.9 MBProgress (5): 2.6/14 MB | 0.7/2.2 MB | 1.8/2.2 MB | 495/600 kB | 0.9/1.9 MBProgress (5): 2.6/14 MB | 0.7/2.2 MB | 1.8/2.2 MB | 511/600 kB | 0.9/1.9 MBProgress (5): 2.6/14 MB | 0.7/2.2 MB | 1.8/2.2 MB | 511/600 kB | 0.9/1.9 MBProgress (5): 2.6/14 MB | 0.7/2.2 MB | 1.8/2.2 MB | 511/600 kB | 0.9/1.9 MBProgress (5): 2.6/14 MB | 0.7/2.2 MB | 1.8/2.2 MB | 511/600 kB | 0.9/1.9 MBProgress (5): 2.6/14 MB | 0.7/2.2 MB | 1.8/2.2 MB | 511/600 kB | 0.9/1.9 MBProgress (5): 2.6/14 MB | 0.7/2.2 MB | 1.8/2.2 MB | 527/600 kB | 0.9/1.9 MBProgress (5): 2.6/14 MB | 0.7/2.2 MB | 1.8/2.2 MB | 527/600 kB | 0.9/1.9 MBProgress (5): 2.6/14 MB | 0.7/2.2 MB | 1.8/2.2 MB | 527/600 kB | 0.9/1.9 MBProgress (5): 2.6/14 MB | 0.7/2.2 MB | 1.8/2.2 MB | 527/600 kB | 0.9/1.9 MBProgress (5): 2.6/14 MB | 0.7/2.2 MB | 1.8/2.2 MB | 527/600 kB | 0.9/1.9 MBProgress (5): 2.6/14 MB | 0.7/2.2 MB | 1.8/2.2 MB | 527/600 kB | 0.9/1.9 MBProgress (5): 2.6/14 MB | 0.7/2.2 MB | 1.8/2.2 MB | 544/600 kB | 0.9/1.9 MBProgress (5): 2.6/14 MB | 0.7/2.2 MB | 1.8/2.2 MB | 544/600 kB | 0.9/1.9 MBProgress (5): 2.6/14 MB | 0.7/2.2 MB | 1.8/2.2 MB | 544/600 kB | 0.9/1.9 MBProgress (5): 2.6/14 MB | 0.7/2.2 MB | 1.9/2.2 MB | 544/600 kB | 0.9/1.9 MBProgress (5): 2.6/14 MB | 0.7/2.2 MB | 1.9/2.2 MB | 544/600 kB | 0.9/1.9 MBProgress (5): 2.6/14 MB | 0.7/2.2 MB | 1.9/2.2 MB | 544/600 kB | 0.9/1.9 MBProgress (5): 2.6/14 MB | 0.7/2.2 MB | 1.9/2.2 MB | 544/600 kB | 1.0/1.9 MBProgress (5): 2.6/14 MB | 0.7/2.2 MB | 1.9/2.2 MB | 560/600 kB | 1.0/1.9 MBProgress (5): 2.6/14 MB | 0.7/2.2 MB | 1.9/2.2 MB | 560/600 kB | 1.0/1.9 MBProgress (5): 2.6/14 MB | 0.7/2.2 MB | 1.9/2.2 MB | 560/600 kB | 1.0/1.9 MBProgress (5): 2.6/14 MB | 0.7/2.2 MB | 1.9/2.2 MB | 577/600 kB | 1.0/1.9 MBProgress (5): 2.7/14 MB | 0.7/2.2 MB | 1.9/2.2 MB | 577/600 kB | 1.0/1.9 MBProgress (5): 2.7/14 MB | 0.7/2.2 MB | 1.9/2.2 MB | 577/600 kB | 1.0/1.9 MBProgress (5): 2.7/14 MB | 0.7/2.2 MB | 1.9/2.2 MB | 577/600 kB | 1.0/1.9 MBProgress (5): 2.7/14 MB | 0.7/2.2 MB | 1.9/2.2 MB | 577/600 kB | 1.0/1.9 MBProgress (5): 2.7/14 MB | 0.7/2.2 MB | 1.9/2.2 MB | 577/600 kB | 1.0/1.9 MBProgress (5): 2.7/14 MB | 0.7/2.2 MB | 1.9/2.2 MB | 577/600 kB | 1.0/1.9 MBProgress (5): 2.7/14 MB | 0.7/2.2 MB | 1.9/2.2 MB | 593/600 kB | 1.0/1.9 MBProgress (5): 2.7/14 MB | 0.7/2.2 MB | 1.9/2.2 MB | 593/600 kB | 1.0/1.9 MBProgress (5): 2.7/14 MB | 0.7/2.2 MB | 1.9/2.2 MB | 593/600 kB | 1.0/1.9 MBProgress (5): 2.7/14 MB | 0.7/2.2 MB | 1.9/2.2 MB | 593/600 kB | 1.0/1.9 MBProgress (5): 2.7/14 MB | 0.7/2.2 MB | 1.9/2.2 MB | 593/600 kB | 1.0/1.9 MBProgress (5): 2.7/14 MB | 0.7/2.2 MB | 1.9/2.2 MB | 600 kB | 1.0/1.9 MB                                                                           Downloaded from central: https://repo.maven.apache.org/maven2/tools/jackson/core/jackson-core/3.1.2/jackson-core-3.1.2.jar (600 kB at 25 kB/s)
#16 60.20 Downloading from central: https://repo.maven.apache.org/maven2/org/springframework/boot/spring-boot-starter-tomcat/4.0.6/spring-boot-starter-tomcat-4.0.6.jar
#16 60.21 Progress (4): 2.7/14 MB | 0.7/2.2 MB | 1.9/2.2 MB | 1.0/1.9 MBProgress (4): 2.7/14 MB | 0.7/2.2 MB | 1.9/2.2 MB | 1.0/1.9 MBProgress (4): 2.7/14 MB | 0.7/2.2 MB | 1.9/2.2 MB | 1.0/1.9 MBProgress (4): 2.7/14 MB | 0.7/2.2 MB | 1.9/2.2 MB | 1.0/1.9 MBProgress (4): 2.7/14 MB | 0.7/2.2 MB | 1.9/2.2 MB | 1.1/1.9 MBProgress (4): 2.7/14 MB | 0.7/2.2 MB | 2.0/2.2 MB | 1.1/1.9 MBProgress (4): 2.7/14 MB | 0.7/2.2 MB | 2.0/2.2 MB | 1.1/1.9 MBProgress (4): 2.7/14 MB | 0.7/2.2 MB | 2.0/2.2 MB | 1.1/1.9 MBProgress (4): 2.7/14 MB | 0.7/2.2 MB | 2.0/2.2 MB | 1.1/1.9 MBProgress (4): 2.7/14 MB | 0.7/2.2 MB | 2.0/2.2 MB | 1.1/1.9 MBProgress (4): 2.8/14 MB | 0.7/2.2 MB | 2.0/2.2 MB | 1.1/1.9 MBProgress (4): 2.8/14 MB | 0.7/2.2 MB | 2.0/2.2 MB | 1.1/1.9 MBProgress (4): 2.8/14 MB | 0.7/2.2 MB | 2.0/2.2 MB | 1.1/1.9 MBProgress (4): 2.8/14 MB | 0.7/2.2 MB | 2.0/2.2 MB | 1.1/1.9 MBProgress (4): 2.8/14 MB | 0.7/2.2 MB | 2.0/2.2 MB | 1.1/1.9 MBProgress (4): 2.8/14 MB | 0.7/2.2 MB | 2.0/2.2 MB | 1.1/1.9 MBProgress (4): 2.8/14 MB | 0.7/2.2 MB | 2.0/2.2 MB | 1.1/1.9 MBProgress (4): 2.8/14 MB | 0.7/2.2 MB | 2.0/2.2 MB | 1.1/1.9 MBProgress (4): 2.8/14 MB | 0.7/2.2 MB | 2.0/2.2 MB | 1.1/1.9 MBProgress (4): 2.8/14 MB | 0.7/2.2 MB | 2.0/2.2 MB | 1.1/1.9 MBProgress (4): 2.8/14 MB | 0.7/2.2 MB | 2.0/2.2 MB | 1.2/1.9 MBProgress (4): 2.8/14 MB | 0.7/2.2 MB | 2.0/2.2 MB | 1.2/1.9 MBProgress (4): 2.8/14 MB | 0.7/2.2 MB | 2.0/2.2 MB | 1.2/1.9 MBProgress (4): 2.8/14 MB | 0.7/2.2 MB | 2.1/2.2 MB | 1.2/1.9 MBProgress (5): 2.8/14 MB | 0.7/2.2 MB | 2.1/2.2 MB | 1.2/1.9 MB | 4.8 kBProgress (5): 2.8/14 MB | 0.7/2.2 MB | 2.1/2.2 MB | 1.2/1.9 MB | 4.8 kBProgress (5): 2.8/14 MB | 0.7/2.2 MB | 2.1/2.2 MB | 1.2/1.9 MB | 4.8 kB                                                                       Downloaded from central: https://repo.maven.apache.org/maven2/org/springframework/boot/spring-boot-starter-tomcat/4.0.6/spring-boot-starter-tomcat-4.0.6.jar (4.8 kB at 195 B/s)
#16 60.55 Downloading from central: https://repo.maven.apache.org/maven2/org/springframework/boot/spring-boot-starter-tomcat-runtime/4.0.6/spring-boot-starter-tomcat-runtime-4.0.6.jar
#16 60.55 Progress (4): 2.8/14 MB | 0.7/2.2 MB | 2.1/2.2 MB | 1.2/1.9 MBProgress (4): 2.8/14 MB | 0.7/2.2 MB | 2.1/2.2 MB | 1.2/1.9 MBProgress (4): 2.8/14 MB | 0.7/2.2 MB | 2.1/2.2 MB | 1.2/1.9 MBProgress (4): 2.8/14 MB | 0.7/2.2 MB | 2.1/2.2 MB | 1.2/1.9 MBProgress (4): 2.8/14 MB | 0.7/2.2 MB | 2.1/2.2 MB | 1.2/1.9 MBProgress (4): 2.8/14 MB | 0.8/2.2 MB | 2.1/2.2 MB | 1.2/1.9 MBProgress (4): 2.8/14 MB | 0.8/2.2 MB | 2.1/2.2 MB | 1.3/1.9 MBProgress (4): 2.8/14 MB | 0.8/2.2 MB | 2.1/2.2 MB | 1.3/1.9 MBProgress (4): 2.8/14 MB | 0.8/2.2 MB | 2.1/2.2 MB | 1.3/1.9 MBProgress (4): 2.8/14 MB | 0.8/2.2 MB | 2.1/2.2 MB | 1.3/1.9 MBProgress (4): 2.8/14 MB | 0.8/2.2 MB | 2.1/2.2 MB | 1.3/1.9 MBProgress (5): 2.8/14 MB | 0.8/2.2 MB | 2.1/2.2 MB | 1.3/1.9 MB | 3.2/4.7 kBProgress (5): 2.8/14 MB | 0.8/2.2 MB | 2.1/2.2 MB | 1.3/1.9 MB | 4.7 kB                                                                           Downloaded from central: https://repo.maven.apache.org/maven2/org/springframework/boot/spring-boot-starter-tomcat-runtime/4.0.6/spring-boot-starter-tomcat-runtime-4.0.6.jar (4.7 kB at 194 B/s)
#16 60.64 Downloading from central: https://repo.maven.apache.org/maven2/org/springframework/boot/spring-boot-web-server/4.0.6/spring-boot-web-server-4.0.6.jar
#16 60.65 Progress (4): 2.8/14 MB | 0.8/2.2 MB | 2.1/2.2 MB | 1.3/1.9 MBProgress (4): 2.8/14 MB | 0.8/2.2 MB | 2.1/2.2 MB | 1.3/1.9 MBProgress (4): 2.8/14 MB | 0.8/2.2 MB | 2.1/2.2 MB | 1.3/1.9 MBProgress (4): 2.8/14 MB | 0.8/2.2 MB | 2.1/2.2 MB | 1.4/1.9 MBProgress (4): 2.8/14 MB | 0.8/2.2 MB | 2.1/2.2 MB | 1.4/1.9 MBProgress (4): 2.8/14 MB | 0.8/2.2 MB | 2.1/2.2 MB | 1.4/1.9 MBProgress (5): 2.8/14 MB | 0.8/2.2 MB | 2.1/2.2 MB | 1.4/1.9 MB | 7.7/169 kBProgress (5): 2.8/14 MB | 0.8/2.2 MB | 2.1/2.2 MB | 1.4/1.9 MB | 11/169 kB Progress (5): 2.8/14 MB | 0.8/2.2 MB | 2.1/2.2 MB | 1.4/1.9 MB | 11/169 kBProgress (5): 2.8/14 MB | 0.8/2.2 MB | 2.1/2.2 MB | 1.4/1.9 MB | 11/169 kBProgress (5): 2.8/14 MB | 0.8/2.2 MB | 2.1/2.2 MB | 1.4/1.9 MB | 28/169 kBProgress (5): 2.8/14 MB | 0.8/2.2 MB | 2.1/2.2 MB | 1.4/1.9 MB | 28/169 kBProgress (5): 2.8/14 MB | 0.8/2.2 MB | 2.1/2.2 MB | 1.4/1.9 MB | 28/169 kBProgress (5): 2.8/14 MB | 0.8/2.2 MB | 2.1/2.2 MB | 1.4/1.9 MB | 44/169 kBProgress (5): 2.8/14 MB | 0.8/2.2 MB | 2.1/2.2 MB | 1.4/1.9 MB | 44/169 kBProgress (5): 2.8/14 MB | 0.8/2.2 MB | 2.1/2.2 MB | 1.4/1.9 MB | 44/169 kBProgress (5): 2.8/14 MB | 0.8/2.2 MB | 2.1/2.2 MB | 1.4/1.9 MB | 44/169 kBProgress (5): 2.8/14 MB | 0.8/2.2 MB | 2.1/2.2 MB | 1.4/1.9 MB | 61/169 kBProgress (5): 2.8/14 MB | 0.8/2.2 MB | 2.1/2.2 MB | 1.5/1.9 MB | 61/169 kBProgress (5): 2.8/14 MB | 0.8/2.2 MB | 2.1/2.2 MB | 1.5/1.9 MB | 61/169 kBProgress (5): 2.8/14 MB | 0.8/2.2 MB | 2.1/2.2 MB | 1.5/1.9 MB | 61/169 kBProgress (5): 2.8/14 MB | 0.8/2.2 MB | 2.1/2.2 MB | 1.5/1.9 MB | 77/169 kBProgress (5): 2.8/14 MB | 0.8/2.2 MB | 2.1/2.2 MB | 1.5/1.9 MB | 77/169 kBProgress (5): 2.8/14 MB | 0.8/2.2 MB | 2.1/2.2 MB | 1.5/1.9 MB | 77/169 kBProgress (5): 2.8/14 MB | 0.8/2.2 MB | 2.1/2.2 MB | 1.5/1.9 MB | 77/169 kBProgress (5): 2.8/14 MB | 0.8/2.2 MB | 2.2/2.2 MB | 1.5/1.9 MB | 77/169 kBProgress (5): 2.8/14 MB | 0.8/2.2 MB | 2.2/2.2 MB | 1.5/1.9 MB | 93/169 kBProgress (5): 2.8/14 MB | 0.8/2.2 MB | 2.2/2.2 MB | 1.5/1.9 MB | 93/169 kBProgress (5): 2.8/14 MB | 0.8/2.2 MB | 2.2/2.2 MB | 1.5/1.9 MB | 93/169 kBProgress (5): 2.8/14 MB | 0.8/2.2 MB | 2.2 MB | 1.5/1.9 MB | 93/169 kB                                                                          Downloaded from central: https://repo.maven.apache.org/maven2/org/aspectj/aspectjweaver/1.9.25.1/aspectjweaver-1.9.25.1.jar (2.2 MB at 88 kB/s)
#16 61.18 Downloading from central: https://repo.maven.apache.org/maven2/org/apache/tomcat/embed/tomcat-embed-core/11.0.21/tomcat-embed-core-11.0.21.jar
#16 61.20 Progress (4): 2.8/14 MB | 0.8/2.2 MB | 1.5/1.9 MB | 93/169 kBProgress (4): 2.8/14 MB | 0.8/2.2 MB | 1.5/1.9 MB | 93/169 kBProgress (4): 2.8/14 MB | 0.8/2.2 MB | 1.5/1.9 MB | 93/169 kBProgress (4): 2.8/14 MB | 0.8/2.2 MB | 1.5/1.9 MB | 93/169 kBProgress (4): 2.8/14 MB | 0.8/2.2 MB | 1.5/1.9 MB | 110/169 kBProgress (4): 2.8/14 MB | 0.8/2.2 MB | 1.5/1.9 MB | 110/169 kBProgress (4): 2.9/14 MB | 0.8/2.2 MB | 1.5/1.9 MB | 110/169 kBProgress (4): 2.9/14 MB | 0.9/2.2 MB | 1.5/1.9 MB | 110/169 kBProgress (4): 2.9/14 MB | 0.9/2.2 MB | 1.5/1.9 MB | 126/169 kBProgress (4): 2.9/14 MB | 0.9/2.2 MB | 1.6/1.9 MB | 126/169 kBProgress (4): 2.9/14 MB | 0.9/2.2 MB | 1.6/1.9 MB | 126/169 kBProgress (4): 2.9/14 MB | 0.9/2.2 MB | 1.6/1.9 MB | 126/169 kBProgress (4): 2.9/14 MB | 0.9/2.2 MB | 1.6/1.9 MB | 142/169 kBProgress (4): 2.9/14 MB | 0.9/2.2 MB | 1.6/1.9 MB | 142/169 kBProgress (4): 2.9/14 MB | 0.9/2.2 MB | 1.6/1.9 MB | 142/169 kBProgress (4): 2.9/14 MB | 0.9/2.2 MB | 1.6/1.9 MB | 159/169 kBProgress (4): 2.9/14 MB | 0.9/2.2 MB | 1.6/1.9 MB | 159/169 kBProgress (4): 2.9/14 MB | 0.9/2.2 MB | 1.6/1.9 MB | 159/169 kBProgress (4): 2.9/14 MB | 0.9/2.2 MB | 1.6/1.9 MB | 159/169 kBProgress (4): 2.9/14 MB | 0.9/2.2 MB | 1.6/1.9 MB | 169 kB                                                              Downloaded from central: https://repo.maven.apache.org/maven2/org/springframework/boot/spring-boot-web-server/4.0.6/spring-boot-web-server-4.0.6.jar (169 kB at 6.7 kB/s)
#16 61.40 Downloading from central: https://repo.maven.apache.org/maven2/org/apache/tomcat/embed/tomcat-embed-el/11.0.21/tomcat-embed-el-11.0.21.jar
#16 61.40 Progress (3): 2.9/14 MB | 0.9/2.2 MB | 1.6/1.9 MBProgress (3): 2.9/14 MB | 0.9/2.2 MB | 1.6/1.9 MBProgress (3): 2.9/14 MB | 0.9/2.2 MB | 1.6/1.9 MBProgress (4): 2.9/14 MB | 0.9/2.2 MB | 1.6/1.9 MB | 0/3.6 MBProgress (4): 2.9/14 MB | 0.9/2.2 MB | 1.6/1.9 MB | 0/3.6 MBProgress (4): 2.9/14 MB | 0.9/2.2 MB | 1.6/1.9 MB | 0/3.6 MBProgress (4): 2.9/14 MB | 0.9/2.2 MB | 1.7/1.9 MB | 0/3.6 MBProgress (4): 2.9/14 MB | 0.9/2.2 MB | 1.7/1.9 MB | 0/3.6 MBProgress (4): 2.9/14 MB | 0.9/2.2 MB | 1.7/1.9 MB | 0/3.6 MBProgress (4): 2.9/14 MB | 0.9/2.2 MB | 1.7/1.9 MB | 0/3.6 MBProgress (4): 2.9/14 MB | 0.9/2.2 MB | 1.7/1.9 MB | 0/3.6 MBProgress (4): 2.9/14 MB | 0.9/2.2 MB | 1.7/1.9 MB | 0.1/3.6 MBProgress (4): 2.9/14 MB | 0.9/2.2 MB | 1.7/1.9 MB | 0.1/3.6 MBProgress (4): 2.9/14 MB | 0.9/2.2 MB | 1.7/1.9 MB | 0.1/3.6 MBProgress (4): 2.9/14 MB | 0.9/2.2 MB | 1.7/1.9 MB | 0.1/3.6 MBProgress (4): 3.0/14 MB | 0.9/2.2 MB | 1.7/1.9 MB | 0.1/3.6 MBProgress (4): 3.0/14 MB | 0.9/2.2 MB | 1.7/1.9 MB | 0.1/3.6 MBProgress (4): 3.0/14 MB | 0.9/2.2 MB | 1.7/1.9 MB | 0.1/3.6 MBProgress (4): 3.0/14 MB | 0.9/2.2 MB | 1.7/1.9 MB | 0.1/3.6 MBProgress (4): 3.0/14 MB | 0.9/2.2 MB | 1.7/1.9 MB | 0.1/3.6 MBProgress (4): 3.0/14 MB | 0.9/2.2 MB | 1.7/1.9 MB | 0.1/3.6 MBProgress (4): 3.0/14 MB | 0.9/2.2 MB | 1.7/1.9 MB | 0.1/3.6 MBProgress (4): 3.0/14 MB | 0.9/2.2 MB | 1.7/1.9 MB | 0.1/3.6 MBProgress (4): 3.0/14 MB | 0.9/2.2 MB | 1.7/1.9 MB | 0.1/3.6 MBProgress (4): 3.0/14 MB | 0.9/2.2 MB | 1.8/1.9 MB | 0.1/3.6 MBProgress (4): 3.0/14 MB | 0.9/2.2 MB | 1.8/1.9 MB | 0.1/3.6 MBProgress (4): 3.0/14 MB | 0.9/2.2 MB | 1.8/1.9 MB | 0.1/3.6 MBProgress (5): 3.0/14 MB | 0.9/2.2 MB | 1.8/1.9 MB | 0.1/3.6 MB | 3.2/270 kBProgress (5): 3.0/14 MB | 0.9/2.2 MB | 1.8/1.9 MB | 0.1/3.6 MB | 3.2/270 kBProgress (5): 3.0/14 MB | 0.9/2.2 MB | 1.8/1.9 MB | 0.1/3.6 MB | 3.2/270 kBProgress (5): 3.0/14 MB | 0.9/2.2 MB | 1.8/1.9 MB | 0.1/3.6 MB | 3.2/270 kBProgress (5): 3.0/14 MB | 0.9/2.2 MB | 1.8/1.9 MB | 0.1/3.6 MB | 3.2/270 kBProgress (5): 3.0/14 MB | 0.9/2.2 MB | 1.8/1.9 MB | 0.2/3.6 MB | 3.2/270 kBProgress (5): 3.0/14 MB | 0.9/2.2 MB | 1.8/1.9 MB | 0.2/3.6 MB | 20/270 kB Progress (5): 3.0/14 MB | 0.9/2.2 MB | 1.8/1.9 MB | 0.2/3.6 MB | 20/270 kBProgress (5): 3.0/14 MB | 0.9/2.2 MB | 1.8/1.9 MB | 0.2/3.6 MB | 20/270 kBProgress (5): 3.0/14 MB | 0.9/2.2 MB | 1.8/1.9 MB | 0.2/3.6 MB | 20/270 kBProgress (5): 3.0/14 MB | 0.9/2.2 MB | 1.8/1.9 MB | 0.2/3.6 MB | 20/270 kBProgress (5): 3.0/14 MB | 0.9/2.2 MB | 1.8/1.9 MB | 0.2/3.6 MB | 36/270 kBProgress (5): 3.0/14 MB | 0.9/2.2 MB | 1.8/1.9 MB | 0.2/3.6 MB | 36/270 kBProgress (5): 3.0/14 MB | 0.9/2.2 MB | 1.8/1.9 MB | 0.2/3.6 MB | 36/270 kBProgress (5): 3.0/14 MB | 0.9/2.2 MB | 1.8/1.9 MB | 0.2/3.6 MB | 36/270 kBProgress (5): 3.0/14 MB | 0.9/2.2 MB | 1.8/1.9 MB | 0.2/3.6 MB | 52/270 kBProgress (5): 3.0/14 MB | 0.9/2.2 MB | 1.8/1.9 MB | 0.2/3.6 MB | 52/270 kBProgress (5): 3.0/14 MB | 0.9/2.2 MB | 1.8/1.9 MB | 0.2/3.6 MB | 52/270 kBProgress (5): 3.1/14 MB | 0.9/2.2 MB | 1.8/1.9 MB | 0.2/3.6 MB | 52/270 kBProgress (5): 3.1/14 MB | 0.9/2.2 MB | 1.8/1.9 MB | 0.2/3.6 MB | 61/270 kBProgress (5): 3.1/14 MB | 0.9/2.2 MB | 1.8/1.9 MB | 0.2/3.6 MB | 61/270 kBProgress (5): 3.1/14 MB | 0.9/2.2 MB | 1.8/1.9 MB | 0.2/3.6 MB | 77/270 kBProgress (5): 3.1/14 MB | 0.9/2.2 MB | 1.9/1.9 MB | 0.2/3.6 MB | 77/270 kBProgress (5): 3.1/14 MB | 0.9/2.2 MB | 1.9/1.9 MB | 0.2/3.6 MB | 77/270 kBProgress (5): 3.1/14 MB | 0.9/2.2 MB | 1.9/1.9 MB | 0.2/3.6 MB | 77/270 kBProgress (5): 3.1/14 MB | 0.9/2.2 MB | 1.9/1.9 MB | 0.2/3.6 MB | 77/270 kBProgress (5): 3.1/14 MB | 0.9/2.2 MB | 1.9/1.9 MB | 0.2/3.6 MB | 93/270 kBProgress (5): 3.1/14 MB | 0.9/2.2 MB | 1.9/1.9 MB | 0.2/3.6 MB | 93/270 kBProgress (5): 3.1/14 MB | 0.9/2.2 MB | 1.9/1.9 MB | 0.2/3.6 MB | 93/270 kBProgress (5): 3.1/14 MB | 0.9/2.2 MB | 1.9/1.9 MB | 0.2/3.6 MB | 93/270 kBProgress (5): 3.1/14 MB | 1.0/2.2 MB | 1.9/1.9 MB | 0.2/3.6 MB | 93/270 kBProgress (5): 3.1/14 MB | 1.0/2.2 MB | 1.9/1.9 MB | 0.2/3.6 MB | 93/270 kBProgress (5): 3.1/14 MB | 1.0/2.2 MB | 1.9/1.9 MB | 0.2/3.6 MB | 93/270 kBProgress (5): 3.1/14 MB | 1.0/2.2 MB | 1.9/1.9 MB | 0.3/3.6 MB | 93/270 kBProgress (5): 3.1/14 MB | 1.0/2.2 MB | 1.9/1.9 MB | 0.3/3.6 MB | 110/270 kBProgress (5): 3.1/14 MB | 1.0/2.2 MB | 1.9/1.9 MB | 0.3/3.6 MB | 110/270 kBProgress (5): 3.1/14 MB | 1.0/2.2 MB | 1.9/1.9 MB | 0.3/3.6 MB | 110/270 kBProgress (5): 3.1/14 MB | 1.0/2.2 MB | 1.9/1.9 MB | 0.3/3.6 MB | 110/270 kBProgress (5): 3.1/14 MB | 1.0/2.2 MB | 1.9 MB | 0.3/3.6 MB | 110/270 kB                                                                           Downloaded from central: https://repo.maven.apache.org/maven2/tools/jackson/core/jackson-databind/3.1.2/jackson-databind-3.1.2.jar (1.9 MB at 75 kB/s)
#16 61.97 Downloading from central: https://repo.maven.apache.org/maven2/org/apache/tomcat/embed/tomcat-embed-websocket/11.0.21/tomcat-embed-websocket-11.0.21.jar
#16 61.98 Progress (4): 3.1/14 MB | 1.0/2.2 MB | 0.3/3.6 MB | 110/270 kBProgress (4): 3.1/14 MB | 1.0/2.2 MB | 0.3/3.6 MB | 110/270 kBProgress (4): 3.1/14 MB | 1.0/2.2 MB | 0.3/3.6 MB | 110/270 kBProgress (4): 3.1/14 MB | 1.0/2.2 MB | 0.3/3.6 MB | 126/270 kBProgress (4): 3.1/14 MB | 1.0/2.2 MB | 0.3/3.6 MB | 126/270 kBProgress (4): 3.1/14 MB | 1.0/2.2 MB | 0.3/3.6 MB | 134/270 kBProgress (4): 3.1/14 MB | 1.0/2.2 MB | 0.3/3.6 MB | 134/270 kBProgress (4): 3.1/14 MB | 1.0/2.2 MB | 0.3/3.6 MB | 134/270 kBProgress (4): 3.1/14 MB | 1.0/2.2 MB | 0.3/3.6 MB | 142/270 kBProgress (4): 3.1/14 MB | 1.0/2.2 MB | 0.3/3.6 MB | 151/270 kBProgress (4): 3.1/14 MB | 1.0/2.2 MB | 0.3/3.6 MB | 151/270 kBProgress (4): 3.1/14 MB | 1.0/2.2 MB | 0.3/3.6 MB | 151/270 kBProgress (4): 3.2/14 MB | 1.0/2.2 MB | 0.3/3.6 MB | 151/270 kBProgress (4): 3.2/14 MB | 1.0/2.2 MB | 0.4/3.6 MB | 151/270 kBProgress (4): 3.2/14 MB | 1.0/2.2 MB | 0.4/3.6 MB | 167/270 kBProgress (4): 3.2/14 MB | 1.0/2.2 MB | 0.4/3.6 MB | 167/270 kBProgress (4): 3.2/14 MB | 1.0/2.2 MB | 0.4/3.6 MB | 167/270 kBProgress (4): 3.2/14 MB | 1.0/2.2 MB | 0.4/3.6 MB | 183/270 kBProgress (4): 3.2/14 MB | 1.0/2.2 MB | 0.4/3.6 MB | 200/270 kBProgress (4): 3.2/14 MB | 1.0/2.2 MB | 0.4/3.6 MB | 200/270 kBProgress (4): 3.2/14 MB | 1.0/2.2 MB | 0.4/3.6 MB | 200/270 kBProgress (4): 3.2/14 MB | 1.0/2.2 MB | 0.4/3.6 MB | 200/270 kBProgress (4): 3.2/14 MB | 1.0/2.2 MB | 0.4/3.6 MB | 200/270 kBProgress (4): 3.2/14 MB | 1.0/2.2 MB | 0.4/3.6 MB | 200/270 kBProgress (4): 3.2/14 MB | 1.0/2.2 MB | 0.4/3.6 MB | 216/270 kBProgress (4): 3.2/14 MB | 1.0/2.2 MB | 0.4/3.6 MB | 216/270 kBProgress (4): 3.2/14 MB | 1.0/2.2 MB | 0.4/3.6 MB | 216/270 kBProgress (5): 3.2/14 MB | 1.0/2.2 MB | 0.4/3.6 MB | 216/270 kB | 7.7/286 kBProgress (5): 3.2/14 MB | 1.0/2.2 MB | 0.4/3.6 MB | 216/270 kB | 8.2/286 kBProgress (5): 3.2/14 MB | 1.0/2.2 MB | 0.4/3.6 MB | 216/270 kB | 8.2/286 kBProgress (5): 3.2/14 MB | 1.0/2.2 MB | 0.4/3.6 MB | 233/270 kB | 8.2/286 kBProgress (5): 3.2/14 MB | 1.0/2.2 MB | 0.4/3.6 MB | 233/270 kB | 25/286 kB Progress (5): 3.2/14 MB | 1.0/2.2 MB | 0.4/3.6 MB | 233/270 kB | 41/286 kBProgress (5): 3.2/14 MB | 1.0/2.2 MB | 0.4/3.6 MB | 233/270 kB | 41/286 kBProgress (5): 3.2/14 MB | 1.0/2.2 MB | 0.5/3.6 MB | 233/270 kB | 41/286 kBProgress (5): 3.2/14 MB | 1.0/2.2 MB | 0.5/3.6 MB | 233/270 kB | 41/286 kBProgress (5): 3.2/14 MB | 1.0/2.2 MB | 0.5/3.6 MB | 249/270 kB | 41/286 kBProgress (5): 3.2/14 MB | 1.0/2.2 MB | 0.5/3.6 MB | 249/270 kB | 57/286 kBProgress (5): 3.2/14 MB | 1.0/2.2 MB | 0.5/3.6 MB | 249/270 kB | 57/286 kBProgress (5): 3.2/14 MB | 1.0/2.2 MB | 0.5/3.6 MB | 249/270 kB | 57/286 kBProgress (5): 3.2/14 MB | 1.0/2.2 MB | 0.5/3.6 MB | 249/270 kB | 74/286 kBProgress (5): 3.2/14 MB | 1.0/2.2 MB | 0.5/3.6 MB | 265/270 kB | 74/286 kBProgress (5): 3.2/14 MB | 1.0/2.2 MB | 0.5/3.6 MB | 265/270 kB | 90/286 kBProgress (5): 3.2/14 MB | 1.0/2.2 MB | 0.5/3.6 MB | 265/270 kB | 106/286 kBProgress (5): 3.2/14 MB | 1.0/2.2 MB | 0.5/3.6 MB | 265/270 kB | 123/286 kBProgress (5): 3.2/14 MB | 1.0/2.2 MB | 0.5/3.6 MB | 265/270 kB | 131/286 kBProgress (5): 3.2/14 MB | 1.0/2.2 MB | 0.5/3.6 MB | 265/270 kB | 139/286 kBProgress (5): 3.3/14 MB | 1.0/2.2 MB | 0.5/3.6 MB | 265/270 kB | 139/286 kBProgress (5): 3.3/14 MB | 1.0/2.2 MB | 0.5/3.6 MB | 270 kB | 139/286 kB                                                                           Downloaded from central: https://repo.maven.apache.org/maven2/org/apache/tomcat/embed/tomcat-embed-el/11.0.21/tomcat-embed-el-11.0.21.jar (270 kB at 9.9 kB/s)
#16 63.48 Downloading from central: https://repo.maven.apache.org/maven2/org/springframework/boot/spring-boot-tomcat/4.0.6/spring-boot-tomcat-4.0.6.jar
#16 63.50 Progress (4): 3.3/14 MB | 1.0/2.2 MB | 0.5/3.6 MB | 139/286 kBProgress (4): 3.3/14 MB | 1.1/2.2 MB | 0.5/3.6 MB | 139/286 kBProgress (4): 3.3/14 MB | 1.1/2.2 MB | 0.5/3.6 MB | 139/286 kBProgress (4): 3.3/14 MB | 1.1/2.2 MB | 0.5/3.6 MB | 139/286 kBProgress (4): 3.3/14 MB | 1.1/2.2 MB | 0.5/3.6 MB | 139/286 kBProgress (4): 3.3/14 MB | 1.1/2.2 MB | 0.5/3.6 MB | 139/286 kBProgress (4): 3.3/14 MB | 1.1/2.2 MB | 0.5/3.6 MB | 139/286 kBProgress (4): 3.3/14 MB | 1.1/2.2 MB | 0.5/3.6 MB | 139/286 kBProgress (4): 3.3/14 MB | 1.1/2.2 MB | 0.5/3.6 MB | 147/286 kBProgress (4): 3.3/14 MB | 1.1/2.2 MB | 0.5/3.6 MB | 164/286 kBProgress (4): 3.3/14 MB | 1.1/2.2 MB | 0.6/3.6 MB | 164/286 kBProgress (4): 3.3/14 MB | 1.1/2.2 MB | 0.6/3.6 MB | 164/286 kBProgress (4): 3.3/14 MB | 1.1/2.2 MB | 0.6/3.6 MB | 164/286 kBProgress (4): 3.3/14 MB | 1.1/2.2 MB | 0.6/3.6 MB | 180/286 kBProgress (4): 3.3/14 MB | 1.1/2.2 MB | 0.6/3.6 MB | 180/286 kBProgress (4): 3.3/14 MB | 1.1/2.2 MB | 0.6/3.6 MB | 197/286 kBProgress (4): 3.3/14 MB | 1.1/2.2 MB | 0.6/3.6 MB | 197/286 kBProgress (4): 3.3/14 MB | 1.1/2.2 MB | 0.6/3.6 MB | 213/286 kBProgress (4): 3.3/14 MB | 1.1/2.2 MB | 0.6/3.6 MB | 229/286 kBProgress (4): 3.3/14 MB | 1.1/2.2 MB | 0.6/3.6 MB | 229/286 kBProgress (4): 3.3/14 MB | 1.1/2.2 MB | 0.6/3.6 MB | 246/286 kBProgress (4): 3.3/14 MB | 1.1/2.2 MB | 0.6/3.6 MB | 262/286 kBProgress (4): 3.3/14 MB | 1.1/2.2 MB | 0.6/3.6 MB | 270/286 kBProgress (4): 3.3/14 MB | 1.1/2.2 MB | 0.6/3.6 MB | 270/286 kBProgress (5): 3.3/14 MB | 1.1/2.2 MB | 0.6/3.6 MB | 270/286 kB | 3.2/124 kBProgress (5): 3.3/14 MB | 1.1/2.2 MB | 0.6/3.6 MB | 270/286 kB | 3.2/124 kBProgress (5): 3.4/14 MB | 1.1/2.2 MB | 0.6/3.6 MB | 270/286 kB | 3.2/124 kBProgress (5): 3.4/14 MB | 1.1/2.2 MB | 0.6/3.6 MB | 270/286 kB | 20/124 kB Progress (5): 3.4/14 MB | 1.1/2.2 MB | 0.6/3.6 MB | 270/286 kB | 20/124 kBProgress (5): 3.4/14 MB | 1.1/2.2 MB | 0.6/3.6 MB | 286 kB | 20/124 kB    Progress (5): 3.4/14 MB | 1.1/2.2 MB | 0.6/3.6 MB | 286 kB | 36/124 kB                                                                      Downloaded from central: https://repo.maven.apache.org/maven2/org/apache/tomcat/embed/tomcat-embed-websocket/11.0.21/tomcat-embed-websocket-11.0.21.jar (286 kB at 10 kB/s)
#16 63.72 Downloading from central: https://repo.maven.apache.org/maven2/org/springframework/boot/spring-boot-http-converter/4.0.6/spring-boot-http-converter-4.0.6.jar
#16 63.72 Progress (4): 3.4/14 MB | 1.1/2.2 MB | 0.6/3.6 MB | 36/124 kBProgress (4): 3.4/14 MB | 1.1/2.2 MB | 0.6/3.6 MB | 36/124 kBProgress (4): 3.4/14 MB | 1.1/2.2 MB | 0.6/3.6 MB | 36/124 kBProgress (4): 3.4/14 MB | 1.1/2.2 MB | 0.6/3.6 MB | 52/124 kBProgress (4): 3.4/14 MB | 1.1/2.2 MB | 0.6/3.6 MB | 52/124 kBProgress (4): 3.4/14 MB | 1.1/2.2 MB | 0.6/3.6 MB | 61/124 kBProgress (4): 3.4/14 MB | 1.1/2.2 MB | 0.7/3.6 MB | 61/124 kBProgress (4): 3.4/14 MB | 1.1/2.2 MB | 0.7/3.6 MB | 77/124 kBProgress (4): 3.4/14 MB | 1.1/2.2 MB | 0.7/3.6 MB | 93/124 kBProgress (4): 3.4/14 MB | 1.1/2.2 MB | 0.7/3.6 MB | 98/124 kBProgress (4): 3.4/14 MB | 1.1/2.2 MB | 0.7/3.6 MB | 98/124 kBProgress (4): 3.4/14 MB | 1.1/2.2 MB | 0.7/3.6 MB | 98/124 kBProgress (4): 3.4/14 MB | 1.1/2.2 MB | 0.7/3.6 MB | 106/124 kBProgress (4): 3.4/14 MB | 1.1/2.2 MB | 0.7/3.6 MB | 106/124 kBProgress (5): 3.4/14 MB | 1.1/2.2 MB | 0.7/3.6 MB | 106/124 kB | 7.7/54 kBProgress (5): 3.4/14 MB | 1.1/2.2 MB | 0.7/3.6 MB | 106/124 kB | 16/54 kB Progress (5): 3.4/14 MB | 1.1/2.2 MB | 0.7/3.6 MB | 106/124 kB | 16/54 kBProgress (5): 3.4/14 MB | 1.1/2.2 MB | 0.7/3.6 MB | 106/124 kB | 16/54 kBProgress (5): 3.4/14 MB | 1.1/2.2 MB | 0.7/3.6 MB | 106/124 kB | 25/54 kBProgress (5): 3.4/14 MB | 1.1/2.2 MB | 0.7/3.6 MB | 123/124 kB | 25/54 kBProgress (5): 3.4/14 MB | 1.1/2.2 MB | 0.7/3.6 MB | 124 kB | 25/54 kB                                                                         Downloaded from central: https://repo.maven.apache.org/maven2/org/springframework/boot/spring-boot-tomcat/4.0.6/spring-boot-tomcat-4.0.6.jar (124 kB at 4.4 kB/s)
#16 63.97 Downloading from central: https://repo.maven.apache.org/maven2/org/springframework/spring-web/7.0.7/spring-web-7.0.7.jar
#16 63.98 Progress (4): 3.4/14 MB | 1.1/2.2 MB | 0.7/3.6 MB | 25/54 kBProgress (4): 3.4/14 MB | 1.1/2.2 MB | 0.7/3.6 MB | 41/54 kBProgress (4): 3.4/14 MB | 1.1/2.2 MB | 0.7/3.6 MB | 54 kB                                                            Downloaded from central: https://repo.maven.apache.org/maven2/org/springframework/boot/spring-boot-http-converter/4.0.6/spring-boot-http-converter-4.0.6.jar (54 kB at 1.9 kB/s)
#16 64.26 Downloading from central: https://repo.maven.apache.org/maven2/org/springframework/boot/spring-boot-webmvc/4.0.6/spring-boot-webmvc-4.0.6.jar
#16 64.34 Progress (3): 3.4/14 MB | 1.1/2.2 MB | 0.7/3.6 MBProgress (3): 3.4/14 MB | 1.2/2.2 MB | 0.7/3.6 MBProgress (3): 3.4/14 MB | 1.2/2.2 MB | 0.7/3.6 MBProgress (3): 3.4/14 MB | 1.2/2.2 MB | 0.7/3.6 MBProgress (3): 3.4/14 MB | 1.2/2.2 MB | 0.7/3.6 MBProgress (3): 3.4/14 MB | 1.2/2.2 MB | 0.7/3.6 MBProgress (3): 3.4/14 MB | 1.2/2.2 MB | 0.7/3.6 MBProgress (3): 3.5/14 MB | 1.2/2.2 MB | 0.7/3.6 MBProgress (3): 3.5/14 MB | 1.2/2.2 MB | 0.8/3.6 MBProgress (4): 3.5/14 MB | 1.2/2.2 MB | 0.8/3.6 MB | 0/2.2 MBProgress (4): 3.5/14 MB | 1.2/2.2 MB | 0.8/3.6 MB | 0/2.2 MBProgress (4): 3.5/14 MB | 1.2/2.2 MB | 0.8/3.6 MB | 0/2.2 MBProgress (4): 3.5/14 MB | 1.2/2.2 MB | 0.8/3.6 MB | 0/2.2 MBProgress (4): 3.5/14 MB | 1.2/2.2 MB | 0.8/3.6 MB | 0/2.2 MBProgress (4): 3.5/14 MB | 1.2/2.2 MB | 0.8/3.6 MB | 0/2.2 MBProgress (4): 3.5/14 MB | 1.2/2.2 MB | 0.8/3.6 MB | 0/2.2 MBProgress (4): 3.5/14 MB | 1.2/2.2 MB | 0.8/3.6 MB | 0/2.2 MBProgress (4): 3.5/14 MB | 1.2/2.2 MB | 0.8/3.6 MB | 0/2.2 MBProgress (4): 3.5/14 MB | 1.2/2.2 MB | 0.8/3.6 MB | 0.1/2.2 MBProgress (4): 3.5/14 MB | 1.2/2.2 MB | 0.8/3.6 MB | 0.1/2.2 MBProgress (4): 3.5/14 MB | 1.2/2.2 MB | 0.8/3.6 MB | 0.1/2.2 MBProgress (4): 3.5/14 MB | 1.2/2.2 MB | 0.8/3.6 MB | 0.1/2.2 MBProgress (5): 3.5/14 MB | 1.2/2.2 MB | 0.8/3.6 MB | 0.1/2.2 MB | 3.2/174 kBProgress (5): 3.5/14 MB | 1.2/2.2 MB | 0.8/3.6 MB | 0.1/2.2 MB | 20/174 kB Progress (5): 3.5/14 MB | 1.2/2.2 MB | 0.8/3.6 MB | 0.1/2.2 MB | 36/174 kBProgress (5): 3.5/14 MB | 1.2/2.2 MB | 0.8/3.6 MB | 0.1/2.2 MB | 52/174 kBProgress (5): 3.5/14 MB | 1.2/2.2 MB | 0.8/3.6 MB | 0.1/2.2 MB | 52/174 kBProgress (5): 3.5/14 MB | 1.2/2.2 MB | 0.8/3.6 MB | 0.1/2.2 MB | 61/174 kBProgress (5): 3.5/14 MB | 1.2/2.2 MB | 0.8/3.6 MB | 0.1/2.2 MB | 61/174 kBProgress (5): 3.5/14 MB | 1.2/2.2 MB | 0.8/3.6 MB | 0.1/2.2 MB | 61/174 kBProgress (5): 3.5/14 MB | 1.2/2.2 MB | 0.8/3.6 MB | 0.1/2.2 MB | 69/174 kBProgress (5): 3.5/14 MB | 1.2/2.2 MB | 0.8/3.6 MB | 0.1/2.2 MB | 85/174 kBProgress (5): 3.5/14 MB | 1.2/2.2 MB | 0.8/3.6 MB | 0.1/2.2 MB | 93/174 kBProgress (5): 3.5/14 MB | 1.2/2.2 MB | 0.8/3.6 MB | 0.1/2.2 MB | 101/174 kBProgress (5): 3.5/14 MB | 1.2/2.2 MB | 0.8/3.6 MB | 0.1/2.2 MB | 118/174 kBProgress (5): 3.5/14 MB | 1.2/2.2 MB | 0.8/3.6 MB | 0.1/2.2 MB | 134/174 kBProgress (5): 3.5/14 MB | 1.2/2.2 MB | 0.8/3.6 MB | 0.1/2.2 MB | 134/174 kBProgress (5): 3.5/14 MB | 1.2/2.2 MB | 0.8/3.6 MB | 0.1/2.2 MB | 134/174 kBProgress (5): 3.5/14 MB | 1.2/2.2 MB | 0.8/3.6 MB | 0.1/2.2 MB | 134/174 kBProgress (5): 3.5/14 MB | 1.2/2.2 MB | 0.9/3.6 MB | 0.1/2.2 MB | 134/174 kBProgress (5): 3.5/14 MB | 1.2/2.2 MB | 0.9/3.6 MB | 0.1/2.2 MB | 134/174 kBProgress (5): 3.5/14 MB | 1.2/2.2 MB | 0.9/3.6 MB | 0.1/2.2 MB | 134/174 kBProgress (5): 3.6/14 MB | 1.2/2.2 MB | 0.9/3.6 MB | 0.1/2.2 MB | 134/174 kBProgress (5): 3.6/14 MB | 1.2/2.2 MB | 0.9/3.6 MB | 0.1/2.2 MB | 134/174 kBProgress (5): 3.6/14 MB | 1.2/2.2 MB | 0.9/3.6 MB | 0.1/2.2 MB | 134/174 kBProgress (5): 3.6/14 MB | 1.2/2.2 MB | 0.9/3.6 MB | 0.1/2.2 MB | 134/174 kBProgress (5): 3.6/14 MB | 1.2/2.2 MB | 0.9/3.6 MB | 0.1/2.2 MB | 134/174 kBProgress (5): 3.6/14 MB | 1.2/2.2 MB | 0.9/3.6 MB | 0.1/2.2 MB | 134/174 kBProgress (5): 3.6/14 MB | 1.2/2.2 MB | 0.9/3.6 MB | 0.1/2.2 MB | 134/174 kBProgress (5): 3.6/14 MB | 1.2/2.2 MB | 0.9/3.6 MB | 0.1/2.2 MB | 134/174 kBProgress (5): 3.6/14 MB | 1.2/2.2 MB | 0.9/3.6 MB | 0.1/2.2 MB | 134/174 kBProgress (5): 3.6/14 MB | 1.2/2.2 MB | 0.9/3.6 MB | 0.1/2.2 MB | 142/174 kBProgress (5): 3.6/14 MB | 1.2/2.2 MB | 0.9/3.6 MB | 0.1/2.2 MB | 151/174 kBProgress (5): 3.6/14 MB | 1.2/2.2 MB | 0.9/3.6 MB | 0.2/2.2 MB | 151/174 kBProgress (5): 3.6/14 MB | 1.2/2.2 MB | 0.9/3.6 MB | 0.2/2.2 MB | 151/174 kBProgress (5): 3.6/14 MB | 1.2/2.2 MB | 0.9/3.6 MB | 0.2/2.2 MB | 151/174 kBProgress (5): 3.6/14 MB | 1.2/2.2 MB | 0.9/3.6 MB | 0.2/2.2 MB | 167/174 kBProgress (5): 3.6/14 MB | 1.2/2.2 MB | 0.9/3.6 MB | 0.2/2.2 MB | 174 kB                                                                           Downloaded from central: https://repo.maven.apache.org/maven2/org/springframework/boot/spring-boot-webmvc/4.0.6/spring-boot-webmvc-4.0.6.jar (174 kB at 6.1 kB/s)
#16 64.85 Downloading from central: https://repo.maven.apache.org/maven2/org/springframework/boot/spring-boot-servlet/4.0.6/spring-boot-servlet-4.0.6.jar
#16 64.85 Progress (4): 3.6/14 MB | 1.3/2.2 MB | 0.9/3.6 MB | 0.2/2.2 MBProgress (4): 3.6/14 MB | 1.3/2.2 MB | 0.9/3.6 MB | 0.2/2.2 MBProgress (4): 3.6/14 MB | 1.3/2.2 MB | 0.9/3.6 MB | 0.2/2.2 MBProgress (4): 3.6/14 MB | 1.3/2.2 MB | 0.9/3.6 MB | 0.2/2.2 MBProgress (4): 3.6/14 MB | 1.3/2.2 MB | 1.0/3.6 MB | 0.2/2.2 MBProgress (4): 3.6/14 MB | 1.3/2.2 MB | 1.0/3.6 MB | 0.2/2.2 MBProgress (4): 3.6/14 MB | 1.3/2.2 MB | 1.0/3.6 MB | 0.2/2.2 MBProgress (4): 3.6/14 MB | 1.3/2.2 MB | 1.0/3.6 MB | 0.2/2.2 MBProgress (4): 3.6/14 MB | 1.3/2.2 MB | 1.0/3.6 MB | 0.2/2.2 MBProgress (4): 3.6/14 MB | 1.3/2.2 MB | 1.0/3.6 MB | 0.2/2.2 MBProgress (4): 3.7/14 MB | 1.3/2.2 MB | 1.0/3.6 MB | 0.2/2.2 MBProgress (4): 3.7/14 MB | 1.3/2.2 MB | 1.0/3.6 MB | 0.2/2.2 MBProgress (4): 3.7/14 MB | 1.3/2.2 MB | 1.0/3.6 MB | 0.2/2.2 MBProgress (4): 3.7/14 MB | 1.3/2.2 MB | 1.0/3.6 MB | 0.2/2.2 MBProgress (4): 3.7/14 MB | 1.3/2.2 MB | 1.0/3.6 MB | 0.2/2.2 MBProgress (4): 3.7/14 MB | 1.3/2.2 MB | 1.0/3.6 MB | 0.2/2.2 MBProgress (4): 3.7/14 MB | 1.3/2.2 MB | 1.0/3.6 MB | 0.2/2.2 MBProgress (4): 3.7/14 MB | 1.3/2.2 MB | 1.0/3.6 MB | 0.2/2.2 MBProgress (4): 3.7/14 MB | 1.3/2.2 MB | 1.0/3.6 MB | 0.2/2.2 MBProgress (4): 3.7/14 MB | 1.3/2.2 MB | 1.0/3.6 MB | 0.2/2.2 MBProgress (4): 3.7/14 MB | 1.3/2.2 MB | 1.0/3.6 MB | 0.3/2.2 MBProgress (4): 3.7/14 MB | 1.3/2.2 MB | 1.0/3.6 MB | 0.3/2.2 MBProgress (4): 3.7/14 MB | 1.3/2.2 MB | 1.1/3.6 MB | 0.3/2.2 MBProgress (5): 3.7/14 MB | 1.3/2.2 MB | 1.1/3.6 MB | 0.3/2.2 MB | 7.7/47 kBProgress (5): 3.7/14 MB | 1.3/2.2 MB | 1.1/3.6 MB | 0.3/2.2 MB | 16/47 kB Progress (5): 3.7/14 MB | 1.3/2.2 MB | 1.1/3.6 MB | 0.3/2.2 MB | 25/47 kBProgress (5): 3.7/14 MB | 1.3/2.2 MB | 1.1/3.6 MB | 0.3/2.2 MB | 25/47 kBProgress (5): 3.7/14 MB | 1.3/2.2 MB | 1.1/3.6 MB | 0.3/2.2 MB | 25/47 kBProgress (5): 3.7/14 MB | 1.3/2.2 MB | 1.1/3.6 MB | 0.3/2.2 MB | 25/47 kBProgress (5): 3.7/14 MB | 1.3/2.2 MB | 1.1/3.6 MB | 0.3/2.2 MB | 25/47 kBProgress (5): 3.7/14 MB | 1.3/2.2 MB | 1.1/3.6 MB | 0.3/2.2 MB | 41/47 kBProgress (5): 3.7/14 MB | 1.3/2.2 MB | 1.1/3.6 MB | 0.3/2.2 MB | 47 kB                                                                         Downloaded from central: https://repo.maven.apache.org/maven2/org/springframework/boot/spring-boot-servlet/4.0.6/spring-boot-servlet-4.0.6.jar (47 kB at 1.6 kB/s)
#16 65.08 Downloading from central: https://repo.maven.apache.org/maven2/org/springframework/spring-webmvc/7.0.7/spring-webmvc-7.0.7.jar
#16 65.08 Progress (4): 3.7/14 MB | 1.3/2.2 MB | 1.1/3.6 MB | 0.3/2.2 MBProgress (4): 3.7/14 MB | 1.3/2.2 MB | 1.1/3.6 MB | 0.3/2.2 MBProgress (4): 3.7/14 MB | 1.3/2.2 MB | 1.1/3.6 MB | 0.3/2.2 MBProgress (4): 3.7/14 MB | 1.3/2.2 MB | 1.1/3.6 MB | 0.3/2.2 MBProgress (4): 3.7/14 MB | 1.3/2.2 MB | 1.1/3.6 MB | 0.3/2.2 MBProgress (4): 3.7/14 MB | 1.3/2.2 MB | 1.1/3.6 MB | 0.3/2.2 MBProgress (4): 3.7/14 MB | 1.3/2.2 MB | 1.1/3.6 MB | 0.3/2.2 MBProgress (4): 3.7/14 MB | 1.3/2.2 MB | 1.1/3.6 MB | 0.3/2.2 MBProgress (4): 3.8/14 MB | 1.3/2.2 MB | 1.1/3.6 MB | 0.3/2.2 MBProgress (4): 3.8/14 MB | 1.3/2.2 MB | 1.1/3.6 MB | 0.3/2.2 MBProgress (4): 3.8/14 MB | 1.3/2.2 MB | 1.1/3.6 MB | 0.3/2.2 MBProgress (4): 3.8/14 MB | 1.3/2.2 MB | 1.1/3.6 MB | 0.3/2.2 MBProgress (4): 3.8/14 MB | 1.3/2.2 MB | 1.2/3.6 MB | 0.3/2.2 MBProgress (4): 3.8/14 MB | 1.3/2.2 MB | 1.2/3.6 MB | 0.3/2.2 MBProgress (4): 3.8/14 MB | 1.3/2.2 MB | 1.2/3.6 MB | 0.3/2.2 MBProgress (4): 3.8/14 MB | 1.3/2.2 MB | 1.2/3.6 MB | 0.3/2.2 MBProgress (4): 3.8/14 MB | 1.3/2.2 MB | 1.2/3.6 MB | 0.4/2.2 MBProgress (4): 3.8/14 MB | 1.3/2.2 MB | 1.2/3.6 MB | 0.4/2.2 MBProgress (4): 3.8/14 MB | 1.3/2.2 MB | 1.2/3.6 MB | 0.4/2.2 MBProgress (4): 3.8/14 MB | 1.3/2.2 MB | 1.2/3.6 MB | 0.4/2.2 MBProgress (4): 3.8/14 MB | 1.3/2.2 MB | 1.2/3.6 MB | 0.4/2.2 MBProgress (5): 3.8/14 MB | 1.3/2.2 MB | 1.2/3.6 MB | 0.4/2.2 MB | 0/1.1 MBProgress (5): 3.8/14 MB | 1.3/2.2 MB | 1.2/3.6 MB | 0.4/2.2 MB | 0/1.1 MBProgress (5): 3.8/14 MB | 1.4/2.2 MB | 1.2/3.6 MB | 0.4/2.2 MB | 0/1.1 MBProgress (5): 3.8/14 MB | 1.4/2.2 MB | 1.2/3.6 MB | 0.4/2.2 MB | 0/1.1 MBProgress (5): 3.8/14 MB | 1.4/2.2 MB | 1.2/3.6 MB | 0.4/2.2 MB | 0/1.1 MBProgress (5): 3.8/14 MB | 1.4/2.2 MB | 1.2/3.6 MB | 0.4/2.2 MB | 0/1.1 MBProgress (5): 3.8/14 MB | 1.4/2.2 MB | 1.2/3.6 MB | 0.4/2.2 MB | 0/1.1 MBProgress (5): 3.8/14 MB | 1.4/2.2 MB | 1.2/3.6 MB | 0.4/2.2 MB | 0/1.1 MBProgress (5): 3.8/14 MB | 1.4/2.2 MB | 1.2/3.6 MB | 0.4/2.2 MB | 0.1/1.1 MBProgress (5): 3.8/14 MB | 1.4/2.2 MB | 1.2/3.6 MB | 0.4/2.2 MB | 0.1/1.1 MBProgress (5): 3.8/14 MB | 1.4/2.2 MB | 1.2/3.6 MB | 0.4/2.2 MB | 0.1/1.1 MBProgress (5): 3.8/14 MB | 1.4/2.2 MB | 1.2/3.6 MB | 0.4/2.2 MB | 0.1/1.1 MBProgress (5): 3.8/14 MB | 1.4/2.2 MB | 1.2/3.6 MB | 0.4/2.2 MB | 0.1/1.1 MBProgress (5): 3.8/14 MB | 1.4/2.2 MB | 1.2/3.6 MB | 0.4/2.2 MB | 0.1/1.1 MBProgress (5): 3.8/14 MB | 1.4/2.2 MB | 1.2/3.6 MB | 0.4/2.2 MB | 0.1/1.1 MBProgress (5): 3.8/14 MB | 1.4/2.2 MB | 1.3/3.6 MB | 0.4/2.2 MB | 0.1/1.1 MBProgress (5): 3.8/14 MB | 1.4/2.2 MB | 1.3/3.6 MB | 0.4/2.2 MB | 0.1/1.1 MBProgress (5): 3.8/14 MB | 1.4/2.2 MB | 1.3/3.6 MB | 0.4/2.2 MB | 0.1/1.1 MBProgress (5): 3.8/14 MB | 1.4/2.2 MB | 1.3/3.6 MB | 0.4/2.2 MB | 0.1/1.1 MBProgress (5): 3.8/14 MB | 1.4/2.2 MB | 1.3/3.6 MB | 0.4/2.2 MB | 0.1/1.1 MBProgress (5): 3.8/14 MB | 1.4/2.2 MB | 1.3/3.6 MB | 0.4/2.2 MB | 0.1/1.1 MBProgress (5): 3.9/14 MB | 1.4/2.2 MB | 1.3/3.6 MB | 0.4/2.2 MB | 0.1/1.1 MBProgress (5): 3.9/14 MB | 1.4/2.2 MB | 1.3/3.6 MB | 0.4/2.2 MB | 0.1/1.1 MBProgress (5): 3.9/14 MB | 1.4/2.2 MB | 1.3/3.6 MB | 0.4/2.2 MB | 0.1/1.1 MBProgress (5): 3.9/14 MB | 1.4/2.2 MB | 1.3/3.6 MB | 0.4/2.2 MB | 0.1/1.1 MBProgress (5): 3.9/14 MB | 1.4/2.2 MB | 1.3/3.6 MB | 0.4/2.2 MB | 0.1/1.1 MBProgress (5): 3.9/14 MB | 1.4/2.2 MB | 1.3/3.6 MB | 0.5/2.2 MB | 0.1/1.1 MBProgress (5): 3.9/14 MB | 1.4/2.2 MB | 1.3/3.6 MB | 0.5/2.2 MB | 0.1/1.1 MBProgress (5): 3.9/14 MB | 1.4/2.2 MB | 1.3/3.6 MB | 0.5/2.2 MB | 0.1/1.1 MBProgress (5): 3.9/14 MB | 1.4/2.2 MB | 1.3/3.6 MB | 0.5/2.2 MB | 0.1/1.1 MBProgress (5): 3.9/14 MB | 1.4/2.2 MB | 1.3/3.6 MB | 0.5/2.2 MB | 0.1/1.1 MBProgress (5): 3.9/14 MB | 1.4/2.2 MB | 1.3/3.6 MB | 0.5/2.2 MB | 0.1/1.1 MBProgress (5): 3.9/14 MB | 1.4/2.2 MB | 1.3/3.6 MB | 0.5/2.2 MB | 0.1/1.1 MBProgress (5): 3.9/14 MB | 1.4/2.2 MB | 1.3/3.6 MB | 0.5/2.2 MB | 0.1/1.1 MBProgress (5): 3.9/14 MB | 1.4/2.2 MB | 1.3/3.6 MB | 0.5/2.2 MB | 0.1/1.1 MBProgress (5): 3.9/14 MB | 1.4/2.2 MB | 1.3/3.6 MB | 0.5/2.2 MB | 0.1/1.1 MBProgress (5): 3.9/14 MB | 1.4/2.2 MB | 1.3/3.6 MB | 0.5/2.2 MB | 0.1/1.1 MBProgress (5): 3.9/14 MB | 1.4/2.2 MB | 1.4/3.6 MB | 0.5/2.2 MB | 0.1/1.1 MBProgress (5): 3.9/14 MB | 1.4/2.2 MB | 1.4/3.6 MB | 0.5/2.2 MB | 0.2/1.1 MBProgress (5): 3.9/14 MB | 1.4/2.2 MB | 1.4/3.6 MB | 0.5/2.2 MB | 0.2/1.1 MBProgress (5): 3.9/14 MB | 1.4/2.2 MB | 1.4/3.6 MB | 0.5/2.2 MB | 0.2/1.1 MBProgress (5): 3.9/14 MB | 1.4/2.2 MB | 1.4/3.6 MB | 0.5/2.2 MB | 0.2/1.1 MBProgress (5): 3.9/14 MB | 1.4/2.2 MB | 1.4/3.6 MB | 0.5/2.2 MB | 0.2/1.1 MBProgress (5): 3.9/14 MB | 1.4/2.2 MB | 1.4/3.6 MB | 0.5/2.2 MB | 0.2/1.1 MBProgress (5): 3.9/14 MB | 1.4/2.2 MB | 1.4/3.6 MB | 0.5/2.2 MB | 0.2/1.1 MBProgress (5): 3.9/14 MB | 1.4/2.2 MB | 1.4/3.6 MB | 0.5/2.2 MB | 0.2/1.1 MBProgress (5): 3.9/14 MB | 1.4/2.2 MB | 1.4/3.6 MB | 0.5/2.2 MB | 0.2/1.1 MBProgress (5): 3.9/14 MB | 1.4/2.2 MB | 1.4/3.6 MB | 0.5/2.2 MB | 0.2/1.1 MBProgress (5): 3.9/14 MB | 1.4/2.2 MB | 1.4/3.6 MB | 0.5/2.2 MB | 0.2/1.1 MBProgress (5): 3.9/14 MB | 1.4/2.2 MB | 1.4/3.6 MB | 0.5/2.2 MB | 0.2/1.1 MBProgress (5): 3.9/14 MB | 1.4/2.2 MB | 1.4/3.6 MB | 0.5/2.2 MB | 0.2/1.1 MBProgress (5): 4.0/14 MB | 1.4/2.2 MB | 1.4/3.6 MB | 0.5/2.2 MB | 0.2/1.1 MBProgress (5): 4.0/14 MB | 1.4/2.2 MB | 1.4/3.6 MB | 0.5/2.2 MB | 0.2/1.1 MBProgress (5): 4.0/14 MB | 1.4/2.2 MB | 1.4/3.6 MB | 0.5/2.2 MB | 0.2/1.1 MBProgress (5): 4.0/14 MB | 1.4/2.2 MB | 1.4/3.6 MB | 0.5/2.2 MB | 0.2/1.1 MBProgress (5): 4.0/14 MB | 1.4/2.2 MB | 1.4/3.6 MB | 0.5/2.2 MB | 0.2/1.1 MBProgress (5): 4.0/14 MB | 1.4/2.2 MB | 1.4/3.6 MB | 0.5/2.2 MB | 0.2/1.1 MBProgress (5): 4.0/14 MB | 1.4/2.2 MB | 1.4/3.6 MB | 0.5/2.2 MB | 0.2/1.1 MBProgress (5): 4.0/14 MB | 1.4/2.2 MB | 1.4/3.6 MB | 0.5/2.2 MB | 0.2/1.1 MBProgress (5): 4.0/14 MB | 1.4/2.2 MB | 1.4/3.6 MB | 0.5/2.2 MB | 0.2/1.1 MBProgress (5): 4.0/14 MB | 1.4/2.2 MB | 1.5/3.6 MB | 0.5/2.2 MB | 0.2/1.1 MBProgress (5): 4.0/14 MB | 1.4/2.2 MB | 1.5/3.6 MB | 0.5/2.2 MB | 0.2/1.1 MBProgress (5): 4.0/14 MB | 1.4/2.2 MB | 1.5/3.6 MB | 0.5/2.2 MB | 0.3/1.1 MBProgress (5): 4.0/14 MB | 1.5/2.2 MB | 1.5/3.6 MB | 0.5/2.2 MB | 0.3/1.1 MBProgress (5): 4.0/14 MB | 1.5/2.2 MB | 1.5/3.6 MB | 0.5/2.2 MB | 0.3/1.1 MBProgress (5): 4.0/14 MB | 1.5/2.2 MB | 1.5/3.6 MB | 0.5/2.2 MB | 0.3/1.1 MBProgress (5): 4.0/14 MB | 1.5/2.2 MB | 1.5/3.6 MB | 0.6/2.2 MB | 0.3/1.1 MBProgress (5): 4.0/14 MB | 1.5/2.2 MB | 1.5/3.6 MB | 0.6/2.2 MB | 0.3/1.1 MBProgress (5): 4.0/14 MB | 1.5/2.2 MB | 1.5/3.6 MB | 0.6/2.2 MB | 0.3/1.1 MBProgress (5): 4.0/14 MB | 1.5/2.2 MB | 1.5/3.6 MB | 0.6/2.2 MB | 0.3/1.1 MBProgress (5): 4.0/14 MB | 1.5/2.2 MB | 1.5/3.6 MB | 0.6/2.2 MB | 0.3/1.1 MBProgress (5): 4.0/14 MB | 1.5/2.2 MB | 1.5/3.6 MB | 0.6/2.2 MB | 0.3/1.1 MBProgress (5): 4.0/14 MB | 1.5/2.2 MB | 1.5/3.6 MB | 0.6/2.2 MB | 0.3/1.1 MBProgress (5): 4.0/14 MB | 1.5/2.2 MB | 1.5/3.6 MB | 0.6/2.2 MB | 0.3/1.1 MBProgress (5): 4.0/14 MB | 1.5/2.2 MB | 1.5/3.6 MB | 0.6/2.2 MB | 0.3/1.1 MBProgress (5): 4.0/14 MB | 1.5/2.2 MB | 1.5/3.6 MB | 0.6/2.2 MB | 0.3/1.1 MBProgress (5): 4.0/14 MB | 1.5/2.2 MB | 1.5/3.6 MB | 0.6/2.2 MB | 0.3/1.1 MBProgress (5): 4.0/14 MB | 1.5/2.2 MB | 1.5/3.6 MB | 0.6/2.2 MB | 0.3/1.1 MBProgress (5): 4.0/14 MB | 1.5/2.2 MB | 1.5/3.6 MB | 0.6/2.2 MB | 0.3/1.1 MBProgress (5): 4.0/14 MB | 1.5/2.2 MB | 1.5/3.6 MB | 0.6/2.2 MB | 0.3/1.1 MBProgress (5): 4.0/14 MB | 1.5/2.2 MB | 1.5/3.6 MB | 0.6/2.2 MB | 0.3/1.1 MBProgress (5): 4.1/14 MB | 1.5/2.2 MB | 1.5/3.6 MB | 0.6/2.2 MB | 0.3/1.1 MBProgress (5): 4.1/14 MB | 1.5/2.2 MB | 1.5/3.6 MB | 0.6/2.2 MB | 0.3/1.1 MBProgress (5): 4.1/14 MB | 1.5/2.2 MB | 1.6/3.6 MB | 0.6/2.2 MB | 0.3/1.1 MBProgress (5): 4.1/14 MB | 1.5/2.2 MB | 1.6/3.6 MB | 0.6/2.2 MB | 0.3/1.1 MBProgress (5): 4.1/14 MB | 1.5/2.2 MB | 1.6/3.6 MB | 0.6/2.2 MB | 0.3/1.1 MBProgress (5): 4.1/14 MB | 1.5/2.2 MB | 1.6/3.6 MB | 0.6/2.2 MB | 0.4/1.1 MBProgress (5): 4.1/14 MB | 1.5/2.2 MB | 1.6/3.6 MB | 0.6/2.2 MB | 0.4/1.1 MBProgress (5): 4.1/14 MB | 1.5/2.2 MB | 1.6/3.6 MB | 0.6/2.2 MB | 0.4/1.1 MBProgress (5): 4.1/14 MB | 1.5/2.2 MB | 1.6/3.6 MB | 0.6/2.2 MB | 0.4/1.1 MBProgress (5): 4.1/14 MB | 1.5/2.2 MB | 1.6/3.6 MB | 0.6/2.2 MB | 0.4/1.1 MBProgress (5): 4.1/14 MB | 1.5/2.2 MB | 1.6/3.6 MB | 0.6/2.2 MB | 0.4/1.1 MBProgress (5): 4.1/14 MB | 1.5/2.2 MB | 1.6/3.6 MB | 0.6/2.2 MB | 0.4/1.1 MBProgress (5): 4.1/14 MB | 1.5/2.2 MB | 1.6/3.6 MB | 0.6/2.2 MB | 0.4/1.1 MBProgress (5): 4.1/14 MB | 1.5/2.2 MB | 1.6/3.6 MB | 0.6/2.2 MB | 0.4/1.1 MBProgress (5): 4.1/14 MB | 1.5/2.2 MB | 1.6/3.6 MB | 0.6/2.2 MB | 0.4/1.1 MBProgress (5): 4.1/14 MB | 1.5/2.2 MB | 1.6/3.6 MB | 0.7/2.2 MB | 0.4/1.1 MBProgress (5): 4.1/14 MB | 1.5/2.2 MB | 1.6/3.6 MB | 0.7/2.2 MB | 0.4/1.1 MBProgress (5): 4.1/14 MB | 1.5/2.2 MB | 1.6/3.6 MB | 0.7/2.2 MB | 0.4/1.1 MBProgress (5): 4.1/14 MB | 1.5/2.2 MB | 1.6/3.6 MB | 0.7/2.2 MB | 0.4/1.1 MBProgress (5): 4.1/14 MB | 1.5/2.2 MB | 1.6/3.6 MB | 0.7/2.2 MB | 0.4/1.1 MBProgress (5): 4.1/14 MB | 1.5/2.2 MB | 1.6/3.6 MB | 0.7/2.2 MB | 0.4/1.1 MBProgress (5): 4.1/14 MB | 1.5/2.2 MB | 1.6/3.6 MB | 0.7/2.2 MB | 0.4/1.1 MBProgress (5): 4.1/14 MB | 1.5/2.2 MB | 1.6/3.6 MB | 0.7/2.2 MB | 0.4/1.1 MBProgress (5): 4.1/14 MB | 1.5/2.2 MB | 1.6/3.6 MB | 0.7/2.2 MB | 0.4/1.1 MBProgress (5): 4.1/14 MB | 1.5/2.2 MB | 1.6/3.6 MB | 0.7/2.2 MB | 0.4/1.1 MBProgress (5): 4.1/14 MB | 1.5/2.2 MB | 1.6/3.6 MB | 0.7/2.2 MB | 0.4/1.1 MBProgress (5): 4.1/14 MB | 1.5/2.2 MB | 1.6/3.6 MB | 0.7/2.2 MB | 0.4/1.1 MBProgress (5): 4.1/14 MB | 1.5/2.2 MB | 1.6/3.6 MB | 0.7/2.2 MB | 0.4/1.1 MBProgress (5): 4.1/14 MB | 1.5/2.2 MB | 1.6/3.6 MB | 0.7/2.2 MB | 0.5/1.1 MBProgress (5): 4.1/14 MB | 1.5/2.2 MB | 1.6/3.6 MB | 0.7/2.2 MB | 0.5/1.1 MBProgress (5): 4.1/14 MB | 1.5/2.2 MB | 1.6/3.6 MB | 0.7/2.2 MB | 0.5/1.1 MBProgress (5): 4.1/14 MB | 1.5/2.2 MB | 1.7/3.6 MB | 0.7/2.2 MB | 0.5/1.1 MBProgress (5): 4.1/14 MB | 1.5/2.2 MB | 1.7/3.6 MB | 0.7/2.2 MB | 0.5/1.1 MBProgress (5): 4.2/14 MB | 1.5/2.2 MB | 1.7/3.6 MB | 0.7/2.2 MB | 0.5/1.1 MBProgress (5): 4.2/14 MB | 1.5/2.2 MB | 1.7/3.6 MB | 0.7/2.2 MB | 0.5/1.1 MBProgress (5): 4.2/14 MB | 1.6/2.2 MB | 1.7/3.6 MB | 0.7/2.2 MB | 0.5/1.1 MBProgress (5): 4.2/14 MB | 1.6/2.2 MB | 1.7/3.6 MB | 0.7/2.2 MB | 0.5/1.1 MBProgress (5): 4.2/14 MB | 1.6/2.2 MB | 1.7/3.6 MB | 0.7/2.2 MB | 0.5/1.1 MBProgress (5): 4.2/14 MB | 1.6/2.2 MB | 1.7/3.6 MB | 0.7/2.2 MB | 0.5/1.1 MBProgress (5): 4.2/14 MB | 1.6/2.2 MB | 1.7/3.6 MB | 0.7/2.2 MB | 0.5/1.1 MBProgress (5): 4.2/14 MB | 1.6/2.2 MB | 1.7/3.6 MB | 0.7/2.2 MB | 0.5/1.1 MBProgress (5): 4.2/14 MB | 1.6/2.2 MB | 1.7/3.6 MB | 0.7/2.2 MB | 0.5/1.1 MBProgress (5): 4.2/14 MB | 1.6/2.2 MB | 1.7/3.6 MB | 0.7/2.2 MB | 0.5/1.1 MBProgress (5): 4.2/14 MB | 1.6/2.2 MB | 1.7/3.6 MB | 0.7/2.2 MB | 0.5/1.1 MBProgress (5): 4.2/14 MB | 1.6/2.2 MB | 1.7/3.6 MB | 0.7/2.2 MB | 0.5/1.1 MBProgress (5): 4.2/14 MB | 1.6/2.2 MB | 1.7/3.6 MB | 0.7/2.2 MB | 0.5/1.1 MBProgress (5): 4.2/14 MB | 1.6/2.2 MB | 1.7/3.6 MB | 0.7/2.2 MB | 0.5/1.1 MBProgress (5): 4.2/14 MB | 1.6/2.2 MB | 1.7/3.6 MB | 0.7/2.2 MB | 0.5/1.1 MBProgress (5): 4.2/14 MB | 1.6/2.2 MB | 1.7/3.6 MB | 0.7/2.2 MB | 0.5/1.1 MBProgress (5): 4.2/14 MB | 1.6/2.2 MB | 1.8/3.6 MB | 0.7/2.2 MB | 0.5/1.1 MBProgress (5): 4.2/14 MB | 1.6/2.2 MB | 1.8/3.6 MB | 0.8/2.2 MB | 0.5/1.1 MBProgress (5): 4.2/14 MB | 1.6/2.2 MB | 1.8/3.6 MB | 0.8/2.2 MB | 0.5/1.1 MBProgress (5): 4.2/14 MB | 1.6/2.2 MB | 1.8/3.6 MB | 0.8/2.2 MB | 0.5/1.1 MBProgress (5): 4.2/14 MB | 1.6/2.2 MB | 1.8/3.6 MB | 0.8/2.2 MB | 0.5/1.1 MBProgress (5): 4.2/14 MB | 1.6/2.2 MB | 1.8/3.6 MB | 0.8/2.2 MB | 0.5/1.1 MBProgress (5): 4.2/14 MB | 1.6/2.2 MB | 1.8/3.6 MB | 0.8/2.2 MB | 0.5/1.1 MBProgress (5): 4.2/14 MB | 1.6/2.2 MB | 1.8/3.6 MB | 0.8/2.2 MB | 0.5/1.1 MBProgress (5): 4.2/14 MB | 1.6/2.2 MB | 1.8/3.6 MB | 0.8/2.2 MB | 0.5/1.1 MBProgress (5): 4.2/14 MB | 1.6/2.2 MB | 1.8/3.6 MB | 0.8/2.2 MB | 0.6/1.1 MBProgress (5): 4.2/14 MB | 1.6/2.2 MB | 1.8/3.6 MB | 0.8/2.2 MB | 0.6/1.1 MBProgress (5): 4.2/14 MB | 1.6/2.2 MB | 1.8/3.6 MB | 0.8/2.2 MB | 0.6/1.1 MBProgress (5): 4.2/14 MB | 1.6/2.2 MB | 1.8/3.6 MB | 0.8/2.2 MB | 0.6/1.1 MBProgress (5): 4.2/14 MB | 1.6/2.2 MB | 1.8/3.6 MB | 0.8/2.2 MB | 0.6/1.1 MBProgress (5): 4.2/14 MB | 1.6/2.2 MB | 1.8/3.6 MB | 0.8/2.2 MB | 0.6/1.1 MBProgress (5): 4.2/14 MB | 1.6/2.2 MB | 1.8/3.6 MB | 0.8/2.2 MB | 0.6/1.1 MBProgress (5): 4.2/14 MB | 1.6/2.2 MB | 1.8/3.6 MB | 0.8/2.2 MB | 0.6/1.1 MBProgress (5): 4.3/14 MB | 1.6/2.2 MB | 1.8/3.6 MB | 0.8/2.2 MB | 0.6/1.1 MBProgress (5): 4.3/14 MB | 1.6/2.2 MB | 1.8/3.6 MB | 0.8/2.2 MB | 0.6/1.1 MBProgress (5): 4.3/14 MB | 1.6/2.2 MB | 1.8/3.6 MB | 0.8/2.2 MB | 0.6/1.1 MBProgress (5): 4.3/14 MB | 1.6/2.2 MB | 1.8/3.6 MB | 0.8/2.2 MB | 0.6/1.1 MBProgress (5): 4.3/14 MB | 1.6/2.2 MB | 1.8/3.6 MB | 0.8/2.2 MB | 0.6/1.1 MBProgress (5): 4.3/14 MB | 1.6/2.2 MB | 1.8/3.6 MB | 0.8/2.2 MB | 0.6/1.1 MBProgress (5): 4.3/14 MB | 1.6/2.2 MB | 1.8/3.6 MB | 0.8/2.2 MB | 0.6/1.1 MBProgress (5): 4.3/14 MB | 1.6/2.2 MB | 1.8/3.6 MB | 0.8/2.2 MB | 0.6/1.1 MBProgress (5): 4.3/14 MB | 1.6/2.2 MB | 1.8/3.6 MB | 0.8/2.2 MB | 0.6/1.1 MBProgress (5): 4.3/14 MB | 1.6/2.2 MB | 1.8/3.6 MB | 0.8/2.2 MB | 0.6/1.1 MBProgress (5): 4.3/14 MB | 1.6/2.2 MB | 1.9/3.6 MB | 0.8/2.2 MB | 0.6/1.1 MBProgress (5): 4.3/14 MB | 1.6/2.2 MB | 1.9/3.6 MB | 0.8/2.2 MB | 0.6/1.1 MBProgress (5): 4.3/14 MB | 1.6/2.2 MB | 1.9/3.6 MB | 0.8/2.2 MB | 0.6/1.1 MBProgress (5): 4.3/14 MB | 1.6/2.2 MB | 1.9/3.6 MB | 0.8/2.2 MB | 0.6/1.1 MBProgress (5): 4.3/14 MB | 1.6/2.2 MB | 1.9/3.6 MB | 0.9/2.2 MB | 0.6/1.1 MBProgress (5): 4.3/14 MB | 1.6/2.2 MB | 1.9/3.6 MB | 0.9/2.2 MB | 0.7/1.1 MBProgress (5): 4.3/14 MB | 1.6/2.2 MB | 1.9/3.6 MB | 0.9/2.2 MB | 0.7/1.1 MBProgress (5): 4.3/14 MB | 1.6/2.2 MB | 1.9/3.6 MB | 0.9/2.2 MB | 0.7/1.1 MBProgress (5): 4.3/14 MB | 1.6/2.2 MB | 1.9/3.6 MB | 0.9/2.2 MB | 0.7/1.1 MBProgress (5): 4.3/14 MB | 1.6/2.2 MB | 1.9/3.6 MB | 0.9/2.2 MB | 0.7/1.1 MBProgress (5): 4.3/14 MB | 1.6/2.2 MB | 1.9/3.6 MB | 0.9/2.2 MB | 0.7/1.1 MBProgress (5): 4.3/14 MB | 1.6/2.2 MB | 1.9/3.6 MB | 0.9/2.2 MB | 0.7/1.1 MBProgress (5): 4.3/14 MB | 1.6/2.2 MB | 1.9/3.6 MB | 0.9/2.2 MB | 0.7/1.1 MBProgress (5): 4.3/14 MB | 1.6/2.2 MB | 1.9/3.6 MB | 0.9/2.2 MB | 0.7/1.1 MBProgress (5): 4.3/14 MB | 1.6/2.2 MB | 1.9/3.6 MB | 0.9/2.2 MB | 0.7/1.1 MBProgress (5): 4.3/14 MB | 1.6/2.2 MB | 1.9/3.6 MB | 0.9/2.2 MB | 0.7/1.1 MBProgress (5): 4.3/14 MB | 1.6/2.2 MB | 1.9/3.6 MB | 0.9/2.2 MB | 0.7/1.1 MBProgress (5): 4.3/14 MB | 1.6/2.2 MB | 1.9/3.6 MB | 0.9/2.2 MB | 0.7/1.1 MBProgress (5): 4.3/14 MB | 1.6/2.2 MB | 1.9/3.6 MB | 0.9/2.2 MB | 0.7/1.1 MBProgress (5): 4.3/14 MB | 1.7/2.2 MB | 1.9/3.6 MB | 0.9/2.2 MB | 0.7/1.1 MBProgress (5): 4.3/14 MB | 1.7/2.2 MB | 1.9/3.6 MB | 0.9/2.2 MB | 0.7/1.1 MBProgress (5): 4.3/14 MB | 1.7/2.2 MB | 2.0/3.6 MB | 0.9/2.2 MB | 0.7/1.1 MBProgress (5): 4.3/14 MB | 1.7/2.2 MB | 2.0/3.6 MB | 0.9/2.2 MB | 0.7/1.1 MBProgress (5): 4.4/14 MB | 1.7/2.2 MB | 2.0/3.6 MB | 0.9/2.2 MB | 0.7/1.1 MBProgress (5): 4.4/14 MB | 1.7/2.2 MB | 2.0/3.6 MB | 0.9/2.2 MB | 0.7/1.1 MBProgress (5): 4.4/14 MB | 1.7/2.2 MB | 2.0/3.6 MB | 0.9/2.2 MB | 0.7/1.1 MBProgress (5): 4.4/14 MB | 1.7/2.2 MB | 2.0/3.6 MB | 0.9/2.2 MB | 0.7/1.1 MBProgress (5): 4.4/14 MB | 1.7/2.2 MB | 2.0/3.6 MB | 0.9/2.2 MB | 0.7/1.1 MBProgress (5): 4.4/14 MB | 1.7/2.2 MB | 2.0/3.6 MB | 0.9/2.2 MB | 0.7/1.1 MBProgress (5): 4.4/14 MB | 1.7/2.2 MB | 2.0/3.6 MB | 0.9/2.2 MB | 0.7/1.1 MBProgress (5): 4.4/14 MB | 1.7/2.2 MB | 2.0/3.6 MB | 0.9/2.2 MB | 0.7/1.1 MBProgress (5): 4.4/14 MB | 1.7/2.2 MB | 2.0/3.6 MB | 0.9/2.2 MB | 0.7/1.1 MBProgress (5): 4.4/14 MB | 1.7/2.2 MB | 2.0/3.6 MB | 0.9/2.2 MB | 0.8/1.1 MBProgress (5): 4.4/14 MB | 1.7/2.2 MB | 2.0/3.6 MB | 0.9/2.2 MB | 0.8/1.1 MBProgress (5): 4.4/14 MB | 1.7/2.2 MB | 2.0/3.6 MB | 0.9/2.2 MB | 0.8/1.1 MBProgress (5): 4.4/14 MB | 1.7/2.2 MB | 2.0/3.6 MB | 0.9/2.2 MB | 0.8/1.1 MBProgress (5): 4.4/14 MB | 1.7/2.2 MB | 2.0/3.6 MB | 1.0/2.2 MB | 0.8/1.1 MBProgress (5): 4.4/14 MB | 1.7/2.2 MB | 2.0/3.6 MB | 1.0/2.2 MB | 0.8/1.1 MBProgress (5): 4.4/14 MB | 1.7/2.2 MB | 2.0/3.6 MB | 1.0/2.2 MB | 0.8/1.1 MBProgress (5): 4.4/14 MB | 1.7/2.2 MB | 2.0/3.6 MB | 1.0/2.2 MB | 0.8/1.1 MBProgress (5): 4.4/14 MB | 1.7/2.2 MB | 2.0/3.6 MB | 1.0/2.2 MB | 0.8/1.1 MBProgress (5): 4.4/14 MB | 1.7/2.2 MB | 2.0/3.6 MB | 1.0/2.2 MB | 0.8/1.1 MBProgress (5): 4.4/14 MB | 1.7/2.2 MB | 2.0/3.6 MB | 1.0/2.2 MB | 0.8/1.1 MBProgress (5): 4.4/14 MB | 1.7/2.2 MB | 2.0/3.6 MB | 1.0/2.2 MB | 0.8/1.1 MBProgress (5): 4.4/14 MB | 1.7/2.2 MB | 2.1/3.6 MB | 1.0/2.2 MB | 0.8/1.1 MBProgress (5): 4.4/14 MB | 1.7/2.2 MB | 2.1/3.6 MB | 1.0/2.2 MB | 0.8/1.1 MBProgress (5): 4.4/14 MB | 1.7/2.2 MB | 2.1/3.6 MB | 1.0/2.2 MB | 0.8/1.1 MBProgress (5): 4.4/14 MB | 1.7/2.2 MB | 2.1/3.6 MB | 1.0/2.2 MB | 0.8/1.1 MBProgress (5): 4.4/14 MB | 1.7/2.2 MB | 2.1/3.6 MB | 1.0/2.2 MB | 0.8/1.1 MBProgress (5): 4.4/14 MB | 1.7/2.2 MB | 2.1/3.6 MB | 1.0/2.2 MB | 0.8/1.1 MBProgress (5): 4.4/14 MB | 1.7/2.2 MB | 2.1/3.6 MB | 1.0/2.2 MB | 0.8/1.1 MBProgress (5): 4.4/14 MB | 1.7/2.2 MB | 2.1/3.6 MB | 1.0/2.2 MB | 0.8/1.1 MBProgress (5): 4.4/14 MB | 1.7/2.2 MB | 2.1/3.6 MB | 1.0/2.2 MB | 0.8/1.1 MBProgress (5): 4.4/14 MB | 1.7/2.2 MB | 2.1/3.6 MB | 1.0/2.2 MB | 0.8/1.1 MBProgress (5): 4.4/14 MB | 1.7/2.2 MB | 2.1/3.6 MB | 1.0/2.2 MB | 0.8/1.1 MBProgress (5): 4.4/14 MB | 1.7/2.2 MB | 2.1/3.6 MB | 1.0/2.2 MB | 0.9/1.1 MBProgress (5): 4.5/14 MB | 1.7/2.2 MB | 2.1/3.6 MB | 1.0/2.2 MB | 0.9/1.1 MBProgress (5): 4.5/14 MB | 1.7/2.2 MB | 2.1/3.6 MB | 1.0/2.2 MB | 0.9/1.1 MBProgress (5): 4.5/14 MB | 1.7/2.2 MB | 2.1/3.6 MB | 1.0/2.2 MB | 0.9/1.1 MBProgress (5): 4.5/14 MB | 1.7/2.2 MB | 2.1/3.6 MB | 1.0/2.2 MB | 0.9/1.1 MBProgress (5): 4.5/14 MB | 1.7/2.2 MB | 2.1/3.6 MB | 1.0/2.2 MB | 0.9/1.1 MBProgress (5): 4.5/14 MB | 1.7/2.2 MB | 2.1/3.6 MB | 1.0/2.2 MB | 0.9/1.1 MBProgress (5): 4.5/14 MB | 1.7/2.2 MB | 2.1/3.6 MB | 1.0/2.2 MB | 0.9/1.1 MBProgress (5): 4.5/14 MB | 1.7/2.2 MB | 2.1/3.6 MB | 1.0/2.2 MB | 0.9/1.1 MBProgress (5): 4.5/14 MB | 1.7/2.2 MB | 2.1/3.6 MB | 1.0/2.2 MB | 0.9/1.1 MBProgress (5): 4.5/14 MB | 1.7/2.2 MB | 2.1/3.6 MB | 1.0/2.2 MB | 0.9/1.1 MBProgress (5): 4.5/14 MB | 1.7/2.2 MB | 2.1/3.6 MB | 1.0/2.2 MB | 0.9/1.1 MBProgress (5): 4.5/14 MB | 1.7/2.2 MB | 2.2/3.6 MB | 1.0/2.2 MB | 0.9/1.1 MBProgress (5): 4.5/14 MB | 1.7/2.2 MB | 2.2/3.6 MB | 1.0/2.2 MB | 0.9/1.1 MBProgress (5): 4.5/14 MB | 1.7/2.2 MB | 2.2/3.6 MB | 1.1/2.2 MB | 0.9/1.1 MBProgress (5): 4.5/14 MB | 1.7/2.2 MB | 2.2/3.6 MB | 1.1/2.2 MB | 0.9/1.1 MBProgress (5): 4.5/14 MB | 1.7/2.2 MB | 2.2/3.6 MB | 1.1/2.2 MB | 0.9/1.1 MBProgress (5): 4.5/14 MB | 1.7/2.2 MB | 2.2/3.6 MB | 1.1/2.2 MB | 0.9/1.1 MBProgress (5): 4.5/14 MB | 1.7/2.2 MB | 2.2/3.6 MB | 1.1/2.2 MB | 0.9/1.1 MBProgress (5): 4.5/14 MB | 1.7/2.2 MB | 2.2/3.6 MB | 1.1/2.2 MB | 0.9/1.1 MBProgress (5): 4.5/14 MB | 1.7/2.2 MB | 2.2/3.6 MB | 1.1/2.2 MB | 0.9/1.1 MBProgress (5): 4.5/14 MB | 1.7/2.2 MB | 2.2/3.6 MB | 1.1/2.2 MB | 0.9/1.1 MBProgress (5): 4.5/14 MB | 1.8/2.2 MB | 2.2/3.6 MB | 1.1/2.2 MB | 0.9/1.1 MBProgress (5): 4.5/14 MB | 1.8/2.2 MB | 2.2/3.6 MB | 1.1/2.2 MB | 0.9/1.1 MBProgress (5): 4.5/14 MB | 1.8/2.2 MB | 2.2/3.6 MB | 1.1/2.2 MB | 0.9/1.1 MBProgress (5): 4.5/14 MB | 1.8/2.2 MB | 2.2/3.6 MB | 1.1/2.2 MB | 0.9/1.1 MBProgress (5): 4.5/14 MB | 1.8/2.2 MB | 2.2/3.6 MB | 1.1/2.2 MB | 0.9/1.1 MBProgress (5): 4.5/14 MB | 1.8/2.2 MB | 2.2/3.6 MB | 1.1/2.2 MB | 0.9/1.1 MBProgress (5): 4.5/14 MB | 1.8/2.2 MB | 2.2/3.6 MB | 1.1/2.2 MB | 1.0/1.1 MBProgress (5): 4.5/14 MB | 1.8/2.2 MB | 2.2/3.6 MB | 1.1/2.2 MB | 1.0/1.1 MBProgress (5): 4.5/14 MB | 1.8/2.2 MB | 2.2/3.6 MB | 1.1/2.2 MB | 1.0/1.1 MBProgress (5): 4.5/14 MB | 1.8/2.2 MB | 2.3/3.6 MB | 1.1/2.2 MB | 1.0/1.1 MBProgress (5): 4.5/14 MB | 1.8/2.2 MB | 2.3/3.6 MB | 1.1/2.2 MB | 1.0/1.1 MBProgress (5): 4.5/14 MB | 1.8/2.2 MB | 2.3/3.6 MB | 1.1/2.2 MB | 1.0/1.1 MBProgress (5): 4.5/14 MB | 1.8/2.2 MB | 2.3/3.6 MB | 1.1/2.2 MB | 1.0/1.1 MBProgress (5): 4.6/14 MB | 1.8/2.2 MB | 2.3/3.6 MB | 1.1/2.2 MB | 1.0/1.1 MBProgress (5): 4.6/14 MB | 1.8/2.2 MB | 2.3/3.6 MB | 1.1/2.2 MB | 1.0/1.1 MBProgress (5): 4.6/14 MB | 1.8/2.2 MB | 2.3/3.6 MB | 1.1/2.2 MB | 1.0/1.1 MBProgress (5): 4.6/14 MB | 1.8/2.2 MB | 2.3/3.6 MB | 1.1/2.2 MB | 1.0/1.1 MBProgress (5): 4.6/14 MB | 1.8/2.2 MB | 2.3/3.6 MB | 1.1/2.2 MB | 1.0/1.1 MBProgress (5): 4.6/14 MB | 1.8/2.2 MB | 2.3/3.6 MB | 1.1/2.2 MB | 1.0/1.1 MBProgress (5): 4.6/14 MB | 1.8/2.2 MB | 2.3/3.6 MB | 1.1/2.2 MB | 1.0/1.1 MBProgress (5): 4.6/14 MB | 1.8/2.2 MB | 2.3/3.6 MB | 1.1/2.2 MB | 1.0/1.1 MBProgress (5): 4.6/14 MB | 1.8/2.2 MB | 2.3/3.6 MB | 1.1/2.2 MB | 1.0/1.1 MBProgress (5): 4.6/14 MB | 1.8/2.2 MB | 2.3/3.6 MB | 1.2/2.2 MB | 1.0/1.1 MBProgress (5): 4.6/14 MB | 1.8/2.2 MB | 2.3/3.6 MB | 1.2/2.2 MB | 1.0/1.1 MBProgress (5): 4.6/14 MB | 1.8/2.2 MB | 2.3/3.6 MB | 1.2/2.2 MB | 1.0/1.1 MBProgress (5): 4.6/14 MB | 1.8/2.2 MB | 2.3/3.6 MB | 1.2/2.2 MB | 1.0/1.1 MBProgress (5): 4.6/14 MB | 1.8/2.2 MB | 2.3/3.6 MB | 1.2/2.2 MB | 1.0/1.1 MBProgress (5): 4.6/14 MB | 1.8/2.2 MB | 2.3/3.6 MB | 1.2/2.2 MB | 1.0/1.1 MBProgress (5): 4.6/14 MB | 1.8/2.2 MB | 2.3/3.6 MB | 1.2/2.2 MB | 1.0/1.1 MBProgress (5): 4.6/14 MB | 1.8/2.2 MB | 2.3/3.6 MB | 1.2/2.2 MB | 1.0/1.1 MBProgress (5): 4.6/14 MB | 1.8/2.2 MB | 2.3/3.6 MB | 1.2/2.2 MB | 1.0/1.1 MBProgress (5): 4.6/14 MB | 1.8/2.2 MB | 2.4/3.6 MB | 1.2/2.2 MB | 1.0/1.1 MBProgress (5): 4.6/14 MB | 1.8/2.2 MB | 2.4/3.6 MB | 1.2/2.2 MB | 1.0/1.1 MBProgress (5): 4.6/14 MB | 1.8/2.2 MB | 2.4/3.6 MB | 1.2/2.2 MB | 1.0/1.1 MBProgress (5): 4.6/14 MB | 1.8/2.2 MB | 2.4/3.6 MB | 1.2/2.2 MB | 1.0/1.1 MBProgress (5): 4.6/14 MB | 1.8/2.2 MB | 2.4/3.6 MB | 1.2/2.2 MB | 1.1/1.1 MBProgress (5): 4.6/14 MB | 1.8/2.2 MB | 2.4/3.6 MB | 1.2/2.2 MB | 1.1/1.1 MBProgress (5): 4.6/14 MB | 1.8/2.2 MB | 2.4/3.6 MB | 1.2/2.2 MB | 1.1/1.1 MBProgress (5): 4.6/14 MB | 1.8/2.2 MB | 2.4/3.6 MB | 1.2/2.2 MB | 1.1/1.1 MBProgress (5): 4.6/14 MB | 1.8/2.2 MB | 2.4/3.6 MB | 1.2/2.2 MB | 1.1/1.1 MBProgress (5): 4.6/14 MB | 1.8/2.2 MB | 2.4/3.6 MB | 1.2/2.2 MB | 1.1/1.1 MBProgress (5): 4.6/14 MB | 1.8/2.2 MB | 2.4/3.6 MB | 1.2/2.2 MB | 1.1/1.1 MBProgress (5): 4.6/14 MB | 1.8/2.2 MB | 2.4/3.6 MB | 1.2/2.2 MB | 1.1/1.1 MBProgress (5): 4.6/14 MB | 1.8/2.2 MB | 2.4/3.6 MB | 1.2/2.2 MB | 1.1/1.1 MBProgress (5): 4.6/14 MB | 1.8/2.2 MB | 2.4/3.6 MB | 1.2/2.2 MB | 1.1/1.1 MBProgress (5): 4.7/14 MB | 1.8/2.2 MB | 2.4/3.6 MB | 1.2/2.2 MB | 1.1/1.1 MBProgress (5): 4.7/14 MB | 1.8/2.2 MB | 2.4/3.6 MB | 1.2/2.2 MB | 1.1/1.1 MBProgress (5): 4.7/14 MB | 1.8/2.2 MB | 2.4/3.6 MB | 1.2/2.2 MB | 1.1/1.1 MBProgress (5): 4.7/14 MB | 1.8/2.2 MB | 2.4/3.6 MB | 1.2/2.2 MB | 1.1 MB                                                                           Downloaded from central: https://repo.maven.apache.org/maven2/org/springframework/spring-webmvc/7.0.7/spring-webmvc-7.0.7.jar (1.1 MB at 33 kB/s)
#16 69.89 Downloading from central: https://repo.maven.apache.org/maven2/org/springframework/spring-expression/7.0.7/spring-expression-7.0.7.jar
#16 69.89 Progress (4): 4.7/14 MB | 1.8/2.2 MB | 2.4/3.6 MB | 1.2/2.2 MBProgress (4): 4.7/14 MB | 1.8/2.2 MB | 2.4/3.6 MB | 1.2/2.2 MBProgress (4): 4.7/14 MB | 1.8/2.2 MB | 2.5/3.6 MB | 1.2/2.2 MBProgress (4): 4.7/14 MB | 1.8/2.2 MB | 2.5/3.6 MB | 1.2/2.2 MBProgress (4): 4.7/14 MB | 1.8/2.2 MB | 2.5/3.6 MB | 1.3/2.2 MBProgress (4): 4.7/14 MB | 1.8/2.2 MB | 2.5/3.6 MB | 1.3/2.2 MBProgress (4): 4.7/14 MB | 1.8/2.2 MB | 2.5/3.6 MB | 1.3/2.2 MBProgress (4): 4.7/14 MB | 1.8/2.2 MB | 2.5/3.6 MB | 1.3/2.2 MBProgress (4): 4.7/14 MB | 1.8/2.2 MB | 2.5/3.6 MB | 1.3/2.2 MBProgress (4): 4.7/14 MB | 1.9/2.2 MB | 2.5/3.6 MB | 1.3/2.2 MBProgress (4): 4.7/14 MB | 1.9/2.2 MB | 2.5/3.6 MB | 1.3/2.2 MBProgress (4): 4.7/14 MB | 1.9/2.2 MB | 2.5/3.6 MB | 1.3/2.2 MBProgress (4): 4.7/14 MB | 1.9/2.2 MB | 2.5/3.6 MB | 1.3/2.2 MBProgress (4): 4.7/14 MB | 1.9/2.2 MB | 2.5/3.6 MB | 1.3/2.2 MBProgress (4): 4.7/14 MB | 1.9/2.2 MB | 2.5/3.6 MB | 1.3/2.2 MBProgress (4): 4.7/14 MB | 1.9/2.2 MB | 2.5/3.6 MB | 1.3/2.2 MBProgress (4): 4.7/14 MB | 1.9/2.2 MB | 2.5/3.6 MB | 1.3/2.2 MBProgress (4): 4.7/14 MB | 1.9/2.2 MB | 2.5/3.6 MB | 1.3/2.2 MBProgress (4): 4.7/14 MB | 1.9/2.2 MB | 2.6/3.6 MB | 1.3/2.2 MBProgress (4): 4.7/14 MB | 1.9/2.2 MB | 2.6/3.6 MB | 1.3/2.2 MBProgress (4): 4.7/14 MB | 1.9/2.2 MB | 2.6/3.6 MB | 1.3/2.2 MBProgress (4): 4.7/14 MB | 1.9/2.2 MB | 2.6/3.6 MB | 1.3/2.2 MBProgress (4): 4.7/14 MB | 1.9/2.2 MB | 2.6/3.6 MB | 1.3/2.2 MBProgress (4): 4.7/14 MB | 1.9/2.2 MB | 2.6/3.6 MB | 1.3/2.2 MBProgress (4): 4.7/14 MB | 1.9/2.2 MB | 2.6/3.6 MB | 1.3/2.2 MBProgress (4): 4.8/14 MB | 1.9/2.2 MB | 2.6/3.6 MB | 1.3/2.2 MBProgress (4): 4.8/14 MB | 1.9/2.2 MB | 2.6/3.6 MB | 1.3/2.2 MBProgress (4): 4.8/14 MB | 1.9/2.2 MB | 2.6/3.6 MB | 1.3/2.2 MBProgress (4): 4.8/14 MB | 1.9/2.2 MB | 2.6/3.6 MB | 1.3/2.2 MBProgress (4): 4.8/14 MB | 1.9/2.2 MB | 2.6/3.6 MB | 1.4/2.2 MBProgress (4): 4.8/14 MB | 1.9/2.2 MB | 2.6/3.6 MB | 1.4/2.2 MBProgress (4): 4.8/14 MB | 1.9/2.2 MB | 2.6/3.6 MB | 1.4/2.2 MBProgress (5): 4.8/14 MB | 1.9/2.2 MB | 2.6/3.6 MB | 1.4/2.2 MB | 7.7/323 kBProgress (5): 4.8/14 MB | 1.9/2.2 MB | 2.6/3.6 MB | 1.4/2.2 MB | 11/323 kB Progress (5): 4.8/14 MB | 1.9/2.2 MB | 2.6/3.6 MB | 1.4/2.2 MB | 11/323 kBProgress (5): 4.8/14 MB | 1.9/2.2 MB | 2.6/3.6 MB | 1.4/2.2 MB | 11/323 kBProgress (5): 4.8/14 MB | 1.9/2.2 MB | 2.7/3.6 MB | 1.4/2.2 MB | 11/323 kBProgress (5): 4.8/14 MB | 1.9/2.2 MB | 2.7/3.6 MB | 1.4/2.2 MB | 11/323 kBProgress (5): 4.8/14 MB | 1.9/2.2 MB | 2.7/3.6 MB | 1.4/2.2 MB | 28/323 kBProgress (5): 4.8/14 MB | 1.9/2.2 MB | 2.7/3.6 MB | 1.4/2.2 MB | 28/323 kBProgress (5): 4.8/14 MB | 1.9/2.2 MB | 2.7/3.6 MB | 1.4/2.2 MB | 28/323 kBProgress (5): 4.8/14 MB | 1.9/2.2 MB | 2.7/3.6 MB | 1.4/2.2 MB | 28/323 kBProgress (5): 4.8/14 MB | 1.9/2.2 MB | 2.7/3.6 MB | 1.4/2.2 MB | 28/323 kBProgress (5): 4.8/14 MB | 1.9/2.2 MB | 2.7/3.6 MB | 1.4/2.2 MB | 44/323 kBProgress (5): 4.8/14 MB | 1.9/2.2 MB | 2.7/3.6 MB | 1.4/2.2 MB | 44/323 kBProgress (5): 4.8/14 MB | 1.9/2.2 MB | 2.7/3.6 MB | 1.4/2.2 MB | 44/323 kBProgress (5): 4.8/14 MB | 1.9/2.2 MB | 2.7/3.6 MB | 1.4/2.2 MB | 44/323 kBProgress (5): 4.8/14 MB | 1.9/2.2 MB | 2.7/3.6 MB | 1.4/2.2 MB | 61/323 kBProgress (5): 4.8/14 MB | 1.9/2.2 MB | 2.7/3.6 MB | 1.4/2.2 MB | 61/323 kBProgress (5): 4.8/14 MB | 1.9/2.2 MB | 2.7/3.6 MB | 1.4/2.2 MB | 61/323 kBProgress (5): 4.8/14 MB | 1.9/2.2 MB | 2.7/3.6 MB | 1.4/2.2 MB | 61/323 kBProgress (5): 4.8/14 MB | 1.9/2.2 MB | 2.7/3.6 MB | 1.4/2.2 MB | 61/323 kBProgress (5): 4.8/14 MB | 1.9/2.2 MB | 2.7/3.6 MB | 1.4/2.2 MB | 61/323 kBProgress (5): 4.8/14 MB | 1.9/2.2 MB | 2.7/3.6 MB | 1.4/2.2 MB | 77/323 kBProgress (5): 4.8/14 MB | 1.9/2.2 MB | 2.7/3.6 MB | 1.4/2.2 MB | 77/323 kBProgress (5): 4.8/14 MB | 1.9/2.2 MB | 2.7/3.6 MB | 1.4/2.2 MB | 93/323 kBProgress (5): 4.8/14 MB | 1.9/2.2 MB | 2.7/3.6 MB | 1.4/2.2 MB | 93/323 kBProgress (5): 4.8/14 MB | 1.9/2.2 MB | 2.7/3.6 MB | 1.4/2.2 MB | 93/323 kBProgress (5): 4.8/14 MB | 1.9/2.2 MB | 2.7/3.6 MB | 1.4/2.2 MB | 93/323 kBProgress (5): 4.8/14 MB | 1.9/2.2 MB | 2.7/3.6 MB | 1.4/2.2 MB | 110/323 kBProgress (5): 4.8/14 MB | 1.9/2.2 MB | 2.8/3.6 MB | 1.4/2.2 MB | 110/323 kBProgress (5): 4.8/14 MB | 1.9/2.2 MB | 2.8/3.6 MB | 1.4/2.2 MB | 110/323 kBProgress (5): 4.8/14 MB | 1.9/2.2 MB | 2.8/3.6 MB | 1.4/2.2 MB | 110/323 kBProgress (5): 4.9/14 MB | 1.9/2.2 MB | 2.8/3.6 MB | 1.4/2.2 MB | 110/323 kBProgress (5): 4.9/14 MB | 1.9/2.2 MB | 2.8/3.6 MB | 1.4/2.2 MB | 126/323 kBProgress (5): 4.9/14 MB | 1.9/2.2 MB | 2.8/3.6 MB | 1.4/2.2 MB | 126/323 kBProgress (5): 4.9/14 MB | 1.9/2.2 MB | 2.8/3.6 MB | 1.5/2.2 MB | 126/323 kBProgress (5): 4.9/14 MB | 2.0/2.2 MB | 2.8/3.6 MB | 1.5/2.2 MB | 126/323 kBProgress (5): 4.9/14 MB | 2.0/2.2 MB | 2.8/3.6 MB | 1.5/2.2 MB | 126/323 kBProgress (5): 4.9/14 MB | 2.0/2.2 MB | 2.8/3.6 MB | 1.5/2.2 MB | 134/323 kBProgress (5): 4.9/14 MB | 2.0/2.2 MB | 2.8/3.6 MB | 1.5/2.2 MB | 134/323 kBProgress (5): 4.9/14 MB | 2.0/2.2 MB | 2.8/3.6 MB | 1.5/2.2 MB | 142/323 kBProgress (5): 4.9/14 MB | 2.0/2.2 MB | 2.8/3.6 MB | 1.5/2.2 MB | 151/323 kBProgress (5): 4.9/14 MB | 2.0/2.2 MB | 2.8/3.6 MB | 1.5/2.2 MB | 151/323 kBProgress (5): 4.9/14 MB | 2.0/2.2 MB | 2.8/3.6 MB | 1.5/2.2 MB | 151/323 kBProgress (5): 4.9/14 MB | 2.0/2.2 MB | 2.8/3.6 MB | 1.5/2.2 MB | 151/323 kBProgress (5): 4.9/14 MB | 2.0/2.2 MB | 2.8/3.6 MB | 1.5/2.2 MB | 151/323 kBProgress (5): 4.9/14 MB | 2.0/2.2 MB | 2.8/3.6 MB | 1.5/2.2 MB | 151/323 kBProgress (5): 4.9/14 MB | 2.0/2.2 MB | 2.8/3.6 MB | 1.5/2.2 MB | 167/323 kBProgress (5): 4.9/14 MB | 2.0/2.2 MB | 2.8/3.6 MB | 1.5/2.2 MB | 167/323 kBProgress (5): 4.9/14 MB | 2.0/2.2 MB | 2.9/3.6 MB | 1.5/2.2 MB | 167/323 kBProgress (5): 4.9/14 MB | 2.0/2.2 MB | 2.9/3.6 MB | 1.5/2.2 MB | 167/323 kBProgress (5): 4.9/14 MB | 2.0/2.2 MB | 2.9/3.6 MB | 1.5/2.2 MB | 183/323 kBProgress (5): 4.9/14 MB | 2.0/2.2 MB | 2.9/3.6 MB | 1.5/2.2 MB | 183/323 kBProgress (5): 4.9/14 MB | 2.0/2.2 MB | 2.9/3.6 MB | 1.5/2.2 MB | 183/323 kBProgress (5): 4.9/14 MB | 2.0/2.2 MB | 2.9/3.6 MB | 1.5/2.2 MB | 183/323 kBProgress (5): 4.9/14 MB | 2.0/2.2 MB | 2.9/3.6 MB | 1.5/2.2 MB | 183/323 kBProgress (5): 4.9/14 MB | 2.0/2.2 MB | 2.9/3.6 MB | 1.5/2.2 MB | 183/323 kBProgress (5): 4.9/14 MB | 2.0/2.2 MB | 2.9/3.6 MB | 1.5/2.2 MB | 200/323 kBProgress (5): 4.9/14 MB | 2.0/2.2 MB | 2.9/3.6 MB | 1.5/2.2 MB | 200/323 kBProgress (5): 4.9/14 MB | 2.0/2.2 MB | 2.9/3.6 MB | 1.5/2.2 MB | 200/323 kBProgress (5): 4.9/14 MB | 2.0/2.2 MB | 2.9/3.6 MB | 1.5/2.2 MB | 216/323 kBProgress (5): 4.9/14 MB | 2.0/2.2 MB | 2.9/3.6 MB | 1.5/2.2 MB | 216/323 kBProgress (5): 4.9/14 MB | 2.0/2.2 MB | 2.9/3.6 MB | 1.5/2.2 MB | 216/323 kBProgress (5): 4.9/14 MB | 2.0/2.2 MB | 2.9/3.6 MB | 1.5/2.2 MB | 216/323 kBProgress (5): 4.9/14 MB | 2.0/2.2 MB | 2.9/3.6 MB | 1.5/2.2 MB | 216/323 kBProgress (5): 4.9/14 MB | 2.0/2.2 MB | 2.9/3.6 MB | 1.5/2.2 MB | 233/323 kBProgress (5): 4.9/14 MB | 2.0/2.2 MB | 2.9/3.6 MB | 1.5/2.2 MB | 233/323 kBProgress (5): 5.0/14 MB | 2.0/2.2 MB | 2.9/3.6 MB | 1.5/2.2 MB | 233/323 kBProgress (5): 5.0/14 MB | 2.0/2.2 MB | 2.9/3.6 MB | 1.6/2.2 MB | 233/323 kBProgress (5): 5.0/14 MB | 2.0/2.2 MB | 2.9/3.6 MB | 1.6/2.2 MB | 249/323 kBProgress (5): 5.0/14 MB | 2.0/2.2 MB | 3.0/3.6 MB | 1.6/2.2 MB | 249/323 kBProgress (5): 5.0/14 MB | 2.0/2.2 MB | 3.0/3.6 MB | 1.6/2.2 MB | 249/323 kBProgress (5): 5.0/14 MB | 2.0/2.2 MB | 3.0/3.6 MB | 1.6/2.2 MB | 249/323 kBProgress (5): 5.0/14 MB | 2.0/2.2 MB | 3.0/3.6 MB | 1.6/2.2 MB | 249/323 kBProgress (5): 5.0/14 MB | 2.0/2.2 MB | 3.0/3.6 MB | 1.6/2.2 MB | 265/323 kBProgress (5): 5.0/14 MB | 2.0/2.2 MB | 3.0/3.6 MB | 1.6/2.2 MB | 265/323 kBProgress (5): 5.0/14 MB | 2.0/2.2 MB | 3.0/3.6 MB | 1.6/2.2 MB | 274/323 kBProgress (5): 5.0/14 MB | 2.0/2.2 MB | 3.0/3.6 MB | 1.6/2.2 MB | 274/323 kBProgress (5): 5.0/14 MB | 2.0/2.2 MB | 3.0/3.6 MB | 1.6/2.2 MB | 282/323 kBProgress (5): 5.0/14 MB | 2.0/2.2 MB | 3.0/3.6 MB | 1.6/2.2 MB | 282/323 kBProgress (5): 5.0/14 MB | 2.0/2.2 MB | 3.0/3.6 MB | 1.6/2.2 MB | 282/323 kBProgress (5): 5.0/14 MB | 2.0/2.2 MB | 3.0/3.6 MB | 1.6/2.2 MB | 282/323 kBProgress (5): 5.0/14 MB | 2.0/2.2 MB | 3.0/3.6 MB | 1.6/2.2 MB | 282/323 kBProgress (5): 5.0/14 MB | 2.0/2.2 MB | 3.0/3.6 MB | 1.6/2.2 MB | 298/323 kBProgress (5): 5.0/14 MB | 2.0/2.2 MB | 3.0/3.6 MB | 1.6/2.2 MB | 298/323 kBProgress (5): 5.0/14 MB | 2.0/2.2 MB | 3.0/3.6 MB | 1.6/2.2 MB | 298/323 kBProgress (5): 5.0/14 MB | 2.0/2.2 MB | 3.0/3.6 MB | 1.6/2.2 MB | 298/323 kBProgress (5): 5.0/14 MB | 2.0/2.2 MB | 3.0/3.6 MB | 1.6/2.2 MB | 314/323 kBProgress (5): 5.0/14 MB | 2.0/2.2 MB | 3.0/3.6 MB | 1.6/2.2 MB | 314/323 kBProgress (5): 5.0/14 MB | 2.0/2.2 MB | 3.0/3.6 MB | 1.6/2.2 MB | 323 kB    Progress (5): 5.0/14 MB | 2.0/2.2 MB | 3.0/3.6 MB | 1.6/2.2 MB | 323 kB                                                                       Downloaded from central: https://repo.maven.apache.org/maven2/org/springframework/spring-expression/7.0.7/spring-expression-7.0.7.jar (323 kB at 9.3 kB/s)
#16 71.02 Downloading from central: https://repo.maven.apache.org/maven2/org/springframework/boot/spring-boot-starter-security/4.0.6/spring-boot-starter-security-4.0.6.jar
#16 71.02 Progress (4): 5.0/14 MB | 2.0/2.2 MB | 3.1/3.6 MB | 1.6/2.2 MBProgress (4): 5.0/14 MB | 2.0/2.2 MB | 3.1/3.6 MB | 1.6/2.2 MBProgress (4): 5.0/14 MB | 2.1/2.2 MB | 3.1/3.6 MB | 1.6/2.2 MBProgress (4): 5.0/14 MB | 2.1/2.2 MB | 3.1/3.6 MB | 1.6/2.2 MBProgress (4): 5.0/14 MB | 2.1/2.2 MB | 3.1/3.6 MB | 1.6/2.2 MBProgress (4): 5.0/14 MB | 2.1/2.2 MB | 3.1/3.6 MB | 1.6/2.2 MBProgress (4): 5.0/14 MB | 2.1/2.2 MB | 3.1/3.6 MB | 1.6/2.2 MBProgress (4): 5.0/14 MB | 2.1/2.2 MB | 3.1/3.6 MB | 1.7/2.2 MBProgress (4): 5.0/14 MB | 2.1/2.2 MB | 3.1/3.6 MB | 1.7/2.2 MBProgress (4): 5.1/14 MB | 2.1/2.2 MB | 3.1/3.6 MB | 1.7/2.2 MBProgress (4): 5.1/14 MB | 2.1/2.2 MB | 3.1/3.6 MB | 1.7/2.2 MBProgress (4): 5.1/14 MB | 2.1/2.2 MB | 3.1/3.6 MB | 1.7/2.2 MBProgress (4): 5.1/14 MB | 2.1/2.2 MB | 3.1/3.6 MB | 1.7/2.2 MBProgress (4): 5.1/14 MB | 2.1/2.2 MB | 3.1/3.6 MB | 1.7/2.2 MBProgress (4): 5.1/14 MB | 2.1/2.2 MB | 3.1/3.6 MB | 1.7/2.2 MBProgress (4): 5.1/14 MB | 2.1/2.2 MB | 3.1/3.6 MB | 1.7/2.2 MBProgress (4): 5.1/14 MB | 2.1/2.2 MB | 3.1/3.6 MB | 1.7/2.2 MBProgress (4): 5.1/14 MB | 2.1/2.2 MB | 3.2/3.6 MB | 1.7/2.2 MBProgress (4): 5.1/14 MB | 2.1/2.2 MB | 3.2/3.6 MB | 1.7/2.2 MBProgress (4): 5.1/14 MB | 2.1/2.2 MB | 3.2/3.6 MB | 1.7/2.2 MBProgress (4): 5.1/14 MB | 2.1/2.2 MB | 3.2/3.6 MB | 1.7/2.2 MBProgress (4): 5.1/14 MB | 2.1/2.2 MB | 3.2/3.6 MB | 1.7/2.2 MBProgress (4): 5.1/14 MB | 2.1/2.2 MB | 3.2/3.6 MB | 1.7/2.2 MBProgress (4): 5.1/14 MB | 2.1/2.2 MB | 3.2/3.6 MB | 1.7/2.2 MBProgress (4): 5.1/14 MB | 2.1/2.2 MB | 3.2/3.6 MB | 1.7/2.2 MBProgress (4): 5.1/14 MB | 2.1/2.2 MB | 3.2/3.6 MB | 1.7/2.2 MBProgress (4): 5.1/14 MB | 2.1/2.2 MB | 3.2/3.6 MB | 1.7/2.2 MBProgress (4): 5.1/14 MB | 2.1/2.2 MB | 3.2/3.6 MB | 1.7/2.2 MBProgress (4): 5.1/14 MB | 2.1/2.2 MB | 3.2/3.6 MB | 1.7/2.2 MBProgress (4): 5.1/14 MB | 2.1/2.2 MB | 3.3/3.6 MB | 1.7/2.2 MBProgress (4): 5.1/14 MB | 2.1/2.2 MB | 3.3/3.6 MB | 1.8/2.2 MBProgress (4): 5.1/14 MB | 2.1/2.2 MB | 3.3/3.6 MB | 1.8/2.2 MBProgress (4): 5.1/14 MB | 2.1/2.2 MB | 3.3/3.6 MB | 1.8/2.2 MBProgress (4): 5.2/14 MB | 2.1/2.2 MB | 3.3/3.6 MB | 1.8/2.2 MBProgress (4): 5.2/14 MB | 2.1/2.2 MB | 3.3/3.6 MB | 1.8/2.2 MBProgress (4): 5.2/14 MB | 2.1/2.2 MB | 3.3/3.6 MB | 1.8/2.2 MBProgress (4): 5.2/14 MB | 2.1/2.2 MB | 3.3/3.6 MB | 1.8/2.2 MBProgress (4): 5.2/14 MB | 2.1/2.2 MB | 3.3/3.6 MB | 1.8/2.2 MBProgress (5): 5.2/14 MB | 2.1/2.2 MB | 3.3/3.6 MB | 1.8/2.2 MB | 4.7 kB                                                                       Downloaded from central: https://repo.maven.apache.org/maven2/org/springframework/boot/spring-boot-starter-security/4.0.6/spring-boot-starter-security-4.0.6.jar (4.7 kB at 133 B/s)
#16 71.61 Downloading from central: https://repo.maven.apache.org/maven2/org/springframework/boot/spring-boot-security/4.0.6/spring-boot-security-4.0.6.jar
#16 71.61 Progress (4): 5.2/14 MB | 2.1/2.2 MB | 3.3/3.6 MB | 1.8/2.2 MBProgress (4): 5.2/14 MB | 2.1/2.2 MB | 3.3/3.6 MB | 1.8/2.2 MBProgress (4): 5.2/14 MB | 2.1/2.2 MB | 3.3/3.6 MB | 1.8/2.2 MBProgress (4): 5.2/14 MB | 2.1/2.2 MB | 3.3/3.6 MB | 1.8/2.2 MBProgress (4): 5.2/14 MB | 2.1/2.2 MB | 3.3/3.6 MB | 1.8/2.2 MBProgress (4): 5.2/14 MB | 2.1/2.2 MB | 3.4/3.6 MB | 1.8/2.2 MBProgress (4): 5.2/14 MB | 2.1/2.2 MB | 3.4/3.6 MB | 1.8/2.2 MBProgress (4): 5.2/14 MB | 2.1/2.2 MB | 3.4/3.6 MB | 1.8/2.2 MBProgress (4): 5.2/14 MB | 2.1/2.2 MB | 3.4/3.6 MB | 1.8/2.2 MBProgress (4): 5.2/14 MB | 2.1/2.2 MB | 3.4/3.6 MB | 1.8/2.2 MBProgress (4): 5.2/14 MB | 2.1/2.2 MB | 3.4/3.6 MB | 1.9/2.2 MBProgress (4): 5.2/14 MB | 2.1/2.2 MB | 3.4/3.6 MB | 1.9/2.2 MBProgress (4): 5.2/14 MB | 2.1/2.2 MB | 3.4/3.6 MB | 1.9/2.2 MBProgress (4): 5.2/14 MB | 2.1/2.2 MB | 3.4/3.6 MB | 1.9/2.2 MBProgress (4): 5.2/14 MB | 2.1/2.2 MB | 3.4/3.6 MB | 1.9/2.2 MBProgress (4): 5.2/14 MB | 2.1/2.2 MB | 3.4/3.6 MB | 1.9/2.2 MBProgress (4): 5.2/14 MB | 2.1/2.2 MB | 3.4/3.6 MB | 1.9/2.2 MBProgress (4): 5.3/14 MB | 2.1/2.2 MB | 3.4/3.6 MB | 1.9/2.2 MBProgress (4): 5.3/14 MB | 2.1/2.2 MB | 3.4/3.6 MB | 1.9/2.2 MBProgress (4): 5.3/14 MB | 2.1/2.2 MB | 3.4/3.6 MB | 1.9/2.2 MBProgress (4): 5.3/14 MB | 2.1/2.2 MB | 3.5/3.6 MB | 1.9/2.2 MBProgress (4): 5.3/14 MB | 2.1/2.2 MB | 3.5/3.6 MB | 1.9/2.2 MBProgress (4): 5.3/14 MB | 2.1/2.2 MB | 3.5/3.6 MB | 1.9/2.2 MBProgress (4): 5.3/14 MB | 2.1/2.2 MB | 3.5/3.6 MB | 1.9/2.2 MBProgress (4): 5.3/14 MB | 2.1/2.2 MB | 3.5/3.6 MB | 1.9/2.2 MBProgress (4): 5.3/14 MB | 2.1/2.2 MB | 3.5/3.6 MB | 1.9/2.2 MBProgress (4): 5.3/14 MB | 2.1/2.2 MB | 3.5/3.6 MB | 1.9/2.2 MBProgress (4): 5.3/14 MB | 2.1/2.2 MB | 3.5/3.6 MB | 1.9/2.2 MBProgress (4): 5.3/14 MB | 2.1/2.2 MB | 3.5/3.6 MB | 1.9/2.2 MBProgress (4): 5.3/14 MB | 2.1/2.2 MB | 3.5/3.6 MB | 1.9/2.2 MBProgress (4): 5.3/14 MB | 2.1/2.2 MB | 3.5/3.6 MB | 1.9/2.2 MBProgress (4): 5.3/14 MB | 2.1/2.2 MB | 3.5/3.6 MB | 1.9/2.2 MBProgress (4): 5.3/14 MB | 2.1/2.2 MB | 3.5/3.6 MB | 1.9/2.2 MBProgress (4): 5.3/14 MB | 2.1/2.2 MB | 3.5/3.6 MB | 1.9/2.2 MBProgress (5): 5.3/14 MB | 2.1/2.2 MB | 3.5/3.6 MB | 1.9/2.2 MB | 7.7/98 kBProgress (5): 5.3/14 MB | 2.1/2.2 MB | 3.5/3.6 MB | 1.9/2.2 MB | 11/98 kB Progress (5): 5.3/14 MB | 2.1/2.2 MB | 3.5/3.6 MB | 1.9/2.2 MB | 11/98 kBProgress (5): 5.3/14 MB | 2.1/2.2 MB | 3.5/3.6 MB | 1.9/2.2 MB | 11/98 kBProgress (5): 5.3/14 MB | 2.1/2.2 MB | 3.5/3.6 MB | 1.9/2.2 MB | 11/98 kBProgress (5): 5.3/14 MB | 2.1/2.2 MB | 3.5/3.6 MB | 1.9/2.2 MB | 28/98 kBProgress (5): 5.3/14 MB | 2.1/2.2 MB | 3.6/3.6 MB | 1.9/2.2 MB | 28/98 kBProgress (5): 5.3/14 MB | 2.1/2.2 MB | 3.6/3.6 MB | 2.0/2.2 MB | 28/98 kBProgress (5): 5.3/14 MB | 2.1/2.2 MB | 3.6/3.6 MB | 2.0/2.2 MB | 28/98 kBProgress (5): 5.3/14 MB | 2.1/2.2 MB | 3.6/3.6 MB | 2.0/2.2 MB | 44/98 kBProgress (5): 5.3/14 MB | 2.2/2.2 MB | 3.6/3.6 MB | 2.0/2.2 MB | 44/98 kBProgress (5): 5.3/14 MB | 2.2/2.2 MB | 3.6/3.6 MB | 2.0/2.2 MB | 44/98 kBProgress (5): 5.3/14 MB | 2.2/2.2 MB | 3.6/3.6 MB | 2.0/2.2 MB | 44/98 kBProgress (5): 5.3/14 MB | 2.2/2.2 MB | 3.6/3.6 MB | 2.0/2.2 MB | 44/98 kBProgress (5): 5.3/14 MB | 2.2/2.2 MB | 3.6/3.6 MB | 2.0/2.2 MB | 61/98 kBProgress (5): 5.3/14 MB | 2.2/2.2 MB | 3.6 MB | 2.0/2.2 MB | 61/98 kB                                                                         Downloaded from central: https://repo.maven.apache.org/maven2/org/apache/tomcat/embed/tomcat-embed-core/11.0.21/tomcat-embed-core-11.0.21.jar (3.6 MB at 100 kB/s)
#16 71.95 Downloading from central: https://repo.maven.apache.org/maven2/org/springframework/security/spring-security-config/7.0.5/spring-security-config-7.0.5.jar
#16 71.95 Progress (4): 5.3/14 MB | 2.2 MB | 2.0/2.2 MB | 61/98 kBProgress (4): 5.4/14 MB | 2.2 MB | 2.0/2.2 MB | 61/98 kB                                                        Downloaded from central: https://repo.maven.apache.org/maven2/org/springframework/data/spring-data-jpa/4.0.5/spring-data-jpa-4.0.5.jar (2.2 MB at 61 kB/s)
#16 71.95 Downloading from central: https://repo.maven.apache.org/maven2/org/springframework/security/spring-security-core/7.0.5/spring-security-core-7.0.5.jar
#16 71.97 Progress (3): 5.4/14 MB | 2.0/2.2 MB | 77/98 kBProgress (3): 5.4/14 MB | 2.0/2.2 MB | 77/98 kBProgress (3): 5.4/14 MB | 2.0/2.2 MB | 77/98 kBProgress (3): 5.4/14 MB | 2.0/2.2 MB | 93/98 kBProgress (3): 5.4/14 MB | 2.0/2.2 MB | 93/98 kBProgress (3): 5.4/14 MB | 2.0/2.2 MB | 98 kB                                               Downloaded from central: https://repo.maven.apache.org/maven2/org/springframework/boot/spring-boot-security/4.0.6/spring-boot-security-4.0.6.jar (98 kB at 2.7 kB/s)
#16 71.98 Downloading from central: https://repo.maven.apache.org/maven2/org/springframework/security/spring-security-crypto/7.0.5/spring-security-crypto-7.0.5.jar
#16 71.98 Progress (2): 5.4/14 MB | 2.0/2.2 MBProgress (2): 5.4/14 MB | 2.0/2.2 MBProgress (2): 5.4/14 MB | 2.0/2.2 MBProgress (2): 5.4/14 MB | 2.0/2.2 MBProgress (2): 5.4/14 MB | 2.0/2.2 MBProgress (2): 5.4/14 MB | 2.1/2.2 MBProgress (2): 5.4/14 MB | 2.1/2.2 MBProgress (2): 5.4/14 MB | 2.1/2.2 MBProgress (2): 5.4/14 MB | 2.1/2.2 MBProgress (2): 5.5/14 MB | 2.1/2.2 MBProgress (3): 5.5/14 MB | 2.1/2.2 MB | 0/2.1 MBProgress (3): 5.5/14 MB | 2.1/2.2 MB | 0/2.1 MBProgress (3): 5.5/14 MB | 2.1/2.2 MB | 0/2.1 MBProgress (3): 5.5/14 MB | 2.1/2.2 MB | 0/2.1 MBProgress (3): 5.5/14 MB | 2.1/2.2 MB | 0/2.1 MBProgress (3): 5.5/14 MB | 2.1/2.2 MB | 0/2.1 MBProgress (3): 5.5/14 MB | 2.1/2.2 MB | 0/2.1 MBProgress (4): 5.5/14 MB | 2.1/2.2 MB | 0/2.1 MB | 7.7/112 kBProgress (4): 5.5/14 MB | 2.1/2.2 MB | 0/2.1 MB | 11/112 kB Progress (4): 5.5/14 MB | 2.1/2.2 MB | 0/2.1 MB | 11/112 kBProgress (4): 5.5/14 MB | 2.1/2.2 MB | 0.1/2.1 MB | 11/112 kBProgress (5): 5.5/14 MB | 2.1/2.2 MB | 0.1/2.1 MB | 11/112 kB | 7.7/618 kBProgress (5): 5.5/14 MB | 2.1/2.2 MB | 0.1/2.1 MB | 11/112 kB | 15/618 kB Progress (5): 5.5/14 MB | 2.1/2.2 MB | 0.1/2.1 MB | 28/112 kB | 15/618 kBProgress (5): 5.5/14 MB | 2.1/2.2 MB | 0.1/2.1 MB | 28/112 kB | 15/618 kBProgress (5): 5.5/14 MB | 2.1/2.2 MB | 0.1/2.1 MB | 28/112 kB | 15/618 kBProgress (5): 5.5/14 MB | 2.1/2.2 MB | 0.1/2.1 MB | 28/112 kB | 15/618 kBProgress (5): 5.5/14 MB | 2.1/2.2 MB | 0.1/2.1 MB | 44/112 kB | 15/618 kBProgress (5): 5.5/14 MB | 2.1/2.2 MB | 0.1/2.1 MB | 44/112 kB | 15/618 kBProgress (5): 5.5/14 MB | 2.2/2.2 MB | 0.1/2.1 MB | 44/112 kB | 15/618 kBProgress (5): 5.5/14 MB | 2.2/2.2 MB | 0.1/2.1 MB | 44/112 kB | 15/618 kBProgress (5): 5.5/14 MB | 2.2/2.2 MB | 0.1/2.1 MB | 44/112 kB | 32/618 kBProgress (5): 5.5/14 MB | 2.2/2.2 MB | 0.1/2.1 MB | 61/112 kB | 32/618 kBProgress (5): 5.5/14 MB | 2.2/2.2 MB | 0.1/2.1 MB | 61/112 kB | 32/618 kBProgress (5): 5.5/14 MB | 2.2/2.2 MB | 0.1/2.1 MB | 61/112 kB | 32/618 kBProgress (5): 5.5/14 MB | 2.2/2.2 MB | 0.1/2.1 MB | 77/112 kB | 32/618 kBProgress (5): 5.5/14 MB | 2.2/2.2 MB | 0.1/2.1 MB | 77/112 kB | 32/618 kBProgress (5): 5.5/14 MB | 2.2/2.2 MB | 0.1/2.1 MB | 77/112 kB | 32/618 kBProgress (5): 5.5/14 MB | 2.2/2.2 MB | 0.1/2.1 MB | 85/112 kB | 32/618 kBProgress (5): 5.5/14 MB | 2.2/2.2 MB | 0.1/2.1 MB | 85/112 kB | 32/618 kBProgress (5): 5.5/14 MB | 2.2/2.2 MB | 0.1/2.1 MB | 85/112 kB | 48/618 kBProgress (5): 5.5/14 MB | 2.2/2.2 MB | 0.1/2.1 MB | 85/112 kB | 48/618 kBProgress (5): 5.6/14 MB | 2.2/2.2 MB | 0.1/2.1 MB | 85/112 kB | 48/618 kBProgress (5): 5.6/14 MB | 2.2/2.2 MB | 0.1/2.1 MB | 102/112 kB | 48/618 kBProgress (5): 5.6/14 MB | 2.2/2.2 MB | 0.2/2.1 MB | 102/112 kB | 48/618 kBProgress (5): 5.6/14 MB | 2.2/2.2 MB | 0.2/2.1 MB | 102/112 kB | 48/618 kBProgress (5): 5.6/14 MB | 2.2/2.2 MB | 0.2/2.1 MB | 112 kB | 48/618 kB                                                                          Downloaded from central: https://repo.maven.apache.org/maven2/org/springframework/security/spring-security-crypto/7.0.5/spring-security-crypto-7.0.5.jar (112 kB at 3.0 kB/s)
#16 73.00 Downloading from central: https://repo.maven.apache.org/maven2/org/springframework/security/spring-security-web/7.0.5/spring-security-web-7.0.5.jar
#16 73.00 Progress (4): 5.6/14 MB | 2.2/2.2 MB | 0.2/2.1 MB | 48/618 kBProgress (4): 5.6/14 MB | 2.2/2.2 MB | 0.2/2.1 MB | 48/618 kBProgress (4): 5.6/14 MB | 2.2 MB | 0.2/2.1 MB | 48/618 kB                                                             Downloaded from central: https://repo.maven.apache.org/maven2/org/springframework/spring-web/7.0.7/spring-web-7.0.7.jar (2.2 MB at 60 kB/s)
#16 73.01 Downloading from central: https://repo.maven.apache.org/maven2/org/springframework/spring-aop/7.0.7/spring-aop-7.0.7.jar
#16 73.09 Progress (3): 5.6/14 MB | 0.2/2.1 MB | 48/618 kBProgress (3): 5.6/14 MB | 0.2/2.1 MB | 65/618 kBProgress (4): 5.6/14 MB | 0.2/2.1 MB | 65/618 kB | 3.2/933 kBProgress (4): 5.6/14 MB | 0.2/2.1 MB | 65/618 kB | 11/933 kB Progress (5): 5.6/14 MB | 0.2/2.1 MB | 65/618 kB | 11/933 kB | 7.7/426 kBProgress (5): 5.6/14 MB | 0.2/2.1 MB | 65/618 kB | 11/933 kB | 11/426 kB Progress (5): 5.6/14 MB | 0.2/2.1 MB | 65/618 kB | 28/933 kB | 11/426 kBProgress (5): 5.6/14 MB | 0.2/2.1 MB | 65/618 kB | 28/933 kB | 28/426 kBProgress (5): 5.6/14 MB | 0.2/2.1 MB | 65/618 kB | 44/933 kB | 28/426 kBProgress (5): 5.6/14 MB | 0.2/2.1 MB | 65/618 kB | 44/933 kB | 44/426 kBProgress (5): 5.6/14 MB | 0.2/2.1 MB | 65/618 kB | 61/933 kB | 44/426 kBProgress (5): 5.6/14 MB | 0.2/2.1 MB | 65/618 kB | 61/933 kB | 61/426 kBProgress (5): 5.6/14 MB | 0.2/2.1 MB | 65/618 kB | 77/933 kB | 61/426 kBProgress (5): 5.6/14 MB | 0.2/2.1 MB | 65/618 kB | 77/933 kB | 77/426 kBProgress (5): 5.6/14 MB | 0.2/2.1 MB | 65/618 kB | 93/933 kB | 77/426 kBProgress (5): 5.6/14 MB | 0.2/2.1 MB | 65/618 kB | 93/933 kB | 93/426 kBProgress (5): 5.6/14 MB | 0.2/2.1 MB | 65/618 kB | 110/933 kB | 93/426 kBProgress (5): 5.6/14 MB | 0.2/2.1 MB | 65/618 kB | 126/933 kB | 93/426 kBProgress (5): 5.6/14 MB | 0.2/2.1 MB | 65/618 kB | 142/933 kB | 93/426 kBProgress (5): 5.6/14 MB | 0.2/2.1 MB | 65/618 kB | 159/933 kB | 93/426 kBProgress (5): 5.6/14 MB | 0.2/2.1 MB | 65/618 kB | 175/933 kB | 93/426 kBProgress (5): 5.6/14 MB | 0.2/2.1 MB | 65/618 kB | 175/933 kB | 93/426 kBProgress (5): 5.6/14 MB | 0.2/2.1 MB | 65/618 kB | 175/933 kB | 93/426 kBProgress (5): 5.6/14 MB | 0.2/2.1 MB | 65/618 kB | 175/933 kB | 93/426 kBProgress (5): 5.6/14 MB | 0.2/2.1 MB | 65/618 kB | 175/933 kB | 93/426 kBProgress (5): 5.6/14 MB | 0.2/2.1 MB | 81/618 kB | 175/933 kB | 93/426 kBProgress (5): 5.6/14 MB | 0.3/2.1 MB | 81/618 kB | 175/933 kB | 93/426 kBProgress (5): 5.6/14 MB | 0.3/2.1 MB | 81/618 kB | 175/933 kB | 93/426 kBProgress (5): 5.6/14 MB | 0.3/2.1 MB | 81/618 kB | 175/933 kB | 93/426 kBProgress (5): 5.6/14 MB | 0.3/2.1 MB | 81/618 kB | 175/933 kB | 93/426 kBProgress (5): 5.6/14 MB | 0.3/2.1 MB | 97/618 kB | 175/933 kB | 93/426 kBProgress (5): 5.6/14 MB | 0.3/2.1 MB | 97/618 kB | 175/933 kB | 93/426 kBProgress (5): 5.6/14 MB | 0.3/2.1 MB | 97/618 kB | 175/933 kB | 93/426 kBProgress (5): 5.6/14 MB | 0.3/2.1 MB | 114/618 kB | 175/933 kB | 93/426 kBProgress (5): 5.7/14 MB | 0.3/2.1 MB | 114/618 kB | 175/933 kB | 93/426 kBProgress (5): 5.7/14 MB | 0.3/2.1 MB | 114/618 kB | 175/933 kB | 93/426 kBProgress (5): 5.7/14 MB | 0.3/2.1 MB | 130/618 kB | 175/933 kB | 93/426 kBProgress (5): 5.7/14 MB | 0.3/2.1 MB | 130/618 kB | 175/933 kB | 93/426 kBProgress (5): 5.7/14 MB | 0.3/2.1 MB | 130/618 kB | 175/933 kB | 93/426 kBProgress (5): 5.7/14 MB | 0.3/2.1 MB | 130/618 kB | 175/933 kB | 93/426 kBProgress (5): 5.7/14 MB | 0.3/2.1 MB | 130/618 kB | 175/933 kB | 93/426 kBProgress (5): 5.7/14 MB | 0.4/2.1 MB | 130/618 kB | 175/933 kB | 93/426 kBProgress (5): 5.7/14 MB | 0.4/2.1 MB | 130/618 kB | 175/933 kB | 93/426 kBProgress (5): 5.7/14 MB | 0.4/2.1 MB | 130/618 kB | 175/933 kB | 93/426 kBProgress (5): 5.7/14 MB | 0.4/2.1 MB | 147/618 kB | 175/933 kB | 93/426 kBProgress (5): 5.7/14 MB | 0.4/2.1 MB | 147/618 kB | 175/933 kB | 93/426 kBProgress (5): 5.7/14 MB | 0.4/2.1 MB | 147/618 kB | 175/933 kB | 93/426 kBProgress (5): 5.7/14 MB | 0.4/2.1 MB | 147/618 kB | 175/933 kB | 110/426 kBProgress (5): 5.7/14 MB | 0.4/2.1 MB | 147/618 kB | 175/933 kB | 110/426 kBProgress (5): 5.7/14 MB | 0.4/2.1 MB | 147/618 kB | 192/933 kB | 110/426 kBProgress (5): 5.7/14 MB | 0.4/2.1 MB | 147/618 kB | 192/933 kB | 110/426 kBProgress (5): 5.7/14 MB | 0.4/2.1 MB | 147/618 kB | 192/933 kB | 126/426 kBProgress (5): 5.7/14 MB | 0.4/2.1 MB | 163/618 kB | 192/933 kB | 126/426 kBProgress (5): 5.7/14 MB | 0.4/2.1 MB | 163/618 kB | 208/933 kB | 126/426 kBProgress (5): 5.7/14 MB | 0.4/2.1 MB | 163/618 kB | 208/933 kB | 126/426 kBProgress (5): 5.7/14 MB | 0.4/2.1 MB | 163/618 kB | 208/933 kB | 126/426 kBProgress (5): 5.7/14 MB | 0.5/2.1 MB | 163/618 kB | 208/933 kB | 126/426 kBProgress (5): 5.7/14 MB | 0.5/2.1 MB | 163/618 kB | 208/933 kB | 142/426 kBProgress (5): 5.7/14 MB | 0.5/2.1 MB | 163/618 kB | 224/933 kB | 142/426 kBProgress (5): 5.8/14 MB | 0.5/2.1 MB | 163/618 kB | 224/933 kB | 142/426 kBProgress (5): 5.8/14 MB | 0.5/2.1 MB | 163/618 kB | 224/933 kB | 142/426 kBProgress (5): 5.8/14 MB | 0.5/2.1 MB | 163/618 kB | 224/933 kB | 159/426 kBProgress (5): 5.8/14 MB | 0.5/2.1 MB | 163/618 kB | 241/933 kB | 159/426 kBProgress (5): 5.8/14 MB | 0.5/2.1 MB | 179/618 kB | 241/933 kB | 159/426 kBProgress (5): 5.8/14 MB | 0.5/2.1 MB | 179/618 kB | 241/933 kB | 159/426 kBProgress (5): 5.8/14 MB | 0.5/2.1 MB | 179/618 kB | 241/933 kB | 159/426 kBProgress (5): 5.8/14 MB | 0.5/2.1 MB | 179/618 kB | 257/933 kB | 159/426 kBProgress (5): 5.8/14 MB | 0.5/2.1 MB | 179/618 kB | 257/933 kB | 175/426 kBProgress (5): 5.8/14 MB | 0.5/2.1 MB | 179/618 kB | 257/933 kB | 175/426 kBProgress (5): 5.8/14 MB | 0.5/2.1 MB | 179/618 kB | 274/933 kB | 175/426 kBProgress (5): 5.8/14 MB | 0.5/2.1 MB | 179/618 kB | 274/933 kB | 175/426 kBProgress (5): 5.8/14 MB | 0.5/2.1 MB | 179/618 kB | 274/933 kB | 192/426 kBProgress (5): 5.8/14 MB | 0.5/2.1 MB | 196/618 kB | 274/933 kB | 192/426 kBProgress (5): 5.8/14 MB | 0.5/2.1 MB | 196/618 kB | 290/933 kB | 192/426 kBProgress (5): 5.8/14 MB | 0.5/2.1 MB | 196/618 kB | 290/933 kB | 192/426 kBProgress (5): 5.8/14 MB | 0.5/2.1 MB | 196/618 kB | 290/933 kB | 192/426 kBProgress (5): 5.8/14 MB | 0.5/2.1 MB | 196/618 kB | 290/933 kB | 208/426 kBProgress (5): 5.8/14 MB | 0.5/2.1 MB | 196/618 kB | 290/933 kB | 208/426 kBProgress (5): 5.8/14 MB | 0.5/2.1 MB | 196/618 kB | 306/933 kB | 208/426 kBProgress (5): 5.8/14 MB | 0.5/2.1 MB | 212/618 kB | 306/933 kB | 208/426 kBProgress (5): 5.8/14 MB | 0.6/2.1 MB | 212/618 kB | 306/933 kB | 208/426 kBProgress (5): 5.8/14 MB | 0.6/2.1 MB | 212/618 kB | 306/933 kB | 208/426 kBProgress (5): 5.8/14 MB | 0.6/2.1 MB | 212/618 kB | 306/933 kB | 224/426 kBProgress (5): 5.8/14 MB | 0.6/2.1 MB | 212/618 kB | 323/933 kB | 224/426 kBProgress (5): 5.8/14 MB | 0.6/2.1 MB | 212/618 kB | 323/933 kB | 224/426 kBProgress (5): 5.8/14 MB | 0.6/2.1 MB | 212/618 kB | 323/933 kB | 224/426 kBProgress (5): 5.8/14 MB | 0.6/2.1 MB | 228/618 kB | 323/933 kB | 224/426 kBProgress (5): 5.8/14 MB | 0.6/2.1 MB | 228/618 kB | 323/933 kB | 224/426 kBProgress (5): 5.8/14 MB | 0.6/2.1 MB | 228/618 kB | 323/933 kB | 241/426 kBProgress (5): 5.8/14 MB | 0.6/2.1 MB | 228/618 kB | 323/933 kB | 241/426 kBProgress (5): 5.9/14 MB | 0.6/2.1 MB | 228/618 kB | 323/933 kB | 241/426 kBProgress (5): 5.9/14 MB | 0.6/2.1 MB | 228/618 kB | 323/933 kB | 241/426 kBProgress (5): 5.9/14 MB | 0.6/2.1 MB | 228/618 kB | 323/933 kB | 257/426 kBProgress (5): 5.9/14 MB | 0.6/2.1 MB | 228/618 kB | 339/933 kB | 257/426 kBProgress (5): 5.9/14 MB | 0.6/2.1 MB | 245/618 kB | 339/933 kB | 257/426 kBProgress (5): 5.9/14 MB | 0.6/2.1 MB | 245/618 kB | 339/933 kB | 257/426 kBProgress (5): 5.9/14 MB | 0.6/2.1 MB | 245/618 kB | 339/933 kB | 257/426 kBProgress (5): 5.9/14 MB | 0.6/2.1 MB | 245/618 kB | 339/933 kB | 274/426 kBProgress (5): 5.9/14 MB | 0.6/2.1 MB | 245/618 kB | 355/933 kB | 274/426 kBProgress (5): 5.9/14 MB | 0.7/2.1 MB | 245/618 kB | 355/933 kB | 274/426 kBProgress (5): 5.9/14 MB | 0.7/2.1 MB | 245/618 kB | 372/933 kB | 274/426 kBProgress (5): 5.9/14 MB | 0.7/2.1 MB | 261/618 kB | 372/933 kB | 274/426 kBProgress (5): 5.9/14 MB | 0.7/2.1 MB | 261/618 kB | 372/933 kB | 290/426 kBProgress (5): 5.9/14 MB | 0.7/2.1 MB | 261/618 kB | 372/933 kB | 290/426 kBProgress (5): 5.9/14 MB | 0.7/2.1 MB | 261/618 kB | 372/933 kB | 290/426 kBProgress (5): 5.9/14 MB | 0.7/2.1 MB | 261/618 kB | 388/933 kB | 290/426 kBProgress (5): 5.9/14 MB | 0.7/2.1 MB | 261/618 kB | 388/933 kB | 306/426 kBProgress (5): 5.9/14 MB | 0.7/2.1 MB | 261/618 kB | 388/933 kB | 306/426 kBProgress (5): 5.9/14 MB | 0.7/2.1 MB | 261/618 kB | 388/933 kB | 306/426 kBProgress (5): 5.9/14 MB | 0.7/2.1 MB | 261/618 kB | 388/933 kB | 306/426 kBProgress (5): 5.9/14 MB | 0.7/2.1 MB | 278/618 kB | 388/933 kB | 306/426 kBProgress (5): 5.9/14 MB | 0.7/2.1 MB | 278/618 kB | 405/933 kB | 306/426 kBProgress (5): 5.9/14 MB | 0.7/2.1 MB | 278/618 kB | 405/933 kB | 323/426 kBProgress (5): 5.9/14 MB | 0.7/2.1 MB | 278/618 kB | 405/933 kB | 323/426 kBProgress (5): 5.9/14 MB | 0.7/2.1 MB | 278/618 kB | 405/933 kB | 323/426 kBProgress (5): 5.9/14 MB | 0.7/2.1 MB | 278/618 kB | 421/933 kB | 323/426 kBProgress (5): 5.9/14 MB | 0.7/2.1 MB | 294/618 kB | 421/933 kB | 323/426 kBProgress (5): 5.9/14 MB | 0.7/2.1 MB | 294/618 kB | 437/933 kB | 323/426 kBProgress (5): 5.9/14 MB | 0.7/2.1 MB | 310/618 kB | 437/933 kB | 323/426 kBProgress (5): 5.9/14 MB | 0.7/2.1 MB | 310/618 kB | 454/933 kB | 323/426 kBProgress (5): 5.9/14 MB | 0.7/2.1 MB | 310/618 kB | 454/933 kB | 323/426 kBProgress (5): 5.9/14 MB | 0.7/2.1 MB | 310/618 kB | 454/933 kB | 323/426 kBProgress (5): 5.9/14 MB | 0.7/2.1 MB | 310/618 kB | 454/933 kB | 339/426 kBProgress (5): 5.9/14 MB | 0.8/2.1 MB | 310/618 kB | 454/933 kB | 339/426 kBProgress (5): 5.9/14 MB | 0.8/2.1 MB | 310/618 kB | 470/933 kB | 339/426 kBProgress (5): 5.9/14 MB | 0.8/2.1 MB | 310/618 kB | 470/933 kB | 355/426 kBProgress (5): 6.0/14 MB | 0.8/2.1 MB | 310/618 kB | 470/933 kB | 355/426 kBProgress (5): 6.0/14 MB | 0.8/2.1 MB | 327/618 kB | 470/933 kB | 355/426 kBProgress (5): 6.0/14 MB | 0.8/2.1 MB | 327/618 kB | 487/933 kB | 355/426 kBProgress (5): 6.0/14 MB | 0.8/2.1 MB | 327/618 kB | 487/933 kB | 355/426 kBProgress (5): 6.0/14 MB | 0.8/2.1 MB | 327/618 kB | 487/933 kB | 372/426 kBProgress (5): 6.0/14 MB | 0.8/2.1 MB | 327/618 kB | 487/933 kB | 372/426 kBProgress (5): 6.0/14 MB | 0.8/2.1 MB | 327/618 kB | 487/933 kB | 372/426 kBProgress (5): 6.0/14 MB | 0.8/2.1 MB | 327/618 kB | 487/933 kB | 372/426 kBProgress (5): 6.0/14 MB | 0.8/2.1 MB | 327/618 kB | 487/933 kB | 372/426 kBProgress (5): 6.0/14 MB | 0.8/2.1 MB | 327/618 kB | 487/933 kB | 388/426 kBProgress (5): 6.0/14 MB | 0.8/2.1 MB | 327/618 kB | 487/933 kB | 388/426 kBProgress (5): 6.0/14 MB | 0.8/2.1 MB | 343/618 kB | 487/933 kB | 388/426 kBProgress (5): 6.0/14 MB | 0.8/2.1 MB | 343/618 kB | 503/933 kB | 388/426 kBProgress (5): 6.0/14 MB | 0.8/2.1 MB | 343/618 kB | 503/933 kB | 388/426 kBProgress (5): 6.0/14 MB | 0.8/2.1 MB | 343/618 kB | 503/933 kB | 405/426 kBProgress (5): 6.0/14 MB | 0.8/2.1 MB | 343/618 kB | 503/933 kB | 405/426 kBProgress (5): 6.0/14 MB | 0.8/2.1 MB | 343/618 kB | 519/933 kB | 405/426 kBProgress (5): 6.0/14 MB | 0.8/2.1 MB | 360/618 kB | 519/933 kB | 405/426 kBProgress (5): 6.0/14 MB | 0.9/2.1 MB | 360/618 kB | 519/933 kB | 405/426 kBProgress (5): 6.0/14 MB | 0.9/2.1 MB | 360/618 kB | 519/933 kB | 421/426 kBProgress (5): 6.0/14 MB | 0.9/2.1 MB | 360/618 kB | 519/933 kB | 426 kB                                                                           Downloaded from central: https://repo.maven.apache.org/maven2/org/springframework/spring-aop/7.0.7/spring-aop-7.0.7.jar (426 kB at 11 kB/s)
#16 74.54 Downloading from central: https://repo.maven.apache.org/maven2/org/springframework/spring-beans/7.0.7/spring-beans-7.0.7.jar
#16 74.55 Progress (4): 6.0/14 MB | 0.9/2.1 MB | 360/618 kB | 519/933 kBProgress (4): 6.0/14 MB | 0.9/2.1 MB | 360/618 kB | 519/933 kBProgress (4): 6.0/14 MB | 0.9/2.1 MB | 360/618 kB | 536/933 kBProgress (4): 6.0/14 MB | 0.9/2.1 MB | 360/618 kB | 536/933 kBProgress (4): 6.0/14 MB | 0.9/2.1 MB | 360/618 kB | 536/933 kBProgress (4): 6.0/14 MB | 0.9/2.1 MB | 376/618 kB | 536/933 kBProgress (4): 6.0/14 MB | 0.9/2.1 MB | 376/618 kB | 552/933 kBProgress (4): 6.0/14 MB | 0.9/2.1 MB | 376/618 kB | 568/933 kBProgress (4): 6.0/14 MB | 0.9/2.1 MB | 376/618 kB | 568/933 kBProgress (4): 6.0/14 MB | 0.9/2.1 MB | 392/618 kB | 568/933 kBProgress (4): 6.0/14 MB | 0.9/2.1 MB | 392/618 kB | 585/933 kBProgress (4): 6.1/14 MB | 0.9/2.1 MB | 392/618 kB | 585/933 kBProgress (4): 6.1/14 MB | 0.9/2.1 MB | 392/618 kB | 585/933 kBProgress (4): 6.1/14 MB | 0.9/2.1 MB | 392/618 kB | 585/933 kBProgress (4): 6.1/14 MB | 0.9/2.1 MB | 392/618 kB | 585/933 kBProgress (4): 6.1/14 MB | 0.9/2.1 MB | 392/618 kB | 601/933 kBProgress (4): 6.1/14 MB | 0.9/2.1 MB | 392/618 kB | 601/933 kBProgress (4): 6.1/14 MB | 1.0/2.1 MB | 392/618 kB | 601/933 kBProgress (4): 6.1/14 MB | 1.0/2.1 MB | 409/618 kB | 601/933 kBProgress (4): 6.1/14 MB | 1.0/2.1 MB | 409/618 kB | 601/933 kBProgress (4): 6.1/14 MB | 1.0/2.1 MB | 409/618 kB | 601/933 kBProgress (4): 6.1/14 MB | 1.0/2.1 MB | 409/618 kB | 618/933 kBProgress (5): 6.1/14 MB | 1.0/2.1 MB | 409/618 kB | 618/933 kB | 7.7/928 kBProgress (5): 6.1/14 MB | 1.0/2.1 MB | 409/618 kB | 618/933 kB | 11/928 kB Progress (5): 6.1/14 MB | 1.0/2.1 MB | 409/618 kB | 618/933 kB | 11/928 kBProgress (5): 6.1/14 MB | 1.0/2.1 MB | 425/618 kB | 618/933 kB | 11/928 kBProgress (5): 6.1/14 MB | 1.0/2.1 MB | 425/618 kB | 618/933 kB | 11/928 kBProgress (5): 6.1/14 MB | 1.0/2.1 MB | 425/618 kB | 618/933 kB | 11/928 kBProgress (5): 6.1/14 MB | 1.0/2.1 MB | 425/618 kB | 634/933 kB | 11/928 kBProgress (5): 6.1/14 MB | 1.0/2.1 MB | 425/618 kB | 634/933 kB | 28/928 kBProgress (5): 6.1/14 MB | 1.0/2.1 MB | 425/618 kB | 634/933 kB | 28/928 kBProgress (5): 6.1/14 MB | 1.0/2.1 MB | 441/618 kB | 634/933 kB | 28/928 kBProgress (5): 6.1/14 MB | 1.0/2.1 MB | 441/618 kB | 634/933 kB | 28/928 kBProgress (5): 6.1/14 MB | 1.0/2.1 MB | 441/618 kB | 650/933 kB | 28/928 kBProgress (5): 6.1/14 MB | 1.0/2.1 MB | 441/618 kB | 650/933 kB | 28/928 kBProgress (5): 6.1/14 MB | 1.0/2.1 MB | 441/618 kB | 650/933 kB | 44/928 kBProgress (5): 6.1/14 MB | 1.0/2.1 MB | 441/618 kB | 650/933 kB | 44/928 kBProgress (5): 6.1/14 MB | 1.1/2.1 MB | 441/618 kB | 650/933 kB | 44/928 kBProgress (5): 6.1/14 MB | 1.1/2.1 MB | 441/618 kB | 667/933 kB | 44/928 kBProgress (5): 6.1/14 MB | 1.1/2.1 MB | 441/618 kB | 667/933 kB | 61/928 kBProgress (5): 6.1/14 MB | 1.1/2.1 MB | 458/618 kB | 667/933 kB | 61/928 kBProgress (5): 6.1/14 MB | 1.1/2.1 MB | 458/618 kB | 667/933 kB | 61/928 kBProgress (5): 6.1/14 MB | 1.1/2.1 MB | 458/618 kB | 683/933 kB | 61/928 kBProgress (5): 6.1/14 MB | 1.1/2.1 MB | 458/618 kB | 683/933 kB | 77/928 kBProgress (5): 6.2/14 MB | 1.1/2.1 MB | 458/618 kB | 683/933 kB | 77/928 kBProgress (5): 6.2/14 MB | 1.1/2.1 MB | 458/618 kB | 683/933 kB | 77/928 kBProgress (5): 6.2/14 MB | 1.1/2.1 MB | 458/618 kB | 700/933 kB | 77/928 kBProgress (5): 6.2/14 MB | 1.1/2.1 MB | 474/618 kB | 700/933 kB | 77/928 kBProgress (5): 6.2/14 MB | 1.1/2.1 MB | 474/618 kB | 700/933 kB | 93/928 kBProgress (5): 6.2/14 MB | 1.1/2.1 MB | 474/618 kB | 706/933 kB | 93/928 kBProgress (5): 6.2/14 MB | 1.1/2.1 MB | 474/618 kB | 706/933 kB | 93/928 kBProgress (5): 6.2/14 MB | 1.1/2.1 MB | 474/618 kB | 706/933 kB | 93/928 kBProgress (5): 6.2/14 MB | 1.1/2.1 MB | 474/618 kB | 706/933 kB | 93/928 kBProgress (5): 6.2/14 MB | 1.1/2.1 MB | 474/618 kB | 723/933 kB | 93/928 kBProgress (5): 6.2/14 MB | 1.1/2.1 MB | 474/618 kB | 723/933 kB | 93/928 kBProgress (5): 6.2/14 MB | 1.1/2.1 MB | 474/618 kB | 723/933 kB | 110/928 kBProgress (5): 6.2/14 MB | 1.1/2.1 MB | 491/618 kB | 723/933 kB | 110/928 kBProgress (5): 6.2/14 MB | 1.1/2.1 MB | 491/618 kB | 723/933 kB | 110/928 kBProgress (5): 6.2/14 MB | 1.1/2.1 MB | 491/618 kB | 739/933 kB | 110/928 kBProgress (5): 6.2/14 MB | 1.2/2.1 MB | 491/618 kB | 739/933 kB | 110/928 kBProgress (5): 6.2/14 MB | 1.2/2.1 MB | 491/618 kB | 739/933 kB | 110/928 kBProgress (5): 6.2/14 MB | 1.2/2.1 MB | 491/618 kB | 743/933 kB | 110/928 kBProgress (5): 6.2/14 MB | 1.2/2.1 MB | 491/618 kB | 743/933 kB | 126/928 kBProgress (5): 6.2/14 MB | 1.2/2.1 MB | 507/618 kB | 743/933 kB | 126/928 kBProgress (5): 6.2/14 MB | 1.2/2.1 MB | 507/618 kB | 743/933 kB | 126/928 kBProgress (5): 6.2/14 MB | 1.2/2.1 MB | 507/618 kB | 743/933 kB | 134/928 kBProgress (5): 6.2/14 MB | 1.2/2.1 MB | 507/618 kB | 759/933 kB | 134/928 kBProgress (5): 6.2/14 MB | 1.2/2.1 MB | 507/618 kB | 759/933 kB | 134/928 kBProgress (5): 6.2/14 MB | 1.2/2.1 MB | 507/618 kB | 759/933 kB | 134/928 kBProgress (5): 6.2/14 MB | 1.2/2.1 MB | 507/618 kB | 759/933 kB | 142/928 kBProgress (5): 6.2/14 MB | 1.2/2.1 MB | 507/618 kB | 776/933 kB | 142/928 kBProgress (5): 6.2/14 MB | 1.2/2.1 MB | 523/618 kB | 776/933 kB | 142/928 kBProgress (5): 6.2/14 MB | 1.2/2.1 MB | 523/618 kB | 776/933 kB | 151/928 kBProgress (5): 6.2/14 MB | 1.2/2.1 MB | 540/618 kB | 776/933 kB | 151/928 kBProgress (5): 6.2/14 MB | 1.2/2.1 MB | 540/618 kB | 792/933 kB | 151/928 kBProgress (5): 6.2/14 MB | 1.2/2.1 MB | 540/618 kB | 792/933 kB | 151/928 kBProgress (5): 6.2/14 MB | 1.2/2.1 MB | 540/618 kB | 792/933 kB | 151/928 kBProgress (5): 6.2/14 MB | 1.2/2.1 MB | 540/618 kB | 792/933 kB | 167/928 kBProgress (5): 6.2/14 MB | 1.2/2.1 MB | 540/618 kB | 808/933 kB | 167/928 kBProgress (5): 6.2/14 MB | 1.2/2.1 MB | 540/618 kB | 808/933 kB | 167/928 kBProgress (5): 6.2/14 MB | 1.2/2.1 MB | 540/618 kB | 808/933 kB | 167/928 kBProgress (5): 6.2/14 MB | 1.2/2.1 MB | 540/618 kB | 808/933 kB | 167/928 kBProgress (5): 6.2/14 MB | 1.2/2.1 MB | 556/618 kB | 808/933 kB | 167/928 kBProgress (5): 6.2/14 MB | 1.2/2.1 MB | 556/618 kB | 825/933 kB | 167/928 kBProgress (5): 6.2/14 MB | 1.2/2.1 MB | 556/618 kB | 825/933 kB | 183/928 kBProgress (5): 6.2/14 MB | 1.3/2.1 MB | 556/618 kB | 825/933 kB | 183/928 kBProgress (5): 6.3/14 MB | 1.3/2.1 MB | 556/618 kB | 825/933 kB | 183/928 kBProgress (5): 6.3/14 MB | 1.3/2.1 MB | 556/618 kB | 825/933 kB | 183/928 kBProgress (5): 6.3/14 MB | 1.3/2.1 MB | 556/618 kB | 825/933 kB | 200/928 kBProgress (5): 6.3/14 MB | 1.3/2.1 MB | 556/618 kB | 825/933 kB | 200/928 kBProgress (5): 6.3/14 MB | 1.3/2.1 MB | 556/618 kB | 841/933 kB | 200/928 kBProgress (5): 6.3/14 MB | 1.3/2.1 MB | 556/618 kB | 841/933 kB | 200/928 kBProgress (5): 6.3/14 MB | 1.3/2.1 MB | 573/618 kB | 841/933 kB | 200/928 kBProgress (5): 6.3/14 MB | 1.3/2.1 MB | 573/618 kB | 858/933 kB | 200/928 kBProgress (5): 6.3/14 MB | 1.3/2.1 MB | 573/618 kB | 858/933 kB | 216/928 kBProgress (5): 6.3/14 MB | 1.3/2.1 MB | 573/618 kB | 858/933 kB | 216/928 kBProgress (5): 6.3/14 MB | 1.3/2.1 MB | 573/618 kB | 858/933 kB | 216/928 kBProgress (5): 6.3/14 MB | 1.3/2.1 MB | 573/618 kB | 858/933 kB | 216/928 kBProgress (5): 6.3/14 MB | 1.3/2.1 MB | 589/618 kB | 858/933 kB | 216/928 kBProgress (5): 6.3/14 MB | 1.3/2.1 MB | 589/618 kB | 874/933 kB | 216/928 kBProgress (5): 6.3/14 MB | 1.3/2.1 MB | 589/618 kB | 874/933 kB | 233/928 kBProgress (5): 6.3/14 MB | 1.3/2.1 MB | 589/618 kB | 874/933 kB | 233/928 kBProgress (5): 6.3/14 MB | 1.3/2.1 MB | 589/618 kB | 874/933 kB | 233/928 kBProgress (5): 6.3/14 MB | 1.4/2.1 MB | 589/618 kB | 874/933 kB | 233/928 kBProgress (5): 6.3/14 MB | 1.4/2.1 MB | 589/618 kB | 890/933 kB | 233/928 kBProgress (5): 6.3/14 MB | 1.4/2.1 MB | 589/618 kB | 890/933 kB | 249/928 kBProgress (5): 6.3/14 MB | 1.4/2.1 MB | 589/618 kB | 890/933 kB | 249/928 kBProgress (5): 6.3/14 MB | 1.4/2.1 MB | 605/618 kB | 890/933 kB | 249/928 kBProgress (5): 6.3/14 MB | 1.4/2.1 MB | 605/618 kB | 890/933 kB | 249/928 kBProgress (5): 6.3/14 MB | 1.4/2.1 MB | 605/618 kB | 907/933 kB | 249/928 kBProgress (5): 6.3/14 MB | 1.4/2.1 MB | 605/618 kB | 907/933 kB | 249/928 kBProgress (5): 6.3/14 MB | 1.4/2.1 MB | 605/618 kB | 923/933 kB | 249/928 kBProgress (5): 6.3/14 MB | 1.4/2.1 MB | 605/618 kB | 923/933 kB | 265/928 kBProgress (5): 6.3/14 MB | 1.4/2.1 MB | 605/618 kB | 923/933 kB | 265/928 kBProgress (5): 6.3/14 MB | 1.4/2.1 MB | 618 kB | 923/933 kB | 265/928 kB                                                                           Downloaded from central: https://repo.maven.apache.org/maven2/org/springframework/security/spring-security-core/7.0.5/spring-security-core-7.0.5.jar (618 kB at 16 kB/s)
#16 75.31 Downloading from central: https://repo.maven.apache.org/maven2/org/springframework/boot/spring-boot-starter-actuator/4.0.6/spring-boot-starter-actuator-4.0.6.jar
#16 75.31 Progress (4): 6.3/14 MB | 1.4/2.1 MB | 933 kB | 265/928 kBProgress (4): 6.3/14 MB | 1.4/2.1 MB | 933 kB | 265/928 kB                                                          Downloaded from central: https://repo.maven.apache.org/maven2/org/springframework/security/spring-security-web/7.0.5/spring-security-web-7.0.5.jar (933 kB at 24 kB/s)
#16 75.31 Downloading from central: https://repo.maven.apache.org/maven2/org/springframework/boot/spring-boot-starter-micrometer-metrics/4.0.6/spring-boot-starter-micrometer-metrics-4.0.6.jar
#16 75.31 Progress (3): 6.3/14 MB | 1.4/2.1 MB | 274/928 kBProgress (3): 6.4/14 MB | 1.4/2.1 MB | 274/928 kBProgress (3): 6.4/14 MB | 1.4/2.1 MB | 282/928 kBProgress (3): 6.4/14 MB | 1.4/2.1 MB | 282/928 kBProgress (3): 6.4/14 MB | 1.4/2.1 MB | 282/928 kBProgress (3): 6.4/14 MB | 1.4/2.1 MB | 282/928 kBProgress (3): 6.4/14 MB | 1.4/2.1 MB | 298/928 kBProgress (3): 6.4/14 MB | 1.4/2.1 MB | 314/928 kBProgress (3): 6.4/14 MB | 1.4/2.1 MB | 331/928 kBProgress (3): 6.4/14 MB | 1.4/2.1 MB | 331/928 kBProgress (3): 6.4/14 MB | 1.4/2.1 MB | 331/928 kBProgress (3): 6.4/14 MB | 1.5/2.1 MB | 331/928 kBProgress (3): 6.4/14 MB | 1.5/2.1 MB | 347/928 kBProgress (3): 6.4/14 MB | 1.5/2.1 MB | 347/928 kBProgress (3): 6.4/14 MB | 1.5/2.1 MB | 347/928 kBProgress (3): 6.4/14 MB | 1.5/2.1 MB | 347/928 kBProgress (3): 6.4/14 MB | 1.5/2.1 MB | 347/928 kBProgress (3): 6.4/14 MB | 1.5/2.1 MB | 347/928 kBProgress (3): 6.4/14 MB | 1.5/2.1 MB | 347/928 kBProgress (3): 6.4/14 MB | 1.5/2.1 MB | 347/928 kBProgress (3): 6.4/14 MB | 1.5/2.1 MB | 347/928 kBProgress (3): 6.4/14 MB | 1.5/2.1 MB | 364/928 kBProgress (3): 6.4/14 MB | 1.6/2.1 MB | 364/928 kBProgress (3): 6.5/14 MB | 1.6/2.1 MB | 364/928 kBProgress (3): 6.5/14 MB | 1.6/2.1 MB | 364/928 kBProgress (3): 6.5/14 MB | 1.6/2.1 MB | 380/928 kBProgress (3): 6.5/14 MB | 1.6/2.1 MB | 380/928 kBProgress (3): 6.5/14 MB | 1.6/2.1 MB | 380/928 kBProgress (3): 6.5/14 MB | 1.6/2.1 MB | 380/928 kBProgress (3): 6.5/14 MB | 1.6/2.1 MB | 396/928 kBProgress (4): 6.5/14 MB | 1.6/2.1 MB | 396/928 kB | 4.8 kB                                                          Downloaded from central: https://repo.maven.apache.org/maven2/org/springframework/boot/spring-boot-starter-actuator/4.0.6/spring-boot-starter-actuator-4.0.6.jar (4.8 kB at 121 B/s)
#16 75.85 Downloading from central: https://repo.maven.apache.org/maven2/org/springframework/boot/spring-boot-micrometer-metrics/4.0.6/spring-boot-micrometer-metrics-4.0.6.jar
#16 75.85 Progress (4): 6.5/14 MB | 1.6/2.1 MB | 396/928 kB | 4.7 kB                                                          Downloaded from central: https://repo.maven.apache.org/maven2/org/springframework/boot/spring-boot-starter-micrometer-metrics/4.0.6/spring-boot-starter-micrometer-metrics-4.0.6.jar (4.7 kB at 119 B/s)
#16 75.85 Downloading from central: https://repo.maven.apache.org/maven2/org/springframework/boot/spring-boot-micrometer-observation/4.0.6/spring-boot-micrometer-observation-4.0.6.jar
#16 75.85 Progress (3): 6.5/14 MB | 1.6/2.1 MB | 396/928 kBProgress (3): 6.5/14 MB | 1.6/2.1 MB | 405/928 kBProgress (3): 6.5/14 MB | 1.6/2.1 MB | 405/928 kBProgress (3): 6.5/14 MB | 1.6/2.1 MB | 421/928 kBProgress (3): 6.5/14 MB | 1.6/2.1 MB | 421/928 kBProgress (3): 6.5/14 MB | 1.6/2.1 MB | 421/928 kBProgress (3): 6.5/14 MB | 1.6/2.1 MB | 437/928 kBProgress (3): 6.5/14 MB | 1.7/2.1 MB | 437/928 kBProgress (3): 6.5/14 MB | 1.7/2.1 MB | 437/928 kBProgress (3): 6.5/14 MB | 1.7/2.1 MB | 437/928 kBProgress (3): 6.5/14 MB | 1.7/2.1 MB | 454/928 kBProgress (3): 6.5/14 MB | 1.7/2.1 MB | 454/928 kBProgress (3): 6.5/14 MB | 1.7/2.1 MB | 454/928 kBProgress (3): 6.5/14 MB | 1.7/2.1 MB | 470/928 kBProgress (3): 6.6/14 MB | 1.7/2.1 MB | 470/928 kBProgress (3): 6.6/14 MB | 1.7/2.1 MB | 470/928 kBProgress (3): 6.6/14 MB | 1.7/2.1 MB | 487/928 kBProgress (3): 6.6/14 MB | 1.7/2.1 MB | 487/928 kBProgress (3): 6.6/14 MB | 1.7/2.1 MB | 487/928 kBProgress (3): 6.6/14 MB | 1.7/2.1 MB | 487/928 kBProgress (4): 6.6/14 MB | 1.7/2.1 MB | 487/928 kB | 7.7/241 kBProgress (4): 6.6/14 MB | 1.7/2.1 MB | 487/928 kB | 8.2/241 kBProgress (4): 6.6/14 MB | 1.7/2.1 MB | 503/928 kB | 8.2/241 kBProgress (5): 6.6/14 MB | 1.7/2.1 MB | 503/928 kB | 8.2/241 kB | 7.7/29 kBProgress (5): 6.6/14 MB | 1.7/2.1 MB | 503/928 kB | 8.2/241 kB | 16/29 kB Progress (5): 6.6/14 MB | 1.8/2.1 MB | 503/928 kB | 8.2/241 kB | 16/29 kBProgress (5): 6.6/14 MB | 1.8/2.1 MB | 503/928 kB | 8.2/241 kB | 25/29 kBProgress (5): 6.6/14 MB | 1.8/2.1 MB | 503/928 kB | 8.2/241 kB | 25/29 kBProgress (5): 6.6/14 MB | 1.8/2.1 MB | 503/928 kB | 8.2/241 kB | 29 kB   Progress (5): 6.6/14 MB | 1.8/2.1 MB | 503/928 kB | 8.2/241 kB | 29 kB                                                                      Downloaded from central: https://repo.maven.apache.org/maven2/org/springframework/boot/spring-boot-micrometer-observation/4.0.6/spring-boot-micrometer-observation-4.0.6.jar (29 kB at 725 B/s)
#16 75.98 Downloading from central: https://repo.maven.apache.org/maven2/org/springframework/boot/spring-boot-actuator-autoconfigure/4.0.6/spring-boot-actuator-autoconfigure-4.0.6.jar
#16 76.01 Progress (4): 6.6/14 MB | 1.8/2.1 MB | 503/928 kB | 8.2/241 kBProgress (4): 6.6/14 MB | 1.8/2.1 MB | 519/928 kB | 8.2/241 kBProgress (4): 6.6/14 MB | 1.8/2.1 MB | 519/928 kB | 25/241 kB Progress (4): 6.6/14 MB | 1.8/2.1 MB | 519/928 kB | 25/241 kBProgress (4): 6.6/14 MB | 1.8/2.1 MB | 519/928 kB | 25/241 kBProgress (4): 6.6/14 MB | 1.8/2.1 MB | 519/928 kB | 25/241 kBProgress (4): 6.6/14 MB | 1.8/2.1 MB | 536/928 kB | 25/241 kBProgress (4): 6.6/14 MB | 1.8/2.1 MB | 536/928 kB | 41/241 kBProgress (4): 6.6/14 MB | 1.8/2.1 MB | 536/928 kB | 41/241 kBProgress (4): 6.6/14 MB | 1.8/2.1 MB | 536/928 kB | 41/241 kBProgress (4): 6.6/14 MB | 1.8/2.1 MB | 552/928 kB | 41/241 kBProgress (4): 6.6/14 MB | 1.8/2.1 MB | 552/928 kB | 41/241 kBProgress (4): 6.7/14 MB | 1.8/2.1 MB | 552/928 kB | 41/241 kBProgress (4): 6.7/14 MB | 1.9/2.1 MB | 552/928 kB | 41/241 kBProgress (4): 6.7/14 MB | 1.9/2.1 MB | 568/928 kB | 41/241 kBProgress (4): 6.7/14 MB | 1.9/2.1 MB | 568/928 kB | 57/241 kBProgress (5): 6.7/14 MB | 1.9/2.1 MB | 568/928 kB | 57/241 kB | 7.7/141 kBProgress (5): 6.7/14 MB | 1.9/2.1 MB | 568/928 kB | 57/241 kB | 11/141 kB Progress (5): 6.7/14 MB | 1.9/2.1 MB | 568/928 kB | 57/241 kB | 11/141 kBProgress (5): 6.7/14 MB | 1.9/2.1 MB | 585/928 kB | 57/241 kB | 11/141 kBProgress (5): 6.7/14 MB | 1.9/2.1 MB | 585/928 kB | 57/241 kB | 11/141 kBProgress (5): 6.7/14 MB | 1.9/2.1 MB | 585/928 kB | 57/241 kB | 11/141 kBProgress (5): 6.7/14 MB | 1.9/2.1 MB | 585/928 kB | 57/241 kB | 28/141 kBProgress (5): 6.7/14 MB | 1.9/2.1 MB | 601/928 kB | 57/241 kB | 28/141 kBProgress (5): 6.7/14 MB | 1.9/2.1 MB | 601/928 kB | 57/241 kB | 28/141 kBProgress (5): 6.7/14 MB | 1.9/2.1 MB | 601/928 kB | 57/241 kB | 28/141 kBProgress (5): 6.7/14 MB | 1.9/2.1 MB | 601/928 kB | 74/241 kB | 28/141 kBProgress (5): 6.7/14 MB | 1.9/2.1 MB | 601/928 kB | 74/241 kB | 44/141 kBProgress (5): 6.7/14 MB | 1.9/2.1 MB | 601/928 kB | 74/241 kB | 44/141 kBProgress (5): 6.7/14 MB | 1.9/2.1 MB | 601/928 kB | 74/241 kB | 44/141 kBProgress (5): 6.7/14 MB | 1.9/2.1 MB | 618/928 kB | 74/241 kB | 44/141 kBProgress (5): 6.7/14 MB | 1.9/2.1 MB | 618/928 kB | 74/241 kB | 61/141 kBProgress (5): 6.7/14 MB | 1.9/2.1 MB | 618/928 kB | 74/241 kB | 61/141 kBProgress (5): 6.7/14 MB | 1.9/2.1 MB | 618/928 kB | 90/241 kB | 61/141 kBProgress (5): 6.7/14 MB | 1.9/2.1 MB | 618/928 kB | 90/241 kB | 61/141 kBProgress (5): 6.7/14 MB | 2.0/2.1 MB | 618/928 kB | 90/241 kB | 61/141 kBProgress (5): 6.7/14 MB | 2.0/2.1 MB | 634/928 kB | 90/241 kB | 61/141 kBProgress (5): 6.7/14 MB | 2.0/2.1 MB | 634/928 kB | 90/241 kB | 77/141 kBProgress (5): 6.7/14 MB | 2.0/2.1 MB | 634/928 kB | 90/241 kB | 77/141 kBProgress (5): 6.7/14 MB | 2.0/2.1 MB | 634/928 kB | 90/241 kB | 77/141 kBProgress (5): 6.7/14 MB | 2.0/2.1 MB | 650/928 kB | 90/241 kB | 77/141 kBProgress (5): 6.7/14 MB | 2.0/2.1 MB | 650/928 kB | 90/241 kB | 93/141 kBProgress (5): 6.7/14 MB | 2.0/2.1 MB | 650/928 kB | 106/241 kB | 93/141 kBProgress (5): 6.7/14 MB | 2.0/2.1 MB | 650/928 kB | 106/241 kB | 93/141 kBProgress (5): 6.8/14 MB | 2.0/2.1 MB | 650/928 kB | 106/241 kB | 93/141 kBProgress (5): 6.8/14 MB | 2.0/2.1 MB | 650/928 kB | 106/241 kB | 93/141 kBProgress (5): 6.8/14 MB | 2.0/2.1 MB | 667/928 kB | 106/241 kB | 93/141 kBProgress (5): 6.8/14 MB | 2.0/2.1 MB | 667/928 kB | 106/241 kB | 110/141 kBProgress (5): 6.8/14 MB | 2.0/2.1 MB | 667/928 kB | 106/241 kB | 110/141 kBProgress (5): 6.8/14 MB | 2.0/2.1 MB | 667/928 kB | 106/241 kB | 110/141 kBProgress (5): 6.8/14 MB | 2.0/2.1 MB | 667/928 kB | 106/241 kB | 110/141 kBProgress (5): 6.8/14 MB | 2.0/2.1 MB | 667/928 kB | 123/241 kB | 110/141 kBProgress (5): 6.8/14 MB | 2.0/2.1 MB | 667/928 kB | 123/241 kB | 126/141 kBProgress (5): 6.8/14 MB | 2.0/2.1 MB | 683/928 kB | 123/241 kB | 126/141 kBProgress (5): 6.8/14 MB | 2.0/2.1 MB | 683/928 kB | 123/241 kB | 126/141 kBProgress (5): 6.8/14 MB | 2.0/2.1 MB | 683/928 kB | 123/241 kB | 141 kB    Progress (5): 6.8/14 MB | 2.1/2.1 MB | 683/928 kB | 123/241 kB | 141 kB                                                                       Downloaded from central: https://repo.maven.apache.org/maven2/org/springframework/boot/spring-boot-actuator-autoconfigure/4.0.6/spring-boot-actuator-autoconfigure-4.0.6.jar (141 kB at 3.5 kB/s)
#16 76.29 Downloading from central: https://repo.maven.apache.org/maven2/org/springframework/boot/spring-boot-actuator/4.0.6/spring-boot-actuator-4.0.6.jar
#16 76.29 Progress (4): 6.8/14 MB | 2.1/2.1 MB | 683/928 kB | 139/241 kBProgress (4): 6.8/14 MB | 2.1/2.1 MB | 700/928 kB | 139/241 kBProgress (4): 6.8/14 MB | 2.1/2.1 MB | 700/928 kB | 139/241 kBProgress (4): 6.8/14 MB | 2.1/2.1 MB | 700/928 kB | 139/241 kBProgress (4): 6.8/14 MB | 2.1/2.1 MB | 700/928 kB | 139/241 kBProgress (4): 6.8/14 MB | 2.1/2.1 MB | 700/928 kB | 139/241 kBProgress (4): 6.9/14 MB | 2.1/2.1 MB | 700/928 kB | 139/241 kBProgress (4): 6.9/14 MB | 2.1/2.1 MB | 700/928 kB | 139/241 kBProgress (4): 6.9/14 MB | 2.1/2.1 MB | 700/928 kB | 139/241 kBProgress (4): 6.9/14 MB | 2.1/2.1 MB | 700/928 kB | 139/241 kBProgress (4): 6.9/14 MB | 2.1/2.1 MB | 700/928 kB | 156/241 kBProgress (4): 6.9/14 MB | 2.1/2.1 MB | 716/928 kB | 156/241 kBProgress (4): 6.9/14 MB | 2.1/2.1 MB | 716/928 kB | 172/241 kBProgress (4): 6.9/14 MB | 2.1/2.1 MB | 732/928 kB | 172/241 kBProgress (4): 6.9/14 MB | 2.1/2.1 MB | 732/928 kB | 188/241 kBProgress (4): 6.9/14 MB | 2.1/2.1 MB | 732/928 kB | 205/241 kBProgress (4): 6.9/14 MB | 2.1/2.1 MB | 749/928 kB | 205/241 kBProgress (4): 6.9/14 MB | 2.1/2.1 MB | 765/928 kB | 205/241 kBProgress (4): 6.9/14 MB | 2.1/2.1 MB | 781/928 kB | 205/241 kBProgress (4): 6.9/14 MB | 2.1/2.1 MB | 781/928 kB | 205/241 kBProgress (4): 6.9/14 MB | 2.1/2.1 MB | 798/928 kB | 205/241 kBProgress (5): 6.9/14 MB | 2.1/2.1 MB | 798/928 kB | 205/241 kB | 7.7/357 kBProgress (5): 6.9/14 MB | 2.1/2.1 MB | 798/928 kB | 205/241 kB | 11/357 kB Progress (5): 6.9/14 MB | 2.1/2.1 MB | 798/928 kB | 205/241 kB | 28/357 kBProgress (5): 6.9/14 MB | 2.1/2.1 MB | 798/928 kB | 205/241 kB | 44/357 kBProgress (5): 6.9/14 MB | 2.1/2.1 MB | 798/928 kB | 205/241 kB | 44/357 kBProgress (5): 6.9/14 MB | 2.1/2.1 MB | 814/928 kB | 205/241 kB | 44/357 kBProgress (5): 6.9/14 MB | 2.1 MB | 814/928 kB | 205/241 kB | 44/357 kB                                                                          Downloaded from central: https://repo.maven.apache.org/maven2/org/springframework/security/spring-security-config/7.0.5/spring-security-config-7.0.5.jar (2.1 MB at 52 kB/s)
#16 76.63 Downloading from central: https://repo.maven.apache.org/maven2/org/springframework/boot/spring-boot-health/4.0.6/spring-boot-health-4.0.6.jar
#16 76.66 Progress (4): 6.9/14 MB | 814/928 kB | 221/241 kB | 44/357 kBProgress (4): 6.9/14 MB | 814/928 kB | 238/241 kB | 44/357 kBProgress (4): 6.9/14 MB | 814/928 kB | 241 kB | 44/357 kB                                                             Downloaded from central: https://repo.maven.apache.org/maven2/org/springframework/boot/spring-boot-micrometer-metrics/4.0.6/spring-boot-micrometer-metrics-4.0.6.jar (241 kB at 5.9 kB/s)
#16 77.00 Downloading from central: https://repo.maven.apache.org/maven2/io/micrometer/micrometer-observation/1.16.5/micrometer-observation-1.16.5.jar
#16 77.16 Progress (3): 6.9/14 MB | 814/928 kB | 44/357 kBProgress (3): 6.9/14 MB | 814/928 kB | 61/357 kBProgress (3): 7.0/14 MB | 814/928 kB | 61/357 kBProgress (3): 7.0/14 MB | 814/928 kB | 77/357 kBProgress (3): 7.0/14 MB | 814/928 kB | 77/357 kBProgress (3): 7.0/14 MB | 831/928 kB | 77/357 kBProgress (4): 7.0/14 MB | 831/928 kB | 77/357 kB | 7.7/154 kBProgress (4): 7.0/14 MB | 831/928 kB | 77/357 kB | 12/154 kB Progress (4): 7.0/14 MB | 831/928 kB | 77/357 kB | 12/154 kBProgress (4): 7.0/14 MB | 831/928 kB | 93/357 kB | 12/154 kBProgress (4): 7.0/14 MB | 831/928 kB | 93/357 kB | 29/154 kBProgress (4): 7.0/14 MB | 831/928 kB | 110/357 kB | 29/154 kBProgress (4): 7.0/14 MB | 847/928 kB | 110/357 kB | 29/154 kBProgress (4): 7.0/14 MB | 847/928 kB | 110/357 kB | 29/154 kBProgress (4): 7.0/14 MB | 847/928 kB | 126/357 kB | 29/154 kBProgress (4): 7.0/14 MB | 847/928 kB | 126/357 kB | 45/154 kBProgress (4): 7.0/14 MB | 847/928 kB | 134/357 kB | 45/154 kBProgress (4): 7.0/14 MB | 847/928 kB | 142/357 kB | 45/154 kBProgress (4): 7.0/14 MB | 847/928 kB | 151/357 kB | 45/154 kBProgress (4): 7.0/14 MB | 863/928 kB | 151/357 kB | 45/154 kBProgress (4): 7.0/14 MB | 863/928 kB | 151/357 kB | 45/154 kBProgress (4): 7.0/14 MB | 863/928 kB | 151/357 kB | 61/154 kBProgress (4): 7.0/14 MB | 863/928 kB | 151/357 kB | 61/154 kBProgress (4): 7.0/14 MB | 863/928 kB | 151/357 kB | 61/154 kBProgress (4): 7.0/14 MB | 880/928 kB | 151/357 kB | 61/154 kBProgress (4): 7.0/14 MB | 880/928 kB | 151/357 kB | 78/154 kBProgress (4): 7.0/14 MB | 880/928 kB | 167/357 kB | 78/154 kBProgress (4): 7.0/14 MB | 896/928 kB | 167/357 kB | 78/154 kBProgress (4): 7.1/14 MB | 896/928 kB | 167/357 kB | 78/154 kBProgress (4): 7.1/14 MB | 896/928 kB | 167/357 kB | 94/154 kBProgress (4): 7.1/14 MB | 896/928 kB | 183/357 kB | 94/154 kBProgress (4): 7.1/14 MB | 896/928 kB | 183/357 kB | 94/154 kBProgress (4): 7.1/14 MB | 913/928 kB | 183/357 kB | 94/154 kBProgress (4): 7.1/14 MB | 913/928 kB | 183/357 kB | 111/154 kBProgress (4): 7.1/14 MB | 913/928 kB | 183/357 kB | 127/154 kBProgress (4): 7.1/14 MB | 928 kB | 183/357 kB | 127/154 kB                                                              Downloaded from central: https://repo.maven.apache.org/maven2/org/springframework/spring-beans/7.0.7/spring-beans-7.0.7.jar (928 kB at 23 kB/s)
#16 77.19 Downloading from central: https://repo.maven.apache.org/maven2/org/jspecify/jspecify/1.0.0/jspecify-1.0.0.jar
#16 77.21 Progress (3): 7.1/14 MB | 183/357 kB | 143/154 kBProgress (3): 7.1/14 MB | 183/357 kB | 154 kB                                                 Downloaded from central: https://repo.maven.apache.org/maven2/org/springframework/boot/spring-boot-health/4.0.6/spring-boot-health-4.0.6.jar (154 kB at 3.8 kB/s)
#16 77.21 Downloading from central: https://repo.maven.apache.org/maven2/io/micrometer/micrometer-commons/1.16.5/micrometer-commons-1.16.5.jar
#16 77.27 Progress (2): 7.1/14 MB | 183/357 kBProgress (2): 7.1/14 MB | 200/357 kBProgress (2): 7.1/14 MB | 200/357 kBProgress (2): 7.1/14 MB | 216/357 kBProgress (2): 7.1/14 MB | 216/357 kBProgress (2): 7.1/14 MB | 233/357 kBProgress (2): 7.1/14 MB | 233/357 kBProgress (3): 7.1/14 MB | 233/357 kB | 3.8 kB                                             Downloaded from central: https://repo.maven.apache.org/maven2/org/jspecify/jspecify/1.0.0/jspecify-1.0.0.jar (3.8 kB at 92 B/s)
#16 77.37 Downloading from central: https://repo.maven.apache.org/maven2/io/micrometer/micrometer-jakarta9/1.16.5/micrometer-jakarta9-1.16.5.jar
#16 77.38 Progress (2): 7.1/14 MB | 249/357 kBProgress (3): 7.1/14 MB | 249/357 kB | 7.7/52 kBProgress (3): 7.1/14 MB | 249/357 kB | 16/52 kB Progress (4): 7.1/14 MB | 249/357 kB | 16/52 kB | 7.7/84 kBProgress (4): 7.1/14 MB | 249/357 kB | 16/52 kB | 11/84 kB Progress (4): 7.2/14 MB | 249/357 kB | 16/52 kB | 11/84 kBProgress (4): 7.2/14 MB | 249/357 kB | 25/52 kB | 11/84 kBProgress (4): 7.2/14 MB | 265/357 kB | 25/52 kB | 11/84 kBProgress (4): 7.2/14 MB | 265/357 kB | 41/52 kB | 11/84 kBProgress (4): 7.2/14 MB | 274/357 kB | 41/52 kB | 11/84 kBProgress (4): 7.2/14 MB | 274/357 kB | 41/52 kB | 11/84 kBProgress (4): 7.2/14 MB | 274/357 kB | 52 kB | 11/84 kB                                                          Downloaded from central: https://repo.maven.apache.org/maven2/io/micrometer/micrometer-commons/1.16.5/micrometer-commons-1.16.5.jar (52 kB at 1.3 kB/s)
#16 77.42 Downloading from central: https://repo.maven.apache.org/maven2/io/micrometer/micrometer-core/1.16.5/micrometer-core-1.16.5.jar
#16 77.42 Progress (3): 7.2/14 MB | 282/357 kB | 11/84 kBProgress (3): 7.2/14 MB | 282/357 kB | 28/84 kBProgress (3): 7.2/14 MB | 282/357 kB | 28/84 kBProgress (3): 7.2/14 MB | 298/357 kB | 28/84 kBProgress (3): 7.2/14 MB | 298/357 kB | 44/84 kBProgress (3): 7.2/14 MB | 298/357 kB | 44/84 kBProgress (3): 7.2/14 MB | 314/357 kB | 44/84 kBProgress (3): 7.2/14 MB | 314/357 kB | 61/84 kBProgress (3): 7.2/14 MB | 331/357 kB | 61/84 kBProgress (3): 7.2/14 MB | 331/357 kB | 61/84 kBProgress (4): 7.2/14 MB | 331/357 kB | 61/84 kB | 7.7/55 kBProgress (4): 7.2/14 MB | 331/357 kB | 61/84 kB | 16/55 kB Progress (4): 7.2/14 MB | 331/357 kB | 61/84 kB | 16/55 kBProgress (4): 7.2/14 MB | 331/357 kB | 61/84 kB | 25/55 kBProgress (4): 7.2/14 MB | 347/357 kB | 61/84 kB | 25/55 kBProgress (4): 7.2/14 MB | 347/357 kB | 61/84 kB | 25/55 kBProgress (4): 7.2/14 MB | 347/357 kB | 77/84 kB | 25/55 kBProgress (4): 7.2/14 MB | 357 kB | 77/84 kB | 25/55 kB                                                          Downloaded from central: https://repo.maven.apache.org/maven2/org/springframework/boot/spring-boot-actuator/4.0.6/spring-boot-actuator-4.0.6.jar (357 kB at 8.6 kB/s)
#16 77.53 Downloading from central: https://repo.maven.apache.org/maven2/org/hdrhistogram/HdrHistogram/2.2.2/HdrHistogram-2.2.2.jar
#16 77.53 Progress (4): 7.2/14 MB | 77/84 kB | 25/55 kB | 7.7/911 kBProgress (4): 7.2/14 MB | 77/84 kB | 25/55 kB | 16/911 kB Progress (4): 7.2/14 MB | 77/84 kB | 41/55 kB | 16/911 kBProgress (4): 7.2/14 MB | 84 kB | 41/55 kB | 16/911 kB   Progress (4): 7.3/14 MB | 84 kB | 41/55 kB | 16/911 kBProgress (4): 7.3/14 MB | 84 kB | 41/55 kB | 32/911 kB                                                      Downloaded from central: https://repo.maven.apache.org/maven2/io/micrometer/micrometer-observation/1.16.5/micrometer-observation-1.16.5.jar (84 kB at 2.0 kB/s)
#16 77.56 Downloading from central: https://repo.maven.apache.org/maven2/org/latencyutils/LatencyUtils/2.0.3/LatencyUtils-2.0.3.jar
#16 77.56 Progress (3): 7.3/14 MB | 55 kB | 32/911 kB                                           Downloaded from central: https://repo.maven.apache.org/maven2/io/micrometer/micrometer-jakarta9/1.16.5/micrometer-jakarta9-1.16.5.jar (55 kB at 1.3 kB/s)
#16 77.57 Downloading from central: https://repo.maven.apache.org/maven2/com/fasterxml/jackson/core/jackson-databind/2.21.2/jackson-databind-2.21.2.jar
#16 77.57 Progress (2): 7.3/14 MB | 49/911 kBProgress (2): 7.3/14 MB | 57/911 kBProgress (2): 7.3/14 MB | 57/911 kBProgress (2): 7.3/14 MB | 73/911 kBProgress (2): 7.3/14 MB | 73/911 kBProgress (2): 7.3/14 MB | 90/911 kBProgress (2): 7.3/14 MB | 90/911 kBProgress (2): 7.3/14 MB | 106/911 kBProgress (2): 7.3/14 MB | 106/911 kBProgress (2): 7.3/14 MB | 122/911 kBProgress (2): 7.3/14 MB | 122/911 kBProgress (2): 7.3/14 MB | 139/911 kBProgress (3): 7.3/14 MB | 139/911 kB | 7.7/177 kBProgress (3): 7.3/14 MB | 139/911 kB | 16/177 kB Progress (3): 7.3/14 MB | 155/911 kB | 16/177 kBProgress (3): 7.3/14 MB | 155/911 kB | 28/177 kBProgress (3): 7.4/14 MB | 155/911 kB | 28/177 kBProgress (3): 7.4/14 MB | 172/911 kB | 28/177 kBProgress (4): 7.4/14 MB | 172/911 kB | 28/177 kB | 0/1.7 MBProgress (4): 7.4/14 MB | 172/911 kB | 28/177 kB | 0/1.7 MBProgress (4): 7.4/14 MB | 172/911 kB | 28/177 kB | 0/1.7 MBProgress (4): 7.4/14 MB | 172/911 kB | 44/177 kB | 0/1.7 MBProgress (5): 7.4/14 MB | 172/911 kB | 44/177 kB | 0/1.7 MB | 7.7/30 kBProgress (5): 7.4/14 MB | 172/911 kB | 44/177 kB | 0/1.7 MB | 15/30 kB Progress (5): 7.4/14 MB | 188/911 kB | 44/177 kB | 0/1.7 MB | 15/30 kBProgress (5): 7.4/14 MB | 188/911 kB | 44/177 kB | 0/1.7 MB | 15/30 kBProgress (5): 7.4/14 MB | 188/911 kB | 61/177 kB | 0/1.7 MB | 15/30 kBProgress (5): 7.4/14 MB | 188/911 kB | 61/177 kB | 0/1.7 MB | 15/30 kBProgress (5): 7.4/14 MB | 204/911 kB | 61/177 kB | 0/1.7 MB | 15/30 kBProgress (5): 7.4/14 MB | 204/911 kB | 61/177 kB | 0/1.7 MB | 30 kB                                                                      Downloaded from central: https://repo.maven.apache.org/maven2/org/latencyutils/LatencyUtils/2.0.3/LatencyUtils-2.0.3.jar (30 kB at 717 B/s)
#16 77.72 Downloading from central: https://repo.maven.apache.org/maven2/com/fasterxml/jackson/core/jackson-annotations/2.21/jackson-annotations-2.21.jar
#16 77.73 Progress (4): 7.4/14 MB | 204/911 kB | 61/177 kB | 0/1.7 MBProgress (4): 7.4/14 MB | 221/911 kB | 61/177 kB | 0/1.7 MBProgress (4): 7.4/14 MB | 221/911 kB | 77/177 kB | 0/1.7 MBProgress (4): 7.4/14 MB | 221/911 kB | 77/177 kB | 0/1.7 MBProgress (4): 7.4/14 MB | 237/911 kB | 77/177 kB | 0/1.7 MBProgress (4): 7.4/14 MB | 237/911 kB | 93/177 kB | 0/1.7 MBProgress (4): 7.4/14 MB | 237/911 kB | 93/177 kB | 0/1.7 MBProgress (4): 7.4/14 MB | 237/911 kB | 93/177 kB | 0.1/1.7 MBProgress (4): 7.4/14 MB | 253/911 kB | 93/177 kB | 0.1/1.7 MBProgress (4): 7.4/14 MB | 253/911 kB | 110/177 kB | 0.1/1.7 MBProgress (4): 7.4/14 MB | 270/911 kB | 110/177 kB | 0.1/1.7 MBProgress (4): 7.4/14 MB | 270/911 kB | 110/177 kB | 0.1/1.7 MBProgress (4): 7.4/14 MB | 270/911 kB | 110/177 kB | 0.1/1.7 MBProgress (4): 7.4/14 MB | 286/911 kB | 110/177 kB | 0.1/1.7 MBProgress (4): 7.5/14 MB | 286/911 kB | 110/177 kB | 0.1/1.7 MBProgress (4): 7.5/14 MB | 286/911 kB | 126/177 kB | 0.1/1.7 MBProgress (4): 7.5/14 MB | 286/911 kB | 126/177 kB | 0.1/1.7 MBProgress (4): 7.5/14 MB | 303/911 kB | 126/177 kB | 0.1/1.7 MBProgress (5): 7.5/14 MB | 303/911 kB | 126/177 kB | 0.1/1.7 MB | 7.7/82 kBProgress (5): 7.5/14 MB | 303/911 kB | 126/177 kB | 0.1/1.7 MB | 7.7/82 kBProgress (5): 7.5/14 MB | 303/911 kB | 126/177 kB | 0.1/1.7 MB | 7.7/82 kBProgress (5): 7.5/14 MB | 303/911 kB | 142/177 kB | 0.1/1.7 MB | 7.7/82 kBProgress (5): 7.5/14 MB | 319/911 kB | 142/177 kB | 0.1/1.7 MB | 7.7/82 kBProgress (5): 7.5/14 MB | 319/911 kB | 142/177 kB | 0.1/1.7 MB | 7.7/82 kBProgress (5): 7.5/14 MB | 319/911 kB | 159/177 kB | 0.1/1.7 MB | 7.7/82 kBProgress (5): 7.5/14 MB | 319/911 kB | 159/177 kB | 0.1/1.7 MB | 24/82 kB Progress (5): 7.5/14 MB | 319/911 kB | 159/177 kB | 0.1/1.7 MB | 24/82 kBProgress (5): 7.5/14 MB | 335/911 kB | 159/177 kB | 0.1/1.7 MB | 24/82 kBProgress (5): 7.5/14 MB | 335/911 kB | 159/177 kB | 0.1/1.7 MB | 24/82 kBProgress (5): 7.5/14 MB | 352/911 kB | 159/177 kB | 0.1/1.7 MB | 24/82 kBProgress (5): 7.5/14 MB | 368/911 kB | 159/177 kB | 0.1/1.7 MB | 24/82 kBProgress (5): 7.5/14 MB | 368/911 kB | 175/177 kB | 0.1/1.7 MB | 24/82 kBProgress (5): 7.5/14 MB | 368/911 kB | 177 kB | 0.1/1.7 MB | 24/82 kB    Progress (5): 7.5/14 MB | 368/911 kB | 177 kB | 0.1/1.7 MB | 24/82 kB                                                                     Downloaded from central: https://repo.maven.apache.org/maven2/org/hdrhistogram/HdrHistogram/2.2.2/HdrHistogram-2.2.2.jar (177 kB at 4.2 kB/s)
#16 78.20 Downloading from central: https://repo.maven.apache.org/maven2/com/fasterxml/jackson/core/jackson-core/2.21.2/jackson-core-2.21.2.jar
#16 78.20 Progress (4): 7.5/14 MB | 368/911 kB | 0.1/1.7 MB | 40/82 kBProgress (4): 7.5/14 MB | 368/911 kB | 0.1/1.7 MB | 40/82 kBProgress (4): 7.5/14 MB | 368/911 kB | 0.1/1.7 MB | 40/82 kBProgress (4): 7.5/14 MB | 368/911 kB | 0.1/1.7 MB | 57/82 kBProgress (4): 7.5/14 MB | 368/911 kB | 0.2/1.7 MB | 57/82 kBProgress (4): 7.5/14 MB | 385/911 kB | 0.2/1.7 MB | 57/82 kBProgress (4): 7.5/14 MB | 385/911 kB | 0.2/1.7 MB | 57/82 kBProgress (4): 7.5/14 MB | 401/911 kB | 0.2/1.7 MB | 57/82 kBProgress (4): 7.5/14 MB | 401/911 kB | 0.2/1.7 MB | 57/82 kBProgress (4): 7.5/14 MB | 417/911 kB | 0.2/1.7 MB | 57/82 kBProgress (4): 7.6/14 MB | 417/911 kB | 0.2/1.7 MB | 57/82 kBProgress (4): 7.6/14 MB | 417/911 kB | 0.2/1.7 MB | 73/82 kBProgress (4): 7.6/14 MB | 434/911 kB | 0.2/1.7 MB | 73/82 kBProgress (4): 7.6/14 MB | 434/911 kB | 0.2/1.7 MB | 73/82 kBProgress (4): 7.6/14 MB | 434/911 kB | 0.2/1.7 MB | 82 kB                                                            Downloaded from central: https://repo.maven.apache.org/maven2/com/fasterxml/jackson/core/jackson-annotations/2.21/jackson-annotations-2.21.jar (82 kB at 1.9 kB/s)
#16 78.37 Downloading from central: https://repo.maven.apache.org/maven2/org/postgresql/postgresql/42.7.10/postgresql-42.7.10.jar
#16 78.37 Progress (3): 7.6/14 MB | 450/911 kB | 0.2/1.7 MBProgress (3): 7.6/14 MB | 466/911 kB | 0.2/1.7 MBProgress (3): 7.6/14 MB | 466/911 kB | 0.2/1.7 MBProgress (3): 7.6/14 MB | 466/911 kB | 0.2/1.7 MBProgress (3): 7.6/14 MB | 483/911 kB | 0.2/1.7 MBProgress (3): 7.6/14 MB | 483/911 kB | 0.2/1.7 MBProgress (3): 7.6/14 MB | 483/911 kB | 0.2/1.7 MBProgress (3): 7.6/14 MB | 483/911 kB | 0.2/1.7 MBProgress (3): 7.6/14 MB | 483/911 kB | 0.2/1.7 MBProgress (3): 7.6/14 MB | 499/911 kB | 0.2/1.7 MBProgress (3): 7.6/14 MB | 499/911 kB | 0.2/1.7 MBProgress (3): 7.6/14 MB | 516/911 kB | 0.2/1.7 MBProgress (3): 7.6/14 MB | 516/911 kB | 0.2/1.7 MBProgress (3): 7.6/14 MB | 532/911 kB | 0.2/1.7 MBProgress (3): 7.7/14 MB | 532/911 kB | 0.2/1.7 MBProgress (3): 7.7/14 MB | 548/911 kB | 0.2/1.7 MBProgress (4): 7.7/14 MB | 548/911 kB | 0.2/1.7 MB | 7.7/596 kBProgress (4): 7.7/14 MB | 548/911 kB | 0.2/1.7 MB | 16/596 kB Progress (4): 7.7/14 MB | 548/911 kB | 0.2/1.7 MB | 16/596 kBProgress (4): 7.7/14 MB | 548/911 kB | 0.2/1.7 MB | 24/596 kBProgress (4): 7.7/14 MB | 548/911 kB | 0.2/1.7 MB | 40/596 kBProgress (4): 7.7/14 MB | 548/911 kB | 0.2/1.7 MB | 57/596 kBProgress (4): 7.7/14 MB | 548/911 kB | 0.2/1.7 MB | 73/596 kBProgress (4): 7.7/14 MB | 548/911 kB | 0.2/1.7 MB | 90/596 kBProgress (4): 7.7/14 MB | 565/911 kB | 0.2/1.7 MB | 90/596 kBProgress (4): 7.7/14 MB | 565/911 kB | 0.2/1.7 MB | 90/596 kBProgress (4): 7.7/14 MB | 565/911 kB | 0.2/1.7 MB | 106/596 kBProgress (4): 7.7/14 MB | 565/911 kB | 0.3/1.7 MB | 106/596 kBProgress (4): 7.7/14 MB | 581/911 kB | 0.3/1.7 MB | 106/596 kBProgress (4): 7.7/14 MB | 581/911 kB | 0.3/1.7 MB | 106/596 kBProgress (4): 7.7/14 MB | 581/911 kB | 0.3/1.7 MB | 122/596 kBProgress (4): 7.7/14 MB | 598/911 kB | 0.3/1.7 MB | 122/596 kBProgress (5): 7.7/14 MB | 598/911 kB | 0.3/1.7 MB | 122/596 kB | 0/1.1 MBProgress (5): 7.7/14 MB | 614/911 kB | 0.3/1.7 MB | 122/596 kB | 0/1.1 MBProgress (5): 7.7/14 MB | 614/911 kB | 0.3/1.7 MB | 122/596 kB | 0/1.1 MBProgress (5): 7.7/14 MB | 630/911 kB | 0.3/1.7 MB | 122/596 kB | 0/1.1 MBProgress (5): 7.7/14 MB | 630/911 kB | 0.3/1.7 MB | 122/596 kB | 0/1.1 MBProgress (5): 7.7/14 MB | 630/911 kB | 0.3/1.7 MB | 122/596 kB | 0/1.1 MBProgress (5): 7.7/14 MB | 647/911 kB | 0.3/1.7 MB | 122/596 kB | 0/1.1 MBProgress (5): 7.7/14 MB | 647/911 kB | 0.3/1.7 MB | 122/596 kB | 0/1.1 MBProgress (5): 7.7/14 MB | 647/911 kB | 0.3/1.7 MB | 122/596 kB | 0.1/1.1 MBProgress (5): 7.7/14 MB | 647/911 kB | 0.3/1.7 MB | 122/596 kB | 0.1/1.1 MBProgress (5): 7.8/14 MB | 647/911 kB | 0.3/1.7 MB | 122/596 kB | 0.1/1.1 MBProgress (5): 7.8/14 MB | 663/911 kB | 0.3/1.7 MB | 122/596 kB | 0.1/1.1 MBProgress (5): 7.8/14 MB | 679/911 kB | 0.3/1.7 MB | 122/596 kB | 0.1/1.1 MBProgress (5): 7.8/14 MB | 679/911 kB | 0.3/1.7 MB | 122/596 kB | 0.1/1.1 MBProgress (5): 7.8/14 MB | 679/911 kB | 0.3/1.7 MB | 139/596 kB | 0.1/1.1 MBProgress (5): 7.8/14 MB | 679/911 kB | 0.3/1.7 MB | 139/596 kB | 0.1/1.1 MBProgress (5): 7.8/14 MB | 696/911 kB | 0.3/1.7 MB | 139/596 kB | 0.1/1.1 MBProgress (5): 7.8/14 MB | 696/911 kB | 0.3/1.7 MB | 139/596 kB | 0.1/1.1 MBProgress (5): 7.8/14 MB | 696/911 kB | 0.3/1.7 MB | 139/596 kB | 0.1/1.1 MBProgress (5): 7.8/14 MB | 696/911 kB | 0.3/1.7 MB | 155/596 kB | 0.1/1.1 MBProgress (5): 7.8/14 MB | 712/911 kB | 0.3/1.7 MB | 155/596 kB | 0.1/1.1 MBProgress (5): 7.8/14 MB | 712/911 kB | 0.3/1.7 MB | 155/596 kB | 0.1/1.1 MBProgress (5): 7.8/14 MB | 712/911 kB | 0.3/1.7 MB | 155/596 kB | 0.1/1.1 MBProgress (5): 7.8/14 MB | 729/911 kB | 0.3/1.7 MB | 155/596 kB | 0.1/1.1 MBProgress (5): 7.8/14 MB | 729/911 kB | 0.3/1.7 MB | 172/596 kB | 0.1/1.1 MBProgress (5): 7.8/14 MB | 729/911 kB | 0.3/1.7 MB | 172/596 kB | 0.1/1.1 MBProgress (5): 7.8/14 MB | 729/911 kB | 0.3/1.7 MB | 172/596 kB | 0.1/1.1 MBProgress (5): 7.8/14 MB | 729/911 kB | 0.3/1.7 MB | 172/596 kB | 0.1/1.1 MBProgress (5): 7.8/14 MB | 745/911 kB | 0.3/1.7 MB | 172/596 kB | 0.1/1.1 MBProgress (5): 7.8/14 MB | 745/911 kB | 0.3/1.7 MB | 188/596 kB | 0.1/1.1 MBProgress (5): 7.8/14 MB | 761/911 kB | 0.3/1.7 MB | 188/596 kB | 0.1/1.1 MBProgress (5): 7.8/14 MB | 761/911 kB | 0.3/1.7 MB | 188/596 kB | 0.1/1.1 MBProgress (5): 7.8/14 MB | 761/911 kB | 0.3/1.7 MB | 188/596 kB | 0.1/1.1 MBProgress (5): 7.8/14 MB | 761/911 kB | 0.3/1.7 MB | 188/596 kB | 0.1/1.1 MBProgress (5): 7.8/14 MB | 778/911 kB | 0.3/1.7 MB | 188/596 kB | 0.1/1.1 MBProgress (5): 7.9/14 MB | 778/911 kB | 0.3/1.7 MB | 188/596 kB | 0.1/1.1 MBProgress (5): 7.9/14 MB | 778/911 kB | 0.3/1.7 MB | 204/596 kB | 0.1/1.1 MBProgress (5): 7.9/14 MB | 778/911 kB | 0.3/1.7 MB | 204/596 kB | 0.1/1.1 MBProgress (5): 7.9/14 MB | 778/911 kB | 0.3/1.7 MB | 204/596 kB | 0.1/1.1 MBProgress (5): 7.9/14 MB | 794/911 kB | 0.3/1.7 MB | 204/596 kB | 0.1/1.1 MBProgress (5): 7.9/14 MB | 794/911 kB | 0.3/1.7 MB | 221/596 kB | 0.1/1.1 MBProgress (5): 7.9/14 MB | 794/911 kB | 0.3/1.7 MB | 221/596 kB | 0.1/1.1 MBProgress (5): 7.9/14 MB | 811/911 kB | 0.3/1.7 MB | 221/596 kB | 0.1/1.1 MBProgress (5): 7.9/14 MB | 811/911 kB | 0.3/1.7 MB | 237/596 kB | 0.1/1.1 MBProgress (5): 7.9/14 MB | 811/911 kB | 0.3/1.7 MB | 237/596 kB | 0.1/1.1 MBProgress (5): 7.9/14 MB | 811/911 kB | 0.4/1.7 MB | 237/596 kB | 0.1/1.1 MBProgress (5): 7.9/14 MB | 811/911 kB | 0.4/1.7 MB | 237/596 kB | 0.1/1.1 MBProgress (5): 7.9/14 MB | 827/911 kB | 0.4/1.7 MB | 237/596 kB | 0.1/1.1 MBProgress (5): 7.9/14 MB | 827/911 kB | 0.4/1.7 MB | 237/596 kB | 0.1/1.1 MBProgress (5): 7.9/14 MB | 843/911 kB | 0.4/1.7 MB | 237/596 kB | 0.1/1.1 MBProgress (5): 7.9/14 MB | 843/911 kB | 0.4/1.7 MB | 253/596 kB | 0.1/1.1 MBProgress (5): 7.9/14 MB | 843/911 kB | 0.4/1.7 MB | 253/596 kB | 0.1/1.1 MBProgress (5): 7.9/14 MB | 843/911 kB | 0.4/1.7 MB | 253/596 kB | 0.2/1.1 MBProgress (5): 7.9/14 MB | 860/911 kB | 0.4/1.7 MB | 253/596 kB | 0.2/1.1 MBProgress (5): 7.9/14 MB | 860/911 kB | 0.4/1.7 MB | 270/596 kB | 0.2/1.1 MBProgress (5): 7.9/14 MB | 860/911 kB | 0.4/1.7 MB | 270/596 kB | 0.2/1.1 MBProgress (5): 7.9/14 MB | 860/911 kB | 0.4/1.7 MB | 270/596 kB | 0.2/1.1 MBProgress (5): 7.9/14 MB | 876/911 kB | 0.4/1.7 MB | 270/596 kB | 0.2/1.1 MBProgress (5): 7.9/14 MB | 876/911 kB | 0.4/1.7 MB | 270/596 kB | 0.2/1.1 MBProgress (5): 7.9/14 MB | 892/911 kB | 0.4/1.7 MB | 270/596 kB | 0.2/1.1 MBProgress (5): 7.9/14 MB | 892/911 kB | 0.4/1.7 MB | 270/596 kB | 0.2/1.1 MBProgress (5): 7.9/14 MB | 892/911 kB | 0.4/1.7 MB | 286/596 kB | 0.2/1.1 MBProgress (5): 7.9/14 MB | 892/911 kB | 0.4/1.7 MB | 286/596 kB | 0.2/1.1 MBProgress (5): 8.0/14 MB | 892/911 kB | 0.4/1.7 MB | 286/596 kB | 0.2/1.1 MBProgress (5): 8.0/14 MB | 909/911 kB | 0.4/1.7 MB | 286/596 kB | 0.2/1.1 MBProgress (5): 8.0/14 MB | 911 kB | 0.4/1.7 MB | 286/596 kB | 0.2/1.1 MB    Progress (5): 8.0/14 MB | 911 kB | 0.4/1.7 MB | 303/596 kB | 0.2/1.1 MBProgress (5): 8.0/14 MB | 911 kB | 0.4/1.7 MB | 303/596 kB | 0.2/1.1 MB                                                                       Downloaded from central: https://repo.maven.apache.org/maven2/io/micrometer/micrometer-core/1.16.5/micrometer-core-1.16.5.jar (911 kB at 21 kB/s)
#16 79.26 Downloading from central: https://repo.maven.apache.org/maven2/org/checkerframework/checker-qual/3.52.0/checker-qual-3.52.0.jar
#16 79.26 Progress (4): 8.0/14 MB | 0.4/1.7 MB | 303/596 kB | 0.2/1.1 MBProgress (4): 8.0/14 MB | 0.4/1.7 MB | 303/596 kB | 0.2/1.1 MBProgress (4): 8.0/14 MB | 0.4/1.7 MB | 303/596 kB | 0.2/1.1 MBProgress (4): 8.0/14 MB | 0.4/1.7 MB | 319/596 kB | 0.2/1.1 MBProgress (4): 8.0/14 MB | 0.4/1.7 MB | 319/596 kB | 0.2/1.1 MBProgress (4): 8.0/14 MB | 0.4/1.7 MB | 319/596 kB | 0.2/1.1 MBProgress (4): 8.0/14 MB | 0.4/1.7 MB | 335/596 kB | 0.2/1.1 MBProgress (4): 8.0/14 MB | 0.5/1.7 MB | 335/596 kB | 0.2/1.1 MBProgress (4): 8.0/14 MB | 0.5/1.7 MB | 335/596 kB | 0.2/1.1 MBProgress (4): 8.0/14 MB | 0.5/1.7 MB | 335/596 kB | 0.2/1.1 MBProgress (4): 8.0/14 MB | 0.5/1.7 MB | 352/596 kB | 0.2/1.1 MBProgress (4): 8.0/14 MB | 0.5/1.7 MB | 352/596 kB | 0.2/1.1 MBProgress (4): 8.0/14 MB | 0.5/1.7 MB | 352/596 kB | 0.2/1.1 MBProgress (4): 8.0/14 MB | 0.5/1.7 MB | 352/596 kB | 0.2/1.1 MBProgress (4): 8.0/14 MB | 0.5/1.7 MB | 352/596 kB | 0.2/1.1 MBProgress (4): 8.0/14 MB | 0.5/1.7 MB | 368/596 kB | 0.2/1.1 MBProgress (4): 8.0/14 MB | 0.5/1.7 MB | 368/596 kB | 0.2/1.1 MBProgress (4): 8.1/14 MB | 0.5/1.7 MB | 368/596 kB | 0.2/1.1 MBProgress (4): 8.1/14 MB | 0.5/1.7 MB | 385/596 kB | 0.2/1.1 MBProgress (5): 8.1/14 MB | 0.5/1.7 MB | 385/596 kB | 0.2/1.1 MB | 7.7/242 kBProgress (5): 8.1/14 MB | 0.5/1.7 MB | 385/596 kB | 0.2/1.1 MB | 12/242 kB Progress (5): 8.1/14 MB | 0.5/1.7 MB | 385/596 kB | 0.2/1.1 MB | 29/242 kBProgress (5): 8.1/14 MB | 0.5/1.7 MB | 385/596 kB | 0.2/1.1 MB | 29/242 kBProgress (5): 8.1/14 MB | 0.5/1.7 MB | 385/596 kB | 0.2/1.1 MB | 29/242 kBProgress (5): 8.1/14 MB | 0.5/1.7 MB | 385/596 kB | 0.3/1.1 MB | 29/242 kBProgress (5): 8.1/14 MB | 0.5/1.7 MB | 401/596 kB | 0.3/1.1 MB | 29/242 kBProgress (5): 8.1/14 MB | 0.5/1.7 MB | 401/596 kB | 0.3/1.1 MB | 29/242 kBProgress (5): 8.1/14 MB | 0.5/1.7 MB | 401/596 kB | 0.3/1.1 MB | 45/242 kBProgress (5): 8.1/14 MB | 0.5/1.7 MB | 417/596 kB | 0.3/1.1 MB | 45/242 kBProgress (5): 8.1/14 MB | 0.5/1.7 MB | 417/596 kB | 0.3/1.1 MB | 45/242 kBProgress (5): 8.1/14 MB | 0.5/1.7 MB | 417/596 kB | 0.3/1.1 MB | 61/242 kBProgress (5): 8.1/14 MB | 0.5/1.7 MB | 417/596 kB | 0.3/1.1 MB | 61/242 kBProgress (5): 8.1/14 MB | 0.5/1.7 MB | 417/596 kB | 0.3/1.1 MB | 61/242 kBProgress (5): 8.1/14 MB | 0.5/1.7 MB | 434/596 kB | 0.3/1.1 MB | 61/242 kBProgress (5): 8.1/14 MB | 0.5/1.7 MB | 434/596 kB | 0.3/1.1 MB | 61/242 kBProgress (5): 8.1/14 MB | 0.5/1.7 MB | 434/596 kB | 0.3/1.1 MB | 78/242 kBProgress (5): 8.1/14 MB | 0.5/1.7 MB | 450/596 kB | 0.3/1.1 MB | 78/242 kBProgress (5): 8.1/14 MB | 0.5/1.7 MB | 450/596 kB | 0.3/1.1 MB | 78/242 kBProgress (5): 8.1/14 MB | 0.6/1.7 MB | 450/596 kB | 0.3/1.1 MB | 78/242 kBProgress (5): 8.1/14 MB | 0.6/1.7 MB | 450/596 kB | 0.3/1.1 MB | 78/242 kBProgress (5): 8.1/14 MB | 0.6/1.7 MB | 450/596 kB | 0.3/1.1 MB | 94/242 kBProgress (5): 8.1/14 MB | 0.6/1.7 MB | 466/596 kB | 0.3/1.1 MB | 94/242 kBProgress (5): 8.1/14 MB | 0.6/1.7 MB | 466/596 kB | 0.3/1.1 MB | 94/242 kBProgress (5): 8.1/14 MB | 0.6/1.7 MB | 466/596 kB | 0.3/1.1 MB | 111/242 kBProgress (5): 8.1/14 MB | 0.6/1.7 MB | 466/596 kB | 0.3/1.1 MB | 111/242 kBProgress (5): 8.1/14 MB | 0.6/1.7 MB | 466/596 kB | 0.3/1.1 MB | 127/242 kBProgress (5): 8.1/14 MB | 0.6/1.7 MB | 483/596 kB | 0.3/1.1 MB | 127/242 kBProgress (5): 8.1/14 MB | 0.6/1.7 MB | 483/596 kB | 0.3/1.1 MB | 127/242 kBProgress (5): 8.2/14 MB | 0.6/1.7 MB | 483/596 kB | 0.3/1.1 MB | 127/242 kBProgress (5): 8.2/14 MB | 0.6/1.7 MB | 483/596 kB | 0.3/1.1 MB | 143/242 kBProgress (5): 8.2/14 MB | 0.6/1.7 MB | 483/596 kB | 0.3/1.1 MB | 143/242 kBProgress (5): 8.2/14 MB | 0.6/1.7 MB | 483/596 kB | 0.3/1.1 MB | 143/242 kBProgress (5): 8.2/14 MB | 0.6/1.7 MB | 499/596 kB | 0.3/1.1 MB | 143/242 kBProgress (5): 8.2/14 MB | 0.6/1.7 MB | 499/596 kB | 0.3/1.1 MB | 160/242 kBProgress (5): 8.2/14 MB | 0.6/1.7 MB | 499/596 kB | 0.3/1.1 MB | 160/242 kBProgress (5): 8.2/14 MB | 0.6/1.7 MB | 499/596 kB | 0.3/1.1 MB | 160/242 kBProgress (5): 8.2/14 MB | 0.6/1.7 MB | 499/596 kB | 0.3/1.1 MB | 160/242 kBProgress (5): 8.2/14 MB | 0.6/1.7 MB | 499/596 kB | 0.3/1.1 MB | 176/242 kBProgress (5): 8.2/14 MB | 0.6/1.7 MB | 499/596 kB | 0.3/1.1 MB | 176/242 kBProgress (5): 8.2/14 MB | 0.6/1.7 MB | 499/596 kB | 0.3/1.1 MB | 193/242 kBProgress (5): 8.2/14 MB | 0.6/1.7 MB | 516/596 kB | 0.3/1.1 MB | 193/242 kBProgress (5): 8.2/14 MB | 0.6/1.7 MB | 516/596 kB | 0.3/1.1 MB | 193/242 kBProgress (5): 8.2/14 MB | 0.6/1.7 MB | 516/596 kB | 0.3/1.1 MB | 193/242 kBProgress (5): 8.2/14 MB | 0.6/1.7 MB | 532/596 kB | 0.3/1.1 MB | 193/242 kBProgress (5): 8.2/14 MB | 0.6/1.7 MB | 532/596 kB | 0.3/1.1 MB | 193/242 kBProgress (5): 8.2/14 MB | 0.6/1.7 MB | 532/596 kB | 0.3/1.1 MB | 209/242 kBProgress (5): 8.2/14 MB | 0.6/1.7 MB | 532/596 kB | 0.3/1.1 MB | 209/242 kBProgress (5): 8.2/14 MB | 0.6/1.7 MB | 548/596 kB | 0.3/1.1 MB | 209/242 kBProgress (5): 8.2/14 MB | 0.6/1.7 MB | 548/596 kB | 0.3/1.1 MB | 225/242 kBProgress (5): 8.2/14 MB | 0.6/1.7 MB | 548/596 kB | 0.3/1.1 MB | 225/242 kBProgress (5): 8.2/14 MB | 0.6/1.7 MB | 548/596 kB | 0.4/1.1 MB | 225/242 kBProgress (5): 8.2/14 MB | 0.6/1.7 MB | 548/596 kB | 0.4/1.1 MB | 225/242 kBProgress (5): 8.2/14 MB | 0.6/1.7 MB | 548/596 kB | 0.4/1.1 MB | 225/242 kBProgress (5): 8.3/14 MB | 0.6/1.7 MB | 548/596 kB | 0.4/1.1 MB | 225/242 kBProgress (5): 8.3/14 MB | 0.6/1.7 MB | 548/596 kB | 0.4/1.1 MB | 242 kB                                                                           Downloaded from central: https://repo.maven.apache.org/maven2/org/checkerframework/checker-qual/3.52.0/checker-qual-3.52.0.jar (242 kB at 5.5 kB/s)
#16 80.44 Downloading from central: https://repo.maven.apache.org/maven2/com/h2database/h2/2.4.240/h2-2.4.240.jar
#16 80.44 Progress (4): 8.3/14 MB | 0.7/1.7 MB | 548/596 kB | 0.4/1.1 MBProgress (4): 8.3/14 MB | 0.7/1.7 MB | 548/596 kB | 0.4/1.1 MBProgress (4): 8.3/14 MB | 0.7/1.7 MB | 548/596 kB | 0.4/1.1 MBProgress (4): 8.3/14 MB | 0.7/1.7 MB | 548/596 kB | 0.4/1.1 MBProgress (4): 8.3/14 MB | 0.7/1.7 MB | 548/596 kB | 0.4/1.1 MBProgress (4): 8.3/14 MB | 0.7/1.7 MB | 548/596 kB | 0.4/1.1 MBProgress (4): 8.3/14 MB | 0.7/1.7 MB | 548/596 kB | 0.4/1.1 MBProgress (4): 8.3/14 MB | 0.7/1.7 MB | 548/596 kB | 0.4/1.1 MBProgress (4): 8.3/14 MB | 0.7/1.7 MB | 548/596 kB | 0.4/1.1 MBProgress (4): 8.3/14 MB | 0.7/1.7 MB | 548/596 kB | 0.4/1.1 MBProgress (4): 8.3/14 MB | 0.7/1.7 MB | 548/596 kB | 0.4/1.1 MBProgress (4): 8.3/14 MB | 0.7/1.7 MB | 548/596 kB | 0.4/1.1 MBProgress (4): 8.3/14 MB | 0.7/1.7 MB | 548/596 kB | 0.4/1.1 MBProgress (4): 8.4/14 MB | 0.7/1.7 MB | 548/596 kB | 0.4/1.1 MBProgress (4): 8.4/14 MB | 0.7/1.7 MB | 548/596 kB | 0.4/1.1 MBProgress (4): 8.4/14 MB | 0.7/1.7 MB | 565/596 kB | 0.4/1.1 MBProgress (4): 8.4/14 MB | 0.7/1.7 MB | 565/596 kB | 0.4/1.1 MBProgress (4): 8.4/14 MB | 0.7/1.7 MB | 565/596 kB | 0.4/1.1 MBProgress (4): 8.4/14 MB | 0.8/1.7 MB | 565/596 kB | 0.4/1.1 MBProgress (4): 8.4/14 MB | 0.8/1.7 MB | 565/596 kB | 0.4/1.1 MBProgress (4): 8.4/14 MB | 0.8/1.7 MB | 565/596 kB | 0.4/1.1 MBProgress (4): 8.4/14 MB | 0.8/1.7 MB | 565/596 kB | 0.4/1.1 MBProgress (4): 8.4/14 MB | 0.8/1.7 MB | 565/596 kB | 0.4/1.1 MBProgress (4): 8.4/14 MB | 0.8/1.7 MB | 581/596 kB | 0.4/1.1 MBProgress (4): 8.4/14 MB | 0.8/1.7 MB | 581/596 kB | 0.4/1.1 MBProgress (4): 8.4/14 MB | 0.8/1.7 MB | 581/596 kB | 0.4/1.1 MBProgress (4): 8.4/14 MB | 0.8/1.7 MB | 581/596 kB | 0.4/1.1 MBProgress (4): 8.4/14 MB | 0.8/1.7 MB | 581/596 kB | 0.4/1.1 MBProgress (4): 8.4/14 MB | 0.8/1.7 MB | 581/596 kB | 0.4/1.1 MBProgress (4): 8.4/14 MB | 0.8/1.7 MB | 581/596 kB | 0.5/1.1 MBProgress (4): 8.4/14 MB | 0.8/1.7 MB | 596 kB | 0.5/1.1 MB    Progress (4): 8.4/14 MB | 0.8/1.7 MB | 596 kB | 0.5/1.1 MBProgress (4): 8.4/14 MB | 0.8/1.7 MB | 596 kB | 0.5/1.1 MB                                                          Downloaded from central: https://repo.maven.apache.org/maven2/com/fasterxml/jackson/core/jackson-core/2.21.2/jackson-core-2.21.2.jar (596 kB at 13 kB/s)
#16 80.64 Downloading from central: https://repo.maven.apache.org/maven2/org/projectlombok/lombok/1.18.46/lombok-1.18.46.jar
#16 80.64 Progress (3): 8.4/14 MB | 0.8/1.7 MB | 0.5/1.1 MBProgress (3): 8.4/14 MB | 0.8/1.7 MB | 0.5/1.1 MBProgress (3): 8.4/14 MB | 0.8/1.7 MB | 0.5/1.1 MBProgress (3): 8.4/14 MB | 0.8/1.7 MB | 0.5/1.1 MBProgress (3): 8.4/14 MB | 0.9/1.7 MB | 0.5/1.1 MBProgress (3): 8.4/14 MB | 0.9/1.7 MB | 0.5/1.1 MBProgress (3): 8.5/14 MB | 0.9/1.7 MB | 0.5/1.1 MBProgress (4): 8.5/14 MB | 0.9/1.7 MB | 0.5/1.1 MB | 0/2.7 MBProgress (4): 8.5/14 MB | 0.9/1.7 MB | 0.5/1.1 MB | 0/2.7 MBProgress (4): 8.5/14 MB | 0.9/1.7 MB | 0.5/1.1 MB | 0/2.7 MBProgress (4): 8.5/14 MB | 0.9/1.7 MB | 0.5/1.1 MB | 0/2.7 MBProgress (4): 8.5/14 MB | 0.9/1.7 MB | 0.6/1.1 MB | 0/2.7 MBProgress (4): 8.5/14 MB | 0.9/1.7 MB | 0.6/1.1 MB | 0/2.7 MBProgress (4): 8.5/14 MB | 0.9/1.7 MB | 0.6/1.1 MB | 0/2.7 MBProgress (4): 8.5/14 MB | 0.9/1.7 MB | 0.6/1.1 MB | 0/2.7 MBProgress (4): 8.5/14 MB | 0.9/1.7 MB | 0.6/1.1 MB | 0/2.7 MBProgress (4): 8.5/14 MB | 0.9/1.7 MB | 0.6/1.1 MB | 0/2.7 MBProgress (4): 8.5/14 MB | 0.9/1.7 MB | 0.6/1.1 MB | 0/2.7 MBProgress (4): 8.5/14 MB | 0.9/1.7 MB | 0.6/1.1 MB | 0/2.7 MBProgress (4): 8.5/14 MB | 0.9/1.7 MB | 0.6/1.1 MB | 0/2.7 MBProgress (4): 8.5/14 MB | 0.9/1.7 MB | 0.6/1.1 MB | 0.1/2.7 MBProgress (4): 8.5/14 MB | 0.9/1.7 MB | 0.6/1.1 MB | 0.1/2.7 MBProgress (4): 8.5/14 MB | 0.9/1.7 MB | 0.6/1.1 MB | 0.1/2.7 MBProgress (4): 8.5/14 MB | 0.9/1.7 MB | 0.6/1.1 MB | 0.1/2.7 MBProgress (4): 8.5/14 MB | 0.9/1.7 MB | 0.6/1.1 MB | 0.1/2.7 MBProgress (5): 8.5/14 MB | 0.9/1.7 MB | 0.6/1.1 MB | 0.1/2.7 MB | 0/2.0 MBProgress (5): 8.5/14 MB | 0.9/1.7 MB | 0.6/1.1 MB | 0.1/2.7 MB | 0/2.0 MBProgress (5): 8.5/14 MB | 0.9/1.7 MB | 0.6/1.1 MB | 0.1/2.7 MB | 0/2.0 MBProgress (5): 8.6/14 MB | 0.9/1.7 MB | 0.6/1.1 MB | 0.1/2.7 MB | 0/2.0 MBProgress (5): 8.6/14 MB | 0.9/1.7 MB | 0.6/1.1 MB | 0.1/2.7 MB | 0/2.0 MBProgress (5): 8.6/14 MB | 0.9/1.7 MB | 0.6/1.1 MB | 0.1/2.7 MB | 0/2.0 MBProgress (5): 8.6/14 MB | 0.9/1.7 MB | 0.6/1.1 MB | 0.1/2.7 MB | 0/2.0 MBProgress (5): 8.6/14 MB | 0.9/1.7 MB | 0.6/1.1 MB | 0.1/2.7 MB | 0/2.0 MBProgress (5): 8.6/14 MB | 0.9/1.7 MB | 0.6/1.1 MB | 0.1/2.7 MB | 0/2.0 MBProgress (5): 8.6/14 MB | 0.9/1.7 MB | 0.6/1.1 MB | 0.1/2.7 MB | 0/2.0 MBProgress (5): 8.6/14 MB | 0.9/1.7 MB | 0.6/1.1 MB | 0.1/2.7 MB | 0/2.0 MBProgress (5): 8.6/14 MB | 0.9/1.7 MB | 0.6/1.1 MB | 0.1/2.7 MB | 0/2.0 MBProgress (5): 8.6/14 MB | 0.9/1.7 MB | 0.6/1.1 MB | 0.1/2.7 MB | 0/2.0 MBProgress (5): 8.6/14 MB | 0.9/1.7 MB | 0.6/1.1 MB | 0.1/2.7 MB | 0/2.0 MBProgress (5): 8.6/14 MB | 0.9/1.7 MB | 0.6/1.1 MB | 0.1/2.7 MB | 0.1/2.0 MBProgress (5): 8.6/14 MB | 0.9/1.7 MB | 0.6/1.1 MB | 0.1/2.7 MB | 0.1/2.0 MBProgress (5): 8.6/14 MB | 0.9/1.7 MB | 0.6/1.1 MB | 0.1/2.7 MB | 0.1/2.0 MBProgress (5): 8.6/14 MB | 0.9/1.7 MB | 0.6/1.1 MB | 0.1/2.7 MB | 0.1/2.0 MBProgress (5): 8.6/14 MB | 0.9/1.7 MB | 0.6/1.1 MB | 0.1/2.7 MB | 0.1/2.0 MBProgress (5): 8.6/14 MB | 0.9/1.7 MB | 0.6/1.1 MB | 0.1/2.7 MB | 0.1/2.0 MBProgress (5): 8.6/14 MB | 0.9/1.7 MB | 0.6/1.1 MB | 0.1/2.7 MB | 0.1/2.0 MBProgress (5): 8.6/14 MB | 0.9/1.7 MB | 0.6/1.1 MB | 0.1/2.7 MB | 0.1/2.0 MBProgress (5): 8.6/14 MB | 0.9/1.7 MB | 0.6/1.1 MB | 0.1/2.7 MB | 0.1/2.0 MBProgress (5): 8.6/14 MB | 0.9/1.7 MB | 0.6/1.1 MB | 0.1/2.7 MB | 0.1/2.0 MBProgress (5): 8.6/14 MB | 1.0/1.7 MB | 0.6/1.1 MB | 0.1/2.7 MB | 0.1/2.0 MBProgress (5): 8.6/14 MB | 1.0/1.7 MB | 0.6/1.1 MB | 0.1/2.7 MB | 0.1/2.0 MBProgress (5): 8.6/14 MB | 1.0/1.7 MB | 0.6/1.1 MB | 0.1/2.7 MB | 0.1/2.0 MBProgress (5): 8.6/14 MB | 1.0/1.7 MB | 0.6/1.1 MB | 0.1/2.7 MB | 0.1/2.0 MBProgress (5): 8.7/14 MB | 1.0/1.7 MB | 0.6/1.1 MB | 0.1/2.7 MB | 0.1/2.0 MBProgress (5): 8.7/14 MB | 1.0/1.7 MB | 0.7/1.1 MB | 0.1/2.7 MB | 0.1/2.0 MBProgress (5): 8.7/14 MB | 1.0/1.7 MB | 0.7/1.1 MB | 0.1/2.7 MB | 0.1/2.0 MBProgress (5): 8.7/14 MB | 1.0/1.7 MB | 0.7/1.1 MB | 0.2/2.7 MB | 0.1/2.0 MBProgress (5): 8.7/14 MB | 1.0/1.7 MB | 0.7/1.1 MB | 0.2/2.7 MB | 0.1/2.0 MBProgress (5): 8.7/14 MB | 1.0/1.7 MB | 0.7/1.1 MB | 0.2/2.7 MB | 0.1/2.0 MBProgress (5): 8.7/14 MB | 1.0/1.7 MB | 0.7/1.1 MB | 0.2/2.7 MB | 0.1/2.0 MBProgress (5): 8.7/14 MB | 1.0/1.7 MB | 0.7/1.1 MB | 0.2/2.7 MB | 0.1/2.0 MBProgress (5): 8.7/14 MB | 1.0/1.7 MB | 0.7/1.1 MB | 0.2/2.7 MB | 0.1/2.0 MBProgress (5): 8.7/14 MB | 1.0/1.7 MB | 0.7/1.1 MB | 0.2/2.7 MB | 0.1/2.0 MBProgress (5): 8.7/14 MB | 1.0/1.7 MB | 0.7/1.1 MB | 0.2/2.7 MB | 0.1/2.0 MBProgress (5): 8.7/14 MB | 1.0/1.7 MB | 0.7/1.1 MB | 0.2/2.7 MB | 0.1/2.0 MBProgress (5): 8.7/14 MB | 1.0/1.7 MB | 0.7/1.1 MB | 0.2/2.7 MB | 0.1/2.0 MBProgress (5): 8.7/14 MB | 1.0/1.7 MB | 0.7/1.1 MB | 0.2/2.7 MB | 0.2/2.0 MBProgress (5): 8.7/14 MB | 1.0/1.7 MB | 0.7/1.1 MB | 0.2/2.7 MB | 0.2/2.0 MBProgress (5): 8.7/14 MB | 1.0/1.7 MB | 0.7/1.1 MB | 0.2/2.7 MB | 0.2/2.0 MBProgress (5): 8.7/14 MB | 1.0/1.7 MB | 0.7/1.1 MB | 0.2/2.7 MB | 0.2/2.0 MBProgress (5): 8.7/14 MB | 1.0/1.7 MB | 0.7/1.1 MB | 0.2/2.7 MB | 0.2/2.0 MBProgress (5): 8.7/14 MB | 1.0/1.7 MB | 0.7/1.1 MB | 0.2/2.7 MB | 0.2/2.0 MBProgress (5): 8.7/14 MB | 1.0/1.7 MB | 0.7/1.1 MB | 0.2/2.7 MB | 0.2/2.0 MBProgress (5): 8.7/14 MB | 1.0/1.7 MB | 0.7/1.1 MB | 0.2/2.7 MB | 0.2/2.0 MBProgress (5): 8.7/14 MB | 1.0/1.7 MB | 0.7/1.1 MB | 0.3/2.7 MB | 0.2/2.0 MBProgress (5): 8.7/14 MB | 1.0/1.7 MB | 0.7/1.1 MB | 0.3/2.7 MB | 0.2/2.0 MBProgress (5): 8.7/14 MB | 1.0/1.7 MB | 0.7/1.1 MB | 0.3/2.7 MB | 0.2/2.0 MBProgress (5): 8.7/14 MB | 1.0/1.7 MB | 0.7/1.1 MB | 0.3/2.7 MB | 0.2/2.0 MBProgress (5): 8.7/14 MB | 1.0/1.7 MB | 0.7/1.1 MB | 0.3/2.7 MB | 0.2/2.0 MBProgress (5): 8.7/14 MB | 1.0/1.7 MB | 0.7/1.1 MB | 0.3/2.7 MB | 0.2/2.0 MBProgress (5): 8.7/14 MB | 1.0/1.7 MB | 0.7/1.1 MB | 0.4/2.7 MB | 0.2/2.0 MBProgress (5): 8.7/14 MB | 1.0/1.7 MB | 0.7/1.1 MB | 0.4/2.7 MB | 0.3/2.0 MBProgress (5): 8.7/14 MB | 1.0/1.7 MB | 0.7/1.1 MB | 0.4/2.7 MB | 0.3/2.0 MBProgress (5): 8.7/14 MB | 1.0/1.7 MB | 0.7/1.1 MB | 0.4/2.7 MB | 0.3/2.0 MBProgress (5): 8.7/14 MB | 1.0/1.7 MB | 0.7/1.1 MB | 0.4/2.7 MB | 0.3/2.0 MBProgress (5): 8.7/14 MB | 1.0/1.7 MB | 0.7/1.1 MB | 0.4/2.7 MB | 0.3/2.0 MBProgress (5): 8.7/14 MB | 1.0/1.7 MB | 0.7/1.1 MB | 0.4/2.7 MB | 0.3/2.0 MBProgress (5): 8.7/14 MB | 1.0/1.7 MB | 0.7/1.1 MB | 0.4/2.7 MB | 0.3/2.0 MBProgress (5): 8.7/14 MB | 1.0/1.7 MB | 0.7/1.1 MB | 0.4/2.7 MB | 0.3/2.0 MBProgress (5): 8.7/14 MB | 1.0/1.7 MB | 0.7/1.1 MB | 0.4/2.7 MB | 0.3/2.0 MBProgress (5): 8.7/14 MB | 1.0/1.7 MB | 0.7/1.1 MB | 0.4/2.7 MB | 0.3/2.0 MBProgress (5): 8.8/14 MB | 1.0/1.7 MB | 0.7/1.1 MB | 0.4/2.7 MB | 0.3/2.0 MBProgress (5): 8.8/14 MB | 1.0/1.7 MB | 0.7/1.1 MB | 0.4/2.7 MB | 0.3/2.0 MBProgress (5): 8.8/14 MB | 1.0/1.7 MB | 0.7/1.1 MB | 0.4/2.7 MB | 0.3/2.0 MBProgress (5): 8.8/14 MB | 1.0/1.7 MB | 0.7/1.1 MB | 0.4/2.7 MB | 0.3/2.0 MBProgress (5): 8.8/14 MB | 1.0/1.7 MB | 0.7/1.1 MB | 0.4/2.7 MB | 0.3/2.0 MBProgress (5): 8.8/14 MB | 1.1/1.7 MB | 0.7/1.1 MB | 0.4/2.7 MB | 0.3/2.0 MBProgress (5): 8.8/14 MB | 1.1/1.7 MB | 0.7/1.1 MB | 0.4/2.7 MB | 0.3/2.0 MBProgress (5): 8.8/14 MB | 1.1/1.7 MB | 0.7/1.1 MB | 0.4/2.7 MB | 0.3/2.0 MBProgress (5): 8.8/14 MB | 1.1/1.7 MB | 0.7/1.1 MB | 0.4/2.7 MB | 0.3/2.0 MBProgress (5): 8.8/14 MB | 1.1/1.7 MB | 0.7/1.1 MB | 0.4/2.7 MB | 0.3/2.0 MBProgress (5): 8.8/14 MB | 1.1/1.7 MB | 0.7/1.1 MB | 0.4/2.7 MB | 0.3/2.0 MBProgress (5): 8.8/14 MB | 1.2/1.7 MB | 0.7/1.1 MB | 0.4/2.7 MB | 0.3/2.0 MBProgress (5): 8.8/14 MB | 1.2/1.7 MB | 0.7/1.1 MB | 0.4/2.7 MB | 0.3/2.0 MBProgress (5): 8.8/14 MB | 1.2/1.7 MB | 0.7/1.1 MB | 0.4/2.7 MB | 0.3/2.0 MBProgress (5): 8.8/14 MB | 1.2/1.7 MB | 0.7/1.1 MB | 0.4/2.7 MB | 0.3/2.0 MBProgress (5): 8.8/14 MB | 1.2/1.7 MB | 0.7/1.1 MB | 0.4/2.7 MB | 0.3/2.0 MBProgress (5): 8.8/14 MB | 1.2/1.7 MB | 0.7/1.1 MB | 0.4/2.7 MB | 0.3/2.0 MBProgress (5): 8.8/14 MB | 1.3/1.7 MB | 0.7/1.1 MB | 0.4/2.7 MB | 0.3/2.0 MBProgress (5): 8.8/14 MB | 1.3/1.7 MB | 0.7/1.1 MB | 0.4/2.7 MB | 0.3/2.0 MBProgress (5): 8.8/14 MB | 1.3/1.7 MB | 0.7/1.1 MB | 0.4/2.7 MB | 0.3/2.0 MBProgress (5): 8.8/14 MB | 1.3/1.7 MB | 0.7/1.1 MB | 0.4/2.7 MB | 0.3/2.0 MBProgress (5): 8.8/14 MB | 1.3/1.7 MB | 0.7/1.1 MB | 0.4/2.7 MB | 0.3/2.0 MBProgress (5): 8.8/14 MB | 1.3/1.7 MB | 0.7/1.1 MB | 0.4/2.7 MB | 0.3/2.0 MBProgress (5): 8.8/14 MB | 1.3/1.7 MB | 0.7/1.1 MB | 0.4/2.7 MB | 0.3/2.0 MBProgress (5): 8.8/14 MB | 1.3/1.7 MB | 0.7/1.1 MB | 0.4/2.7 MB | 0.3/2.0 MBProgress (5): 8.8/14 MB | 1.3/1.7 MB | 0.7/1.1 MB | 0.5/2.7 MB | 0.3/2.0 MBProgress (5): 8.8/14 MB | 1.3/1.7 MB | 0.7/1.1 MB | 0.5/2.7 MB | 0.3/2.0 MBProgress (5): 8.8/14 MB | 1.3/1.7 MB | 0.7/1.1 MB | 0.5/2.7 MB | 0.3/2.0 MBProgress (5): 8.8/14 MB | 1.3/1.7 MB | 0.7/1.1 MB | 0.5/2.7 MB | 0.3/2.0 MBProgress (5): 8.8/14 MB | 1.3/1.7 MB | 0.7/1.1 MB | 0.5/2.7 MB | 0.3/2.0 MBProgress (5): 8.8/14 MB | 1.3/1.7 MB | 0.7/1.1 MB | 0.5/2.7 MB | 0.3/2.0 MBProgress (5): 8.8/14 MB | 1.3/1.7 MB | 0.7/1.1 MB | 0.5/2.7 MB | 0.3/2.0 MBProgress (5): 8.8/14 MB | 1.3/1.7 MB | 0.7/1.1 MB | 0.5/2.7 MB | 0.3/2.0 MBProgress (5): 8.8/14 MB | 1.3/1.7 MB | 0.7/1.1 MB | 0.5/2.7 MB | 0.3/2.0 MBProgress (5): 8.8/14 MB | 1.3/1.7 MB | 0.7/1.1 MB | 0.5/2.7 MB | 0.3/2.0 MBProgress (5): 8.8/14 MB | 1.3/1.7 MB | 0.7/1.1 MB | 0.5/2.7 MB | 0.3/2.0 MBProgress (5): 8.8/14 MB | 1.3/1.7 MB | 0.8/1.1 MB | 0.5/2.7 MB | 0.3/2.0 MBProgress (5): 8.8/14 MB | 1.3/1.7 MB | 0.8/1.1 MB | 0.5/2.7 MB | 0.3/2.0 MBProgress (5): 8.8/14 MB | 1.3/1.7 MB | 0.8/1.1 MB | 0.5/2.7 MB | 0.3/2.0 MBProgress (5): 8.8/14 MB | 1.3/1.7 MB | 0.8/1.1 MB | 0.5/2.7 MB | 0.3/2.0 MBProgress (5): 8.8/14 MB | 1.3/1.7 MB | 0.8/1.1 MB | 0.5/2.7 MB | 0.3/2.0 MBProgress (5): 8.8/14 MB | 1.3/1.7 MB | 0.8/1.1 MB | 0.5/2.7 MB | 0.3/2.0 MBProgress (5): 8.8/14 MB | 1.3/1.7 MB | 0.8/1.1 MB | 0.5/2.7 MB | 0.3/2.0 MBProgress (5): 8.8/14 MB | 1.4/1.7 MB | 0.8/1.1 MB | 0.5/2.7 MB | 0.3/2.0 MBProgress (5): 8.8/14 MB | 1.4/1.7 MB | 0.8/1.1 MB | 0.5/2.7 MB | 0.3/2.0 MBProgress (5): 8.8/14 MB | 1.4/1.7 MB | 0.8/1.1 MB | 0.5/2.7 MB | 0.3/2.0 MBProgress (5): 8.8/14 MB | 1.4/1.7 MB | 0.8/1.1 MB | 0.5/2.7 MB | 0.3/2.0 MBProgress (5): 8.8/14 MB | 1.4/1.7 MB | 0.8/1.1 MB | 0.5/2.7 MB | 0.3/2.0 MBProgress (5): 8.8/14 MB | 1.4/1.7 MB | 0.8/1.1 MB | 0.5/2.7 MB | 0.3/2.0 MBProgress (5): 8.8/14 MB | 1.4/1.7 MB | 0.8/1.1 MB | 0.5/2.7 MB | 0.3/2.0 MBProgress (5): 8.9/14 MB | 1.4/1.7 MB | 0.8/1.1 MB | 0.5/2.7 MB | 0.3/2.0 MBProgress (5): 8.9/14 MB | 1.4/1.7 MB | 0.8/1.1 MB | 0.5/2.7 MB | 0.3/2.0 MBProgress (5): 8.9/14 MB | 1.4/1.7 MB | 0.8/1.1 MB | 0.5/2.7 MB | 0.3/2.0 MBProgress (5): 8.9/14 MB | 1.4/1.7 MB | 0.8/1.1 MB | 0.5/2.7 MB | 0.4/2.0 MBProgress (5): 8.9/14 MB | 1.4/1.7 MB | 0.8/1.1 MB | 0.5/2.7 MB | 0.4/2.0 MBProgress (5): 8.9/14 MB | 1.4/1.7 MB | 0.8/1.1 MB | 0.5/2.7 MB | 0.4/2.0 MBProgress (5): 8.9/14 MB | 1.4/1.7 MB | 0.8/1.1 MB | 0.6/2.7 MB | 0.4/2.0 MBProgress (5): 8.9/14 MB | 1.4/1.7 MB | 0.8/1.1 MB | 0.6/2.7 MB | 0.4/2.0 MBProgress (5): 8.9/14 MB | 1.4/1.7 MB | 0.8/1.1 MB | 0.6/2.7 MB | 0.4/2.0 MBProgress (5): 8.9/14 MB | 1.4/1.7 MB | 0.8/1.1 MB | 0.6/2.7 MB | 0.4/2.0 MBProgress (5): 8.9/14 MB | 1.4/1.7 MB | 0.8/1.1 MB | 0.6/2.7 MB | 0.4/2.0 MBProgress (5): 8.9/14 MB | 1.4/1.7 MB | 0.8/1.1 MB | 0.6/2.7 MB | 0.4/2.0 MBProgress (5): 8.9/14 MB | 1.4/1.7 MB | 0.8/1.1 MB | 0.6/2.7 MB | 0.4/2.0 MBProgress (5): 8.9/14 MB | 1.4/1.7 MB | 0.8/1.1 MB | 0.6/2.7 MB | 0.4/2.0 MBProgress (5): 8.9/14 MB | 1.4/1.7 MB | 0.8/1.1 MB | 0.6/2.7 MB | 0.4/2.0 MBProgress (5): 8.9/14 MB | 1.4/1.7 MB | 0.8/1.1 MB | 0.7/2.7 MB | 0.4/2.0 MBProgress (5): 8.9/14 MB | 1.5/1.7 MB | 0.8/1.1 MB | 0.7/2.7 MB | 0.4/2.0 MBProgress (5): 8.9/14 MB | 1.5/1.7 MB | 0.8/1.1 MB | 0.7/2.7 MB | 0.4/2.0 MBProgress (5): 8.9/14 MB | 1.5/1.7 MB | 0.8/1.1 MB | 0.7/2.7 MB | 0.4/2.0 MBProgress (5): 8.9/14 MB | 1.5/1.7 MB | 0.8/1.1 MB | 0.7/2.7 MB | 0.4/2.0 MBProgress (5): 8.9/14 MB | 1.5/1.7 MB | 0.8/1.1 MB | 0.7/2.7 MB | 0.4/2.0 MBProgress (5): 8.9/14 MB | 1.5/1.7 MB | 0.8/1.1 MB | 0.7/2.7 MB | 0.4/2.0 MBProgress (5): 8.9/14 MB | 1.5/1.7 MB | 0.8/1.1 MB | 0.7/2.7 MB | 0.4/2.0 MBProgress (5): 8.9/14 MB | 1.5/1.7 MB | 0.8/1.1 MB | 0.7/2.7 MB | 0.4/2.0 MBProgress (5): 8.9/14 MB | 1.6/1.7 MB | 0.8/1.1 MB | 0.7/2.7 MB | 0.4/2.0 MBProgress (5): 8.9/14 MB | 1.6/1.7 MB | 0.8/1.1 MB | 0.7/2.7 MB | 0.4/2.0 MBProgress (5): 8.9/14 MB | 1.6/1.7 MB | 0.8/1.1 MB | 0.7/2.7 MB | 0.4/2.0 MBProgress (5): 8.9/14 MB | 1.6/1.7 MB | 0.8/1.1 MB | 0.7/2.7 MB | 0.4/2.0 MBProgress (5): 8.9/14 MB | 1.6/1.7 MB | 0.8/1.1 MB | 0.7/2.7 MB | 0.4/2.0 MBProgress (5): 8.9/14 MB | 1.6/1.7 MB | 0.8/1.1 MB | 0.7/2.7 MB | 0.4/2.0 MBProgress (5): 8.9/14 MB | 1.6/1.7 MB | 0.8/1.1 MB | 0.7/2.7 MB | 0.4/2.0 MBProgress (5): 8.9/14 MB | 1.6/1.7 MB | 0.8/1.1 MB | 0.7/2.7 MB | 0.4/2.0 MBProgress (5): 8.9/14 MB | 1.7/1.7 MB | 0.8/1.1 MB | 0.7/2.7 MB | 0.4/2.0 MBProgress (5): 8.9/14 MB | 1.7/1.7 MB | 0.8/1.1 MB | 0.7/2.7 MB | 0.4/2.0 MBProgress (5): 8.9/14 MB | 1.7/1.7 MB | 0.8/1.1 MB | 0.7/2.7 MB | 0.4/2.0 MBProgress (5): 8.9/14 MB | 1.7/1.7 MB | 0.8/1.1 MB | 0.7/2.7 MB | 0.4/2.0 MBProgress (5): 8.9/14 MB | 1.7 MB | 0.8/1.1 MB | 0.7/2.7 MB | 0.4/2.0 MB    Progress (5): 8.9/14 MB | 1.7 MB | 0.8/1.1 MB | 0.7/2.7 MB | 0.4/2.0 MB                                                                       Downloaded from central: https://repo.maven.apache.org/maven2/com/fasterxml/jackson/core/jackson-databind/2.21.2/jackson-databind-2.21.2.jar (1.7 MB at 35 kB/s)
#16 84.84 Downloading from central: https://repo.maven.apache.org/maven2/org/springframework/boot/spring-boot-starter-test/4.0.6/spring-boot-starter-test-4.0.6.jar
#16 84.84 Progress (4): 8.9/14 MB | 0.8/1.1 MB | 0.7/2.7 MB | 0.4/2.0 MBProgress (4): 8.9/14 MB | 0.9/1.1 MB | 0.7/2.7 MB | 0.4/2.0 MBProgress (4): 8.9/14 MB | 0.9/1.1 MB | 0.7/2.7 MB | 0.4/2.0 MBProgress (4): 8.9/14 MB | 0.9/1.1 MB | 0.7/2.7 MB | 0.4/2.0 MBProgress (4): 8.9/14 MB | 0.9/1.1 MB | 0.7/2.7 MB | 0.4/2.0 MBProgress (4): 8.9/14 MB | 0.9/1.1 MB | 0.7/2.7 MB | 0.4/2.0 MBProgress (4): 8.9/14 MB | 0.9/1.1 MB | 0.7/2.7 MB | 0.4/2.0 MBProgress (4): 8.9/14 MB | 0.9/1.1 MB | 0.7/2.7 MB | 0.4/2.0 MBProgress (4): 8.9/14 MB | 0.9/1.1 MB | 0.7/2.7 MB | 0.5/2.0 MBProgress (4): 8.9/14 MB | 0.9/1.1 MB | 0.8/2.7 MB | 0.5/2.0 MBProgress (4): 8.9/14 MB | 0.9/1.1 MB | 0.8/2.7 MB | 0.5/2.0 MBProgress (4): 8.9/14 MB | 0.9/1.1 MB | 0.8/2.7 MB | 0.5/2.0 MBProgress (4): 8.9/14 MB | 0.9/1.1 MB | 0.8/2.7 MB | 0.5/2.0 MBProgress (4): 8.9/14 MB | 0.9/1.1 MB | 0.8/2.7 MB | 0.5/2.0 MBProgress (4): 8.9/14 MB | 0.9/1.1 MB | 0.8/2.7 MB | 0.5/2.0 MBProgress (4): 8.9/14 MB | 0.9/1.1 MB | 0.8/2.7 MB | 0.5/2.0 MBProgress (4): 9.0/14 MB | 0.9/1.1 MB | 0.8/2.7 MB | 0.5/2.0 MBProgress (4): 9.0/14 MB | 0.9/1.1 MB | 0.8/2.7 MB | 0.5/2.0 MBProgress (4): 9.0/14 MB | 0.9/1.1 MB | 0.8/2.7 MB | 0.5/2.0 MBProgress (4): 9.0/14 MB | 0.9/1.1 MB | 0.8/2.7 MB | 0.5/2.0 MBProgress (4): 9.0/14 MB | 0.9/1.1 MB | 0.8/2.7 MB | 0.5/2.0 MBProgress (4): 9.0/14 MB | 0.9/1.1 MB | 0.8/2.7 MB | 0.5/2.0 MBProgress (5): 9.0/14 MB | 0.9/1.1 MB | 0.8/2.7 MB | 0.5/2.0 MB | 4.8 kB                                                                       Downloaded from central: https://repo.maven.apache.org/maven2/org/springframework/boot/spring-boot-starter-test/4.0.6/spring-boot-starter-test-4.0.6.jar (4.8 kB at 98 B/s)
#16 84.94 Downloading from central: https://repo.maven.apache.org/maven2/org/springframework/boot/spring-boot-test/4.0.6/spring-boot-test-4.0.6.jar
#16 84.95 Progress (4): 9.0/14 MB | 0.9/1.1 MB | 0.9/2.7 MB | 0.5/2.0 MBProgress (4): 9.0/14 MB | 0.9/1.1 MB | 0.9/2.7 MB | 0.5/2.0 MBProgress (4): 9.0/14 MB | 0.9/1.1 MB | 0.9/2.7 MB | 0.5/2.0 MBProgress (4): 9.0/14 MB | 0.9/1.1 MB | 0.9/2.7 MB | 0.5/2.0 MBProgress (4): 9.0/14 MB | 0.9/1.1 MB | 0.9/2.7 MB | 0.5/2.0 MBProgress (4): 9.0/14 MB | 0.9/1.1 MB | 0.9/2.7 MB | 0.5/2.0 MBProgress (4): 9.0/14 MB | 0.9/1.1 MB | 0.9/2.7 MB | 0.5/2.0 MBProgress (4): 9.0/14 MB | 0.9/1.1 MB | 0.9/2.7 MB | 0.5/2.0 MBProgress (4): 9.0/14 MB | 0.9/1.1 MB | 0.9/2.7 MB | 0.5/2.0 MBProgress (4): 9.0/14 MB | 0.9/1.1 MB | 0.9/2.7 MB | 0.6/2.0 MBProgress (4): 9.0/14 MB | 0.9/1.1 MB | 0.9/2.7 MB | 0.6/2.0 MBProgress (4): 9.0/14 MB | 0.9/1.1 MB | 0.9/2.7 MB | 0.6/2.0 MBProgress (4): 9.0/14 MB | 0.9/1.1 MB | 0.9/2.7 MB | 0.6/2.0 MBProgress (4): 9.0/14 MB | 0.9/1.1 MB | 0.9/2.7 MB | 0.6/2.0 MBProgress (4): 9.0/14 MB | 0.9/1.1 MB | 1.0/2.7 MB | 0.6/2.0 MBProgress (5): 9.0/14 MB | 0.9/1.1 MB | 1.0/2.7 MB | 0.6/2.0 MB | 3.2/210 kBProgress (5): 9.0/14 MB | 0.9/1.1 MB | 1.0/2.7 MB | 0.6/2.0 MB | 3.2/210 kBProgress (5): 9.0/14 MB | 0.9/1.1 MB | 1.0/2.7 MB | 0.6/2.0 MB | 3.2/210 kBProgress (5): 9.0/14 MB | 0.9/1.1 MB | 1.0/2.7 MB | 0.6/2.0 MB | 11/210 kB Progress (5): 9.0/14 MB | 0.9/1.1 MB | 1.0/2.7 MB | 0.6/2.0 MB | 11/210 kBProgress (5): 9.0/14 MB | 0.9/1.1 MB | 1.0/2.7 MB | 0.6/2.0 MB | 11/210 kBProgress (5): 9.0/14 MB | 0.9/1.1 MB | 1.0/2.7 MB | 0.6/2.0 MB | 11/210 kBProgress (5): 9.0/14 MB | 0.9/1.1 MB | 1.0/2.7 MB | 0.6/2.0 MB | 11/210 kBProgress (5): 9.0/14 MB | 0.9/1.1 MB | 1.0/2.7 MB | 0.6/2.0 MB | 11/210 kBProgress (5): 9.0/14 MB | 0.9/1.1 MB | 1.0/2.7 MB | 0.6/2.0 MB | 28/210 kBProgress (5): 9.0/14 MB | 0.9/1.1 MB | 1.0/2.7 MB | 0.6/2.0 MB | 28/210 kBProgress (5): 9.0/14 MB | 0.9/1.1 MB | 1.0/2.7 MB | 0.6/2.0 MB | 36/210 kBProgress (5): 9.0/14 MB | 0.9/1.1 MB | 1.0/2.7 MB | 0.6/2.0 MB | 36/210 kBProgress (5): 9.0/14 MB | 0.9/1.1 MB | 1.0/2.7 MB | 0.6/2.0 MB | 36/210 kBProgress (5): 9.1/14 MB | 0.9/1.1 MB | 1.0/2.7 MB | 0.6/2.0 MB | 36/210 kBProgress (5): 9.1/14 MB | 0.9/1.1 MB | 1.0/2.7 MB | 0.6/2.0 MB | 52/210 kBProgress (5): 9.1/14 MB | 0.9/1.1 MB | 1.0/2.7 MB | 0.6/2.0 MB | 52/210 kBProgress (5): 9.1/14 MB | 0.9/1.1 MB | 1.0/2.7 MB | 0.6/2.0 MB | 52/210 kBProgress (5): 9.1/14 MB | 1.0/1.1 MB | 1.0/2.7 MB | 0.6/2.0 MB | 52/210 kBProgress (5): 9.1/14 MB | 1.0/1.1 MB | 1.0/2.7 MB | 0.6/2.0 MB | 69/210 kBProgress (5): 9.1/14 MB | 1.0/1.1 MB | 1.1/2.7 MB | 0.6/2.0 MB | 69/210 kBProgress (5): 9.1/14 MB | 1.0/1.1 MB | 1.1/2.7 MB | 0.6/2.0 MB | 69/210 kBProgress (5): 9.1/14 MB | 1.0/1.1 MB | 1.1/2.7 MB | 0.6/2.0 MB | 69/210 kBProgress (5): 9.1/14 MB | 1.0/1.1 MB | 1.1/2.7 MB | 0.6/2.0 MB | 69/210 kBProgress (5): 9.1/14 MB | 1.0/1.1 MB | 1.1/2.7 MB | 0.6/2.0 MB | 85/210 kBProgress (5): 9.1/14 MB | 1.0/1.1 MB | 1.1/2.7 MB | 0.6/2.0 MB | 85/210 kBProgress (5): 9.1/14 MB | 1.0/1.1 MB | 1.1/2.7 MB | 0.6/2.0 MB | 101/210 kBProgress (5): 9.1/14 MB | 1.0/1.1 MB | 1.1/2.7 MB | 0.6/2.0 MB | 101/210 kBProgress (5): 9.1/14 MB | 1.0/1.1 MB | 1.1/2.7 MB | 0.6/2.0 MB | 101/210 kBProgress (5): 9.1/14 MB | 1.0/1.1 MB | 1.1/2.7 MB | 0.6/2.0 MB | 101/210 kBProgress (5): 9.1/14 MB | 1.0/1.1 MB | 1.1/2.7 MB | 0.7/2.0 MB | 101/210 kBProgress (5): 9.1/14 MB | 1.0/1.1 MB | 1.1/2.7 MB | 0.7/2.0 MB | 101/210 kBProgress (5): 9.1/14 MB | 1.0/1.1 MB | 1.1/2.7 MB | 0.7/2.0 MB | 118/210 kBProgress (5): 9.1/14 MB | 1.0/1.1 MB | 1.1/2.7 MB | 0.7/2.0 MB | 118/210 kBProgress (5): 9.1/14 MB | 1.0/1.1 MB | 1.1/2.7 MB | 0.7/2.0 MB | 126/210 kBProgress (5): 9.1/14 MB | 1.0/1.1 MB | 1.1/2.7 MB | 0.7/2.0 MB | 126/210 kBProgress (5): 9.1/14 MB | 1.0/1.1 MB | 1.1/2.7 MB | 0.7/2.0 MB | 126/210 kBProgress (5): 9.1/14 MB | 1.0/1.1 MB | 1.1/2.7 MB | 0.7/2.0 MB | 126/210 kBProgress (5): 9.1/14 MB | 1.0/1.1 MB | 1.2/2.7 MB | 0.7/2.0 MB | 126/210 kBProgress (5): 9.1/14 MB | 1.0/1.1 MB | 1.2/2.7 MB | 0.7/2.0 MB | 126/210 kBProgress (5): 9.1/14 MB | 1.0/1.1 MB | 1.2/2.7 MB | 0.7/2.0 MB | 126/210 kBProgress (5): 9.1/14 MB | 1.0/1.1 MB | 1.2/2.7 MB | 0.7/2.0 MB | 142/210 kBProgress (5): 9.1/14 MB | 1.0/1.1 MB | 1.2/2.7 MB | 0.7/2.0 MB | 142/210 kBProgress (5): 9.1/14 MB | 1.0/1.1 MB | 1.2/2.7 MB | 0.7/2.0 MB | 142/210 kBProgress (5): 9.1/14 MB | 1.0/1.1 MB | 1.2/2.7 MB | 0.7/2.0 MB | 142/210 kBProgress (5): 9.1/14 MB | 1.0/1.1 MB | 1.2/2.7 MB | 0.7/2.0 MB | 142/210 kBProgress (5): 9.1/14 MB | 1.0/1.1 MB | 1.2/2.7 MB | 0.7/2.0 MB | 159/210 kBProgress (5): 9.1/14 MB | 1.0/1.1 MB | 1.2/2.7 MB | 0.7/2.0 MB | 159/210 kBProgress (5): 9.1/14 MB | 1.0/1.1 MB | 1.2/2.7 MB | 0.7/2.0 MB | 159/210 kBProgress (5): 9.1/14 MB | 1.0/1.1 MB | 1.2/2.7 MB | 0.7/2.0 MB | 175/210 kBProgress (5): 9.1/14 MB | 1.0/1.1 MB | 1.2/2.7 MB | 0.7/2.0 MB | 175/210 kBProgress (5): 9.1/14 MB | 1.0/1.1 MB | 1.2/2.7 MB | 0.7/2.0 MB | 175/210 kBProgress (5): 9.1/14 MB | 1.0/1.1 MB | 1.2/2.7 MB | 0.7/2.0 MB | 175/210 kBProgress (5): 9.1/14 MB | 1.0/1.1 MB | 1.2/2.7 MB | 0.7/2.0 MB | 175/210 kBProgress (5): 9.1/14 MB | 1.0/1.1 MB | 1.2/2.7 MB | 0.7/2.0 MB | 192/210 kBProgress (5): 9.1/14 MB | 1.0/1.1 MB | 1.3/2.7 MB | 0.7/2.0 MB | 192/210 kBProgress (5): 9.1/14 MB | 1.0/1.1 MB | 1.3/2.7 MB | 0.7/2.0 MB | 192/210 kBProgress (5): 9.1/14 MB | 1.0/1.1 MB | 1.3/2.7 MB | 0.7/2.0 MB | 192/210 kBProgress (5): 9.1/14 MB | 1.0/1.1 MB | 1.3/2.7 MB | 0.7/2.0 MB | 208/210 kBProgress (5): 9.1/14 MB | 1.0/1.1 MB | 1.3/2.7 MB | 0.7/2.0 MB | 210 kB                                                                           Downloaded from central: https://repo.maven.apache.org/maven2/org/springframework/boot/spring-boot-test/4.0.6/spring-boot-test-4.0.6.jar (210 kB at 4.3 kB/s)
#16 85.42 Downloading from central: https://repo.maven.apache.org/maven2/org/springframework/boot/spring-boot-test-autoconfigure/4.0.6/spring-boot-test-autoconfigure-4.0.6.jar
#16 85.42 Progress (4): 9.2/14 MB | 1.0/1.1 MB | 1.3/2.7 MB | 0.7/2.0 MBProgress (4): 9.2/14 MB | 1.0/1.1 MB | 1.3/2.7 MB | 0.7/2.0 MBProgress (4): 9.2/14 MB | 1.0/1.1 MB | 1.3/2.7 MB | 0.8/2.0 MBProgress (4): 9.2/14 MB | 1.0/1.1 MB | 1.3/2.7 MB | 0.8/2.0 MBProgress (4): 9.2/14 MB | 1.0/1.1 MB | 1.3/2.7 MB | 0.8/2.0 MBProgress (4): 9.2/14 MB | 1.0/1.1 MB | 1.3/2.7 MB | 0.8/2.0 MBProgress (4): 9.2/14 MB | 1.0/1.1 MB | 1.3/2.7 MB | 0.8/2.0 MBProgress (4): 9.2/14 MB | 1.0/1.1 MB | 1.3/2.7 MB | 0.8/2.0 MBProgress (4): 9.2/14 MB | 1.0/1.1 MB | 1.3/2.7 MB | 0.8/2.0 MBProgress (4): 9.2/14 MB | 1.0/1.1 MB | 1.4/2.7 MB | 0.8/2.0 MBProgress (4): 9.2/14 MB | 1.0/1.1 MB | 1.4/2.7 MB | 0.8/2.0 MBProgress (4): 9.2/14 MB | 1.1/1.1 MB | 1.4/2.7 MB | 0.8/2.0 MBProgress (4): 9.2/14 MB | 1.1/1.1 MB | 1.4/2.7 MB | 0.8/2.0 MBProgress (4): 9.2/14 MB | 1.1/1.1 MB | 1.4/2.7 MB | 0.8/2.0 MBProgress (4): 9.2/14 MB | 1.1/1.1 MB | 1.4/2.7 MB | 0.8/2.0 MBProgress (4): 9.2/14 MB | 1.1/1.1 MB | 1.4/2.7 MB | 0.8/2.0 MBProgress (4): 9.2/14 MB | 1.1/1.1 MB | 1.4/2.7 MB | 0.8/2.0 MBProgress (4): 9.2/14 MB | 1.1/1.1 MB | 1.4/2.7 MB | 0.8/2.0 MBProgress (4): 9.2/14 MB | 1.1/1.1 MB | 1.4/2.7 MB | 0.8/2.0 MBProgress (4): 9.2/14 MB | 1.1/1.1 MB | 1.4/2.7 MB | 0.8/2.0 MBProgress (4): 9.2/14 MB | 1.1/1.1 MB | 1.4/2.7 MB | 0.8/2.0 MBProgress (4): 9.2/14 MB | 1.1/1.1 MB | 1.4/2.7 MB | 0.8/2.0 MBProgress (4): 9.2/14 MB | 1.1/1.1 MB | 1.4/2.7 MB | 0.8/2.0 MBProgress (4): 9.2/14 MB | 1.1/1.1 MB | 1.5/2.7 MB | 0.8/2.0 MBProgress (4): 9.2/14 MB | 1.1/1.1 MB | 1.5/2.7 MB | 0.8/2.0 MBProgress (4): 9.2/14 MB | 1.1/1.1 MB | 1.5/2.7 MB | 0.8/2.0 MBProgress (4): 9.2/14 MB | 1.1/1.1 MB | 1.5/2.7 MB | 0.8/2.0 MBProgress (5): 9.2/14 MB | 1.1/1.1 MB | 1.5/2.7 MB | 0.8/2.0 MB | 7.7/28 kBProgress (5): 9.2/14 MB | 1.1/1.1 MB | 1.5/2.7 MB | 0.8/2.0 MB | 16/28 kB Progress (5): 9.2/14 MB | 1.1/1.1 MB | 1.5/2.7 MB | 0.8/2.0 MB | 16/28 kBProgress (5): 9.2/14 MB | 1.1/1.1 MB | 1.5/2.7 MB | 0.9/2.0 MB | 16/28 kBProgress (5): 9.2/14 MB | 1.1/1.1 MB | 1.5/2.7 MB | 0.9/2.0 MB | 25/28 kBProgress (5): 9.2/14 MB | 1.1/1.1 MB | 1.5/2.7 MB | 0.9/2.0 MB | 28 kB   Progress (5): 9.2/14 MB | 1.1/1.1 MB | 1.5/2.7 MB | 0.9/2.0 MB | 28 kB                                                                      Downloaded from central: https://repo.maven.apache.org/maven2/org/springframework/boot/spring-boot-test-autoconfigure/4.0.6/spring-boot-test-autoconfigure-4.0.6.jar (28 kB at 558 B/s)
#16 86.07 Downloading from central: https://repo.maven.apache.org/maven2/com/jayway/jsonpath/json-path/2.10.0/json-path-2.10.0.jar
#16 86.11 Progress (4): 9.2/14 MB | 1.1/1.1 MB | 1.5/2.7 MB | 0.9/2.0 MBProgress (4): 9.2/14 MB | 1.1/1.1 MB | 1.5/2.7 MB | 0.9/2.0 MBProgress (4): 9.2/14 MB | 1.1/1.1 MB | 1.5/2.7 MB | 0.9/2.0 MBProgress (4): 9.3/14 MB | 1.1/1.1 MB | 1.5/2.7 MB | 0.9/2.0 MBProgress (4): 9.3/14 MB | 1.1/1.1 MB | 1.5/2.7 MB | 0.9/2.0 MBProgress (4): 9.3/14 MB | 1.1/1.1 MB | 1.5/2.7 MB | 0.9/2.0 MBProgress (4): 9.3/14 MB | 1.1/1.1 MB | 1.5/2.7 MB | 0.9/2.0 MBProgress (4): 9.3/14 MB | 1.1/1.1 MB | 1.5/2.7 MB | 0.9/2.0 MBProgress (4): 9.3/14 MB | 1.1/1.1 MB | 1.5/2.7 MB | 0.9/2.0 MBProgress (4): 9.3/14 MB | 1.1/1.1 MB | 1.6/2.7 MB | 0.9/2.0 MBProgress (4): 9.3/14 MB | 1.1/1.1 MB | 1.6/2.7 MB | 0.9/2.0 MBProgress (4): 9.3/14 MB | 1.1/1.1 MB | 1.6/2.7 MB | 0.9/2.0 MBProgress (4): 9.3/14 MB | 1.1/1.1 MB | 1.6/2.7 MB | 0.9/2.0 MBProgress (4): 9.3/14 MB | 1.1/1.1 MB | 1.6/2.7 MB | 0.9/2.0 MBProgress (4): 9.3/14 MB | 1.1/1.1 MB | 1.6/2.7 MB | 0.9/2.0 MBProgress (4): 9.3/14 MB | 1.1/1.1 MB | 1.6/2.7 MB | 0.9/2.0 MBProgress (4): 9.3/14 MB | 1.1/1.1 MB | 1.6/2.7 MB | 0.9/2.0 MBProgress (4): 9.3/14 MB | 1.1/1.1 MB | 1.6/2.7 MB | 0.9/2.0 MBProgress (4): 9.3/14 MB | 1.1/1.1 MB | 1.6/2.7 MB | 0.9/2.0 MBProgress (4): 9.3/14 MB | 1.1/1.1 MB | 1.7/2.7 MB | 0.9/2.0 MBProgress (4): 9.3/14 MB | 1.1/1.1 MB | 1.7/2.7 MB | 0.9/2.0 MBProgress (4): 9.3/14 MB | 1.1/1.1 MB | 1.7/2.7 MB | 0.9/2.0 MBProgress (4): 9.3/14 MB | 1.1/1.1 MB | 1.7/2.7 MB | 0.9/2.0 MBProgress (4): 9.3/14 MB | 1.1/1.1 MB | 1.7/2.7 MB | 1.0/2.0 MBProgress (5): 9.3/14 MB | 1.1/1.1 MB | 1.7/2.7 MB | 1.0/2.0 MB | 3.2/279 kBProgress (5): 9.3/14 MB | 1.1/1.1 MB | 1.7/2.7 MB | 1.0/2.0 MB | 20/279 kB Progress (5): 9.3/14 MB | 1.1/1.1 MB | 1.7/2.7 MB | 1.0/2.0 MB | 20/279 kBProgress (5): 9.3/14 MB | 1.1/1.1 MB | 1.7/2.7 MB | 1.0/2.0 MB | 20/279 kBProgress (5): 9.3/14 MB | 1.1/1.1 MB | 1.7/2.7 MB | 1.0/2.0 MB | 20/279 kBProgress (5): 9.3/14 MB | 1.1/1.1 MB | 1.7/2.7 MB | 1.0/2.0 MB | 20/279 kBProgress (5): 9.3/14 MB | 1.1/1.1 MB | 1.7/2.7 MB | 1.0/2.0 MB | 36/279 kBProgress (5): 9.3/14 MB | 1.1/1.1 MB | 1.7/2.7 MB | 1.0/2.0 MB | 36/279 kBProgress (5): 9.3/14 MB | 1.1/1.1 MB | 1.7/2.7 MB | 1.0/2.0 MB | 36/279 kBProgress (5): 9.3/14 MB | 1.1/1.1 MB | 1.7/2.7 MB | 1.0/2.0 MB | 52/279 kBProgress (5): 9.3/14 MB | 1.1/1.1 MB | 1.7/2.7 MB | 1.0/2.0 MB | 52/279 kBProgress (5): 9.3/14 MB | 1.1/1.1 MB | 1.7/2.7 MB | 1.0/2.0 MB | 52/279 kBProgress (5): 9.3/14 MB | 1.1/1.1 MB | 1.8/2.7 MB | 1.0/2.0 MB | 52/279 kBProgress (5): 9.3/14 MB | 1.1/1.1 MB | 1.8/2.7 MB | 1.0/2.0 MB | 61/279 kBProgress (5): 9.3/14 MB | 1.1/1.1 MB | 1.8/2.7 MB | 1.0/2.0 MB | 77/279 kBProgress (5): 9.3/14 MB | 1.1/1.1 MB | 1.8/2.7 MB | 1.0/2.0 MB | 77/279 kBProgress (5): 9.4/14 MB | 1.1/1.1 MB | 1.8/2.7 MB | 1.0/2.0 MB | 77/279 kBProgress (5): 9.4/14 MB | 1.1/1.1 MB | 1.8/2.7 MB | 1.0/2.0 MB | 77/279 kBProgress (5): 9.4/14 MB | 1.1/1.1 MB | 1.8/2.7 MB | 1.0/2.0 MB | 77/279 kBProgress (5): 9.4/14 MB | 1.1/1.1 MB | 1.8/2.7 MB | 1.0/2.0 MB | 93/279 kBProgress (5): 9.4/14 MB | 1.1/1.1 MB | 1.8/2.7 MB | 1.0/2.0 MB | 110/279 kBProgress (5): 9.4/14 MB | 1.1/1.1 MB | 1.8/2.7 MB | 1.0/2.0 MB | 110/279 kBProgress (5): 9.4/14 MB | 1.1/1.1 MB | 1.8/2.7 MB | 1.0/2.0 MB | 126/279 kBProgress (5): 9.4/14 MB | 1.1/1.1 MB | 1.8/2.7 MB | 1.0/2.0 MB | 126/279 kBProgress (5): 9.4/14 MB | 1.1/1.1 MB | 1.8/2.7 MB | 1.0/2.0 MB | 126/279 kBProgress (5): 9.4/14 MB | 1.1/1.1 MB | 1.8/2.7 MB | 1.0/2.0 MB | 142/279 kBProgress (5): 9.4/14 MB | 1.1/1.1 MB | 1.8/2.7 MB | 1.0/2.0 MB | 142/279 kBProgress (5): 9.4/14 MB | 1.1/1.1 MB | 1.8/2.7 MB | 1.0/2.0 MB | 142/279 kBProgress (5): 9.4/14 MB | 1.1/1.1 MB | 1.8/2.7 MB | 1.0/2.0 MB | 142/279 kBProgress (5): 9.4/14 MB | 1.1/1.1 MB | 1.9/2.7 MB | 1.0/2.0 MB | 142/279 kBProgress (5): 9.4/14 MB | 1.1/1.1 MB | 1.9/2.7 MB | 1.0/2.0 MB | 142/279 kBProgress (5): 9.4/14 MB | 1.1/1.1 MB | 1.9/2.7 MB | 1.0/2.0 MB | 159/279 kBProgress (5): 9.4/14 MB | 1.1/1.1 MB | 1.9/2.7 MB | 1.0/2.0 MB | 159/279 kBProgress (5): 9.4/14 MB | 1.1/1.1 MB | 1.9/2.7 MB | 1.0/2.0 MB | 159/279 kBProgress (5): 9.4/14 MB | 1.1/1.1 MB | 1.9/2.7 MB | 1.0/2.0 MB | 175/279 kBProgress (5): 9.4/14 MB | 1.1/1.1 MB | 1.9/2.7 MB | 1.0/2.0 MB | 175/279 kBProgress (5): 9.4/14 MB | 1.1/1.1 MB | 1.9/2.7 MB | 1.1/2.0 MB | 175/279 kBProgress (5): 9.4/14 MB | 1.1/1.1 MB | 1.9/2.7 MB | 1.1/2.0 MB | 175/279 kBProgress (5): 9.4/14 MB | 1.1/1.1 MB | 1.9/2.7 MB | 1.1/2.0 MB | 192/279 kBProgress (5): 9.4/14 MB | 1.1 MB | 1.9/2.7 MB | 1.1/2.0 MB | 192/279 kB                                                                           Downloaded from central: https://repo.maven.apache.org/maven2/org/postgresql/postgresql/42.7.10/postgresql-42.7.10.jar (1.1 MB at 22 kB/s)
#16 87.58 Progress (4): 9.4/14 MB | 1.9/2.7 MB | 1.1/2.0 MB | 192/279 kB                                                              Downloading from central: https://repo.maven.apache.org/maven2/org/slf4j/slf4j-api/2.0.17/slf4j-api-2.0.17.jar
#16 87.58 Progress (4): 9.4/14 MB | 1.9/2.7 MB | 1.1/2.0 MB | 192/279 kBProgress (4): 9.4/14 MB | 1.9/2.7 MB | 1.1/2.0 MB | 192/279 kBProgress (4): 9.4/14 MB | 1.9/2.7 MB | 1.1/2.0 MB | 208/279 kBProgress (4): 9.4/14 MB | 1.9/2.7 MB | 1.1/2.0 MB | 208/279 kBProgress (4): 9.4/14 MB | 1.9/2.7 MB | 1.1/2.0 MB | 208/279 kBProgress (4): 9.4/14 MB | 2.0/2.7 MB | 1.1/2.0 MB | 208/279 kBProgress (4): 9.4/14 MB | 2.0/2.7 MB | 1.1/2.0 MB | 224/279 kBProgress (4): 9.4/14 MB | 2.0/2.7 MB | 1.1/2.0 MB | 224/279 kBProgress (4): 9.4/14 MB | 2.0/2.7 MB | 1.1/2.0 MB | 241/279 kBProgress (4): 9.4/14 MB | 2.0/2.7 MB | 1.1/2.0 MB | 241/279 kBProgress (4): 9.4/14 MB | 2.0/2.7 MB | 1.1/2.0 MB | 241/279 kBProgress (4): 9.4/14 MB | 2.0/2.7 MB | 1.1/2.0 MB | 241/279 kBProgress (4): 9.4/14 MB | 2.0/2.7 MB | 1.1/2.0 MB | 241/279 kBProgress (4): 9.4/14 MB | 2.0/2.7 MB | 1.1/2.0 MB | 257/279 kBProgress (4): 9.4/14 MB | 2.0/2.7 MB | 1.1/2.0 MB | 274/279 kBProgress (4): 9.4/14 MB | 2.0/2.7 MB | 1.1/2.0 MB | 279 kB                                                              Downloaded from central: https://repo.maven.apache.org/maven2/com/jayway/jsonpath/json-path/2.10.0/json-path-2.10.0.jar (279 kB at 5.4 kB/s)
#16 87.67 Downloading from central: https://repo.maven.apache.org/maven2/jakarta/xml/bind/jakarta.xml.bind-api/4.0.4/jakarta.xml.bind-api-4.0.4.jar
#16 87.67 Progress (3): 9.4/14 MB | 2.0/2.7 MB | 1.1/2.0 MBProgress (3): 9.4/14 MB | 2.0/2.7 MB | 1.1/2.0 MBProgress (3): 9.5/14 MB | 2.0/2.7 MB | 1.1/2.0 MBProgress (3): 9.5/14 MB | 2.0/2.7 MB | 1.1/2.0 MBProgress (3): 9.5/14 MB | 2.0/2.7 MB | 1.1/2.0 MBProgress (3): 9.5/14 MB | 2.0/2.7 MB | 1.1/2.0 MBProgress (3): 9.5/14 MB | 2.0/2.7 MB | 1.1/2.0 MBProgress (3): 9.5/14 MB | 2.1/2.7 MB | 1.1/2.0 MBProgress (3): 9.5/14 MB | 2.1/2.7 MB | 1.1/2.0 MBProgress (3): 9.5/14 MB | 2.1/2.7 MB | 1.1/2.0 MBProgress (4): 9.5/14 MB | 2.1/2.7 MB | 1.1/2.0 MB | 7.7/70 kBProgress (4): 9.5/14 MB | 2.1/2.7 MB | 1.1/2.0 MB | 12/70 kB Progress (4): 9.5/14 MB | 2.1/2.7 MB | 1.1/2.0 MB | 12/70 kBProgress (4): 9.5/14 MB | 2.1/2.7 MB | 1.1/2.0 MB | 29/70 kBProgress (4): 9.5/14 MB | 2.1/2.7 MB | 1.1/2.0 MB | 29/70 kBProgress (4): 9.5/14 MB | 2.1/2.7 MB | 1.1/2.0 MB | 45/70 kBProgress (5): 9.5/14 MB | 2.1/2.7 MB | 1.1/2.0 MB | 45/70 kB | 7.7/131 kBProgress (5): 9.5/14 MB | 2.1/2.7 MB | 1.1/2.0 MB | 45/70 kB | 11/131 kB Progress (5): 9.5/14 MB | 2.1/2.7 MB | 1.1/2.0 MB | 45/70 kB | 11/131 kBProgress (5): 9.5/14 MB | 2.2/2.7 MB | 1.1/2.0 MB | 45/70 kB | 11/131 kBProgress (5): 9.5/14 MB | 2.2/2.7 MB | 1.1/2.0 MB | 45/70 kB | 28/131 kBProgress (5): 9.5/14 MB | 2.2/2.7 MB | 1.1/2.0 MB | 45/70 kB | 28/131 kBProgress (5): 9.5/14 MB | 2.2/2.7 MB | 1.1/2.0 MB | 45/70 kB | 28/131 kBProgress (5): 9.5/14 MB | 2.2/2.7 MB | 1.1/2.0 MB | 45/70 kB | 44/131 kBProgress (5): 9.5/14 MB | 2.2/2.7 MB | 1.1/2.0 MB | 61/70 kB | 44/131 kBProgress (5): 9.5/14 MB | 2.2/2.7 MB | 1.1/2.0 MB | 61/70 kB | 61/131 kBProgress (5): 9.5/14 MB | 2.2/2.7 MB | 1.1/2.0 MB | 70 kB | 61/131 kB                                                                        Downloaded from central: https://repo.maven.apache.org/maven2/org/slf4j/slf4j-api/2.0.17/slf4j-api-2.0.17.jar (70 kB at 1.4 kB/s)
#16 87.97 Downloading from central: https://repo.maven.apache.org/maven2/jakarta/activation/jakarta.activation-api/2.1.4/jakarta.activation-api-2.1.4.jar
#16 87.97 Progress (4): 9.5/14 MB | 2.2/2.7 MB | 1.1/2.0 MB | 77/131 kBProgress (4): 9.5/14 MB | 2.2/2.7 MB | 1.1/2.0 MB | 93/131 kBProgress (4): 9.5/14 MB | 2.2/2.7 MB | 1.1/2.0 MB | 110/131 kBProgress (4): 9.5/14 MB | 2.2/2.7 MB | 1.1/2.0 MB | 110/131 kBProgress (4): 9.5/14 MB | 2.2/2.7 MB | 1.1/2.0 MB | 110/131 kBProgress (4): 9.5/14 MB | 2.2/2.7 MB | 1.1/2.0 MB | 126/131 kBProgress (4): 9.5/14 MB | 2.2/2.7 MB | 1.1/2.0 MB | 131 kB    Progress (4): 9.5/14 MB | 2.2/2.7 MB | 1.1/2.0 MB | 131 kB                                                          Downloaded from central: https://repo.maven.apache.org/maven2/jakarta/xml/bind/jakarta.xml.bind-api/4.0.4/jakarta.xml.bind-api-4.0.4.jar (131 kB at 2.5 kB/s)
#16 88.05 Downloading from central: https://repo.maven.apache.org/maven2/net/minidev/json-smart/2.6.0/json-smart-2.6.0.jar
#16 88.05 Progress (3): 9.5/14 MB | 2.2/2.7 MB | 1.1/2.0 MBProgress (3): 9.5/14 MB | 2.3/2.7 MB | 1.1/2.0 MBProgress (3): 9.5/14 MB | 2.3/2.7 MB | 1.1/2.0 MBProgress (3): 9.5/14 MB | 2.3/2.7 MB | 1.1/2.0 MBProgress (3): 9.5/14 MB | 2.3/2.7 MB | 1.1/2.0 MBProgress (3): 9.5/14 MB | 2.3/2.7 MB | 1.1/2.0 MBProgress (3): 9.5/14 MB | 2.3/2.7 MB | 1.1/2.0 MBProgress (3): 9.5/14 MB | 2.4/2.7 MB | 1.1/2.0 MBProgress (4): 9.5/14 MB | 2.4/2.7 MB | 1.1/2.0 MB | 7.7/123 kBProgress (4): 9.5/14 MB | 2.4/2.7 MB | 1.1/2.0 MB | 11/123 kB Progress (4): 9.5/14 MB | 2.4/2.7 MB | 1.1/2.0 MB | 11/123 kBProgress (4): 9.5/14 MB | 2.4/2.7 MB | 1.1/2.0 MB | 28/123 kBProgress (4): 9.5/14 MB | 2.4/2.7 MB | 1.1/2.0 MB | 28/123 kBProgress (5): 9.5/14 MB | 2.4/2.7 MB | 1.1/2.0 MB | 28/123 kB | 7.7/67 kBProgress (5): 9.5/14 MB | 2.4/2.7 MB | 1.1/2.0 MB | 28/123 kB | 16/67 kB Progress (5): 9.5/14 MB | 2.4/2.7 MB | 1.1/2.0 MB | 28/123 kB | 16/67 kBProgress (5): 9.5/14 MB | 2.4/2.7 MB | 1.1/2.0 MB | 44/123 kB | 16/67 kBProgress (5): 9.5/14 MB | 2.4/2.7 MB | 1.1/2.0 MB | 44/123 kB | 25/67 kBProgress (5): 9.5/14 MB | 2.4/2.7 MB | 1.1/2.0 MB | 44/123 kB | 25/67 kBProgress (5): 9.5/14 MB | 2.4/2.7 MB | 1.1/2.0 MB | 44/123 kB | 25/67 kBProgress (5): 9.5/14 MB | 2.4/2.7 MB | 1.1/2.0 MB | 61/123 kB | 25/67 kBProgress (5): 9.5/14 MB | 2.4/2.7 MB | 1.1/2.0 MB | 61/123 kB | 25/67 kBProgress (5): 9.5/14 MB | 2.4/2.7 MB | 1.2/2.0 MB | 61/123 kB | 25/67 kBProgress (5): 9.5/14 MB | 2.5/2.7 MB | 1.2/2.0 MB | 61/123 kB | 25/67 kBProgress (5): 9.5/14 MB | 2.5/2.7 MB | 1.2/2.0 MB | 61/123 kB | 41/67 kBProgress (5): 9.5/14 MB | 2.5/2.7 MB | 1.2/2.0 MB | 77/123 kB | 41/67 kBProgress (5): 9.5/14 MB | 2.5/2.7 MB | 1.2/2.0 MB | 77/123 kB | 41/67 kBProgress (5): 9.5/14 MB | 2.5/2.7 MB | 1.2/2.0 MB | 77/123 kB | 41/67 kBProgress (5): 9.5/14 MB | 2.5/2.7 MB | 1.2/2.0 MB | 93/123 kB | 41/67 kBProgress (5): 9.5/14 MB | 2.5/2.7 MB | 1.2/2.0 MB | 93/123 kB | 41/67 kBProgress (5): 9.5/14 MB | 2.5/2.7 MB | 1.2/2.0 MB | 93/123 kB | 41/67 kBProgress (5): 9.5/14 MB | 2.5/2.7 MB | 1.2/2.0 MB | 93/123 kB | 41/67 kBProgress (5): 9.5/14 MB | 2.5/2.7 MB | 1.2/2.0 MB | 93/123 kB | 41/67 kBProgress (5): 9.5/14 MB | 2.5/2.7 MB | 1.2/2.0 MB | 93/123 kB | 57/67 kBProgress (5): 9.5/14 MB | 2.5/2.7 MB | 1.2/2.0 MB | 110/123 kB | 57/67 kBProgress (5): 9.5/14 MB | 2.5/2.7 MB | 1.2/2.0 MB | 110/123 kB | 57/67 kBProgress (5): 9.5/14 MB | 2.5/2.7 MB | 1.2/2.0 MB | 123 kB | 57/67 kB    Progress (5): 9.5/14 MB | 2.5/2.7 MB | 1.2/2.0 MB | 123 kB | 67 kB   Progress (5): 9.5/14 MB | 2.5/2.7 MB | 1.2/2.0 MB | 123 kB | 67 kBProgress (5): 9.5/14 MB | 2.5/2.7 MB | 1.2/2.0 MB | 123 kB | 67 kB                                                                  Downloaded from central: https://repo.maven.apache.org/maven2/jakarta/activation/jakarta.activation-api/2.1.4/jakarta.activation-api-2.1.4.jar (67 kB at 1.3 kB/s)
#16 88.35 Downloading from central: https://repo.maven.apache.org/maven2/net/minidev/accessors-smart/2.6.0/accessors-smart-2.6.0.jar
#16 88.35 Progress (4): 9.5/14 MB | 2.5/2.7 MB | 1.2/2.0 MB | 123 kB                                                          Downloaded from central: https://repo.maven.apache.org/maven2/net/minidev/json-smart/2.6.0/json-smart-2.6.0.jar (123 kB at 2.4 kB/s)
#16 88.35 Downloading from central: https://repo.maven.apache.org/maven2/org/ow2/asm/asm/9.7.1/asm-9.7.1.jar
#16 88.35 Progress (3): 9.5/14 MB | 2.5/2.7 MB | 1.2/2.0 MBProgress (3): 9.5/14 MB | 2.6/2.7 MB | 1.2/2.0 MBProgress (3): 9.5/14 MB | 2.6/2.7 MB | 1.2/2.0 MBProgress (3): 9.5/14 MB | 2.6/2.7 MB | 1.2/2.0 MBProgress (3): 9.5/14 MB | 2.6/2.7 MB | 1.2/2.0 MBProgress (3): 9.5/14 MB | 2.6/2.7 MB | 1.2/2.0 MBProgress (3): 9.6/14 MB | 2.6/2.7 MB | 1.2/2.0 MBProgress (3): 9.6/14 MB | 2.6/2.7 MB | 1.2/2.0 MBProgress (3): 9.6/14 MB | 2.6/2.7 MB | 1.2/2.0 MBProgress (3): 9.6/14 MB | 2.6/2.7 MB | 1.2/2.0 MBProgress (3): 9.6/14 MB | 2.6/2.7 MB | 1.3/2.0 MBProgress (3): 9.6/14 MB | 2.6/2.7 MB | 1.3/2.0 MBProgress (3): 9.6/14 MB | 2.6/2.7 MB | 1.3/2.0 MBProgress (3): 9.6/14 MB | 2.7/2.7 MB | 1.3/2.0 MBProgress (3): 9.6/14 MB | 2.7/2.7 MB | 1.3/2.0 MBProgress (3): 9.6/14 MB | 2.7/2.7 MB | 1.3/2.0 MBProgress (3): 9.6/14 MB | 2.7/2.7 MB | 1.3/2.0 MBProgress (3): 9.6/14 MB | 2.7/2.7 MB | 1.3/2.0 MBProgress (4): 9.6/14 MB | 2.7/2.7 MB | 1.3/2.0 MB | 7.7/30 kBProgress (4): 9.6/14 MB | 2.7/2.7 MB | 1.3/2.0 MB | 16/30 kB Progress (4): 9.6/14 MB | 2.7 MB | 1.3/2.0 MB | 16/30 kB                                                            Downloaded from central: https://repo.maven.apache.org/maven2/com/h2database/h2/2.4.240/h2-2.4.240.jar (2.7 MB at 51 kB/s)
#16 88.48 Downloading from central: https://repo.maven.apache.org/maven2/org/assertj/assertj-core/3.27.7/assertj-core-3.27.7.jar
#16 88.49 Progress (3): 9.6/14 MB | 1.3/2.0 MB | 25/30 kBProgress (3): 9.6/14 MB | 1.3/2.0 MB | 30 kB   Progress (3): 9.6/14 MB | 1.3/2.0 MB | 30 kBProgress (3): 9.6/14 MB | 1.3/2.0 MB | 30 kBProgress (4): 9.6/14 MB | 1.3/2.0 MB | 30 kB | 7.7/126 kBProgress (4): 9.6/14 MB | 1.3/2.0 MB | 30 kB | 15/126 kB                                                         Downloaded from central: https://repo.maven.apache.org/maven2/net/minidev/accessors-smart/2.6.0/accessors-smart-2.6.0.jar (30 kB at 578 B/s)
#16 88.49 Downloading from central: https://repo.maven.apache.org/maven2/net/bytebuddy/byte-buddy/1.17.8/byte-buddy-1.17.8.jar
#16 88.53 Progress (3): 9.6/14 MB | 1.3/2.0 MB | 15/126 kBProgress (3): 9.6/14 MB | 1.3/2.0 MB | 32/126 kBProgress (3): 9.6/14 MB | 1.3/2.0 MB | 32/126 kBProgress (3): 9.6/14 MB | 1.3/2.0 MB | 32/126 kBProgress (3): 9.6/14 MB | 1.3/2.0 MB | 48/126 kBProgress (3): 9.6/14 MB | 1.3/2.0 MB | 48/126 kBProgress (3): 9.6/14 MB | 1.3/2.0 MB | 48/126 kBProgress (3): 9.7/14 MB | 1.3/2.0 MB | 48/126 kBProgress (3): 9.7/14 MB | 1.3/2.0 MB | 65/126 kBProgress (3): 9.7/14 MB | 1.4/2.0 MB | 65/126 kBProgress (4): 9.7/14 MB | 1.4/2.0 MB | 65/126 kB | 0/1.4 MBProgress (4): 9.7/14 MB | 1.4/2.0 MB | 65/126 kB | 0/1.4 MBProgress (5): 9.7/14 MB | 1.4/2.0 MB | 65/126 kB | 0/1.4 MB | 0/9.0 MBProgress (5): 9.7/14 MB | 1.4/2.0 MB | 65/126 kB | 0/1.4 MB | 0/9.0 MBProgress (5): 9.7/14 MB | 1.4/2.0 MB | 65/126 kB | 0/1.4 MB | 0/9.0 MBProgress (5): 9.7/14 MB | 1.4/2.0 MB | 65/126 kB | 0/1.4 MB | 0/9.0 MBProgress (5): 9.7/14 MB | 1.4/2.0 MB | 65/126 kB | 0/1.4 MB | 0/9.0 MBProgress (5): 9.7/14 MB | 1.4/2.0 MB | 81/126 kB | 0/1.4 MB | 0/9.0 MBProgress (5): 9.7/14 MB | 1.4/2.0 MB | 81/126 kB | 0/1.4 MB | 0/9.0 MBProgress (5): 9.7/14 MB | 1.4/2.0 MB | 81/126 kB | 0/1.4 MB | 0/9.0 MBProgress (5): 9.7/14 MB | 1.4/2.0 MB | 81/126 kB | 0/1.4 MB | 0/9.0 MBProgress (5): 9.7/14 MB | 1.4/2.0 MB | 81/126 kB | 0/1.4 MB | 0/9.0 MBProgress (5): 9.7/14 MB | 1.4/2.0 MB | 81/126 kB | 0.1/1.4 MB | 0/9.0 MBProgress (5): 9.7/14 MB | 1.4/2.0 MB | 81/126 kB | 0.1/1.4 MB | 0/9.0 MBProgress (5): 9.7/14 MB | 1.4/2.0 MB | 81/126 kB | 0.1/1.4 MB | 0/9.0 MBProgress (5): 9.7/14 MB | 1.4/2.0 MB | 97/126 kB | 0.1/1.4 MB | 0/9.0 MBProgress (5): 9.7/14 MB | 1.4/2.0 MB | 97/126 kB | 0.1/1.4 MB | 0/9.0 MBProgress (5): 9.7/14 MB | 1.4/2.0 MB | 97/126 kB | 0.1/1.4 MB | 0/9.0 MBProgress (5): 9.7/14 MB | 1.4/2.0 MB | 97/126 kB | 0.1/1.4 MB | 0.1/9.0 MBProgress (5): 9.7/14 MB | 1.4/2.0 MB | 97/126 kB | 0.1/1.4 MB | 0.1/9.0 MBProgress (5): 9.7/14 MB | 1.4/2.0 MB | 97/126 kB | 0.1/1.4 MB | 0.1/9.0 MBProgress (5): 9.7/14 MB | 1.4/2.0 MB | 97/126 kB | 0.1/1.4 MB | 0.1/9.0 MBProgress (5): 9.7/14 MB | 1.4/2.0 MB | 97/126 kB | 0.1/1.4 MB | 0.1/9.0 MBProgress (5): 9.7/14 MB | 1.4/2.0 MB | 97/126 kB | 0.1/1.4 MB | 0.1/9.0 MBProgress (5): 9.7/14 MB | 1.4/2.0 MB | 97/126 kB | 0.1/1.4 MB | 0.1/9.0 MBProgress (5): 9.7/14 MB | 1.4/2.0 MB | 97/126 kB | 0.1/1.4 MB | 0.1/9.0 MBProgress (5): 9.7/14 MB | 1.4/2.0 MB | 114/126 kB | 0.1/1.4 MB | 0.1/9.0 MBProgress (5): 9.7/14 MB | 1.4/2.0 MB | 114/126 kB | 0.1/1.4 MB | 0.1/9.0 MBProgress (5): 9.7/14 MB | 1.4/2.0 MB | 114/126 kB | 0.1/1.4 MB | 0.1/9.0 MBProgress (5): 9.7/14 MB | 1.4/2.0 MB | 114/126 kB | 0.1/1.4 MB | 0.1/9.0 MBProgress (5): 9.7/14 MB | 1.4/2.0 MB | 114/126 kB | 0.1/1.4 MB | 0.1/9.0 MBProgress (5): 9.7/14 MB | 1.4/2.0 MB | 126 kB | 0.1/1.4 MB | 0.1/9.0 MB    Progress (5): 9.7/14 MB | 1.4/2.0 MB | 126 kB | 0.2/1.4 MB | 0.1/9.0 MB                                                                       Downloaded from central: https://repo.maven.apache.org/maven2/org/ow2/asm/asm/9.7.1/asm-9.7.1.jar (126 kB at 2.4 kB/s)
#16 89.24 Downloading from central: https://repo.maven.apache.org/maven2/org/awaitility/awaitility/4.3.0/awaitility-4.3.0.jar
#16 89.24 Progress (4): 9.7/14 MB | 1.4/2.0 MB | 0.2/1.4 MB | 0.1/9.0 MBProgress (4): 9.7/14 MB | 1.4/2.0 MB | 0.2/1.4 MB | 0.1/9.0 MBProgress (4): 9.7/14 MB | 1.4/2.0 MB | 0.2/1.4 MB | 0.1/9.0 MBProgress (4): 9.7/14 MB | 1.4/2.0 MB | 0.2/1.4 MB | 0.1/9.0 MBProgress (4): 9.7/14 MB | 1.5/2.0 MB | 0.2/1.4 MB | 0.1/9.0 MBProgress (4): 9.7/14 MB | 1.5/2.0 MB | 0.2/1.4 MB | 0.1/9.0 MBProgress (4): 9.7/14 MB | 1.5/2.0 MB | 0.2/1.4 MB | 0.1/9.0 MBProgress (4): 9.7/14 MB | 1.5/2.0 MB | 0.2/1.4 MB | 0.1/9.0 MBProgress (4): 9.8/14 MB | 1.5/2.0 MB | 0.2/1.4 MB | 0.1/9.0 MBProgress (4): 9.8/14 MB | 1.5/2.0 MB | 0.2/1.4 MB | 0.1/9.0 MBProgress (4): 9.8/14 MB | 1.5/2.0 MB | 0.2/1.4 MB | 0.1/9.0 MBProgress (4): 9.8/14 MB | 1.5/2.0 MB | 0.2/1.4 MB | 0.2/9.0 MBProgress (4): 9.8/14 MB | 1.5/2.0 MB | 0.2/1.4 MB | 0.2/9.0 MBProgress (4): 9.8/14 MB | 1.5/2.0 MB | 0.2/1.4 MB | 0.2/9.0 MBProgress (4): 9.8/14 MB | 1.5/2.0 MB | 0.3/1.4 MB | 0.2/9.0 MBProgress (4): 9.8/14 MB | 1.5/2.0 MB | 0.3/1.4 MB | 0.2/9.0 MBProgress (4): 9.8/14 MB | 1.5/2.0 MB | 0.3/1.4 MB | 0.2/9.0 MBProgress (4): 9.8/14 MB | 1.5/2.0 MB | 0.3/1.4 MB | 0.2/9.0 MBProgress (4): 9.8/14 MB | 1.5/2.0 MB | 0.3/1.4 MB | 0.2/9.0 MBProgress (4): 9.8/14 MB | 1.5/2.0 MB | 0.3/1.4 MB | 0.2/9.0 MBProgress (4): 9.8/14 MB | 1.5/2.0 MB | 0.3/1.4 MB | 0.2/9.0 MBProgress (4): 9.8/14 MB | 1.5/2.0 MB | 0.3/1.4 MB | 0.2/9.0 MBProgress (4): 9.8/14 MB | 1.5/2.0 MB | 0.3/1.4 MB | 0.2/9.0 MBProgress (4): 9.8/14 MB | 1.5/2.0 MB | 0.3/1.4 MB | 0.2/9.0 MBProgress (4): 9.8/14 MB | 1.5/2.0 MB | 0.3/1.4 MB | 0.2/9.0 MBProgress (4): 9.8/14 MB | 1.5/2.0 MB | 0.3/1.4 MB | 0.2/9.0 MBProgress (4): 9.8/14 MB | 1.5/2.0 MB | 0.3/1.4 MB | 0.2/9.0 MBProgress (4): 9.8/14 MB | 1.5/2.0 MB | 0.3/1.4 MB | 0.2/9.0 MBProgress (4): 9.8/14 MB | 1.5/2.0 MB | 0.3/1.4 MB | 0.2/9.0 MBProgress (4): 9.8/14 MB | 1.5/2.0 MB | 0.3/1.4 MB | 0.2/9.0 MBProgress (4): 9.8/14 MB | 1.5/2.0 MB | 0.3/1.4 MB | 0.2/9.0 MBProgress (4): 9.8/14 MB | 1.5/2.0 MB | 0.4/1.4 MB | 0.2/9.0 MBProgress (4): 9.8/14 MB | 1.5/2.0 MB | 0.4/1.4 MB | 0.2/9.0 MBProgress (4): 9.8/14 MB | 1.5/2.0 MB | 0.4/1.4 MB | 0.2/9.0 MBProgress (4): 9.8/14 MB | 1.5/2.0 MB | 0.4/1.4 MB | 0.2/9.0 MBProgress (4): 9.8/14 MB | 1.6/2.0 MB | 0.4/1.4 MB | 0.2/9.0 MBProgress (4): 9.8/14 MB | 1.6/2.0 MB | 0.4/1.4 MB | 0.2/9.0 MBProgress (4): 9.8/14 MB | 1.6/2.0 MB | 0.4/1.4 MB | 0.3/9.0 MBProgress (5): 9.8/14 MB | 1.6/2.0 MB | 0.4/1.4 MB | 0.3/9.0 MB | 7.7/98 kBProgress (5): 9.8/14 MB | 1.6/2.0 MB | 0.4/1.4 MB | 0.3/9.0 MB | 11/98 kB Progress (5): 9.8/14 MB | 1.6/2.0 MB | 0.4/1.4 MB | 0.3/9.0 MB | 11/98 kBProgress (5): 9.8/14 MB | 1.6/2.0 MB | 0.4/1.4 MB | 0.3/9.0 MB | 11/98 kBProgress (5): 9.8/14 MB | 1.6/2.0 MB | 0.4/1.4 MB | 0.3/9.0 MB | 11/98 kBProgress (5): 9.8/14 MB | 1.6/2.0 MB | 0.4/1.4 MB | 0.3/9.0 MB | 11/98 kBProgress (5): 9.8/14 MB | 1.6/2.0 MB | 0.4/1.4 MB | 0.3/9.0 MB | 11/98 kBProgress (5): 9.8/14 MB | 1.6/2.0 MB | 0.4/1.4 MB | 0.3/9.0 MB | 11/98 kBProgress (5): 9.8/14 MB | 1.6/2.0 MB | 0.4/1.4 MB | 0.3/9.0 MB | 28/98 kBProgress (5): 9.8/14 MB | 1.6/2.0 MB | 0.4/1.4 MB | 0.3/9.0 MB | 28/98 kBProgress (5): 9.8/14 MB | 1.6/2.0 MB | 0.4/1.4 MB | 0.3/9.0 MB | 44/98 kBProgress (5): 9.8/14 MB | 1.6/2.0 MB | 0.4/1.4 MB | 0.3/9.0 MB | 61/98 kBProgress (5): 9.8/14 MB | 1.6/2.0 MB | 0.4/1.4 MB | 0.3/9.0 MB | 77/98 kBProgress (5): 9.9/14 MB | 1.6/2.0 MB | 0.4/1.4 MB | 0.3/9.0 MB | 77/98 kBProgress (5): 9.9/14 MB | 1.6/2.0 MB | 0.5/1.4 MB | 0.3/9.0 MB | 77/98 kBProgress (5): 9.9/14 MB | 1.6/2.0 MB | 0.5/1.4 MB | 0.3/9.0 MB | 77/98 kBProgress (5): 9.9/14 MB | 1.6/2.0 MB | 0.5/1.4 MB | 0.3/9.0 MB | 77/98 kBProgress (5): 9.9/14 MB | 1.6/2.0 MB | 0.5/1.4 MB | 0.3/9.0 MB | 77/98 kBProgress (5): 9.9/14 MB | 1.6/2.0 MB | 0.5/1.4 MB | 0.3/9.0 MB | 77/98 kBProgress (5): 9.9/14 MB | 1.6/2.0 MB | 0.5/1.4 MB | 0.3/9.0 MB | 77/98 kBProgress (5): 9.9/14 MB | 1.6/2.0 MB | 0.5/1.4 MB | 0.3/9.0 MB | 77/98 kBProgress (5): 9.9/14 MB | 1.6/2.0 MB | 0.5/1.4 MB | 0.3/9.0 MB | 77/98 kBProgress (5): 9.9/14 MB | 1.6/2.0 MB | 0.5/1.4 MB | 0.3/9.0 MB | 77/98 kBProgress (5): 9.9/14 MB | 1.6/2.0 MB | 0.5/1.4 MB | 0.3/9.0 MB | 77/98 kBProgress (5): 9.9/14 MB | 1.6/2.0 MB | 0.5/1.4 MB | 0.3/9.0 MB | 77/98 kBProgress (5): 9.9/14 MB | 1.6/2.0 MB | 0.5/1.4 MB | 0.3/9.0 MB | 77/98 kBProgress (5): 9.9/14 MB | 1.6/2.0 MB | 0.5/1.4 MB | 0.3/9.0 MB | 77/98 kBProgress (5): 9.9/14 MB | 1.6/2.0 MB | 0.5/1.4 MB | 0.3/9.0 MB | 77/98 kBProgress (5): 9.9/14 MB | 1.6/2.0 MB | 0.5/1.4 MB | 0.3/9.0 MB | 77/98 kBProgress (5): 9.9/14 MB | 1.6/2.0 MB | 0.5/1.4 MB | 0.3/9.0 MB | 77/98 kBProgress (5): 9.9/14 MB | 1.6/2.0 MB | 0.6/1.4 MB | 0.3/9.0 MB | 77/98 kBProgress (5): 9.9/14 MB | 1.6/2.0 MB | 0.6/1.4 MB | 0.3/9.0 MB | 77/98 kBProgress (5): 9.9/14 MB | 1.6/2.0 MB | 0.6/1.4 MB | 0.4/9.0 MB | 77/98 kBProgress (5): 9.9/14 MB | 1.6/2.0 MB | 0.6/1.4 MB | 0.4/9.0 MB | 77/98 kBProgress (5): 9.9/14 MB | 1.7/2.0 MB | 0.6/1.4 MB | 0.4/9.0 MB | 77/98 kBProgress (5): 9.9/14 MB | 1.7/2.0 MB | 0.6/1.4 MB | 0.4/9.0 MB | 77/98 kBProgress (5): 9.9/14 MB | 1.7/2.0 MB | 0.6/1.4 MB | 0.4/9.0 MB | 77/98 kBProgress (5): 9.9/14 MB | 1.7/2.0 MB | 0.6/1.4 MB | 0.4/9.0 MB | 77/98 kBProgress (5): 9.9/14 MB | 1.7/2.0 MB | 0.6/1.4 MB | 0.4/9.0 MB | 77/98 kBProgress (5): 9.9/14 MB | 1.7/2.0 MB | 0.6/1.4 MB | 0.4/9.0 MB | 93/98 kBProgress (5): 9.9/14 MB | 1.7/2.0 MB | 0.6/1.4 MB | 0.4/9.0 MB | 93/98 kBProgress (5): 9.9/14 MB | 1.7/2.0 MB | 0.6/1.4 MB | 0.4/9.0 MB | 93/98 kBProgress (5): 9.9/14 MB | 1.7/2.0 MB | 0.6/1.4 MB | 0.4/9.0 MB | 98 kB   Progress (5): 9.9/14 MB | 1.7/2.0 MB | 0.6/1.4 MB | 0.4/9.0 MB | 98 kB                                                                      Downloaded from central: https://repo.maven.apache.org/maven2/org/awaitility/awaitility/4.3.0/awaitility-4.3.0.jar (98 kB at 1.8 kB/s)
#16 90.41 Downloading from central: https://repo.maven.apache.org/maven2/org/hamcrest/hamcrest/3.0/hamcrest-3.0.jar
#16 90.42 Progress (4): 9.9/14 MB | 1.7/2.0 MB | 0.6/1.4 MB | 0.4/9.0 MBProgress (4): 9.9/14 MB | 1.7/2.0 MB | 0.7/1.4 MB | 0.4/9.0 MBProgress (4): 9.9/14 MB | 1.7/2.0 MB | 0.7/1.4 MB | 0.4/9.0 MBProgress (4): 10.0/14 MB | 1.7/2.0 MB | 0.7/1.4 MB | 0.4/9.0 MBProgress (4): 10.0/14 MB | 1.7/2.0 MB | 0.7/1.4 MB | 0.4/9.0 MBProgress (4): 10.0/14 MB | 1.7/2.0 MB | 0.7/1.4 MB | 0.4/9.0 MBProgress (4): 10.0/14 MB | 1.7/2.0 MB | 0.7/1.4 MB | 0.4/9.0 MBProgress (4): 10.0/14 MB | 1.7/2.0 MB | 0.7/1.4 MB | 0.4/9.0 MBProgress (4): 10.0/14 MB | 1.7/2.0 MB | 0.7/1.4 MB | 0.4/9.0 MBProgress (4): 10.0/14 MB | 1.7/2.0 MB | 0.7/1.4 MB | 0.4/9.0 MBProgress (4): 10.0/14 MB | 1.7/2.0 MB | 0.7/1.4 MB | 0.4/9.0 MBProgress (4): 10.0/14 MB | 1.7/2.0 MB | 0.7/1.4 MB | 0.4/9.0 MBProgress (4): 10.0/14 MB | 1.7/2.0 MB | 0.7/1.4 MB | 0.4/9.0 MBProgress (4): 10.0/14 MB | 1.7/2.0 MB | 0.7/1.4 MB | 0.4/9.0 MBProgress (4): 10.0/14 MB | 1.7/2.0 MB | 0.7/1.4 MB | 0.4/9.0 MBProgress (4): 10.0/14 MB | 1.7/2.0 MB | 0.7/1.4 MB | 0.4/9.0 MBProgress (4): 10.0/14 MB | 1.7/2.0 MB | 0.7/1.4 MB | 0.5/9.0 MBProgress (4): 10.0/14 MB | 1.7/2.0 MB | 0.8/1.4 MB | 0.5/9.0 MBProgress (4): 10.0/14 MB | 1.7/2.0 MB | 0.8/1.4 MB | 0.5/9.0 MBProgress (4): 10.0/14 MB | 1.7/2.0 MB | 0.8/1.4 MB | 0.5/9.0 MBProgress (4): 10.0/14 MB | 1.7/2.0 MB | 0.8/1.4 MB | 0.5/9.0 MBProgress (4): 10.0/14 MB | 1.7/2.0 MB | 0.8/1.4 MB | 0.5/9.0 MBProgress (4): 10.0/14 MB | 1.7/2.0 MB | 0.8/1.4 MB | 0.5/9.0 MBProgress (4): 10/14 MB | 1.7/2.0 MB | 0.8/1.4 MB | 0.5/9.0 MB  Progress (4): 10/14 MB | 1.7/2.0 MB | 0.8/1.4 MB | 0.5/9.0 MBProgress (4): 10/14 MB | 1.8/2.0 MB | 0.8/1.4 MB | 0.5/9.0 MBProgress (4): 10/14 MB | 1.8/2.0 MB | 0.8/1.4 MB | 0.5/9.0 MBProgress (4): 10/14 MB | 1.8/2.0 MB | 0.8/1.4 MB | 0.5/9.0 MBProgress (4): 10/14 MB | 1.8/2.0 MB | 0.8/1.4 MB | 0.5/9.0 MBProgress (4): 10/14 MB | 1.8/2.0 MB | 0.8/1.4 MB | 0.5/9.0 MBProgress (4): 10/14 MB | 1.8/2.0 MB | 0.8/1.4 MB | 0.5/9.0 MBProgress (4): 10/14 MB | 1.8/2.0 MB | 0.9/1.4 MB | 0.5/9.0 MBProgress (4): 10/14 MB | 1.8/2.0 MB | 0.9/1.4 MB | 0.5/9.0 MBProgress (5): 10/14 MB | 1.8/2.0 MB | 0.9/1.4 MB | 0.5/9.0 MB | 7.7/126 kBProgress (5): 10/14 MB | 1.8/2.0 MB | 0.9/1.4 MB | 0.5/9.0 MB | 11/126 kB Progress (5): 10/14 MB | 1.8/2.0 MB | 0.9/1.4 MB | 0.5/9.0 MB | 11/126 kBProgress (5): 10/14 MB | 1.8/2.0 MB | 0.9/1.4 MB | 0.5/9.0 MB | 11/126 kBProgress (5): 10/14 MB | 1.8/2.0 MB | 0.9/1.4 MB | 0.5/9.0 MB | 11/126 kBProgress (5): 10/14 MB | 1.8/2.0 MB | 0.9/1.4 MB | 0.5/9.0 MB | 11/126 kBProgress (5): 10/14 MB | 1.8/2.0 MB | 0.9/1.4 MB | 0.5/9.0 MB | 11/126 kBProgress (5): 10/14 MB | 1.8/2.0 MB | 0.9/1.4 MB | 0.6/9.0 MB | 11/126 kBProgress (5): 10/14 MB | 1.8/2.0 MB | 0.9/1.4 MB | 0.6/9.0 MB | 28/126 kBProgress (5): 10/14 MB | 1.8/2.0 MB | 0.9/1.4 MB | 0.6/9.0 MB | 28/126 kBProgress (5): 10/14 MB | 1.8/2.0 MB | 0.9/1.4 MB | 0.6/9.0 MB | 28/126 kBProgress (5): 10/14 MB | 1.8/2.0 MB | 0.9/1.4 MB | 0.6/9.0 MB | 28/126 kBProgress (5): 10/14 MB | 1.8/2.0 MB | 0.9/1.4 MB | 0.6/9.0 MB | 28/126 kBProgress (5): 10/14 MB | 1.8/2.0 MB | 0.9/1.4 MB | 0.6/9.0 MB | 28/126 kBProgress (5): 10/14 MB | 1.8/2.0 MB | 0.9/1.4 MB | 0.6/9.0 MB | 28/126 kBProgress (5): 10/14 MB | 1.8/2.0 MB | 0.9/1.4 MB | 0.6/9.0 MB | 28/126 kBProgress (5): 10/14 MB | 1.8/2.0 MB | 0.9/1.4 MB | 0.6/9.0 MB | 44/126 kBProgress (5): 10/14 MB | 1.8/2.0 MB | 0.9/1.4 MB | 0.6/9.0 MB | 44/126 kBProgress (5): 10/14 MB | 1.8/2.0 MB | 0.9/1.4 MB | 0.6/9.0 MB | 44/126 kBProgress (5): 10/14 MB | 1.8/2.0 MB | 1.0/1.4 MB | 0.6/9.0 MB | 44/126 kBProgress (5): 10/14 MB | 1.8/2.0 MB | 1.0/1.4 MB | 0.6/9.0 MB | 44/126 kBProgress (5): 10/14 MB | 1.8/2.0 MB | 1.0/1.4 MB | 0.6/9.0 MB | 44/126 kBProgress (5): 10/14 MB | 1.8/2.0 MB | 1.0/1.4 MB | 0.6/9.0 MB | 44/126 kBProgress (5): 10/14 MB | 1.8/2.0 MB | 1.0/1.4 MB | 0.6/9.0 MB | 44/126 kBProgress (5): 10/14 MB | 1.8/2.0 MB | 1.0/1.4 MB | 0.6/9.0 MB | 61/126 kBProgress (5): 10/14 MB | 1.8/2.0 MB | 1.0/1.4 MB | 0.6/9.0 MB | 61/126 kBProgress (5): 10/14 MB | 1.8/2.0 MB | 1.0/1.4 MB | 0.6/9.0 MB | 61/126 kBProgress (5): 10/14 MB | 1.8/2.0 MB | 1.0/1.4 MB | 0.6/9.0 MB | 61/126 kBProgress (5): 10/14 MB | 1.8/2.0 MB | 1.0/1.4 MB | 0.6/9.0 MB | 61/126 kBProgress (5): 10/14 MB | 1.9/2.0 MB | 1.0/1.4 MB | 0.6/9.0 MB | 61/126 kBProgress (5): 10/14 MB | 1.9/2.0 MB | 1.0/1.4 MB | 0.6/9.0 MB | 61/126 kBProgress (5): 10/14 MB | 1.9/2.0 MB | 1.0/1.4 MB | 0.6/9.0 MB | 77/126 kBProgress (5): 10/14 MB | 1.9/2.0 MB | 1.0/1.4 MB | 0.6/9.0 MB | 77/126 kBProgress (5): 10/14 MB | 1.9/2.0 MB | 1.0/1.4 MB | 0.7/9.0 MB | 77/126 kBProgress (5): 10/14 MB | 1.9/2.0 MB | 1.0/1.4 MB | 0.7/9.0 MB | 77/126 kBProgress (5): 10/14 MB | 1.9/2.0 MB | 1.0/1.4 MB | 0.7/9.0 MB | 77/126 kBProgress (5): 10/14 MB | 1.9/2.0 MB | 1.0/1.4 MB | 0.7/9.0 MB | 77/126 kBProgress (5): 10/14 MB | 1.9/2.0 MB | 1.0/1.4 MB | 0.7/9.0 MB | 77/126 kBProgress (5): 10/14 MB | 1.9/2.0 MB | 1.0/1.4 MB | 0.7/9.0 MB | 93/126 kBProgress (5): 10/14 MB | 1.9/2.0 MB | 1.1/1.4 MB | 0.7/9.0 MB | 93/126 kBProgress (5): 10/14 MB | 1.9/2.0 MB | 1.1/1.4 MB | 0.7/9.0 MB | 93/126 kBProgress (5): 10/14 MB | 1.9/2.0 MB | 1.1/1.4 MB | 0.7/9.0 MB | 93/126 kBProgress (5): 10/14 MB | 1.9/2.0 MB | 1.1/1.4 MB | 0.7/9.0 MB | 93/126 kBProgress (5): 10/14 MB | 1.9/2.0 MB | 1.1/1.4 MB | 0.7/9.0 MB | 93/126 kBProgress (5): 10/14 MB | 1.9/2.0 MB | 1.1/1.4 MB | 0.7/9.0 MB | 110/126 kBProgress (5): 10/14 MB | 1.9/2.0 MB | 1.1/1.4 MB | 0.7/9.0 MB | 110/126 kBProgress (5): 10/14 MB | 1.9/2.0 MB | 1.1/1.4 MB | 0.7/9.0 MB | 110/126 kBProgress (5): 10/14 MB | 1.9/2.0 MB | 1.1/1.4 MB | 0.7/9.0 MB | 110/126 kBProgress (5): 10/14 MB | 1.9/2.0 MB | 1.1/1.4 MB | 0.7/9.0 MB | 110/126 kBProgress (5): 10/14 MB | 1.9/2.0 MB | 1.1/1.4 MB | 0.7/9.0 MB | 110/126 kBProgress (5): 10/14 MB | 1.9/2.0 MB | 1.1/1.4 MB | 0.7/9.0 MB | 110/126 kBProgress (5): 10/14 MB | 1.9/2.0 MB | 1.1/1.4 MB | 0.7/9.0 MB | 110/126 kBProgress (5): 10/14 MB | 1.9/2.0 MB | 1.1/1.4 MB | 0.7/9.0 MB | 110/126 kBProgress (5): 10/14 MB | 1.9/2.0 MB | 1.1/1.4 MB | 0.7/9.0 MB | 110/126 kBProgress (5): 10/14 MB | 1.9/2.0 MB | 1.1/1.4 MB | 0.7/9.0 MB | 126/126 kBProgress (5): 10/14 MB | 1.9/2.0 MB | 1.1/1.4 MB | 0.7/9.0 MB | 126 kB    Progress (5): 10/14 MB | 1.9/2.0 MB | 1.1/1.4 MB | 0.7/9.0 MB | 126 kB                                                                      Downloaded from central: https://repo.maven.apache.org/maven2/org/hamcrest/hamcrest/3.0/hamcrest-3.0.jar (126 kB at 2.3 kB/s)
#16 90.87 Downloading from central: https://repo.maven.apache.org/maven2/org/junit/jupiter/junit-jupiter/6.0.3/junit-jupiter-6.0.3.jar
#16 90.88 Progress (4): 10/14 MB | 1.9/2.0 MB | 1.2/1.4 MB | 0.7/9.0 MBProgress (4): 10/14 MB | 1.9/2.0 MB | 1.2/1.4 MB | 0.7/9.0 MBProgress (4): 10/14 MB | 1.9/2.0 MB | 1.2/1.4 MB | 0.7/9.0 MBProgress (4): 10/14 MB | 1.9/2.0 MB | 1.2/1.4 MB | 0.7/9.0 MBProgress (4): 10/14 MB | 1.9/2.0 MB | 1.2/1.4 MB | 0.7/9.0 MBProgress (4): 10/14 MB | 1.9/2.0 MB | 1.2/1.4 MB | 0.7/9.0 MBProgress (4): 10/14 MB | 1.9/2.0 MB | 1.2/1.4 MB | 0.7/9.0 MBProgress (4): 10/14 MB | 1.9/2.0 MB | 1.2/1.4 MB | 0.7/9.0 MBProgress (4): 10/14 MB | 1.9/2.0 MB | 1.2/1.4 MB | 0.7/9.0 MBProgress (4): 10/14 MB | 1.9/2.0 MB | 1.2/1.4 MB | 0.7/9.0 MBProgress (4): 10/14 MB | 1.9/2.0 MB | 1.2/1.4 MB | 0.8/9.0 MBProgress (4): 10/14 MB | 1.9/2.0 MB | 1.2/1.4 MB | 0.8/9.0 MBProgress (4): 10/14 MB | 1.9/2.0 MB | 1.2/1.4 MB | 0.8/9.0 MBProgress (4): 10/14 MB | 1.9/2.0 MB | 1.2/1.4 MB | 0.8/9.0 MBProgress (4): 10/14 MB | 1.9/2.0 MB | 1.3/1.4 MB | 0.8/9.0 MBProgress (4): 10/14 MB | 1.9/2.0 MB | 1.3/1.4 MB | 0.8/9.0 MBProgress (4): 10/14 MB | 1.9/2.0 MB | 1.3/1.4 MB | 0.8/9.0 MBProgress (4): 10/14 MB | 2.0/2.0 MB | 1.3/1.4 MB | 0.8/9.0 MBProgress (4): 10/14 MB | 2.0/2.0 MB | 1.3/1.4 MB | 0.8/9.0 MBProgress (4): 10/14 MB | 2.0/2.0 MB | 1.3/1.4 MB | 0.8/9.0 MBProgress (4): 10/14 MB | 2.0/2.0 MB | 1.3/1.4 MB | 0.8/9.0 MBProgress (4): 10/14 MB | 2.0/2.0 MB | 1.3/1.4 MB | 0.8/9.0 MBProgress (4): 10/14 MB | 2.0/2.0 MB | 1.3/1.4 MB | 0.8/9.0 MBProgress (4): 10/14 MB | 2.0/2.0 MB | 1.3/1.4 MB | 0.8/9.0 MBProgress (4): 10/14 MB | 2.0/2.0 MB | 1.3/1.4 MB | 0.8/9.0 MBProgress (4): 10/14 MB | 2.0/2.0 MB | 1.3/1.4 MB | 0.8/9.0 MBProgress (4): 10/14 MB | 2.0/2.0 MB | 1.3/1.4 MB | 0.8/9.0 MBProgress (4): 10/14 MB | 2.0/2.0 MB | 1.3/1.4 MB | 0.8/9.0 MBProgress (4): 10/14 MB | 2.0/2.0 MB | 1.4/1.4 MB | 0.8/9.0 MBProgress (4): 10/14 MB | 2.0/2.0 MB | 1.4/1.4 MB | 0.8/9.0 MBProgress (4): 10/14 MB | 2.0/2.0 MB | 1.4/1.4 MB | 0.8/9.0 MBProgress (4): 10/14 MB | 2.0/2.0 MB | 1.4/1.4 MB | 0.8/9.0 MBProgress (5): 10/14 MB | 2.0/2.0 MB | 1.4/1.4 MB | 0.8/9.0 MB | 6.4 kBProgress (5): 10/14 MB | 2.0/2.0 MB | 1.4/1.4 MB | 0.8/9.0 MB | 6.4 kB                                                                      Downloaded from central: https://repo.maven.apache.org/maven2/org/junit/jupiter/junit-jupiter/6.0.3/junit-jupiter-6.0.3.jar (6.4 kB at 116 B/s)
#16 91.09 Downloading from central: https://repo.maven.apache.org/maven2/org/junit/jupiter/junit-jupiter-api/6.0.3/junit-jupiter-api-6.0.3.jar
#16 91.09 Progress (4): 10/14 MB | 2.0/2.0 MB | 1.4/1.4 MB | 0.8/9.0 MBProgress (4): 10/14 MB | 2.0/2.0 MB | 1.4/1.4 MB | 0.8/9.0 MBProgress (4): 10/14 MB | 2.0/2.0 MB | 1.4/1.4 MB | 0.9/9.0 MBProgress (4): 10/14 MB | 2.0/2.0 MB | 1.4 MB | 0.9/9.0 MB                                                             Downloaded from central: https://repo.maven.apache.org/maven2/org/assertj/assertj-core/3.27.7/assertj-core-3.27.7.jar (1.4 MB at 25 kB/s)
#16 91.10 Downloading from central: https://repo.maven.apache.org/maven2/org/opentest4j/opentest4j/1.3.0/opentest4j-1.3.0.jar
#16 91.10 Progress (3): 10/14 MB | 2.0/2.0 MB | 0.9/9.0 MBProgress (3): 10/14 MB | 2.0/2.0 MB | 0.9/9.0 MBProgress (3): 10/14 MB | 2.0/2.0 MB | 0.9/9.0 MBProgress (3): 10/14 MB | 2.0/2.0 MB | 0.9/9.0 MBProgress (3): 10/14 MB | 2.0 MB | 0.9/9.0 MB    Progress (3): 10/14 MB | 2.0 MB | 0.9/9.0 MB                                            Downloaded from central: https://repo.maven.apache.org/maven2/org/projectlombok/lombok/1.18.46/lombok-1.18.46.jar (2.0 MB at 37 kB/s)
#16 91.11 Downloading from central: https://repo.maven.apache.org/maven2/org/junit/platform/junit-platform-commons/6.0.3/junit-platform-commons-6.0.3.jar
#16 91.11 Progress (2): 10/14 MB | 0.9/9.0 MBProgress (2): 10/14 MB | 0.9/9.0 MBProgress (2): 10/14 MB | 0.9/9.0 MBProgress (2): 10/14 MB | 0.9/9.0 MBProgress (2): 10/14 MB | 0.9/9.0 MBProgress (2): 10/14 MB | 0.9/9.0 MBProgress (2): 10/14 MB | 1.0/9.0 MBProgress (2): 10/14 MB | 1.0/9.0 MBProgress (2): 10/14 MB | 1.0/9.0 MBProgress (2): 10/14 MB | 1.0/9.0 MBProgress (2): 10/14 MB | 1.0/9.0 MBProgress (2): 10/14 MB | 1.0/9.0 MBProgress (3): 10/14 MB | 1.0/9.0 MB | 7.7/14 kBProgress (3): 10/14 MB | 1.0/9.0 MB | 7.7/14 kBProgress (3): 10/14 MB | 1.0/9.0 MB | 14 kB                                               Downloaded from central: https://repo.maven.apache.org/maven2/org/opentest4j/opentest4j/1.3.0/opentest4j-1.3.0.jar (14 kB at 259 B/s)
#16 91.24 Downloading from central: https://repo.maven.apache.org/maven2/org/apiguardian/apiguardian-api/1.1.2/apiguardian-api-1.1.2.jar
#16 91.24 Progress (2): 10/14 MB | 1.0/9.0 MBProgress (2): 10/14 MB | 1.0/9.0 MBProgress (3): 10/14 MB | 1.0/9.0 MB | 7.7/251 kBProgress (3): 10/14 MB | 1.0/9.0 MB | 16/251 kB Progress (4): 10/14 MB | 1.0/9.0 MB | 16/251 kB | 7.7/171 kBProgress (4): 10/14 MB | 1.0/9.0 MB | 16/251 kB | 8.2/171 kBProgress (4): 10/14 MB | 1.0/9.0 MB | 16/251 kB | 8.2/171 kBProgress (4): 10/14 MB | 1.0/9.0 MB | 29/251 kB | 8.2/171 kBProgress (4): 10/14 MB | 1.0/9.0 MB | 29/251 kB | 8.2/171 kBProgress (4): 10/14 MB | 1.0/9.0 MB | 29/251 kB | 25/171 kB Progress (4): 10/14 MB | 1.1/9.0 MB | 29/251 kB | 25/171 kBProgress (4): 10/14 MB | 1.1/9.0 MB | 29/251 kB | 25/171 kBProgress (4): 10/14 MB | 1.1/9.0 MB | 29/251 kB | 41/171 kBProgress (4): 10/14 MB | 1.1/9.0 MB | 45/251 kB | 41/171 kBProgress (4): 10/14 MB | 1.1/9.0 MB | 45/251 kB | 41/171 kBProgress (4): 10/14 MB | 1.1/9.0 MB | 45/251 kB | 41/171 kBProgress (4): 10/14 MB | 1.1/9.0 MB | 45/251 kB | 57/171 kBProgress (4): 10/14 MB | 1.1/9.0 MB | 45/251 kB | 57/171 kBProgress (4): 10/14 MB | 1.1/9.0 MB | 45/251 kB | 57/171 kBProgress (4): 10/14 MB | 1.1/9.0 MB | 45/251 kB | 66/171 kBProgress (4): 10/14 MB | 1.1/9.0 MB | 61/251 kB | 66/171 kBProgress (5): 10/14 MB | 1.1/9.0 MB | 61/251 kB | 66/171 kB | 3.2/6.8 kBProgress (5): 10/14 MB | 1.1/9.0 MB | 61/251 kB | 66/171 kB | 6.8 kB                                                                        Downloaded from central: https://repo.maven.apache.org/maven2/org/apiguardian/apiguardian-api/1.1.2/apiguardian-api-1.1.2.jar (6.8 kB at 123 B/s)
#16 91.39 Downloading from central: https://repo.maven.apache.org/maven2/org/junit/jupiter/junit-jupiter-params/6.0.3/junit-jupiter-params-6.0.3.jar
#16 91.39 Progress (4): 10/14 MB | 1.1/9.0 MB | 61/251 kB | 66/171 kBProgress (4): 10/14 MB | 1.1/9.0 MB | 61/251 kB | 66/171 kBProgress (4): 10/14 MB | 1.1/9.0 MB | 61/251 kB | 82/171 kBProgress (4): 10/14 MB | 1.1/9.0 MB | 61/251 kB | 82/171 kBProgress (4): 10/14 MB | 1.1/9.0 MB | 78/251 kB | 82/171 kBProgress (4): 10/14 MB | 1.1/9.0 MB | 78/251 kB | 82/171 kBProgress (4): 10/14 MB | 1.2/9.0 MB | 78/251 kB | 82/171 kBProgress (4): 10/14 MB | 1.2/9.0 MB | 78/251 kB | 98/171 kBProgress (4): 10/14 MB | 1.2/9.0 MB | 94/251 kB | 98/171 kBProgress (4): 11/14 MB | 1.2/9.0 MB | 94/251 kB | 98/171 kBProgress (4): 11/14 MB | 1.2/9.0 MB | 94/251 kB | 98/171 kBProgress (4): 11/14 MB | 1.2/9.0 MB | 94/251 kB | 115/171 kBProgress (4): 11/14 MB | 1.2/9.0 MB | 94/251 kB | 123/171 kBProgress (4): 11/14 MB | 1.2/9.0 MB | 94/251 kB | 123/171 kBProgress (4): 11/14 MB | 1.2/9.0 MB | 94/251 kB | 123/171 kBProgress (4): 11/14 MB | 1.2/9.0 MB | 111/251 kB | 123/171 kBProgress (4): 11/14 MB | 1.2/9.0 MB | 111/251 kB | 123/171 kBProgress (4): 11/14 MB | 1.2/9.0 MB | 111/251 kB | 139/171 kBProgress (4): 11/14 MB | 1.2/9.0 MB | 111/251 kB | 139/171 kBProgress (4): 11/14 MB | 1.2/9.0 MB | 111/251 kB | 139/171 kBProgress (4): 11/14 MB | 1.2/9.0 MB | 111/251 kB | 139/171 kBProgress (4): 11/14 MB | 1.2/9.0 MB | 127/251 kB | 139/171 kBProgress (4): 11/14 MB | 1.2/9.0 MB | 127/251 kB | 156/171 kBProgress (4): 11/14 MB | 1.2/9.0 MB | 127/251 kB | 156/171 kBProgress (5): 11/14 MB | 1.2/9.0 MB | 127/251 kB | 156/171 kB | 7.7/297 kBProgress (5): 11/14 MB | 1.2/9.0 MB | 127/251 kB | 156/171 kB | 12/297 kB Progress (5): 11/14 MB | 1.2/9.0 MB | 143/251 kB | 156/171 kB | 12/297 kBProgress (5): 11/14 MB | 1.2/9.0 MB | 143/251 kB | 171 kB | 12/297 kB                                                                         Downloaded from central: https://repo.maven.apache.org/maven2/org/junit/platform/junit-platform-commons/6.0.3/junit-platform-commons-6.0.3.jar (171 kB at 3.1 kB/s)
#16 91.65 Downloading from central: https://repo.maven.apache.org/maven2/org/junit/jupiter/junit-jupiter-engine/6.0.3/junit-jupiter-engine-6.0.3.jar
#16 91.65 Progress (4): 11/14 MB | 1.2/9.0 MB | 143/251 kB | 29/297 kBProgress (4): 11/14 MB | 1.2/9.0 MB | 143/251 kB | 29/297 kBProgress (4): 11/14 MB | 1.2/9.0 MB | 143/251 kB | 29/297 kBProgress (4): 11/14 MB | 1.2/9.0 MB | 143/251 kB | 45/297 kBProgress (4): 11/14 MB | 1.2/9.0 MB | 160/251 kB | 45/297 kBProgress (4): 11/14 MB | 1.3/9.0 MB | 160/251 kB | 45/297 kBProgress (4): 11/14 MB | 1.3/9.0 MB | 160/251 kB | 61/297 kBProgress (4): 11/14 MB | 1.3/9.0 MB | 160/251 kB | 61/297 kBProgress (4): 11/14 MB | 1.3/9.0 MB | 160/251 kB | 78/297 kBProgress (4): 11/14 MB | 1.3/9.0 MB | 160/251 kB | 78/297 kBProgress (4): 11/14 MB | 1.3/9.0 MB | 160/251 kB | 94/297 kBProgress (4): 11/14 MB | 1.3/9.0 MB | 160/251 kB | 94/297 kBProgress (4): 11/14 MB | 1.3/9.0 MB | 160/251 kB | 94/297 kBProgress (4): 11/14 MB | 1.3/9.0 MB | 160/251 kB | 111/297 kBProgress (4): 11/14 MB | 1.3/9.0 MB | 176/251 kB | 111/297 kBProgress (4): 11/14 MB | 1.3/9.0 MB | 176/251 kB | 127/297 kBProgress (4): 11/14 MB | 1.3/9.0 MB | 176/251 kB | 127/297 kBProgress (4): 11/14 MB | 1.3/9.0 MB | 176/251 kB | 127/297 kBProgress (4): 11/14 MB | 1.3/9.0 MB | 176/251 kB | 143/297 kBProgress (4): 11/14 MB | 1.3/9.0 MB | 176/251 kB | 160/297 kBProgress (4): 11/14 MB | 1.3/9.0 MB | 176/251 kB | 160/297 kBProgress (4): 11/14 MB | 1.3/9.0 MB | 176/251 kB | 160/297 kBProgress (4): 11/14 MB | 1.3/9.0 MB | 193/251 kB | 160/297 kBProgress (4): 11/14 MB | 1.3/9.0 MB | 193/251 kB | 176/297 kBProgress (4): 11/14 MB | 1.3/9.0 MB | 193/251 kB | 176/297 kBProgress (4): 11/14 MB | 1.3/9.0 MB | 193/251 kB | 193/297 kBProgress (4): 11/14 MB | 1.3/9.0 MB | 193/251 kB | 209/297 kBProgress (4): 11/14 MB | 1.3/9.0 MB | 193/251 kB | 209/297 kBProgress (4): 11/14 MB | 1.4/9.0 MB | 193/251 kB | 209/297 kBProgress (4): 11/14 MB | 1.4/9.0 MB | 193/251 kB | 225/297 kBProgress (4): 11/14 MB | 1.4/9.0 MB | 193/251 kB | 225/297 kBProgress (4): 11/14 MB | 1.4/9.0 MB | 193/251 kB | 225/297 kBProgress (4): 11/14 MB | 1.4/9.0 MB | 209/251 kB | 225/297 kBProgress (4): 11/14 MB | 1.4/9.0 MB | 209/251 kB | 225/297 kBProgress (4): 11/14 MB | 1.4/9.0 MB | 209/251 kB | 242/297 kBProgress (4): 11/14 MB | 1.4/9.0 MB | 209/251 kB | 242/297 kBProgress (4): 11/14 MB | 1.4/9.0 MB | 209/251 kB | 242/297 kBProgress (5): 11/14 MB | 1.4/9.0 MB | 209/251 kB | 242/297 kB | 7.7/356 kBProgress (5): 11/14 MB | 1.4/9.0 MB | 209/251 kB | 242/297 kB | 16/356 kB Progress (5): 11/14 MB | 1.4/9.0 MB | 225/251 kB | 242/297 kB | 16/356 kBProgress (5): 11/14 MB | 1.4/9.0 MB | 225/251 kB | 242/297 kB | 16/356 kBProgress (5): 11/14 MB | 1.4/9.0 MB | 225/251 kB | 242/297 kB | 16/356 kBProgress (5): 11/14 MB | 1.4/9.0 MB | 225/251 kB | 258/297 kB | 16/356 kBProgress (5): 11/14 MB | 1.4/9.0 MB | 225/251 kB | 258/297 kB | 32/356 kBProgress (5): 11/14 MB | 1.4/9.0 MB | 225/251 kB | 274/297 kB | 32/356 kBProgress (5): 11/14 MB | 1.4/9.0 MB | 225/251 kB | 274/297 kB | 32/356 kBProgress (5): 11/14 MB | 1.4/9.0 MB | 225/251 kB | 274/297 kB | 32/356 kBProgress (5): 11/14 MB | 1.4/9.0 MB | 225/251 kB | 291/297 kB | 32/356 kBProgress (5): 11/14 MB | 1.4/9.0 MB | 242/251 kB | 291/297 kB | 32/356 kBProgress (5): 11/14 MB | 1.4/9.0 MB | 242/251 kB | 297 kB | 32/356 kB                                                                         Downloaded from central: https://repo.maven.apache.org/maven2/org/junit/jupiter/junit-jupiter-params/6.0.3/junit-jupiter-params-6.0.3.jar (297 kB at 5.3 kB/s)
#16 91.93 Downloading from central: https://repo.maven.apache.org/maven2/org/junit/platform/junit-platform-engine/6.0.3/junit-platform-engine-6.0.3.jar
#16 91.95 Progress (4): 11/14 MB | 1.4/9.0 MB | 251 kB | 32/356 kBProgress (4): 11/14 MB | 1.4/9.0 MB | 251 kB | 32/356 kBProgress (4): 11/14 MB | 1.5/9.0 MB | 251 kB | 32/356 kBProgress (4): 11/14 MB | 1.5/9.0 MB | 251 kB | 49/356 kB                                                        Downloaded from central: https://repo.maven.apache.org/maven2/org/junit/jupiter/junit-jupiter-api/6.0.3/junit-jupiter-api-6.0.3.jar (251 kB at 4.5 kB/s)
#16 91.95 Downloading from central: https://repo.maven.apache.org/maven2/org/mockito/mockito-core/5.20.0/mockito-core-5.20.0.jar
#16 91.95 Progress (3): 11/14 MB | 1.5/9.0 MB | 65/356 kBProgress (3): 11/14 MB | 1.5/9.0 MB | 69/356 kBProgress (3): 11/14 MB | 1.5/9.0 MB | 69/356 kBProgress (3): 11/14 MB | 1.5/9.0 MB | 85/356 kBProgress (3): 11/14 MB | 1.5/9.0 MB | 85/356 kBProgress (3): 11/14 MB | 1.5/9.0 MB | 85/356 kBProgress (3): 11/14 MB | 1.5/9.0 MB | 85/356 kBProgress (3): 11/14 MB | 1.5/9.0 MB | 85/356 kBProgress (3): 11/14 MB | 1.5/9.0 MB | 85/356 kBProgress (3): 11/14 MB | 1.5/9.0 MB | 85/356 kBProgress (3): 11/14 MB | 1.5/9.0 MB | 85/356 kBProgress (3): 11/14 MB | 1.5/9.0 MB | 102/356 kBProgress (3): 11/14 MB | 1.6/9.0 MB | 102/356 kBProgress (3): 11/14 MB | 1.6/9.0 MB | 102/356 kBProgress (3): 11/14 MB | 1.6/9.0 MB | 102/356 kBProgress (3): 11/14 MB | 1.6/9.0 MB | 118/356 kBProgress (4): 11/14 MB | 1.6/9.0 MB | 118/356 kB | 7.7/280 kBProgress (4): 11/14 MB | 1.6/9.0 MB | 118/356 kB | 7.7/280 kBProgress (4): 11/14 MB | 1.6/9.0 MB | 118/356 kB | 7.7/280 kBProgress (4): 11/14 MB | 1.6/9.0 MB | 134/356 kB | 7.7/280 kBProgress (5): 11/14 MB | 1.6/9.0 MB | 134/356 kB | 7.7/280 kB | 7.3/711 kBProgress (5): 11/14 MB | 1.6/9.0 MB | 134/356 kB | 24/280 kB | 7.3/711 kB Progress (5): 11/14 MB | 1.6/9.0 MB | 134/356 kB | 24/280 kB | 7.3/711 kBProgress (5): 11/14 MB | 1.6/9.0 MB | 134/356 kB | 40/280 kB | 7.3/711 kBProgress (5): 11/14 MB | 1.6/9.0 MB | 134/356 kB | 40/280 kB | 7.3/711 kBProgress (5): 11/14 MB | 1.6/9.0 MB | 134/356 kB | 57/280 kB | 7.3/711 kBProgress (5): 11/14 MB | 1.6/9.0 MB | 151/356 kB | 57/280 kB | 7.3/711 kBProgress (5): 11/14 MB | 1.6/9.0 MB | 151/356 kB | 57/280 kB | 7.3/711 kBProgress (5): 11/14 MB | 1.6/9.0 MB | 151/356 kB | 57/280 kB | 7.3/711 kBProgress (5): 11/14 MB | 1.6/9.0 MB | 151/356 kB | 73/280 kB | 7.3/711 kBProgress (5): 11/14 MB | 1.6/9.0 MB | 151/356 kB | 73/280 kB | 24/711 kB Progress (5): 11/14 MB | 1.6/9.0 MB | 151/356 kB | 73/280 kB | 24/711 kBProgress (5): 11/14 MB | 1.6/9.0 MB | 151/356 kB | 90/280 kB | 24/711 kBProgress (5): 11/14 MB | 1.6/9.0 MB | 151/356 kB | 90/280 kB | 24/711 kBProgress (5): 11/14 MB | 1.6/9.0 MB | 167/356 kB | 90/280 kB | 24/711 kBProgress (5): 11/14 MB | 1.6/9.0 MB | 167/356 kB | 106/280 kB | 24/711 kBProgress (5): 11/14 MB | 1.6/9.0 MB | 167/356 kB | 106/280 kB | 40/711 kBProgress (5): 11/14 MB | 1.6/9.0 MB | 167/356 kB | 106/280 kB | 40/711 kBProgress (5): 11/14 MB | 1.6/9.0 MB | 167/356 kB | 122/280 kB | 40/711 kBProgress (5): 11/14 MB | 1.6/9.0 MB | 167/356 kB | 122/280 kB | 40/711 kBProgress (5): 11/14 MB | 1.6/9.0 MB | 183/356 kB | 122/280 kB | 40/711 kBProgress (5): 11/14 MB | 1.6/9.0 MB | 183/356 kB | 139/280 kB | 40/711 kBProgress (5): 11/14 MB | 1.7/9.0 MB | 183/356 kB | 139/280 kB | 40/711 kBProgress (5): 11/14 MB | 1.7/9.0 MB | 183/356 kB | 155/280 kB | 40/711 kBProgress (5): 11/14 MB | 1.7/9.0 MB | 183/356 kB | 155/280 kB | 40/711 kBProgress (5): 11/14 MB | 1.7/9.0 MB | 183/356 kB | 172/280 kB | 40/711 kBProgress (5): 11/14 MB | 1.7/9.0 MB | 183/356 kB | 172/280 kB | 56/711 kBProgress (5): 11/14 MB | 1.7/9.0 MB | 183/356 kB | 172/280 kB | 56/711 kBProgress (5): 11/14 MB | 1.7/9.0 MB | 183/356 kB | 188/280 kB | 56/711 kBProgress (5): 11/14 MB | 1.7/9.0 MB | 200/356 kB | 188/280 kB | 56/711 kBProgress (5): 11/14 MB | 1.7/9.0 MB | 200/356 kB | 188/280 kB | 56/711 kBProgress (5): 11/14 MB | 1.7/9.0 MB | 200/356 kB | 204/280 kB | 56/711 kBProgress (5): 11/14 MB | 1.7/9.0 MB | 200/356 kB | 204/280 kB | 56/711 kBProgress (5): 11/14 MB | 1.7/9.0 MB | 216/356 kB | 204/280 kB | 56/711 kBProgress (5): 11/14 MB | 1.7/9.0 MB | 216/356 kB | 221/280 kB | 56/711 kBProgress (5): 11/14 MB | 1.7/9.0 MB | 216/356 kB | 221/280 kB | 56/711 kBProgress (5): 11/14 MB | 1.7/9.0 MB | 216/356 kB | 221/280 kB | 73/711 kBProgress (5): 11/14 MB | 1.7/9.0 MB | 216/356 kB | 237/280 kB | 73/711 kBProgress (5): 11/14 MB | 1.7/9.0 MB | 216/356 kB | 237/280 kB | 73/711 kBProgress (5): 11/14 MB | 1.7/9.0 MB | 216/356 kB | 237/280 kB | 73/711 kBProgress (5): 11/14 MB | 1.7/9.0 MB | 233/356 kB | 237/280 kB | 73/711 kBProgress (5): 11/14 MB | 1.7/9.0 MB | 233/356 kB | 253/280 kB | 73/711 kBProgress (5): 11/14 MB | 1.7/9.0 MB | 233/356 kB | 253/280 kB | 73/711 kBProgress (5): 11/14 MB | 1.7/9.0 MB | 233/356 kB | 253/280 kB | 73/711 kBProgress (5): 11/14 MB | 1.7/9.0 MB | 233/356 kB | 253/280 kB | 89/711 kBProgress (5): 11/14 MB | 1.7/9.0 MB | 249/356 kB | 253/280 kB | 89/711 kBProgress (5): 11/14 MB | 1.7/9.0 MB | 249/356 kB | 270/280 kB | 89/711 kBProgress (5): 11/14 MB | 1.7/9.0 MB | 249/356 kB | 280 kB | 89/711 kB                                                                         Downloaded from central: https://repo.maven.apache.org/maven2/org/junit/platform/junit-platform-engine/6.0.3/junit-platform-engine-6.0.3.jar (280 kB at 5.0 kB/s)
#16 92.46 Downloading from central: https://repo.maven.apache.org/maven2/net/bytebuddy/byte-buddy-agent/1.17.8/byte-buddy-agent-1.17.8.jar
#16 92.47 Progress (4): 11/14 MB | 1.7/9.0 MB | 249/356 kB | 89/711 kBProgress (4): 11/14 MB | 1.8/9.0 MB | 249/356 kB | 89/711 kBProgress (4): 11/14 MB | 1.8/9.0 MB | 265/356 kB | 89/711 kBProgress (4): 11/14 MB | 1.8/9.0 MB | 265/356 kB | 89/711 kBProgress (4): 11/14 MB | 1.8/9.0 MB | 265/356 kB | 106/711 kBProgress (4): 11/14 MB | 1.8/9.0 MB | 265/356 kB | 106/711 kBProgress (4): 11/14 MB | 1.8/9.0 MB | 282/356 kB | 106/711 kBProgress (4): 11/14 MB | 1.8/9.0 MB | 282/356 kB | 106/711 kBProgress (4): 11/14 MB | 1.8/9.0 MB | 282/356 kB | 106/711 kBProgress (4): 11/14 MB | 1.8/9.0 MB | 282/356 kB | 122/711 kBProgress (4): 11/14 MB | 1.8/9.0 MB | 298/356 kB | 122/711 kBProgress (4): 11/14 MB | 1.8/9.0 MB | 298/356 kB | 130/711 kBProgress (4): 11/14 MB | 1.8/9.0 MB | 298/356 kB | 130/711 kBProgress (4): 11/14 MB | 1.8/9.0 MB | 298/356 kB | 130/711 kBProgress (4): 11/14 MB | 1.8/9.0 MB | 314/356 kB | 130/711 kBProgress (4): 11/14 MB | 1.8/9.0 MB | 314/356 kB | 130/711 kBProgress (4): 11/14 MB | 1.8/9.0 MB | 314/356 kB | 147/711 kBProgress (4): 11/14 MB | 1.8/9.0 MB | 331/356 kB | 147/711 kBProgress (4): 11/14 MB | 1.8/9.0 MB | 331/356 kB | 147/711 kBProgress (4): 11/14 MB | 1.8/9.0 MB | 331/356 kB | 147/711 kBProgress (4): 11/14 MB | 1.9/9.0 MB | 331/356 kB | 147/711 kBProgress (4): 11/14 MB | 1.9/9.0 MB | 331/356 kB | 147/711 kBProgress (4): 11/14 MB | 1.9/9.0 MB | 347/356 kB | 147/711 kBProgress (4): 11/14 MB | 1.9/9.0 MB | 347/356 kB | 163/711 kBProgress (4): 11/14 MB | 1.9/9.0 MB | 356 kB | 163/711 kB    Progress (4): 11/14 MB | 1.9/9.0 MB | 356 kB | 163/711 kB                                                         Downloaded from central: https://repo.maven.apache.org/maven2/org/junit/jupiter/junit-jupiter-engine/6.0.3/junit-jupiter-engine-6.0.3.jar (356 kB at 6.3 kB/s)
#16 92.60 Downloading from central: https://repo.maven.apache.org/maven2/org/objenesis/objenesis/3.3/objenesis-3.3.jar
#16 92.61 Progress (3): 11/14 MB | 1.9/9.0 MB | 163/711 kBProgress (3): 11/14 MB | 1.9/9.0 MB | 179/711 kBProgress (3): 11/14 MB | 1.9/9.0 MB | 179/711 kBProgress (3): 11/14 MB | 1.9/9.0 MB | 179/711 kBProgress (3): 11/14 MB | 1.9/9.0 MB | 179/711 kBProgress (4): 11/14 MB | 1.9/9.0 MB | 179/711 kB | 7.7/49 kBProgress (4): 11/14 MB | 1.9/9.0 MB | 179/711 kB | 16/49 kB Progress (4): 11/14 MB | 1.9/9.0 MB | 196/711 kB | 16/49 kBProgress (4): 11/14 MB | 1.9/9.0 MB | 212/711 kB | 16/49 kBProgress (4): 11/14 MB | 1.9/9.0 MB | 212/711 kB | 32/49 kBProgress (5): 11/14 MB | 1.9/9.0 MB | 212/711 kB | 32/49 kB | 7.7/367 kBProgress (5): 11/14 MB | 1.9/9.0 MB | 212/711 kB | 32/49 kB | 16/367 kB Progress (5): 11/14 MB | 1.9/9.0 MB | 212/711 kB | 32/49 kB | 24/367 kBProgress (5): 11/14 MB | 1.9/9.0 MB | 212/711 kB | 32/49 kB | 40/367 kBProgress (5): 11/14 MB | 1.9/9.0 MB | 212/711 kB | 32/49 kB | 40/367 kBProgress (5): 11/14 MB | 1.9/9.0 MB | 212/711 kB | 32/49 kB | 40/367 kBProgress (5): 11/14 MB | 1.9/9.0 MB | 212/711 kB | 32/49 kB | 40/367 kBProgress (5): 11/14 MB | 1.9/9.0 MB | 212/711 kB | 32/49 kB | 40/367 kBProgress (5): 11/14 MB | 1.9/9.0 MB | 212/711 kB | 32/49 kB | 40/367 kBProgress (5): 11/14 MB | 1.9/9.0 MB | 212/711 kB | 32/49 kB | 40/367 kBProgress (5): 11/14 MB | 1.9/9.0 MB | 228/711 kB | 32/49 kB | 40/367 kBProgress (5): 11/14 MB | 1.9/9.0 MB | 245/711 kB | 32/49 kB | 40/367 kBProgress (5): 11/14 MB | 1.9/9.0 MB | 261/711 kB | 32/49 kB | 40/367 kBProgress (5): 11/14 MB | 1.9/9.0 MB | 278/711 kB | 32/49 kB | 40/367 kBProgress (5): 11/14 MB | 1.9/9.0 MB | 278/711 kB | 32/49 kB | 40/367 kBProgress (5): 11/14 MB | 1.9/9.0 MB | 294/711 kB | 32/49 kB | 40/367 kBProgress (5): 11/14 MB | 1.9/9.0 MB | 294/711 kB | 32/49 kB | 40/367 kBProgress (5): 11/14 MB | 1.9/9.0 MB | 310/711 kB | 32/49 kB | 40/367 kBProgress (5): 11/14 MB | 1.9/9.0 MB | 310/711 kB | 32/49 kB | 40/367 kBProgress (5): 11/14 MB | 1.9/9.0 MB | 327/711 kB | 32/49 kB | 40/367 kBProgress (5): 11/14 MB | 1.9/9.0 MB | 327/711 kB | 32/49 kB | 40/367 kBProgress (5): 11/14 MB | 1.9/9.0 MB | 327/711 kB | 32/49 kB | 40/367 kBProgress (5): 11/14 MB | 1.9/9.0 MB | 327/711 kB | 32/49 kB | 40/367 kBProgress (5): 11/14 MB | 1.9/9.0 MB | 343/711 kB | 32/49 kB | 40/367 kBProgress (5): 11/14 MB | 2.0/9.0 MB | 343/711 kB | 32/49 kB | 40/367 kBProgress (5): 11/14 MB | 2.0/9.0 MB | 343/711 kB | 32/49 kB | 40/367 kBProgress (5): 11/14 MB | 2.0/9.0 MB | 343/711 kB | 32/49 kB | 40/367 kBProgress (5): 11/14 MB | 2.0/9.0 MB | 343/711 kB | 32/49 kB | 40/367 kBProgress (5): 11/14 MB | 2.0/9.0 MB | 343/711 kB | 32/49 kB | 40/367 kBProgress (5): 11/14 MB | 2.0/9.0 MB | 343/711 kB | 32/49 kB | 40/367 kBProgress (5): 11/14 MB | 2.0/9.0 MB | 343/711 kB | 32/49 kB | 40/367 kBProgress (5): 11/14 MB | 2.0/9.0 MB | 343/711 kB | 32/49 kB | 40/367 kBProgress (5): 11/14 MB | 2.0/9.0 MB | 343/711 kB | 32/49 kB | 40/367 kBProgress (5): 11/14 MB | 2.1/9.0 MB | 343/711 kB | 32/49 kB | 40/367 kBProgress (5): 11/14 MB | 2.1/9.0 MB | 343/711 kB | 49/49 kB | 40/367 kBProgress (5): 11/14 MB | 2.1/9.0 MB | 343/711 kB | 49 kB | 40/367 kB   Progress (5): 11/14 MB | 2.1/9.0 MB | 343/711 kB | 49 kB | 40/367 kB                                                                    Downloaded from central: https://repo.maven.apache.org/maven2/org/objenesis/objenesis/3.3/objenesis-3.3.jar (49 kB at 865 B/s)
#16 93.31 Downloading from central: https://repo.maven.apache.org/maven2/org/mockito/mockito-junit-jupiter/5.20.0/mockito-junit-jupiter-5.20.0.jar
#16 93.32 Progress (4): 11/14 MB | 2.1/9.0 MB | 343/711 kB | 40/367 kBProgress (4): 11/14 MB | 2.1/9.0 MB | 343/711 kB | 40/367 kBProgress (4): 11/14 MB | 2.1/9.0 MB | 360/711 kB | 40/367 kBProgress (4): 11/14 MB | 2.1/9.0 MB | 360/711 kB | 40/367 kBProgress (4): 11/14 MB | 2.1/9.0 MB | 360/711 kB | 57/367 kBProgress (4): 11/14 MB | 2.1/9.0 MB | 376/711 kB | 57/367 kBProgress (4): 11/14 MB | 2.1/9.0 MB | 376/711 kB | 57/367 kBProgress (4): 11/14 MB | 2.1/9.0 MB | 376/711 kB | 57/367 kBProgress (4): 11/14 MB | 2.1/9.0 MB | 392/711 kB | 57/367 kBProgress (4): 11/14 MB | 2.1/9.0 MB | 392/711 kB | 57/367 kBProgress (4): 11/14 MB | 2.1/9.0 MB | 392/711 kB | 57/367 kBProgress (4): 11/14 MB | 2.1/9.0 MB | 409/711 kB | 57/367 kBProgress (4): 11/14 MB | 2.1/9.0 MB | 409/711 kB | 57/367 kBProgress (4): 11/14 MB | 2.1/9.0 MB | 409/711 kB | 57/367 kBProgress (4): 11/14 MB | 2.1/9.0 MB | 409/711 kB | 73/367 kBProgress (4): 11/14 MB | 2.1/9.0 MB | 409/711 kB | 73/367 kBProgress (4): 11/14 MB | 2.2/9.0 MB | 409/711 kB | 73/367 kBProgress (4): 11/14 MB | 2.2/9.0 MB | 409/711 kB | 73/367 kBProgress (4): 11/14 MB | 2.2/9.0 MB | 409/711 kB | 73/367 kBProgress (4): 11/14 MB | 2.2/9.0 MB | 409/711 kB | 73/367 kBProgress (4): 11/14 MB | 2.2/9.0 MB | 409/711 kB | 90/367 kBProgress (4): 11/14 MB | 2.2/9.0 MB | 409/711 kB | 90/367 kBProgress (4): 11/14 MB | 2.2/9.0 MB | 409/711 kB | 106/367 kBProgress (4): 11/14 MB | 2.2/9.0 MB | 425/711 kB | 106/367 kBProgress (4): 11/14 MB | 2.2/9.0 MB | 441/711 kB | 106/367 kBProgress (4): 11/14 MB | 2.2/9.0 MB | 458/711 kB | 106/367 kBProgress (4): 11/14 MB | 2.2/9.0 MB | 474/711 kB | 106/367 kBProgress (4): 11/14 MB | 2.2/9.0 MB | 474/711 kB | 106/367 kBProgress (4): 11/14 MB | 2.2/9.0 MB | 474/711 kB | 122/367 kBProgress (4): 11/14 MB | 2.2/9.0 MB | 474/711 kB | 139/367 kBProgress (4): 11/14 MB | 2.2/9.0 MB | 474/711 kB | 155/367 kBProgress (4): 11/14 MB | 2.2/9.0 MB | 474/711 kB | 155/367 kBProgress (5): 11/14 MB | 2.2/9.0 MB | 474/711 kB | 155/367 kB | 7.7/9.4 kBProgress (5): 11/14 MB | 2.2/9.0 MB | 474/711 kB | 155/367 kB | 8.2/9.4 kBProgress (5): 11/14 MB | 2.2/9.0 MB | 474/711 kB | 155/367 kB | 9.4 kB                                                                          Downloaded from central: https://repo.maven.apache.org/maven2/org/mockito/mockito-junit-jupiter/5.20.0/mockito-junit-jupiter-5.20.0.jar (9.4 kB at 163 B/s)
#16 93.97 Downloading from central: https://repo.maven.apache.org/maven2/org/skyscreamer/jsonassert/1.5.3/jsonassert-1.5.3.jar
#16 94.07 Progress (4): 11/14 MB | 2.2/9.0 MB | 491/711 kB | 155/367 kBProgress (4): 11/14 MB | 2.2/9.0 MB | 507/711 kB | 155/367 kBProgress (4): 11/14 MB | 2.2/9.0 MB | 523/711 kB | 155/367 kBProgress (4): 11/14 MB | 2.2/9.0 MB | 523/711 kB | 155/367 kBProgress (4): 11/14 MB | 2.2/9.0 MB | 523/711 kB | 155/367 kBProgress (4): 11/14 MB | 2.3/9.0 MB | 523/711 kB | 155/367 kBProgress (4): 11/14 MB | 2.3/9.0 MB | 523/711 kB | 172/367 kBProgress (4): 11/14 MB | 2.3/9.0 MB | 540/711 kB | 172/367 kBProgress (4): 11/14 MB | 2.3/9.0 MB | 540/711 kB | 172/367 kBProgress (4): 11/14 MB | 2.3/9.0 MB | 540/711 kB | 172/367 kBProgress (4): 11/14 MB | 2.3/9.0 MB | 540/711 kB | 172/367 kBProgress (4): 11/14 MB | 2.3/9.0 MB | 540/711 kB | 172/367 kBProgress (4): 11/14 MB | 2.3/9.0 MB | 540/711 kB | 172/367 kBProgress (4): 11/14 MB | 2.4/9.0 MB | 540/711 kB | 172/367 kBProgress (4): 11/14 MB | 2.4/9.0 MB | 540/711 kB | 188/367 kBProgress (4): 11/14 MB | 2.4/9.0 MB | 540/711 kB | 204/367 kBProgress (4): 11/14 MB | 2.4/9.0 MB | 540/711 kB | 204/367 kBProgress (4): 11/14 MB | 2.4/9.0 MB | 540/711 kB | 204/367 kBProgress (4): 11/14 MB | 2.4/9.0 MB | 556/711 kB | 204/367 kBProgress (4): 11/14 MB | 2.4/9.0 MB | 556/711 kB | 204/367 kBProgress (4): 11/14 MB | 2.4/9.0 MB | 573/711 kB | 204/367 kBProgress (4): 11/14 MB | 2.4/9.0 MB | 589/711 kB | 204/367 kBProgress (4): 11/14 MB | 2.4/9.0 MB | 589/711 kB | 204/367 kBProgress (4): 11/14 MB | 2.4/9.0 MB | 605/711 kB | 204/367 kBProgress (4): 11/14 MB | 2.4/9.0 MB | 605/711 kB | 204/367 kBProgress (4): 11/14 MB | 2.4/9.0 MB | 605/711 kB | 204/367 kBProgress (4): 11/14 MB | 2.4/9.0 MB | 605/711 kB | 204/367 kBProgress (4): 12/14 MB | 2.4/9.0 MB | 605/711 kB | 204/367 kBProgress (4): 12/14 MB | 2.4/9.0 MB | 605/711 kB | 204/367 kBProgress (4): 12/14 MB | 2.4/9.0 MB | 605/711 kB | 204/367 kBProgress (5): 12/14 MB | 2.4/9.0 MB | 605/711 kB | 204/367 kB | 7.7/31 kBProgress (5): 12/14 MB | 2.4/9.0 MB | 605/711 kB | 204/367 kB | 11/31 kB Progress (5): 12/14 MB | 2.4/9.0 MB | 622/711 kB | 204/367 kB | 11/31 kBProgress (5): 12/14 MB | 2.4/9.0 MB | 622/711 kB | 204/367 kB | 28/31 kBProgress (5): 12/14 MB | 2.4/9.0 MB | 622/711 kB | 204/367 kB | 31 kB   Progress (5): 12/14 MB | 2.4/9.0 MB | 622/711 kB | 221/367 kB | 31 kB                                                                     Downloaded from central: https://repo.maven.apache.org/maven2/org/skyscreamer/jsonassert/1.5.3/jsonassert-1.5.3.jar (31 kB at 531 B/s)
#16 94.70 Downloading from central: https://repo.maven.apache.org/maven2/com/vaadin/external/google/android-json/0.0.20131108.vaadin1/android-json-0.0.20131108.vaadin1.jar
#16 94.70 Progress (4): 12/14 MB | 2.4/9.0 MB | 622/711 kB | 237/367 kBProgress (4): 12/14 MB | 2.4/9.0 MB | 622/711 kB | 253/367 kBProgress (4): 12/14 MB | 2.4/9.0 MB | 622/711 kB | 270/367 kBProgress (4): 12/14 MB | 2.4/9.0 MB | 622/711 kB | 286/367 kBProgress (4): 12/14 MB | 2.4/9.0 MB | 622/711 kB | 286/367 kBProgress (4): 12/14 MB | 2.4/9.0 MB | 622/711 kB | 303/367 kBProgress (4): 12/14 MB | 2.4/9.0 MB | 622/711 kB | 319/367 kBProgress (4): 12/14 MB | 2.4/9.0 MB | 622/711 kB | 319/367 kBProgress (4): 12/14 MB | 2.4/9.0 MB | 622/711 kB | 319/367 kBProgress (4): 12/14 MB | 2.5/9.0 MB | 622/711 kB | 319/367 kBProgress (4): 12/14 MB | 2.5/9.0 MB | 622/711 kB | 319/367 kBProgress (4): 12/14 MB | 2.5/9.0 MB | 638/711 kB | 319/367 kBProgress (4): 12/14 MB | 2.5/9.0 MB | 638/711 kB | 319/367 kBProgress (4): 12/14 MB | 2.5/9.0 MB | 638/711 kB | 319/367 kBProgress (4): 12/14 MB | 2.5/9.0 MB | 638/711 kB | 319/367 kBProgress (4): 12/14 MB | 2.5/9.0 MB | 638/711 kB | 319/367 kBProgress (4): 12/14 MB | 2.5/9.0 MB | 638/711 kB | 319/367 kBProgress (4): 12/14 MB | 2.5/9.0 MB | 638/711 kB | 319/367 kBProgress (4): 12/14 MB | 2.5/9.0 MB | 638/711 kB | 319/367 kBProgress (4): 12/14 MB | 2.5/9.0 MB | 638/711 kB | 319/367 kBProgress (4): 12/14 MB | 2.6/9.0 MB | 638/711 kB | 319/367 kBProgress (4): 12/14 MB | 2.6/9.0 MB | 638/711 kB | 319/367 kBProgress (4): 12/14 MB | 2.6/9.0 MB | 638/711 kB | 319/367 kBProgress (4): 12/14 MB | 2.6/9.0 MB | 654/711 kB | 319/367 kBProgress (4): 12/14 MB | 2.6/9.0 MB | 671/711 kB | 319/367 kBProgress (4): 12/14 MB | 2.6/9.0 MB | 687/711 kB | 319/367 kBProgress (4): 12/14 MB | 2.6/9.0 MB | 687/711 kB | 319/367 kBProgress (4): 12/14 MB | 2.6/9.0 MB | 687/711 kB | 319/367 kBProgress (4): 12/14 MB | 2.6/9.0 MB | 687/711 kB | 319/367 kBProgress (4): 12/14 MB | 2.6/9.0 MB | 704/711 kB | 319/367 kBProgress (4): 12/14 MB | 2.6/9.0 MB | 711 kB | 319/367 kB    Progress (4): 12/14 MB | 2.6/9.0 MB | 711 kB | 319/367 kB                                                         Downloaded from central: https://repo.maven.apache.org/maven2/org/mockito/mockito-core/5.20.0/mockito-core-5.20.0.jar (711 kB at 12 kB/s)
#16 95.18 Downloading from central: https://repo.maven.apache.org/maven2/org/springframework/spring-core/7.0.7/spring-core-7.0.7.jar
#16 95.18 Progress (3): 12/14 MB | 2.6/9.0 MB | 319/367 kBProgress (3): 12/14 MB | 2.6/9.0 MB | 319/367 kBProgress (3): 12/14 MB | 2.6/9.0 MB | 319/367 kBProgress (3): 12/14 MB | 2.6/9.0 MB | 319/367 kBProgress (3): 12/14 MB | 2.6/9.0 MB | 319/367 kBProgress (3): 12/14 MB | 2.6/9.0 MB | 319/367 kBProgress (4): 12/14 MB | 2.6/9.0 MB | 319/367 kB | 7.7/18 kBProgress (4): 12/14 MB | 2.6/9.0 MB | 319/367 kB | 16/18 kB Progress (4): 12/14 MB | 2.6/9.0 MB | 319/367 kB | 18 kB   Progress (4): 12/14 MB | 2.6/9.0 MB | 319/367 kB | 18 kB                                                        Downloaded from central: https://repo.maven.apache.org/maven2/com/vaadin/external/google/android-json/0.0.20131108.vaadin1/android-json-0.0.20131108.vaadin1.jar (18 kB at 309 B/s)
#16 95.24 Downloading from central: https://repo.maven.apache.org/maven2/commons-logging/commons-logging/1.3.6/commons-logging-1.3.6.jar
#16 95.24 Progress (3): 12/14 MB | 2.6/9.0 MB | 319/367 kBProgress (3): 12/14 MB | 2.7/9.0 MB | 319/367 kBProgress (3): 12/14 MB | 2.7/9.0 MB | 319/367 kBProgress (3): 12/14 MB | 2.7/9.0 MB | 319/367 kBProgress (3): 12/14 MB | 2.7/9.0 MB | 319/367 kBProgress (3): 12/14 MB | 2.7/9.0 MB | 319/367 kBProgress (3): 12/14 MB | 2.7/9.0 MB | 319/367 kBProgress (3): 12/14 MB | 2.7/9.0 MB | 319/367 kBProgress (3): 12/14 MB | 2.7/9.0 MB | 319/367 kBProgress (3): 12/14 MB | 2.7/9.0 MB | 319/367 kBProgress (3): 12/14 MB | 2.8/9.0 MB | 319/367 kBProgress (3): 12/14 MB | 2.8/9.0 MB | 319/367 kBProgress (3): 12/14 MB | 2.8/9.0 MB | 319/367 kBProgress (3): 12/14 MB | 2.8/9.0 MB | 319/367 kBProgress (3): 12/14 MB | 2.8/9.0 MB | 319/367 kBProgress (3): 12/14 MB | 2.8/9.0 MB | 319/367 kBProgress (3): 12/14 MB | 2.8/9.0 MB | 319/367 kBProgress (3): 12/14 MB | 2.8/9.0 MB | 319/367 kBProgress (3): 12/14 MB | 2.9/9.0 MB | 319/367 kBProgress (3): 12/14 MB | 2.9/9.0 MB | 319/367 kBProgress (3): 12/14 MB | 2.9/9.0 MB | 319/367 kBProgress (3): 12/14 MB | 2.9/9.0 MB | 319/367 kBProgress (3): 12/14 MB | 2.9/9.0 MB | 319/367 kBProgress (3): 12/14 MB | 2.9/9.0 MB | 319/367 kBProgress (3): 12/14 MB | 2.9/9.0 MB | 319/367 kBProgress (3): 12/14 MB | 3.0/9.0 MB | 319/367 kBProgress (3): 12/14 MB | 3.0/9.0 MB | 319/367 kBProgress (3): 12/14 MB | 3.0/9.0 MB | 319/367 kBProgress (3): 12/14 MB | 3.0/9.0 MB | 319/367 kBProgress (3): 12/14 MB | 3.0/9.0 MB | 335/367 kBProgress (3): 12/14 MB | 3.0/9.0 MB | 352/367 kBProgress (3): 12/14 MB | 3.0/9.0 MB | 367 kB    Progress (3): 12/14 MB | 3.0/9.0 MB | 367 kB                                            Downloaded from central: https://repo.maven.apache.org/maven2/net/bytebuddy/byte-buddy-agent/1.17.8/byte-buddy-agent-1.17.8.jar (367 kB at 6.2 kB/s)
#16 95.32 Downloading from central: https://repo.maven.apache.org/maven2/org/springframework/spring-test/7.0.7/spring-test-7.0.7.jar
#16 95.33 Progress (2): 12/14 MB | 3.0/9.0 MBProgress (2): 12/14 MB | 3.0/9.0 MBProgress (2): 12/14 MB | 3.0/9.0 MBProgress (2): 12/14 MB | 3.1/9.0 MBProgress (2): 12/14 MB | 3.1/9.0 MBProgress (2): 12/14 MB | 3.1/9.0 MBProgress (2): 12/14 MB | 3.1/9.0 MBProgress (3): 12/14 MB | 3.1/9.0 MB | 0/2.0 MBProgress (3): 12/14 MB | 3.1/9.0 MB | 0/2.0 MBProgress (3): 12/14 MB | 3.1/9.0 MB | 0/2.0 MBProgress (3): 12/14 MB | 3.1/9.0 MB | 0/2.0 MBProgress (3): 12/14 MB | 3.1/9.0 MB | 0/2.0 MBProgress (3): 12/14 MB | 3.2/9.0 MB | 0/2.0 MBProgress (3): 12/14 MB | 3.2/9.0 MB | 0/2.0 MBProgress (4): 12/14 MB | 3.2/9.0 MB | 0/2.0 MB | 0/1.1 MBProgress (4): 12/14 MB | 3.2/9.0 MB | 0/2.0 MB | 0/1.1 MBProgress (4): 12/14 MB | 3.2/9.0 MB | 0/2.0 MB | 0/1.1 MBProgress (4): 12/14 MB | 3.2/9.0 MB | 0/2.0 MB | 0/1.1 MBProgress (4): 12/14 MB | 3.2/9.0 MB | 0/2.0 MB | 0/1.1 MBProgress (5): 12/14 MB | 3.2/9.0 MB | 0/2.0 MB | 0/1.1 MB | 3.2/74 kBProgress (5): 12/14 MB | 3.2/9.0 MB | 0/2.0 MB | 0/1.1 MB | 3.2/74 kBProgress (5): 12/14 MB | 3.2/9.0 MB | 0/2.0 MB | 0/1.1 MB | 3.2/74 kBProgress (5): 12/14 MB | 3.2/9.0 MB | 0/2.0 MB | 0/1.1 MB | 3.2/74 kBProgress (5): 12/14 MB | 3.2/9.0 MB | 0/2.0 MB | 0/1.1 MB | 20/74 kB Progress (5): 12/14 MB | 3.2/9.0 MB | 0/2.0 MB | 0/1.1 MB | 36/74 kBProgress (5): 12/14 MB | 3.2/9.0 MB | 0/2.0 MB | 0/1.1 MB | 36/74 kBProgress (5): 12/14 MB | 3.2/9.0 MB | 0/2.0 MB | 0/1.1 MB | 36/74 kBProgress (5): 12/14 MB | 3.2/9.0 MB | 0.1/2.0 MB | 0/1.1 MB | 36/74 kBProgress (5): 12/14 MB | 3.2/9.0 MB | 0.1/2.0 MB | 0/1.1 MB | 52/74 kBProgress (5): 12/14 MB | 3.2/9.0 MB | 0.1/2.0 MB | 0/1.1 MB | 69/74 kBProgress (5): 12/14 MB | 3.2/9.0 MB | 0.1/2.0 MB | 0/1.1 MB | 74 kB                                                                      Downloaded from central: https://repo.maven.apache.org/maven2/commons-logging/commons-logging/1.3.6/commons-logging-1.3.6.jar (74 kB at 1.2 kB/s)
#16 99.18 Downloading from central: https://repo.maven.apache.org/maven2/org/xmlunit/xmlunit-core/2.10.4/xmlunit-core-2.10.4.jar
#16 99.55 Progress (4): 12/14 MB | 3.2/9.0 MB | 0.1/2.0 MB | 0/1.1 MBProgress (5): 12/14 MB | 3.2/9.0 MB | 0.1/2.0 MB | 0/1.1 MB | 3.2/178 kBProgress (5): 12/14 MB | 3.2/9.0 MB | 0.1/2.0 MB | 0/1.1 MB | 20/178 kB Progress (5): 12/14 MB | 3.2/9.0 MB | 0.1/2.0 MB | 0/1.1 MB | 20/178 kBProgress (5): 12/14 MB | 3.2/9.0 MB | 0.1/2.0 MB | 0/1.1 MB | 20/178 kBProgress (5): 12/14 MB | 3.2/9.0 MB | 0.1/2.0 MB | 0/1.1 MB | 20/178 kBProgress (5): 12/14 MB | 3.2/9.0 MB | 0.1/2.0 MB | 0/1.1 MB | 20/178 kBProgress (5): 12/14 MB | 3.2/9.0 MB | 0.1/2.0 MB | 0/1.1 MB | 20/178 kBProgress (5): 12/14 MB | 3.3/9.0 MB | 0.1/2.0 MB | 0/1.1 MB | 20/178 kBProgress (5): 12/14 MB | 3.3/9.0 MB | 0.1/2.0 MB | 0/1.1 MB | 36/178 kBProgress (5): 12/14 MB | 3.3/9.0 MB | 0.1/2.0 MB | 0/1.1 MB | 52/178 kBProgress (5): 12/14 MB | 3.3/9.0 MB | 0.1/2.0 MB | 0/1.1 MB | 61/178 kBProgress (5): 12/14 MB | 3.3/9.0 MB | 0.1/2.0 MB | 0/1.1 MB | 61/178 kBProgress (5): 12/14 MB | 3.3/9.0 MB | 0.1/2.0 MB | 0/1.1 MB | 61/178 kBProgress (5): 12/14 MB | 3.3/9.0 MB | 0.1/2.0 MB | 0/1.1 MB | 61/178 kBProgress (5): 12/14 MB | 3.3/9.0 MB | 0.1/2.0 MB | 0/1.1 MB | 61/178 kBProgress (5): 12/14 MB | 3.3/9.0 MB | 0.1/2.0 MB | 0/1.1 MB | 61/178 kBProgress (5): 12/14 MB | 3.4/9.0 MB | 0.1/2.0 MB | 0/1.1 MB | 61/178 kBProgress (5): 12/14 MB | 3.4/9.0 MB | 0.1/2.0 MB | 0/1.1 MB | 61/178 kBProgress (5): 12/14 MB | 3.4/9.0 MB | 0.1/2.0 MB | 0/1.1 MB | 61/178 kBProgress (5): 12/14 MB | 3.4/9.0 MB | 0.1/2.0 MB | 0/1.1 MB | 61/178 kBProgress (5): 12/14 MB | 3.4/9.0 MB | 0.1/2.0 MB | 0/1.1 MB | 61/178 kBProgress (5): 12/14 MB | 3.4/9.0 MB | 0.1/2.0 MB | 0/1.1 MB | 61/178 kBProgress (5): 12/14 MB | 3.5/9.0 MB | 0.1/2.0 MB | 0/1.1 MB | 61/178 kBProgress (5): 12/14 MB | 3.5/9.0 MB | 0.1/2.0 MB | 0/1.1 MB | 61/178 kBProgress (5): 12/14 MB | 3.5/9.0 MB | 0.1/2.0 MB | 0/1.1 MB | 61/178 kBProgress (5): 12/14 MB | 3.5/9.0 MB | 0.1/2.0 MB | 0/1.1 MB | 61/178 kBProgress (5): 12/14 MB | 3.5/9.0 MB | 0.1/2.0 MB | 0/1.1 MB | 77/178 kBProgress (5): 12/14 MB | 3.5/9.0 MB | 0.1/2.0 MB | 0/1.1 MB | 93/178 kBProgress (5): 12/14 MB | 3.5/9.0 MB | 0.1/2.0 MB | 0/1.1 MB | 93/178 kBProgress (5): 12/14 MB | 3.5/9.0 MB | 0.1/2.0 MB | 0/1.1 MB | 93/178 kBProgress (5): 12/14 MB | 3.6/9.0 MB | 0.1/2.0 MB | 0/1.1 MB | 93/178 kBProgress (5): 12/14 MB | 3.6/9.0 MB | 0.1/2.0 MB | 0/1.1 MB | 93/178 kBProgress (5): 12/14 MB | 3.6/9.0 MB | 0.1/2.0 MB | 0/1.1 MB | 93/178 kBProgress (5): 12/14 MB | 3.6/9.0 MB | 0.1/2.0 MB | 0/1.1 MB | 93/178 kBProgress (5): 12/14 MB | 3.6/9.0 MB | 0.1/2.0 MB | 0/1.1 MB | 93/178 kBProgress (5): 12/14 MB | 3.6/9.0 MB | 0.1/2.0 MB | 0/1.1 MB | 93/178 kBProgress (5): 12/14 MB | 3.7/9.0 MB | 0.1/2.0 MB | 0/1.1 MB | 93/178 kBProgress (5): 12/14 MB | 3.7/9.0 MB | 0.1/2.0 MB | 0/1.1 MB | 93/178 kBProgress (5): 12/14 MB | 3.7/9.0 MB | 0.1/2.0 MB | 0/1.1 MB | 93/178 kBProgress (5): 12/14 MB | 3.7/9.0 MB | 0.1/2.0 MB | 0/1.1 MB | 93/178 kBProgress (5): 12/14 MB | 3.7/9.0 MB | 0.1/2.0 MB | 0/1.1 MB | 93/178 kBProgress (5): 12/14 MB | 3.7/9.0 MB | 0.1/2.0 MB | 0/1.1 MB | 110/178 kBProgress (5): 12/14 MB | 3.7/9.0 MB | 0.1/2.0 MB | 0/1.1 MB | 126/178 kBProgress (5): 12/14 MB | 3.7/9.0 MB | 0.1/2.0 MB | 0/1.1 MB | 126/178 kBProgress (5): 12/14 MB | 3.8/9.0 MB | 0.1/2.0 MB | 0/1.1 MB | 126/178 kBProgress (5): 12/14 MB | 3.8/9.0 MB | 0.1/2.0 MB | 0/1.1 MB | 126/178 kBProgress (5): 12/14 MB | 3.8/9.0 MB | 0.1/2.0 MB | 0/1.1 MB | 126/178 kBProgress (5): 12/14 MB | 3.8/9.0 MB | 0.1/2.0 MB | 0/1.1 MB | 126/178 kBProgress (5): 12/14 MB | 3.8/9.0 MB | 0.1/2.0 MB | 0/1.1 MB | 126/178 kBProgress (5): 12/14 MB | 3.8/9.0 MB | 0.1/2.0 MB | 0/1.1 MB | 126/178 kBProgress (5): 12/14 MB | 3.9/9.0 MB | 0.1/2.0 MB | 0/1.1 MB | 126/178 kBProgress (5): 12/14 MB | 3.9/9.0 MB | 0.1/2.0 MB | 0/1.1 MB | 126/178 kBProgress (5): 12/14 MB | 3.9/9.0 MB | 0.1/2.0 MB | 0/1.1 MB | 126/178 kBProgress (5): 12/14 MB | 3.9/9.0 MB | 0.1/2.0 MB | 0/1.1 MB | 126/178 kBProgress (5): 12/14 MB | 3.9/9.0 MB | 0.1/2.0 MB | 0/1.1 MB | 126/178 kBProgress (5): 12/14 MB | 3.9/9.0 MB | 0.1/2.0 MB | 0/1.1 MB | 126/178 kBProgress (5): 12/14 MB | 3.9/9.0 MB | 0.1/2.0 MB | 0/1.1 MB | 142/178 kBProgress (5): 12/14 MB | 3.9/9.0 MB | 0.1/2.0 MB | 0/1.1 MB | 159/178 kBProgress (5): 12/14 MB | 4.0/9.0 MB | 0.1/2.0 MB | 0/1.1 MB | 159/178 kBProgress (5): 12/14 MB | 4.0/9.0 MB | 0.1/2.0 MB | 0/1.1 MB | 159/178 kBProgress (5): 12/14 MB | 4.0/9.0 MB | 0.1/2.0 MB | 0/1.1 MB | 175/178 kBProgress (5): 12/14 MB | 4.0/9.0 MB | 0.1/2.0 MB | 0/1.1 MB | 178 kB    Progress (5): 12/14 MB | 4.0/9.0 MB | 0.1/2.0 MB | 0/1.1 MB | 178 kB                                                                    Downloaded from central: https://repo.maven.apache.org/maven2/org/xmlunit/xmlunit-core/2.10.4/xmlunit-core-2.10.4.jar (178 kB at 2.7 kB/s)
#16 101.2 Progress (4): 12/14 MB | 4.0/9.0 MB | 0.1/2.0 MB | 0/1.1 MBProgress (4): 12/14 MB | 4.0/9.0 MB | 0.1/2.0 MB | 0/1.1 MBProgress (4): 12/14 MB | 4.0/9.0 MB | 0.1/2.0 MB | 0/1.1 MBProgress (4): 12/14 MB | 4.1/9.0 MB | 0.1/2.0 MB | 0/1.1 MBProgress (4): 12/14 MB | 4.1/9.0 MB | 0.1/2.0 MB | 0/1.1 MBProgress (4): 12/14 MB | 4.1/9.0 MB | 0.1/2.0 MB | 0/1.1 MBProgress (4): 12/14 MB | 4.1/9.0 MB | 0.1/2.0 MB | 0/1.1 MBProgress (4): 12/14 MB | 4.1/9.0 MB | 0.1/2.0 MB | 0/1.1 MBProgress (4): 12/14 MB | 4.1/9.0 MB | 0.1/2.0 MB | 0/1.1 MBProgress (4): 12/14 MB | 4.2/9.0 MB | 0.1/2.0 MB | 0/1.1 MBProgress (4): 12/14 MB | 4.2/9.0 MB | 0.1/2.0 MB | 0/1.1 MBProgress (4): 12/14 MB | 4.2/9.0 MB | 0.1/2.0 MB | 0/1.1 MBProgress (4): 12/14 MB | 4.2/9.0 MB | 0.1/2.0 MB | 0/1.1 MBProgress (4): 12/14 MB | 4.2/9.0 MB | 0.1/2.0 MB | 0/1.1 MBProgress (4): 12/14 MB | 4.2/9.0 MB | 0.1/2.0 MB | 0/1.1 MBProgress (4): 12/14 MB | 4.2/9.0 MB | 0.1/2.0 MB | 0/1.1 MBProgress (4): 12/14 MB | 4.3/9.0 MB | 0.1/2.0 MB | 0/1.1 MBProgress (4): 12/14 MB | 4.3/9.0 MB | 0.1/2.0 MB | 0/1.1 MBProgress (4): 12/14 MB | 4.3/9.0 MB | 0.1/2.0 MB | 0/1.1 MBProgress (4): 12/14 MB | 4.3/9.0 MB | 0.1/2.0 MB | 0/1.1 MBProgress (4): 12/14 MB | 4.3/9.0 MB | 0.1/2.0 MB | 0/1.1 MBProgress (4): 12/14 MB | 4.3/9.0 MB | 0.1/2.0 MB | 0/1.1 MBProgress (4): 12/14 MB | 4.4/9.0 MB | 0.1/2.0 MB | 0/1.1 MBProgress (4): 12/14 MB | 4.4/9.0 MB | 0.1/2.0 MB | 0/1.1 MBProgress (4): 12/14 MB | 4.4/9.0 MB | 0.1/2.0 MB | 0/1.1 MBProgress (4): 12/14 MB | 4.4/9.0 MB | 0.1/2.0 MB | 0/1.1 MBProgress (4): 12/14 MB | 4.4/9.0 MB | 0.1/2.0 MB | 0/1.1 MBProgress (4): 12/14 MB | 4.4/9.0 MB | 0.1/2.0 MB | 0/1.1 MBProgress (4): 12/14 MB | 4.4/9.0 MB | 0.1/2.0 MB | 0/1.1 MBProgress (4): 12/14 MB | 4.4/9.0 MB | 0.1/2.0 MB | 0/1.1 MBProgress (4): 12/14 MB | 4.4/9.0 MB | 0.1/2.0 MB | 0/1.1 MBProgress (4): 12/14 MB | 4.4/9.0 MB | 0.1/2.0 MB | 0/1.1 MBProgress (4): 12/14 MB | 4.4/9.0 MB | 0.1/2.0 MB | 0/1.1 MBProgress (4): 12/14 MB | 4.4/9.0 MB | 0.1/2.0 MB | 0/1.1 MBProgress (4): 12/14 MB | 4.4/9.0 MB | 0.1/2.0 MB | 0/1.1 MBProgress (4): 12/14 MB | 4.4/9.0 MB | 0.1/2.0 MB | 0/1.1 MBProgress (4): 12/14 MB | 4.4/9.0 MB | 0.1/2.0 MB | 0/1.1 MBProgress (4): 12/14 MB | 4.4/9.0 MB | 0.1/2.0 MB | 0/1.1 MBProgress (4): 12/14 MB | 4.4/9.0 MB | 0.1/2.0 MB | 0/1.1 MBProgress (4): 12/14 MB | 4.4/9.0 MB | 0.1/2.0 MB | 0/1.1 MBProgress (4): 12/14 MB | 4.4/9.0 MB | 0.1/2.0 MB | 0/1.1 MBProgress (4): 12/14 MB | 4.4/9.0 MB | 0.1/2.0 MB | 0/1.1 MBProgress (4): 12/14 MB | 4.4/9.0 MB | 0.1/2.0 MB | 0/1.1 MBProgress (4): 12/14 MB | 4.4/9.0 MB | 0.1/2.0 MB | 0/1.1 MBProgress (4): 12/14 MB | 4.5/9.0 MB | 0.1/2.0 MB | 0/1.1 MBProgress (4): 12/14 MB | 4.5/9.0 MB | 0.1/2.0 MB | 0/1.1 MBProgress (4): 12/14 MB | 4.5/9.0 MB | 0.1/2.0 MB | 0/1.1 MBProgress (4): 12/14 MB | 4.5/9.0 MB | 0.1/2.0 MB | 0/1.1 MBProgress (4): 12/14 MB | 4.5/9.0 MB | 0.1/2.0 MB | 0/1.1 MBProgress (4): 12/14 MB | 4.5/9.0 MB | 0.1/2.0 MB | 0/1.1 MBProgress (4): 12/14 MB | 4.5/9.0 MB | 0.1/2.0 MB | 0/1.1 MBProgress (4): 12/14 MB | 4.5/9.0 MB | 0.1/2.0 MB | 0/1.1 MBProgress (4): 12/14 MB | 4.5/9.0 MB | 0.1/2.0 MB | 0/1.1 MBProgress (4): 12/14 MB | 4.5/9.0 MB | 0.1/2.0 MB | 0/1.1 MBProgress (4): 12/14 MB | 4.5/9.0 MB | 0.1/2.0 MB | 0/1.1 MBProgress (4): 12/14 MB | 4.5/9.0 MB | 0.1/2.0 MB | 0/1.1 MBProgress (4): 12/14 MB | 4.5/9.0 MB | 0.1/2.0 MB | 0/1.1 MBProgress (4): 12/14 MB | 4.5/9.0 MB | 0.1/2.0 MB | 0/1.1 MBProgress (4): 12/14 MB | 4.5/9.0 MB | 0.1/2.0 MB | 0/1.1 MBProgress (4): 12/14 MB | 4.5/9.0 MB | 0.1/2.0 MB | 0/1.1 MBProgress (4): 12/14 MB | 4.5/9.0 MB | 0.1/2.0 MB | 0/1.1 MBProgress (4): 12/14 MB | 4.5/9.0 MB | 0.1/2.0 MB | 0/1.1 MBProgress (4): 13/14 MB | 4.5/9.0 MB | 0.1/2.0 MB | 0/1.1 MBProgress (4): 13/14 MB | 4.5/9.0 MB | 0.1/2.0 MB | 0/1.1 MBProgress (4): 13/14 MB | 4.5/9.0 MB | 0.1/2.0 MB | 0/1.1 MBProgress (4): 13/14 MB | 4.5/9.0 MB | 0.1/2.0 MB | 0/1.1 MBProgress (4): 13/14 MB | 4.5/9.0 MB | 0.1/2.0 MB | 0/1.1 MBProgress (4): 13/14 MB | 4.5/9.0 MB | 0.1/2.0 MB | 0/1.1 MBProgress (4): 13/14 MB | 4.5/9.0 MB | 0.1/2.0 MB | 0/1.1 MBProgress (4): 13/14 MB | 4.5/9.0 MB | 0.1/2.0 MB | 0/1.1 MBProgress (4): 13/14 MB | 4.5/9.0 MB | 0.1/2.0 MB | 0/1.1 MBProgress (4): 13/14 MB | 4.6/9.0 MB | 0.1/2.0 MB | 0/1.1 MBProgress (4): 13/14 MB | 4.6/9.0 MB | 0.1/2.0 MB | 0/1.1 MBProgress (4): 13/14 MB | 4.6/9.0 MB | 0.1/2.0 MB | 0/1.1 MBProgress (4): 13/14 MB | 4.6/9.0 MB | 0.1/2.0 MB | 0/1.1 MBProgress (4): 13/14 MB | 4.6/9.0 MB | 0.1/2.0 MB | 0/1.1 MBProgress (4): 13/14 MB | 4.6/9.0 MB | 0.1/2.0 MB | 0/1.1 MBProgress (4): 13/14 MB | 4.6/9.0 MB | 0.1/2.0 MB | 0/1.1 MBProgress (4): 13/14 MB | 4.6/9.0 MB | 0.1/2.0 MB | 0/1.1 MBProgress (4): 13/14 MB | 4.6/9.0 MB | 0.1/2.0 MB | 0/1.1 MBProgress (4): 13/14 MB | 4.6/9.0 MB | 0.1/2.0 MB | 0/1.1 MBProgress (4): 13/14 MB | 4.6/9.0 MB | 0.1/2.0 MB | 0/1.1 MBProgress (4): 13/14 MB | 4.6/9.0 MB | 0.1/2.0 MB | 0/1.1 MBProgress (4): 13/14 MB | 4.6/9.0 MB | 0.1/2.0 MB | 0/1.1 MBProgress (4): 13/14 MB | 4.6/9.0 MB | 0.1/2.0 MB | 0/1.1 MBProgress (4): 13/14 MB | 4.6/9.0 MB | 0.1/2.0 MB | 0/1.1 MBProgress (4): 13/14 MB | 4.6/9.0 MB | 0.1/2.0 MB | 0/1.1 MBProgress (4): 13/14 MB | 4.7/9.0 MB | 0.1/2.0 MB | 0/1.1 MBProgress (4): 13/14 MB | 4.7/9.0 MB | 0.1/2.0 MB | 0/1.1 MBProgress (4): 13/14 MB | 4.7/9.0 MB | 0.1/2.0 MB | 0/1.1 MBProgress (4): 13/14 MB | 4.7/9.0 MB | 0.1/2.0 MB | 0/1.1 MBProgress (4): 13/14 MB | 4.7/9.0 MB | 0.1/2.0 MB | 0/1.1 MBProgress (4): 13/14 MB | 4.7/9.0 MB | 0.1/2.0 MB | 0/1.1 MBProgress (4): 13/14 MB | 4.7/9.0 MB | 0.1/2.0 MB | 0/1.1 MBProgress (4): 13/14 MB | 4.7/9.0 MB | 0.1/2.0 MB | 0/1.1 MBProgress (4): 13/14 MB | 4.7/9.0 MB | 0.1/2.0 MB | 0/1.1 MBProgress (4): 13/14 MB | 4.7/9.0 MB | 0.1/2.0 MB | 0/1.1 MBProgress (4): 13/14 MB | 4.7/9.0 MB | 0.1/2.0 MB | 0/1.1 MBProgress (4): 13/14 MB | 4.7/9.0 MB | 0.1/2.0 MB | 0/1.1 MBProgress (4): 13/14 MB | 4.7/9.0 MB | 0.1/2.0 MB | 0/1.1 MBProgress (4): 13/14 MB | 4.8/9.0 MB | 0.1/2.0 MB | 0/1.1 MBProgress (4): 13/14 MB | 4.8/9.0 MB | 0.1/2.0 MB | 0/1.1 MBProgress (4): 13/14 MB | 4.8/9.0 MB | 0.1/2.0 MB | 0/1.1 MBProgress (4): 13/14 MB | 4.8/9.0 MB | 0.1/2.0 MB | 0/1.1 MBProgress (4): 13/14 MB | 4.8/9.0 MB | 0.1/2.0 MB | 0/1.1 MBProgress (4): 13/14 MB | 4.8/9.0 MB | 0.1/2.0 MB | 0/1.1 MBProgress (4): 13/14 MB | 4.8/9.0 MB | 0.1/2.0 MB | 0/1.1 MBProgress (4): 13/14 MB | 4.8/9.0 MB | 0.1/2.0 MB | 0/1.1 MBProgress (4): 13/14 MB | 4.8/9.0 MB | 0.1/2.0 MB | 0/1.1 MBProgress (4): 13/14 MB | 4.8/9.0 MB | 0.1/2.0 MB | 0/1.1 MBProgress (4): 13/14 MB | 4.8/9.0 MB | 0.1/2.0 MB | 0/1.1 MBProgress (4): 13/14 MB | 4.8/9.0 MB | 0.1/2.0 MB | 0/1.1 MBProgress (4): 13/14 MB | 4.8/9.0 MB | 0.1/2.0 MB | 0/1.1 MBProgress (4): 13/14 MB | 4.8/9.0 MB | 0.1/2.0 MB | 0/1.1 MBProgress (4): 13/14 MB | 4.8/9.0 MB | 0.1/2.0 MB | 0/1.1 MBProgress (4): 13/14 MB | 4.9/9.0 MB | 0.1/2.0 MB | 0/1.1 MBProgress (4): 13/14 MB | 4.9/9.0 MB | 0.1/2.0 MB | 0/1.1 MBProgress (4): 13/14 MB | 4.9/9.0 MB | 0.1/2.0 MB | 0/1.1 MBProgress (4): 13/14 MB | 4.9/9.0 MB | 0.1/2.0 MB | 0/1.1 MBProgress (4): 13/14 MB | 4.9/9.0 MB | 0.1/2.0 MB | 0/1.1 MBProgress (4): 13/14 MB | 4.9/9.0 MB | 0.1/2.0 MB | 0/1.1 MBProgress (4): 13/14 MB | 4.9/9.0 MB | 0.1/2.0 MB | 0/1.1 MBProgress (4): 13/14 MB | 4.9/9.0 MB | 0.1/2.0 MB | 0/1.1 MBProgress (4): 13/14 MB | 4.9/9.0 MB | 0.1/2.0 MB | 0/1.1 MBProgress (4): 13/14 MB | 4.9/9.0 MB | 0.1/2.0 MB | 0/1.1 MBProgress (4): 13/14 MB | 4.9/9.0 MB | 0.1/2.0 MB | 0/1.1 MBProgress (4): 13/14 MB | 4.9/9.0 MB | 0.1/2.0 MB | 0/1.1 MBProgress (4): 13/14 MB | 4.9/9.0 MB | 0.1/2.0 MB | 0/1.1 MBProgress (4): 13/14 MB | 4.9/9.0 MB | 0.1/2.0 MB | 0/1.1 MBProgress (4): 13/14 MB | 4.9/9.0 MB | 0.1/2.0 MB | 0/1.1 MBProgress (4): 13/14 MB | 5.0/9.0 MB | 0.1/2.0 MB | 0/1.1 MBProgress (4): 13/14 MB | 5.0/9.0 MB | 0.1/2.0 MB | 0/1.1 MBProgress (4): 13/14 MB | 5.0/9.0 MB | 0.1/2.0 MB | 0/1.1 MBProgress (4): 13/14 MB | 5.0/9.0 MB | 0.1/2.0 MB | 0.1/1.1 MBProgress (4): 13/14 MB | 5.0/9.0 MB | 0.1/2.0 MB | 0.1/1.1 MBProgress (4): 13/14 MB | 5.0/9.0 MB | 0.1/2.0 MB | 0.1/1.1 MBProgress (4): 13/14 MB | 5.0/9.0 MB | 0.1/2.0 MB | 0.1/1.1 MBProgress (4): 13/14 MB | 5.0/9.0 MB | 0.1/2.0 MB | 0.1/1.1 MBProgress (4): 13/14 MB | 5.0/9.0 MB | 0.1/2.0 MB | 0.1/1.1 MBProgress (4): 13/14 MB | 5.0/9.0 MB | 0.1/2.0 MB | 0.1/1.1 MBProgress (4): 13/14 MB | 5.0/9.0 MB | 0.1/2.0 MB | 0.1/1.1 MBProgress (4): 13/14 MB | 5.0/9.0 MB | 0.1/2.0 MB | 0.1/1.1 MBProgress (4): 13/14 MB | 5.0/9.0 MB | 0.1/2.0 MB | 0.1/1.1 MBProgress (4): 13/14 MB | 5.0/9.0 MB | 0.1/2.0 MB | 0.1/1.1 MBProgress (4): 13/14 MB | 5.0/9.0 MB | 0.1/2.0 MB | 0.1/1.1 MBProgress (4): 13/14 MB | 5.1/9.0 MB | 0.1/2.0 MB | 0.1/1.1 MBProgress (4): 13/14 MB | 5.1/9.0 MB | 0.1/2.0 MB | 0.1/1.1 MBProgress (4): 13/14 MB | 5.1/9.0 MB | 0.1/2.0 MB | 0.1/1.1 MBProgress (4): 13/14 MB | 5.1/9.0 MB | 0.1/2.0 MB | 0.1/1.1 MBProgress (4): 13/14 MB | 5.1/9.0 MB | 0.1/2.0 MB | 0.1/1.1 MBProgress (4): 13/14 MB | 5.1/9.0 MB | 0.1/2.0 MB | 0.1/1.1 MBProgress (4): 13/14 MB | 5.1/9.0 MB | 0.1/2.0 MB | 0.1/1.1 MBProgress (4): 13/14 MB | 5.1/9.0 MB | 0.1/2.0 MB | 0.1/1.1 MBProgress (4): 13/14 MB | 5.1/9.0 MB | 0.1/2.0 MB | 0.1/1.1 MBProgress (4): 13/14 MB | 5.1/9.0 MB | 0.1/2.0 MB | 0.1/1.1 MBProgress (4): 13/14 MB | 5.1/9.0 MB | 0.1/2.0 MB | 0.1/1.1 MBProgress (4): 13/14 MB | 5.1/9.0 MB | 0.1/2.0 MB | 0.1/1.1 MBProgress (4): 13/14 MB | 5.1/9.0 MB | 0.1/2.0 MB | 0.1/1.1 MBProgress (4): 13/14 MB | 5.1/9.0 MB | 0.1/2.0 MB | 0.1/1.1 MBProgress (4): 13/14 MB | 5.1/9.0 MB | 0.1/2.0 MB | 0.1/1.1 MBProgress (4): 13/14 MB | 5.1/9.0 MB | 0.1/2.0 MB | 0.1/1.1 MBProgress (4): 13/14 MB | 5.1/9.0 MB | 0.1/2.0 MB | 0.1/1.1 MBProgress (4): 13/14 MB | 5.1/9.0 MB | 0.1/2.0 MB | 0.1/1.1 MBProgress (4): 13/14 MB | 5.1/9.0 MB | 0.1/2.0 MB | 0.1/1.1 MBProgress (4): 13/14 MB | 5.2/9.0 MB | 0.1/2.0 MB | 0.1/1.1 MBProgress (4): 13/14 MB | 5.2/9.0 MB | 0.1/2.0 MB | 0.1/1.1 MBProgress (4): 13/14 MB | 5.2/9.0 MB | 0.1/2.0 MB | 0.1/1.1 MBProgress (4): 13/14 MB | 5.2/9.0 MB | 0.1/2.0 MB | 0.1/1.1 MBProgress (4): 13/14 MB | 5.2/9.0 MB | 0.1/2.0 MB | 0.1/1.1 MBProgress (4): 13/14 MB | 5.2/9.0 MB | 0.1/2.0 MB | 0.1/1.1 MBProgress (4): 13/14 MB | 5.2/9.0 MB | 0.1/2.0 MB | 0.1/1.1 MBProgress (4): 13/14 MB | 5.2/9.0 MB | 0.1/2.0 MB | 0.1/1.1 MBProgress (4): 13/14 MB | 5.2/9.0 MB | 0.1/2.0 MB | 0.1/1.1 MBProgress (4): 13/14 MB | 5.2/9.0 MB | 0.1/2.0 MB | 0.1/1.1 MBProgress (4): 13/14 MB | 5.2/9.0 MB | 0.1/2.0 MB | 0.1/1.1 MBProgress (4): 13/14 MB | 5.2/9.0 MB | 0.1/2.0 MB | 0.1/1.1 MBProgress (4): 13/14 MB | 5.2/9.0 MB | 0.1/2.0 MB | 0.1/1.1 MBProgress (4): 14/14 MB | 5.2/9.0 MB | 0.1/2.0 MB | 0.1/1.1 MBProgress (4): 14/14 MB | 5.2/9.0 MB | 0.1/2.0 MB | 0.1/1.1 MBProgress (4): 14/14 MB | 5.2/9.0 MB | 0.1/2.0 MB | 0.2/1.1 MBProgress (4): 14/14 MB | 5.2/9.0 MB | 0.2/2.0 MB | 0.2/1.1 MBProgress (4): 14/14 MB | 5.2/9.0 MB | 0.2/2.0 MB | 0.2/1.1 MBProgress (4): 14/14 MB | 5.2/9.0 MB | 0.2/2.0 MB | 0.2/1.1 MBProgress (4): 14/14 MB | 5.2/9.0 MB | 0.2/2.0 MB | 0.2/1.1 MBProgress (4): 14/14 MB | 5.2/9.0 MB | 0.2/2.0 MB | 0.2/1.1 MBProgress (4): 14/14 MB | 5.2/9.0 MB | 0.2/2.0 MB | 0.2/1.1 MBProgress (4): 14/14 MB | 5.2/9.0 MB | 0.2/2.0 MB | 0.2/1.1 MBProgress (4): 14/14 MB | 5.2/9.0 MB | 0.2/2.0 MB | 0.2/1.1 MBProgress (4): 14/14 MB | 5.2/9.0 MB | 0.3/2.0 MB | 0.2/1.1 MBProgress (4): 14/14 MB | 5.2/9.0 MB | 0.3/2.0 MB | 0.2/1.1 MBProgress (4): 14/14 MB | 5.2/9.0 MB | 0.3/2.0 MB | 0.2/1.1 MBProgress (4): 14/14 MB | 5.2/9.0 MB | 0.3/2.0 MB | 0.2/1.1 MBProgress (4): 14/14 MB | 5.2/9.0 MB | 0.3/2.0 MB | 0.2/1.1 MBProgress (4): 14/14 MB | 5.2/9.0 MB | 0.3/2.0 MB | 0.2/1.1 MBProgress (4): 14/14 MB | 5.2/9.0 MB | 0.3/2.0 MB | 0.2/1.1 MBProgress (4): 14/14 MB | 5.2/9.0 MB | 0.4/2.0 MB | 0.2/1.1 MBProgress (4): 14/14 MB | 5.2/9.0 MB | 0.4/2.0 MB | 0.2/1.1 MBProgress (4): 14/14 MB | 5.2/9.0 MB | 0.4/2.0 MB | 0.2/1.1 MBProgress (4): 14/14 MB | 5.2/9.0 MB | 0.4/2.0 MB | 0.2/1.1 MBProgress (4): 14/14 MB | 5.2/9.0 MB | 0.4/2.0 MB | 0.2/1.1 MBProgress (4): 14/14 MB | 5.2/9.0 MB | 0.4/2.0 MB | 0.2/1.1 MBProgress (4): 14/14 MB | 5.2/9.0 MB | 0.5/2.0 MB | 0.2/1.1 MBProgress (4): 14/14 MB | 5.2/9.0 MB | 0.5/2.0 MB | 0.2/1.1 MBProgress (4): 14/14 MB | 5.2/9.0 MB | 0.5/2.0 MB | 0.2/1.1 MBProgress (4): 14/14 MB | 5.2/9.0 MB | 0.5/2.0 MB | 0.2/1.1 MBProgress (4): 14/14 MB | 5.2/9.0 MB | 0.5/2.0 MB | 0.2/1.1 MBProgress (4): 14/14 MB | 5.2/9.0 MB | 0.5/2.0 MB | 0.2/1.1 MBProgress (4): 14/14 MB | 5.2/9.0 MB | 0.6/2.0 MB | 0.2/1.1 MBProgress (4): 14/14 MB | 5.2/9.0 MB | 0.6/2.0 MB | 0.2/1.1 MBProgress (4): 14/14 MB | 5.2/9.0 MB | 0.6/2.0 MB | 0.2/1.1 MBProgress (4): 14/14 MB | 5.2/9.0 MB | 0.6/2.0 MB | 0.2/1.1 MBProgress (4): 14/14 MB | 5.2/9.0 MB | 0.6/2.0 MB | 0.2/1.1 MBProgress (4): 14/14 MB | 5.2/9.0 MB | 0.6/2.0 MB | 0.2/1.1 MBProgress (4): 14/14 MB | 5.2/9.0 MB | 0.6/2.0 MB | 0.2/1.1 MBProgress (4): 14/14 MB | 5.2/9.0 MB | 0.6/2.0 MB | 0.2/1.1 MBProgress (4): 14/14 MB | 5.2/9.0 MB | 0.6/2.0 MB | 0.2/1.1 MBProgress (4): 14/14 MB | 5.3/9.0 MB | 0.6/2.0 MB | 0.2/1.1 MBProgress (4): 14/14 MB | 5.3/9.0 MB | 0.6/2.0 MB | 0.2/1.1 MBProgress (4): 14/14 MB | 5.3/9.0 MB | 0.6/2.0 MB | 0.2/1.1 MBProgress (4): 14/14 MB | 5.3/9.0 MB | 0.6/2.0 MB | 0.2/1.1 MBProgress (4): 14/14 MB | 5.3/9.0 MB | 0.6/2.0 MB | 0.2/1.1 MBProgress (4): 14/14 MB | 5.3/9.0 MB | 0.6/2.0 MB | 0.2/1.1 MBProgress (4): 14/14 MB | 5.3/9.0 MB | 0.6/2.0 MB | 0.2/1.1 MBProgress (4): 14/14 MB | 5.3/9.0 MB | 0.6/2.0 MB | 0.2/1.1 MBProgress (4): 14/14 MB | 5.3/9.0 MB | 0.6/2.0 MB | 0.2/1.1 MBProgress (4): 14/14 MB | 5.3/9.0 MB | 0.6/2.0 MB | 0.2/1.1 MBProgress (4): 14/14 MB | 5.3/9.0 MB | 0.6/2.0 MB | 0.2/1.1 MBProgress (4): 14/14 MB | 5.3/9.0 MB | 0.6/2.0 MB | 0.2/1.1 MBProgress (4): 14/14 MB | 5.3/9.0 MB | 0.6/2.0 MB | 0.2/1.1 MBProgress (4): 14/14 MB | 5.3/9.0 MB | 0.6/2.0 MB | 0.2/1.1 MBProgress (4): 14/14 MB | 5.3/9.0 MB | 0.6/2.0 MB | 0.2/1.1 MBProgress (4): 14/14 MB | 5.3/9.0 MB | 0.6/2.0 MB | 0.2/1.1 MBProgress (4): 14/14 MB | 5.3/9.0 MB | 0.6/2.0 MB | 0.2/1.1 MBProgress (4): 14/14 MB | 5.3/9.0 MB | 0.6/2.0 MB | 0.2/1.1 MBProgress (4): 14/14 MB | 5.3/9.0 MB | 0.7/2.0 MB | 0.2/1.1 MBProgress (4): 14/14 MB | 5.3/9.0 MB | 0.7/2.0 MB | 0.2/1.1 MBProgress (4): 14/14 MB | 5.4/9.0 MB | 0.7/2.0 MB | 0.2/1.1 MBProgress (4): 14/14 MB | 5.4/9.0 MB | 0.7/2.0 MB | 0.2/1.1 MBProgress (4): 14/14 MB | 5.4/9.0 MB | 0.7/2.0 MB | 0.2/1.1 MBProgress (4): 14/14 MB | 5.4/9.0 MB | 0.7/2.0 MB | 0.2/1.1 MBProgress (4): 14/14 MB | 5.4/9.0 MB | 0.7/2.0 MB | 0.2/1.1 MBProgress (4): 14/14 MB | 5.4/9.0 MB | 0.7/2.0 MB | 0.2/1.1 MBProgress (4): 14/14 MB | 5.4/9.0 MB | 0.7/2.0 MB | 0.2/1.1 MBProgress (4): 14/14 MB | 5.4/9.0 MB | 0.7/2.0 MB | 0.2/1.1 MBProgress (4): 14/14 MB | 5.4/9.0 MB | 0.7/2.0 MB | 0.2/1.1 MBProgress (4): 14/14 MB | 5.4/9.0 MB | 0.7/2.0 MB | 0.2/1.1 MBProgress (4): 14/14 MB | 5.4/9.0 MB | 0.7/2.0 MB | 0.2/1.1 MBProgress (4): 14/14 MB | 5.4/9.0 MB | 0.7/2.0 MB | 0.2/1.1 MBProgress (4): 14/14 MB | 5.4/9.0 MB | 0.7/2.0 MB | 0.2/1.1 MBProgress (4): 14/14 MB | 5.4/9.0 MB | 0.7/2.0 MB | 0.2/1.1 MBProgress (4): 14/14 MB | 5.4/9.0 MB | 0.7/2.0 MB | 0.2/1.1 MBProgress (4): 14/14 MB | 5.5/9.0 MB | 0.7/2.0 MB | 0.2/1.1 MBProgress (4): 14/14 MB | 5.5/9.0 MB | 0.7/2.0 MB | 0.2/1.1 MBProgress (4): 14/14 MB | 5.5/9.0 MB | 0.7/2.0 MB | 0.2/1.1 MBProgress (4): 14/14 MB | 5.5/9.0 MB | 0.7/2.0 MB | 0.2/1.1 MBProgress (4): 14/14 MB | 5.5/9.0 MB | 0.7/2.0 MB | 0.2/1.1 MBProgress (4): 14/14 MB | 5.5/9.0 MB | 0.7/2.0 MB | 0.2/1.1 MBProgress (4): 14/14 MB | 5.5/9.0 MB | 0.7/2.0 MB | 0.2/1.1 MBProgress (4): 14/14 MB | 5.5/9.0 MB | 0.7/2.0 MB | 0.2/1.1 MBProgress (4): 14/14 MB | 5.5/9.0 MB | 0.7/2.0 MB | 0.2/1.1 MBProgress (4): 14/14 MB | 5.5/9.0 MB | 0.7/2.0 MB | 0.3/1.1 MBProgress (4): 14/14 MB | 5.5/9.0 MB | 0.7/2.0 MB | 0.3/1.1 MBProgress (4): 14/14 MB | 5.5/9.0 MB | 0.8/2.0 MB | 0.3/1.1 MBProgress (4): 14/14 MB | 5.5/9.0 MB | 0.8/2.0 MB | 0.3/1.1 MBProgress (4): 14/14 MB | 5.6/9.0 MB | 0.8/2.0 MB | 0.3/1.1 MBProgress (4): 14/14 MB | 5.6/9.0 MB | 0.8/2.0 MB | 0.3/1.1 MBProgress (4): 14/14 MB | 5.6/9.0 MB | 0.8/2.0 MB | 0.3/1.1 MBProgress (4): 14/14 MB | 5.6/9.0 MB | 0.8/2.0 MB | 0.3/1.1 MBProgress (4): 14/14 MB | 5.6/9.0 MB | 0.8/2.0 MB | 0.3/1.1 MBProgress (4): 14/14 MB | 5.6/9.0 MB | 0.8/2.0 MB | 0.3/1.1 MBProgress (4): 14/14 MB | 5.6/9.0 MB | 0.8/2.0 MB | 0.3/1.1 MBProgress (4): 14/14 MB | 5.6/9.0 MB | 0.8/2.0 MB | 0.3/1.1 MBProgress (4): 14/14 MB | 5.6/9.0 MB | 0.8/2.0 MB | 0.3/1.1 MBProgress (4): 14/14 MB | 5.6/9.0 MB | 0.8/2.0 MB | 0.3/1.1 MBProgress (4): 14/14 MB | 5.6/9.0 MB | 0.8/2.0 MB | 0.3/1.1 MBProgress (4): 14/14 MB | 5.6/9.0 MB | 0.8/2.0 MB | 0.3/1.1 MBProgress (4): 14/14 MB | 5.6/9.0 MB | 0.8/2.0 MB | 0.3/1.1 MBProgress (4): 14/14 MB | 5.6/9.0 MB | 0.8/2.0 MB | 0.3/1.1 MBProgress (4): 14/14 MB | 5.6/9.0 MB | 0.8/2.0 MB | 0.3/1.1 MBProgress (4): 14/14 MB | 5.6/9.0 MB | 0.8/2.0 MB | 0.3/1.1 MBProgress (4): 14/14 MB | 5.7/9.0 MB | 0.8/2.0 MB | 0.3/1.1 MBProgress (4): 14/14 MB | 5.7/9.0 MB | 0.8/2.0 MB | 0.3/1.1 MBProgress (4): 14/14 MB | 5.7/9.0 MB | 0.8/2.0 MB | 0.3/1.1 MBProgress (4): 14/14 MB | 5.7/9.0 MB | 0.8/2.0 MB | 0.3/1.1 MBProgress (4): 14/14 MB | 5.7/9.0 MB | 0.8/2.0 MB | 0.3/1.1 MBProgress (4): 14/14 MB | 5.7/9.0 MB | 0.8/2.0 MB | 0.3/1.1 MBProgress (4): 14/14 MB | 5.7/9.0 MB | 0.9/2.0 MB | 0.3/1.1 MBProgress (4): 14/14 MB | 5.7/9.0 MB | 0.9/2.0 MB | 0.3/1.1 MBProgress (4): 14/14 MB | 5.7/9.0 MB | 0.9/2.0 MB | 0.3/1.1 MBProgress (4): 14/14 MB | 5.7/9.0 MB | 0.9/2.0 MB | 0.3/1.1 MBProgress (4): 14/14 MB | 5.7/9.0 MB | 0.9/2.0 MB | 0.3/1.1 MBProgress (4): 14/14 MB | 5.7/9.0 MB | 0.9/2.0 MB | 0.3/1.1 MBProgress (4): 14/14 MB | 5.7/9.0 MB | 0.9/2.0 MB | 0.3/1.1 MBProgress (4): 14/14 MB | 5.7/9.0 MB | 0.9/2.0 MB | 0.3/1.1 MBProgress (4): 14/14 MB | 5.7/9.0 MB | 0.9/2.0 MB | 0.3/1.1 MBProgress (4): 14/14 MB | 5.7/9.0 MB | 0.9/2.0 MB | 0.3/1.1 MBProgress (4): 14/14 MB | 5.7/9.0 MB | 0.9/2.0 MB | 0.3/1.1 MBProgress (4): 14/14 MB | 5.7/9.0 MB | 0.9/2.0 MB | 0.3/1.1 MBProgress (4): 14/14 MB | 5.7/9.0 MB | 0.9/2.0 MB | 0.3/1.1 MBProgress (4): 14/14 MB | 5.7/9.0 MB | 0.9/2.0 MB | 0.3/1.1 MBProgress (4): 14/14 MB | 5.7/9.0 MB | 0.9/2.0 MB | 0.3/1.1 MBProgress (4): 14/14 MB | 5.7/9.0 MB | 0.9/2.0 MB | 0.3/1.1 MBProgress (4): 14/14 MB | 5.8/9.0 MB | 0.9/2.0 MB | 0.3/1.1 MBProgress (4): 14/14 MB | 5.8/9.0 MB | 0.9/2.0 MB | 0.3/1.1 MBProgress (4): 14/14 MB | 5.8/9.0 MB | 0.9/2.0 MB | 0.3/1.1 MBProgress (4): 14/14 MB | 5.8/9.0 MB | 0.9/2.0 MB | 0.3/1.1 MBProgress (4): 14/14 MB | 5.8/9.0 MB | 0.9/2.0 MB | 0.3/1.1 MBProgress (4): 14/14 MB | 5.8/9.0 MB | 0.9/2.0 MB | 0.3/1.1 MBProgress (4): 14/14 MB | 5.8/9.0 MB | 0.9/2.0 MB | 0.3/1.1 MBProgress (4): 14/14 MB | 5.8/9.0 MB | 0.9/2.0 MB | 0.3/1.1 MBProgress (4): 14/14 MB | 5.8/9.0 MB | 0.9/2.0 MB | 0.3/1.1 MBProgress (4): 14/14 MB | 5.8/9.0 MB | 0.9/2.0 MB | 0.3/1.1 MBProgress (4): 14/14 MB | 5.8/9.0 MB | 0.9/2.0 MB | 0.3/1.1 MBProgress (4): 14/14 MB | 5.8/9.0 MB | 0.9/2.0 MB | 0.4/1.1 MBProgress (4): 14/14 MB | 5.8/9.0 MB | 0.9/2.0 MB | 0.4/1.1 MBProgress (4): 14/14 MB | 5.8/9.0 MB | 0.9/2.0 MB | 0.4/1.1 MBProgress (4): 14/14 MB | 5.8/9.0 MB | 1.0/2.0 MB | 0.4/1.1 MBProgress (4): 14/14 MB | 5.8/9.0 MB | 1.0/2.0 MB | 0.4/1.1 MBProgress (4): 14/14 MB | 5.8/9.0 MB | 1.0/2.0 MB | 0.4/1.1 MBProgress (4): 14/14 MB | 5.8/9.0 MB | 1.0/2.0 MB | 0.4/1.1 MBProgress (4): 14/14 MB | 5.8/9.0 MB | 1.0/2.0 MB | 0.4/1.1 MBProgress (4): 14/14 MB | 5.8/9.0 MB | 1.0/2.0 MB | 0.4/1.1 MBProgress (4): 14/14 MB | 5.8/9.0 MB | 1.0/2.0 MB | 0.4/1.1 MBProgress (4): 14/14 MB | 5.8/9.0 MB | 1.0/2.0 MB | 0.4/1.1 MBProgress (4): 14/14 MB | 5.8/9.0 MB | 1.0/2.0 MB | 0.4/1.1 MBProgress (4): 14/14 MB | 5.8/9.0 MB | 1.0/2.0 MB | 0.4/1.1 MBProgress (4): 14/14 MB | 5.8/9.0 MB | 1.0/2.0 MB | 0.4/1.1 MBProgress (4): 14/14 MB | 5.9/9.0 MB | 1.0/2.0 MB | 0.4/1.1 MBProgress (4): 14/14 MB | 5.9/9.0 MB | 1.0/2.0 MB | 0.4/1.1 MBProgress (4): 14/14 MB | 5.9/9.0 MB | 1.0/2.0 MB | 0.4/1.1 MBProgress (4): 14/14 MB | 5.9/9.0 MB | 1.0/2.0 MB | 0.4/1.1 MBProgress (4): 14/14 MB | 5.9/9.0 MB | 1.0/2.0 MB | 0.4/1.1 MBProgress (4): 14/14 MB | 5.9/9.0 MB | 1.0/2.0 MB | 0.4/1.1 MBProgress (4): 14/14 MB | 5.9/9.0 MB | 1.0/2.0 MB | 0.4/1.1 MBProgress (4): 14/14 MB | 5.9/9.0 MB | 1.0/2.0 MB | 0.4/1.1 MBProgress (4): 14/14 MB | 5.9/9.0 MB | 1.0/2.0 MB | 0.4/1.1 MBProgress (4): 14/14 MB | 5.9/9.0 MB | 1.0/2.0 MB | 0.4/1.1 MBProgress (4): 14/14 MB | 5.9/9.0 MB | 1.0/2.0 MB | 0.4/1.1 MBProgress (4): 14/14 MB | 5.9/9.0 MB | 1.0/2.0 MB | 0.4/1.1 MBProgress (4): 14/14 MB | 5.9/9.0 MB | 1.0/2.0 MB | 0.4/1.1 MBProgress (4): 14/14 MB | 5.9/9.0 MB | 1.0/2.0 MB | 0.4/1.1 MBProgress (4): 14/14 MB | 5.9/9.0 MB | 1.0/2.0 MB | 0.4/1.1 MBProgress (4): 14/14 MB | 5.9/9.0 MB | 1.0/2.0 MB | 0.4/1.1 MBProgress (4): 14/14 MB | 5.9/9.0 MB | 1.0/2.0 MB | 0.4/1.1 MBProgress (4): 14/14 MB | 5.9/9.0 MB | 1.0/2.0 MB | 0.4/1.1 MBProgress (4): 14/14 MB | 6.0/9.0 MB | 1.0/2.0 MB | 0.4/1.1 MBProgress (4): 14/14 MB | 6.0/9.0 MB | 1.0/2.0 MB | 0.4/1.1 MBProgress (4): 14/14 MB | 6.0/9.0 MB | 1.1/2.0 MB | 0.4/1.1 MBProgress (4): 14/14 MB | 6.0/9.0 MB | 1.1/2.0 MB | 0.4/1.1 MBProgress (4): 14/14 MB | 6.0/9.0 MB | 1.1/2.0 MB | 0.4/1.1 MBProgress (4): 14/14 MB | 6.0/9.0 MB | 1.1/2.0 MB | 0.4/1.1 MBProgress (4): 14/14 MB | 6.0/9.0 MB | 1.1/2.0 MB | 0.4/1.1 MBProgress (4): 14/14 MB | 6.0/9.0 MB | 1.1/2.0 MB | 0.4/1.1 MBProgress (4): 14/14 MB | 6.0/9.0 MB | 1.1/2.0 MB | 0.4/1.1 MBProgress (4): 14/14 MB | 6.0/9.0 MB | 1.1/2.0 MB | 0.4/1.1 MBProgress (4): 14 MB | 6.0/9.0 MB | 1.1/2.0 MB | 0.4/1.1 MB                                                             Downloaded from central: https://repo.maven.apache.org/maven2/org/hibernate/orm/hibernate-core/7.2.12.Final/hibernate-core-7.2.12.Final.jar (14 MB at 213 kB/s)
#16 103.9 Progress (3): 6.0/9.0 MB | 1.1/2.0 MB | 0.4/1.1 MBProgress (3): 6.0/9.0 MB | 1.1/2.0 MB | 0.4/1.1 MBProgress (3): 6.0/9.0 MB | 1.1/2.0 MB | 0.4/1.1 MBProgress (3): 6.0/9.0 MB | 1.1/2.0 MB | 0.4/1.1 MBProgress (3): 6.0/9.0 MB | 1.1/2.0 MB | 0.4/1.1 MBProgress (3): 6.0/9.0 MB | 1.1/2.0 MB | 0.4/1.1 MBProgress (3): 6.0/9.0 MB | 1.1/2.0 MB | 0.4/1.1 MBProgress (3): 6.0/9.0 MB | 1.1/2.0 MB | 0.4/1.1 MBProgress (3): 6.0/9.0 MB | 1.1/2.0 MB | 0.5/1.1 MBProgress (3): 6.0/9.0 MB | 1.1/2.0 MB | 0.5/1.1 MBProgress (3): 6.0/9.0 MB | 1.1/2.0 MB | 0.5/1.1 MBProgress (3): 6.1/9.0 MB | 1.1/2.0 MB | 0.5/1.1 MBProgress (3): 6.1/9.0 MB | 1.1/2.0 MB | 0.5/1.1 MBProgress (3): 6.1/9.0 MB | 1.2/2.0 MB | 0.5/1.1 MBProgress (3): 6.1/9.0 MB | 1.2/2.0 MB | 0.5/1.1 MBProgress (3): 6.1/9.0 MB | 1.2/2.0 MB | 0.5/1.1 MBProgress (3): 6.1/9.0 MB | 1.2/2.0 MB | 0.5/1.1 MBProgress (3): 6.1/9.0 MB | 1.2/2.0 MB | 0.5/1.1 MBProgress (3): 6.1/9.0 MB | 1.2/2.0 MB | 0.5/1.1 MBProgress (3): 6.1/9.0 MB | 1.2/2.0 MB | 0.5/1.1 MBProgress (3): 6.1/9.0 MB | 1.2/2.0 MB | 0.5/1.1 MBProgress (3): 6.1/9.0 MB | 1.2/2.0 MB | 0.5/1.1 MBProgress (3): 6.1/9.0 MB | 1.2/2.0 MB | 0.5/1.1 MBProgress (3): 6.1/9.0 MB | 1.2/2.0 MB | 0.5/1.1 MBProgress (3): 6.2/9.0 MB | 1.2/2.0 MB | 0.5/1.1 MBProgress (3): 6.2/9.0 MB | 1.2/2.0 MB | 0.5/1.1 MBProgress (3): 6.2/9.0 MB | 1.2/2.0 MB | 0.5/1.1 MBProgress (3): 6.2/9.0 MB | 1.2/2.0 MB | 0.5/1.1 MBProgress (3): 6.2/9.0 MB | 1.2/2.0 MB | 0.5/1.1 MBProgress (3): 6.2/9.0 MB | 1.3/2.0 MB | 0.5/1.1 MBProgress (3): 6.2/9.0 MB | 1.3/2.0 MB | 0.5/1.1 MBProgress (3): 6.2/9.0 MB | 1.3/2.0 MB | 0.5/1.1 MBProgress (3): 6.2/9.0 MB | 1.3/2.0 MB | 0.5/1.1 MBProgress (3): 6.2/9.0 MB | 1.3/2.0 MB | 0.5/1.1 MBProgress (3): 6.2/9.0 MB | 1.3/2.0 MB | 0.5/1.1 MBProgress (3): 6.2/9.0 MB | 1.3/2.0 MB | 0.5/1.1 MBProgress (3): 6.2/9.0 MB | 1.3/2.0 MB | 0.5/1.1 MBProgress (3): 6.2/9.0 MB | 1.3/2.0 MB | 0.5/1.1 MBProgress (3): 6.3/9.0 MB | 1.3/2.0 MB | 0.5/1.1 MBProgress (3): 6.3/9.0 MB | 1.3/2.0 MB | 0.6/1.1 MBProgress (3): 6.3/9.0 MB | 1.3/2.0 MB | 0.6/1.1 MBProgress (3): 6.3/9.0 MB | 1.3/2.0 MB | 0.6/1.1 MBProgress (3): 6.3/9.0 MB | 1.3/2.0 MB | 0.6/1.1 MBProgress (3): 6.3/9.0 MB | 1.3/2.0 MB | 0.6/1.1 MBProgress (3): 6.3/9.0 MB | 1.3/2.0 MB | 0.6/1.1 MBProgress (3): 6.3/9.0 MB | 1.4/2.0 MB | 0.6/1.1 MBProgress (3): 6.3/9.0 MB | 1.4/2.0 MB | 0.6/1.1 MBProgress (3): 6.3/9.0 MB | 1.4/2.0 MB | 0.6/1.1 MBProgress (3): 6.3/9.0 MB | 1.4/2.0 MB | 0.6/1.1 MBProgress (3): 6.3/9.0 MB | 1.4/2.0 MB | 0.6/1.1 MBProgress (3): 6.3/9.0 MB | 1.4/2.0 MB | 0.6/1.1 MBProgress (3): 6.4/9.0 MB | 1.4/2.0 MB | 0.6/1.1 MBProgress (3): 6.4/9.0 MB | 1.4/2.0 MB | 0.6/1.1 MBProgress (3): 6.4/9.0 MB | 1.4/2.0 MB | 0.6/1.1 MBProgress (3): 6.4/9.0 MB | 1.4/2.0 MB | 0.6/1.1 MBProgress (3): 6.4/9.0 MB | 1.4/2.0 MB | 0.6/1.1 MBProgress (3): 6.4/9.0 MB | 1.4/2.0 MB | 0.6/1.1 MBProgress (3): 6.4/9.0 MB | 1.4/2.0 MB | 0.6/1.1 MBProgress (3): 6.4/9.0 MB | 1.4/2.0 MB | 0.6/1.1 MBProgress (3): 6.4/9.0 MB | 1.4/2.0 MB | 0.6/1.1 MBProgress (3): 6.4/9.0 MB | 1.4/2.0 MB | 0.6/1.1 MBProgress (3): 6.4/9.0 MB | 1.4/2.0 MB | 0.6/1.1 MBProgress (3): 6.4/9.0 MB | 1.4/2.0 MB | 0.6/1.1 MBProgress (3): 6.4/9.0 MB | 1.5/2.0 MB | 0.6/1.1 MBProgress (3): 6.5/9.0 MB | 1.5/2.0 MB | 0.6/1.1 MBProgress (3): 6.5/9.0 MB | 1.5/2.0 MB | 0.6/1.1 MBProgress (3): 6.5/9.0 MB | 1.5/2.0 MB | 0.6/1.1 MBProgress (3): 6.5/9.0 MB | 1.5/2.0 MB | 0.6/1.1 MBProgress (3): 6.5/9.0 MB | 1.5/2.0 MB | 0.6/1.1 MBProgress (3): 6.5/9.0 MB | 1.5/2.0 MB | 0.6/1.1 MBProgress (3): 6.5/9.0 MB | 1.5/2.0 MB | 0.7/1.1 MBProgress (3): 6.5/9.0 MB | 1.5/2.0 MB | 0.7/1.1 MBProgress (3): 6.5/9.0 MB | 1.5/2.0 MB | 0.7/1.1 MBProgress (3): 6.5/9.0 MB | 1.5/2.0 MB | 0.7/1.1 MBProgress (3): 6.5/9.0 MB | 1.5/2.0 MB | 0.7/1.1 MBProgress (3): 6.5/9.0 MB | 1.5/2.0 MB | 0.7/1.1 MBProgress (3): 6.5/9.0 MB | 1.5/2.0 MB | 0.7/1.1 MBProgress (3): 6.5/9.0 MB | 1.5/2.0 MB | 0.7/1.1 MBProgress (3): 6.6/9.0 MB | 1.5/2.0 MB | 0.7/1.1 MBProgress (3): 6.6/9.0 MB | 1.5/2.0 MB | 0.7/1.1 MBProgress (3): 6.6/9.0 MB | 1.6/2.0 MB | 0.7/1.1 MBProgress (3): 6.6/9.0 MB | 1.6/2.0 MB | 0.7/1.1 MBProgress (3): 6.6/9.0 MB | 1.6/2.0 MB | 0.7/1.1 MBProgress (3): 6.6/9.0 MB | 1.6/2.0 MB | 0.7/1.1 MBProgress (3): 6.6/9.0 MB | 1.6/2.0 MB | 0.7/1.1 MBProgress (3): 6.6/9.0 MB | 1.6/2.0 MB | 0.7/1.1 MBProgress (3): 6.6/9.0 MB | 1.6/2.0 MB | 0.7/1.1 MBProgress (3): 6.6/9.0 MB | 1.6/2.0 MB | 0.7/1.1 MBProgress (3): 6.6/9.0 MB | 1.6/2.0 MB | 0.7/1.1 MBProgress (3): 6.6/9.0 MB | 1.6/2.0 MB | 0.7/1.1 MBProgress (3): 6.6/9.0 MB | 1.6/2.0 MB | 0.7/1.1 MBProgress (3): 6.6/9.0 MB | 1.6/2.0 MB | 0.7/1.1 MBProgress (3): 6.7/9.0 MB | 1.6/2.0 MB | 0.7/1.1 MBProgress (3): 6.7/9.0 MB | 1.6/2.0 MB | 0.7/1.1 MBProgress (3): 6.7/9.0 MB | 1.6/2.0 MB | 0.7/1.1 MBProgress (3): 6.7/9.0 MB | 1.6/2.0 MB | 0.7/1.1 MBProgress (3): 6.7/9.0 MB | 1.7/2.0 MB | 0.7/1.1 MBProgress (3): 6.7/9.0 MB | 1.7/2.0 MB | 0.7/1.1 MBProgress (3): 6.7/9.0 MB | 1.7/2.0 MB | 0.7/1.1 MBProgress (3): 6.7/9.0 MB | 1.7/2.0 MB | 0.7/1.1 MBProgress (3): 6.7/9.0 MB | 1.7/2.0 MB | 0.8/1.1 MBProgress (3): 6.7/9.0 MB | 1.7/2.0 MB | 0.8/1.1 MBProgress (3): 6.7/9.0 MB | 1.7/2.0 MB | 0.8/1.1 MBProgress (3): 6.7/9.0 MB | 1.7/2.0 MB | 0.8/1.1 MBProgress (3): 6.7/9.0 MB | 1.7/2.0 MB | 0.8/1.1 MBProgress (3): 6.8/9.0 MB | 1.7/2.0 MB | 0.8/1.1 MBProgress (3): 6.8/9.0 MB | 1.7/2.0 MB | 0.8/1.1 MBProgress (3): 6.8/9.0 MB | 1.7/2.0 MB | 0.8/1.1 MBProgress (3): 6.8/9.0 MB | 1.7/2.0 MB | 0.8/1.1 MBProgress (3): 6.8/9.0 MB | 1.7/2.0 MB | 0.8/1.1 MBProgress (3): 6.8/9.0 MB | 1.7/2.0 MB | 0.8/1.1 MBProgress (3): 6.8/9.0 MB | 1.7/2.0 MB | 0.8/1.1 MBProgress (3): 6.8/9.0 MB | 1.7/2.0 MB | 0.8/1.1 MBProgress (3): 6.8/9.0 MB | 1.7/2.0 MB | 0.8/1.1 MBProgress (3): 6.8/9.0 MB | 1.7/2.0 MB | 0.8/1.1 MBProgress (3): 6.8/9.0 MB | 1.7/2.0 MB | 0.8/1.1 MBProgress (3): 6.8/9.0 MB | 1.8/2.0 MB | 0.8/1.1 MBProgress (3): 6.8/9.0 MB | 1.8/2.0 MB | 0.8/1.1 MBProgress (3): 6.8/9.0 MB | 1.8/2.0 MB | 0.8/1.1 MBProgress (3): 6.8/9.0 MB | 1.8/2.0 MB | 0.8/1.1 MBProgress (3): 6.8/9.0 MB | 1.8/2.0 MB | 0.8/1.1 MBProgress (3): 6.9/9.0 MB | 1.8/2.0 MB | 0.8/1.1 MBProgress (3): 6.9/9.0 MB | 1.8/2.0 MB | 0.8/1.1 MBProgress (3): 6.9/9.0 MB | 1.8/2.0 MB | 0.8/1.1 MBProgress (3): 6.9/9.0 MB | 1.8/2.0 MB | 0.8/1.1 MBProgress (3): 6.9/9.0 MB | 1.8/2.0 MB | 0.8/1.1 MBProgress (3): 6.9/9.0 MB | 1.8/2.0 MB | 0.8/1.1 MBProgress (3): 6.9/9.0 MB | 1.8/2.0 MB | 0.8/1.1 MBProgress (3): 6.9/9.0 MB | 1.8/2.0 MB | 0.8/1.1 MBProgress (3): 6.9/9.0 MB | 1.8/2.0 MB | 0.8/1.1 MBProgress (3): 6.9/9.0 MB | 1.8/2.0 MB | 0.9/1.1 MBProgress (3): 6.9/9.0 MB | 1.8/2.0 MB | 0.9/1.1 MBProgress (3): 6.9/9.0 MB | 1.8/2.0 MB | 0.9/1.1 MBProgress (3): 7.0/9.0 MB | 1.8/2.0 MB | 0.9/1.1 MBProgress (3): 7.0/9.0 MB | 1.9/2.0 MB | 0.9/1.1 MBProgress (3): 7.0/9.0 MB | 1.9/2.0 MB | 0.9/1.1 MBProgress (3): 7.0/9.0 MB | 1.9/2.0 MB | 0.9/1.1 MBProgress (3): 7.0/9.0 MB | 1.9/2.0 MB | 0.9/1.1 MBProgress (3): 7.0/9.0 MB | 1.9/2.0 MB | 0.9/1.1 MBProgress (3): 7.0/9.0 MB | 1.9/2.0 MB | 0.9/1.1 MBProgress (3): 7.0/9.0 MB | 1.9/2.0 MB | 0.9/1.1 MBProgress (3): 7.0/9.0 MB | 1.9/2.0 MB | 0.9/1.1 MBProgress (3): 7.0/9.0 MB | 1.9/2.0 MB | 0.9/1.1 MBProgress (3): 7.0/9.0 MB | 1.9/2.0 MB | 0.9/1.1 MBProgress (3): 7.0/9.0 MB | 1.9/2.0 MB | 0.9/1.1 MBProgress (3): 7.0/9.0 MB | 1.9/2.0 MB | 0.9/1.1 MBProgress (3): 7.0/9.0 MB | 1.9/2.0 MB | 0.9/1.1 MBProgress (3): 7.0/9.0 MB | 1.9/2.0 MB | 0.9/1.1 MBProgress (3): 7.1/9.0 MB | 1.9/2.0 MB | 0.9/1.1 MBProgress (3): 7.1/9.0 MB | 1.9/2.0 MB | 0.9/1.1 MBProgress (3): 7.1/9.0 MB | 2.0/2.0 MB | 0.9/1.1 MBProgress (3): 7.1/9.0 MB | 2.0/2.0 MB | 0.9/1.1 MBProgress (3): 7.1/9.0 MB | 2.0/2.0 MB | 0.9/1.1 MBProgress (3): 7.1/9.0 MB | 2.0/2.0 MB | 0.9/1.1 MBProgress (3): 7.1/9.0 MB | 2.0/2.0 MB | 0.9/1.1 MBProgress (3): 7.1/9.0 MB | 2.0/2.0 MB | 0.9/1.1 MBProgress (3): 7.1/9.0 MB | 2.0/2.0 MB | 0.9/1.1 MBProgress (3): 7.1/9.0 MB | 2.0/2.0 MB | 0.9/1.1 MBProgress (3): 7.1/9.0 MB | 2.0/2.0 MB | 0.9/1.1 MBProgress (3): 7.1/9.0 MB | 2.0/2.0 MB | 0.9/1.1 MBProgress (3): 7.1/9.0 MB | 2.0/2.0 MB | 0.9/1.1 MBProgress (3): 7.1/9.0 MB | 2.0/2.0 MB | 0.9/1.1 MBProgress (3): 7.2/9.0 MB | 2.0/2.0 MB | 0.9/1.1 MBProgress (3): 7.2/9.0 MB | 2.0 MB | 0.9/1.1 MB                                                  Downloaded from central: https://repo.maven.apache.org/maven2/org/springframework/spring-core/7.0.7/spring-core-7.0.7.jar (2.0 MB at 29 kB/s)
#16 105.5 Progress (2): 7.2/9.0 MB | 0.9/1.1 MBProgress (2): 7.2/9.0 MB | 0.9/1.1 MBProgress (2): 7.2/9.0 MB | 1.0/1.1 MBProgress (2): 7.2/9.0 MB | 1.0/1.1 MBProgress (2): 7.2/9.0 MB | 1.0/1.1 MBProgress (2): 7.2/9.0 MB | 1.0/1.1 MBProgress (2): 7.2/9.0 MB | 1.0/1.1 MBProgress (2): 7.3/9.0 MB | 1.0/1.1 MBProgress (2): 7.3/9.0 MB | 1.0/1.1 MBProgress (2): 7.3/9.0 MB | 1.0/1.1 MBProgress (2): 7.3/9.0 MB | 1.0/1.1 MBProgress (2): 7.3/9.0 MB | 1.0/1.1 MBProgress (2): 7.3/9.0 MB | 1.0/1.1 MBProgress (2): 7.3/9.0 MB | 1.0/1.1 MBProgress (2): 7.3/9.0 MB | 1.0/1.1 MBProgress (2): 7.3/9.0 MB | 1.0/1.1 MBProgress (2): 7.4/9.0 MB | 1.0/1.1 MBProgress (2): 7.4/9.0 MB | 1.0/1.1 MBProgress (2): 7.4/9.0 MB | 1.0/1.1 MBProgress (2): 7.4/9.0 MB | 1.0/1.1 MBProgress (2): 7.4/9.0 MB | 1.0/1.1 MBProgress (2): 7.4/9.0 MB | 1.0/1.1 MBProgress (2): 7.4/9.0 MB | 1.1/1.1 MBProgress (2): 7.4/9.0 MB | 1.1/1.1 MBProgress (2): 7.5/9.0 MB | 1.1/1.1 MBProgress (2): 7.5/9.0 MB | 1.1/1.1 MBProgress (2): 7.5/9.0 MB | 1.1/1.1 MBProgress (2): 7.5/9.0 MB | 1.1/1.1 MBProgress (2): 7.5/9.0 MB | 1.1/1.1 MBProgress (2): 7.5/9.0 MB | 1.1/1.1 MBProgress (2): 7.5/9.0 MB | 1.1/1.1 MBProgress (2): 7.5/9.0 MB | 1.1/1.1 MBProgress (2): 7.5/9.0 MB | 1.1 MB                                     Downloaded from central: https://repo.maven.apache.org/maven2/org/springframework/spring-test/7.0.7/spring-test-7.0.7.jar (1.1 MB at 16 kB/s)
#16 105.8 Progress (1): 7.6/9.0 MBProgress (1): 7.6/9.0 MBProgress (1): 7.6/9.0 MBProgress (1): 7.6/9.0 MBProgress (1): 7.6/9.0 MBProgress (1): 7.6/9.0 MBProgress (1): 7.7/9.0 MBProgress (1): 7.7/9.0 MBProgress (1): 7.7/9.0 MBProgress (1): 7.7/9.0 MBProgress (1): 7.7/9.0 MBProgress (1): 7.7/9.0 MBProgress (1): 7.8/9.0 MBProgress (1): 7.8/9.0 MBProgress (1): 7.8/9.0 MBProgress (1): 7.8/9.0 MBProgress (1): 7.8/9.0 MBProgress (1): 7.8/9.0 MBProgress (1): 7.8/9.0 MBProgress (1): 7.9/9.0 MBProgress (1): 7.9/9.0 MBProgress (1): 7.9/9.0 MBProgress (1): 7.9/9.0 MBProgress (1): 7.9/9.0 MBProgress (1): 7.9/9.0 MBProgress (1): 8.0/9.0 MBProgress (1): 8.0/9.0 MBProgress (1): 8.0/9.0 MBProgress (1): 8.0/9.0 MBProgress (1): 8.0/9.0 MBProgress (1): 8.0/9.0 MBProgress (1): 8.1/9.0 MBProgress (1): 8.1/9.0 MBProgress (1): 8.1/9.0 MBProgress (1): 8.1/9.0 MBProgress (1): 8.1/9.0 MBProgress (1): 8.1/9.0 MBProgress (1): 8.2/9.0 MBProgress (1): 8.2/9.0 MBProgress (1): 8.2/9.0 MBProgress (1): 8.2/9.0 MBProgress (1): 8.2/9.0 MBProgress (1): 8.2/9.0 MBProgress (1): 8.3/9.0 MBProgress (1): 8.3/9.0 MBProgress (1): 8.3/9.0 MBProgress (1): 8.3/9.0 MBProgress (1): 8.3/9.0 MBProgress (1): 8.3/9.0 MBProgress (1): 8.4/9.0 MBProgress (1): 8.4/9.0 MBProgress (1): 8.4/9.0 MBProgress (1): 8.4/9.0 MBProgress (1): 8.4/9.0 MBProgress (1): 8.4/9.0 MBProgress (1): 8.5/9.0 MBProgress (1): 8.5/9.0 MBProgress (1): 8.5/9.0 MBProgress (1): 8.5/9.0 MBProgress (1): 8.5/9.0 MBProgress (1): 8.5/9.0 MBProgress (1): 8.6/9.0 MBProgress (1): 8.6/9.0 MBProgress (1): 8.6/9.0 MBProgress (1): 8.6/9.0 MBProgress (1): 8.6/9.0 MBProgress (1): 8.6/9.0 MBProgress (1): 8.6/9.0 MBProgress (1): 8.7/9.0 MBProgress (1): 8.7/9.0 MBProgress (1): 8.7/9.0 MBProgress (1): 8.7/9.0 MBProgress (1): 8.7/9.0 MBProgress (1): 8.7/9.0 MBProgress (1): 8.7/9.0 MBProgress (1): 8.8/9.0 MBProgress (1): 8.8/9.0 MBProgress (1): 8.8/9.0 MBProgress (1): 8.8/9.0 MBProgress (1): 8.8/9.0 MBProgress (1): 8.8/9.0 MBProgress (1): 8.8/9.0 MBProgress (1): 8.9/9.0 MBProgress (1): 8.9/9.0 MBProgress (1): 8.9/9.0 MBProgress (1): 8.9/9.0 MBProgress (1): 8.9/9.0 MBProgress (1): 8.9/9.0 MBProgress (1): 8.9/9.0 MBProgress (1): 9.0/9.0 MBProgress (1): 9.0/9.0 MBProgress (1): 9.0/9.0 MBProgress (1): 9.0/9.0 MBProgress (1): 9.0 MB                        Downloaded from central: https://repo.maven.apache.org/maven2/net/bytebuddy/byte-buddy/1.17.8/byte-buddy-1.17.8.jar (9.0 MB at 127 kB/s)
#16 107.3 [INFO] 
#16 107.3 [INFO] --- clean:3.5.0:clean (default-clean) @ employee ---
#16 107.3 Downloading from central: https://repo.maven.apache.org/maven2/org/codehaus/plexus/plexus-utils/4.0.2/plexus-utils-4.0.2.pom
#16 107.4 Progress (1): 976 BProgress (1): 4.3 kBProgress (1): 7.7 kBProgress (1): 12 kB Progress (1): 13 kB                   Downloaded from central: https://repo.maven.apache.org/maven2/org/codehaus/plexus/plexus-utils/4.0.2/plexus-utils-4.0.2.pom (13 kB at 124 kB/s)
#16 107.4 Downloading from central: https://repo.maven.apache.org/maven2/org/codehaus/plexus/plexus-utils/4.0.2/plexus-utils-4.0.2.jar
#16 107.4 Progress (1): 3.2/193 kBProgress (1): 20/193 kB Progress (1): 36/193 kBProgress (1): 52/193 kBProgress (1): 69/193 kBProgress (1): 77/193 kBProgress (1): 93/193 kBProgress (1): 110/193 kBProgress (1): 115/193 kBProgress (1): 131/193 kBProgress (1): 147/193 kBProgress (1): 164/193 kBProgress (1): 180/193 kBProgress (1): 193 kB                        Downloaded from central: https://repo.maven.apache.org/maven2/org/codehaus/plexus/plexus-utils/4.0.2/plexus-utils-4.0.2.jar (193 kB at 958 kB/s)
#16 107.6 [INFO] 
#16 107.6 [INFO] --- resources:3.3.1:resources (default-resources) @ employee ---
#16 107.6 Downloading from central: https://repo.maven.apache.org/maven2/org/codehaus/plexus/plexus-interpolation/1.26/plexus-interpolation-1.26.pom
#16 107.7 Progress (1): 1.4 kBProgress (1): 2.7 kB                    Downloaded from central: https://repo.maven.apache.org/maven2/org/codehaus/plexus/plexus-interpolation/1.26/plexus-interpolation-1.26.pom (2.7 kB at 26 kB/s)
#16 107.7 Downloading from central: https://repo.maven.apache.org/maven2/org/codehaus/plexus/plexus/5.1/plexus-5.1.pom
#16 107.8 Progress (1): 700 BProgress (1): 2.7 kBProgress (1): 6.5 kBProgress (1): 9.1 kBProgress (1): 12 kB Progress (1): 16 kBProgress (1): 21 kBProgress (1): 23 kB                   Downloaded from central: https://repo.maven.apache.org/maven2/org/codehaus/plexus/plexus/5.1/plexus-5.1.pom (23 kB at 336 kB/s)
#16 107.8 Downloading from central: https://repo.maven.apache.org/maven2/org/codehaus/plexus/plexus-utils/3.5.1/plexus-utils-3.5.1.pom
#16 107.9 Progress (1): 726 BProgress (1): 2.4 kBProgress (1): 4.4 kBProgress (1): 8.6 kBProgress (1): 8.8 kB                    Downloaded from central: https://repo.maven.apache.org/maven2/org/codehaus/plexus/plexus-utils/3.5.1/plexus-utils-3.5.1.pom (8.8 kB at 92 kB/s)
#16 107.9 Downloading from central: https://repo.maven.apache.org/maven2/org/codehaus/plexus/plexus/10/plexus-10.pom
#16 108.0 Progress (1): 696 BProgress (1): 2.7 kBProgress (1): 6.4 kBProgress (1): 9.2 kBProgress (1): 11 kB Progress (1): 16 kBProgress (1): 20 kBProgress (1): 24 kBProgress (1): 25 kB                   Downloaded from central: https://repo.maven.apache.org/maven2/org/codehaus/plexus/plexus/10/plexus-10.pom (25 kB at 225 kB/s)
#16 108.0 Downloading from central: https://repo.maven.apache.org/maven2/org/apache/maven/shared/maven-filtering/3.3.1/maven-filtering-3.3.1.pom
#16 108.1 Progress (1): 793 BProgress (1): 2.3 kBProgress (1): 5.6 kBProgress (1): 6.0 kB                    Downloaded from central: https://repo.maven.apache.org/maven2/org/apache/maven/shared/maven-filtering/3.3.1/maven-filtering-3.3.1.pom (6.0 kB at 48 kB/s)
#16 108.1 Downloading from central: https://repo.maven.apache.org/maven2/org/apache/maven/shared/maven-shared-components/39/maven-shared-components-39.pom
#16 108.2 Progress (1): 812 BProgress (1): 2.2 kBProgress (1): 3.2 kB                    Downloaded from central: https://repo.maven.apache.org/maven2/org/apache/maven/shared/maven-shared-components/39/maven-shared-components-39.pom (3.2 kB at 38 kB/s)
#16 108.2 Downloading from central: https://repo.maven.apache.org/maven2/javax/inject/javax.inject/1/javax.inject-1.pom
#16 108.3 Progress (1): 612 B                   Downloaded from central: https://repo.maven.apache.org/maven2/javax/inject/javax.inject/1/javax.inject-1.pom (612 B at 7.4 kB/s)
#16 108.3 Downloading from central: https://repo.maven.apache.org/maven2/org/slf4j/slf4j-api/1.7.36/slf4j-api-1.7.36.pom
#16 108.4 Progress (1): 1.0 kBProgress (1): 2.7 kB                    Downloaded from central: https://repo.maven.apache.org/maven2/org/slf4j/slf4j-api/1.7.36/slf4j-api-1.7.36.pom (2.7 kB at 20 kB/s)
#16 108.4 Downloading from central: https://repo.maven.apache.org/maven2/org/slf4j/slf4j-parent/1.7.36/slf4j-parent-1.7.36.pom
#16 108.5 Progress (1): 1.0 kBProgress (1): 3.0 kBProgress (1): 5.9 kBProgress (1): 8.7 kBProgress (1): 12 kB Progress (1): 14 kB                   Downloaded from central: https://repo.maven.apache.org/maven2/org/slf4j/slf4j-parent/1.7.36/slf4j-parent-1.7.36.pom (14 kB at 150 kB/s)
#16 108.5 Downloading from central: https://repo.maven.apache.org/maven2/org/sonatype/plexus/plexus-build-api/0.0.7/plexus-build-api-0.0.7.pom
#16 108.6 Progress (1): 910 BProgress (1): 3.2 kB                    Downloaded from central: https://repo.maven.apache.org/maven2/org/sonatype/plexus/plexus-build-api/0.0.7/plexus-build-api-0.0.7.pom (3.2 kB at 43 kB/s)
#16 108.6 Downloading from central: https://repo.maven.apache.org/maven2/org/sonatype/spice/spice-parent/15/spice-parent-15.pom
#16 108.7 Progress (1): 1.2 kBProgress (1): 3.7 kBProgress (1): 7.3 kBProgress (1): 8.4 kB                    Downloaded from central: https://repo.maven.apache.org/maven2/org/sonatype/spice/spice-parent/15/spice-parent-15.pom (8.4 kB at 94 kB/s)
#16 108.7 Downloading from central: https://repo.maven.apache.org/maven2/org/sonatype/forge/forge-parent/5/forge-parent-5.pom
#16 108.8 Progress (1): 1.3 kBProgress (1): 5.5 kBProgress (1): 8.4 kB                    Downloaded from central: https://repo.maven.apache.org/maven2/org/sonatype/forge/forge-parent/5/forge-parent-5.pom (8.4 kB at 106 kB/s)
#16 108.8 Downloading from central: https://repo.maven.apache.org/maven2/org/codehaus/plexus/plexus-utils/3.5.0/plexus-utils-3.5.0.pom
#16 108.9 Progress (1): 725 BProgress (1): 2.4 kBProgress (1): 4.5 kBProgress (1): 8.0 kB                    Downloaded from central: https://repo.maven.apache.org/maven2/org/codehaus/plexus/plexus-utils/3.5.0/plexus-utils-3.5.0.pom (8.0 kB at 104 kB/s)
#16 108.9 Downloading from central: https://repo.maven.apache.org/maven2/commons-io/commons-io/2.11.0/commons-io-2.11.0.pom
#16 108.9 Progress (1): 764 BProgress (1): 2.1 kBProgress (1): 5.2 kBProgress (1): 7.8 kBProgress (1): 10 kB Progress (1): 12 kBProgress (1): 15 kBProgress (1): 18 kBProgress (1): 20 kB                   Downloaded from central: https://repo.maven.apache.org/maven2/commons-io/commons-io/2.11.0/commons-io-2.11.0.pom (20 kB at 235 kB/s)
#16 109.0 Downloading from central: https://repo.maven.apache.org/maven2/org/apache/commons/commons-parent/52/commons-parent-52.pom
#16 109.0 Progress (1): 703 BProgress (1): 1.8 kBProgress (1): 3.1 kBProgress (1): 4.6 kBProgress (1): 6.7 kBProgress (1): 8.1 kBProgress (1): 10 kB Progress (1): 12 kBProgress (1): 15 kBProgress (1): 17 kBProgress (1): 20 kBProgress (1): 22 kBProgress (1): 25 kBProgress (1): 29 kBProgress (1): 32 kBProgress (1): 32 kBProgress (1): 36 kBProgress (1): 39 kBProgress (1): 42 kBProgress (1): 44 kBProgress (1): 47 kBProgress (1): 51 kBProgress (1): 54 kBProgress (1): 56 kBProgress (1): 61 kBProgress (1): 65 kBProgress (1): 73 kBProgress (1): 76 kBProgress (1): 79 kB                   Downloaded from central: https://repo.maven.apache.org/maven2/org/apache/commons/commons-parent/52/commons-parent-52.pom (79 kB at 843 kB/s)
#16 109.1 Downloading from central: https://repo.maven.apache.org/maven2/org/apache/apache/23/apache-23.pom
#16 109.2 Progress (1): 749 BProgress (1): 2.1 kBProgress (1): 3.9 kBProgress (1): 7.9 kBProgress (1): 13 kB Progress (1): 16 kBProgress (1): 18 kB                   Downloaded from central: https://repo.maven.apache.org/maven2/org/apache/apache/23/apache-23.pom (18 kB at 123 kB/s)
#16 109.2 Downloading from central: https://repo.maven.apache.org/maven2/org/junit/junit-bom/5.7.2/junit-bom-5.7.2.pom
#16 109.4 Progress (1): 912 BProgress (1): 4.1 kBProgress (1): 5.1 kB                    Downloaded from central: https://repo.maven.apache.org/maven2/org/junit/junit-bom/5.7.2/junit-bom-5.7.2.pom (5.1 kB at 22 kB/s)
#16 109.4 Downloading from central: https://repo.maven.apache.org/maven2/org/apache/commons/commons-lang3/3.12.0/commons-lang3-3.12.0.pom
#16 109.5 Progress (1): 740 BProgress (1): 2.1 kBProgress (1): 5.4 kBProgress (1): 8.8 kBProgress (1): 12 kB Progress (1): 15 kBProgress (1): 17 kBProgress (1): 19 kBProgress (1): 21 kBProgress (1): 24 kBProgress (1): 28 kBProgress (1): 30 kBProgress (1): 31 kB                   Downloaded from central: https://repo.maven.apache.org/maven2/org/apache/commons/commons-lang3/3.12.0/commons-lang3-3.12.0.pom (31 kB at 414 kB/s)
#16 109.5 Downloading from central: https://repo.maven.apache.org/maven2/org/junit/junit-bom/5.7.1/junit-bom-5.7.1.pom
#16 109.6 Progress (1): 912 BProgress (1): 4.1 kBProgress (1): 5.1 kB                    Downloaded from central: https://repo.maven.apache.org/maven2/org/junit/junit-bom/5.7.1/junit-bom-5.7.1.pom (5.1 kB at 74 kB/s)
#16 109.6 Downloading from central: https://repo.maven.apache.org/maven2/org/codehaus/plexus/plexus-interpolation/1.26/plexus-interpolation-1.26.jar
#16 109.7 Progress (1): 7.7/85 kBProgress (1): 8.2/85 kBProgress (1): 25/85 kB Progress (1): 41/85 kBProgress (1): 57/85 kBProgress (1): 74/85 kBProgress (1): 85 kB                      Downloaded from central: https://repo.maven.apache.org/maven2/org/codehaus/plexus/plexus-interpolation/1.26/plexus-interpolation-1.26.jar (85 kB at 628 kB/s)
#16 109.7 Downloading from central: https://repo.maven.apache.org/maven2/org/codehaus/plexus/plexus-utils/3.5.1/plexus-utils-3.5.1.jar
#16 109.7 Downloading from central: https://repo.maven.apache.org/maven2/org/apache/maven/shared/maven-filtering/3.3.1/maven-filtering-3.3.1.jar
#16 109.7 Downloading from central: https://repo.maven.apache.org/maven2/javax/inject/javax.inject/1/javax.inject-1.jar
#16 109.7 Downloading from central: https://repo.maven.apache.org/maven2/org/slf4j/slf4j-api/1.7.36/slf4j-api-1.7.36.jar
#16 109.7 Downloading from central: https://repo.maven.apache.org/maven2/org/sonatype/plexus/plexus-build-api/0.0.7/plexus-build-api-0.0.7.jar
#16 109.8 Progress (1): 2.5 kB                    Downloaded from central: https://repo.maven.apache.org/maven2/javax/inject/javax.inject/1/javax.inject-1.jar (2.5 kB at 27 kB/s)
#16 109.8 Downloading from central: https://repo.maven.apache.org/maven2/commons-io/commons-io/2.11.0/commons-io-2.11.0.jar
#16 109.8 Progress (1): 7.7/55 kBProgress (1): 11/55 kB Progress (2): 11/55 kB | 3.2/8.5 kBProgress (2): 28/55 kB | 3.2/8.5 kBProgress (3): 28/55 kB | 3.2/8.5 kB | 7.7/269 kBProgress (3): 28/55 kB | 3.2/8.5 kB | 16/269 kB Progress (4): 28/55 kB | 3.2/8.5 kB | 16/269 kB | 7.7/41 kBProgress (4): 28/55 kB | 3.2/8.5 kB | 16/269 kB | 11/41 kB Progress (4): 44/55 kB | 3.2/8.5 kB | 16/269 kB | 11/41 kBProgress (4): 44/55 kB | 3.2/8.5 kB | 16/269 kB | 28/41 kBProgress (4): 55 kB | 3.2/8.5 kB | 16/269 kB | 28/41 kB                                                          Downloaded from central: https://repo.maven.apache.org/maven2/org/apache/maven/shared/maven-filtering/3.3.1/maven-filtering-3.3.1.jar (55 kB at 359 kB/s)
#16 109.9 Downloading from central: https://repo.maven.apache.org/maven2/org/apache/commons/commons-lang3/3.12.0/commons-lang3-3.12.0.jar
#16 109.9 Progress (3): 3.2/8.5 kB | 25/269 kB | 28/41 kBProgress (3): 3.2/8.5 kB | 25/269 kB | 41 kB   Progress (3): 8.5 kB | 25/269 kB | 41 kB                                            Downloaded from central: https://repo.maven.apache.org/maven2/org/slf4j/slf4j-api/1.7.36/slf4j-api-1.7.36.jar (41 kB at 264 kB/s)
#16 109.9 Downloaded from central: https://repo.maven.apache.org/maven2/org/sonatype/plexus/plexus-build-api/0.0.7/plexus-build-api-0.0.7.jar (8.5 kB at 55 kB/s)
#16 110.0 Progress (1): 41/269 kBProgress (2): 41/269 kB | 4.1/327 kBProgress (2): 41/269 kB | 20/327 kB Progress (2): 41/269 kB | 37/327 kBProgress (2): 57/269 kB | 37/327 kBProgress (2): 57/269 kB | 53/327 kBProgress (2): 74/269 kB | 53/327 kBProgress (2): 74/269 kB | 70/327 kBProgress (2): 90/269 kB | 70/327 kBProgress (2): 90/269 kB | 86/327 kBProgress (2): 90/269 kB | 102/327 kBProgress (2): 90/269 kB | 119/327 kBProgress (2): 106/269 kB | 119/327 kBProgress (2): 106/269 kB | 127/327 kBProgress (3): 106/269 kB | 127/327 kB | 3.2/587 kBProgress (3): 106/269 kB | 127/327 kB | 20/587 kB Progress (3): 106/269 kB | 127/327 kB | 36/587 kBProgress (3): 106/269 kB | 143/327 kB | 36/587 kBProgress (3): 106/269 kB | 143/327 kB | 52/587 kBProgress (3): 106/269 kB | 143/327 kB | 69/587 kBProgress (3): 123/269 kB | 143/327 kB | 69/587 kBProgress (3): 123/269 kB | 160/327 kB | 69/587 kBProgress (3): 123/269 kB | 160/327 kB | 85/587 kBProgress (3): 123/269 kB | 176/327 kB | 85/587 kBProgress (3): 139/269 kB | 176/327 kB | 85/587 kBProgress (3): 139/269 kB | 176/327 kB | 102/587 kBProgress (3): 139/269 kB | 193/327 kB | 102/587 kBProgress (3): 139/269 kB | 209/327 kB | 102/587 kBProgress (3): 156/269 kB | 209/327 kB | 102/587 kBProgress (3): 156/269 kB | 209/327 kB | 118/587 kBProgress (3): 156/269 kB | 225/327 kB | 118/587 kBProgress (3): 156/269 kB | 225/327 kB | 134/587 kBProgress (3): 172/269 kB | 225/327 kB | 134/587 kBProgress (3): 172/269 kB | 225/327 kB | 151/587 kBProgress (3): 172/269 kB | 242/327 kB | 151/587 kBProgress (3): 172/269 kB | 242/327 kB | 167/587 kBProgress (3): 172/269 kB | 258/327 kB | 167/587 kBProgress (3): 172/269 kB | 258/327 kB | 183/587 kBProgress (3): 172/269 kB | 274/327 kB | 183/587 kBProgress (3): 188/269 kB | 274/327 kB | 183/587 kBProgress (3): 188/269 kB | 274/327 kB | 200/587 kBProgress (3): 188/269 kB | 291/327 kB | 200/587 kBProgress (3): 188/269 kB | 291/327 kB | 216/587 kBProgress (3): 205/269 kB | 291/327 kB | 216/587 kBProgress (3): 205/269 kB | 291/327 kB | 233/587 kBProgress (3): 205/269 kB | 307/327 kB | 233/587 kBProgress (3): 205/269 kB | 307/327 kB | 249/587 kBProgress (3): 205/269 kB | 324/327 kB | 249/587 kBProgress (3): 205/269 kB | 327 kB | 249/587 kB                                                  Downloaded from central: https://repo.maven.apache.org/maven2/commons-io/commons-io/2.11.0/commons-io-2.11.0.jar (327 kB at 372 kB/s)
#16 110.6 Progress (2): 205/269 kB | 265/587 kBProgress (2): 221/269 kB | 265/587 kBProgress (2): 221/269 kB | 282/587 kBProgress (2): 221/269 kB | 298/587 kBProgress (2): 238/269 kB | 298/587 kBProgress (2): 238/269 kB | 314/587 kBProgress (2): 238/269 kB | 331/587 kBProgress (2): 238/269 kB | 347/587 kBProgress (2): 254/269 kB | 347/587 kBProgress (2): 269 kB | 347/587 kB                                     Downloaded from central: https://repo.maven.apache.org/maven2/org/codehaus/plexus/plexus-utils/3.5.1/plexus-utils-3.5.1.jar (269 kB at 266 kB/s)
#16 110.7 Progress (1): 364/587 kBProgress (1): 380/587 kBProgress (1): 396/587 kBProgress (1): 413/587 kBProgress (1): 429/587 kBProgress (1): 446/587 kBProgress (1): 462/587 kBProgress (1): 478/587 kBProgress (1): 495/587 kBProgress (1): 511/587 kBProgress (1): 527/587 kBProgress (1): 544/587 kBProgress (1): 560/587 kBProgress (1): 577/587 kBProgress (1): 587 kB                        Downloaded from central: https://repo.maven.apache.org/maven2/org/apache/commons/commons-lang3/3.12.0/commons-lang3-3.12.0.jar (587 kB at 479 kB/s)
#16 111.0 [INFO] Copying 1 resource from src/main/resources to target/classes
#16 111.0 [INFO] Copying 0 resource from src/main/resources to target/classes
#16 111.0 [INFO] 
#16 111.0 [INFO] --- compiler:3.14.1:compile (default-compile) @ employee ---
#16 111.0 Downloading from central: https://repo.maven.apache.org/maven2/org/ow2/asm/asm/9.8/asm-9.8.pom
#16 111.1 Progress (1): 1.3 kBProgress (1): 2.4 kB                    Downloaded from central: https://repo.maven.apache.org/maven2/org/ow2/asm/asm/9.8/asm-9.8.pom (2.4 kB at 26 kB/s)
#16 111.1 Downloading from central: https://repo.maven.apache.org/maven2/org/apache/maven/shared/maven-shared-utils/3.4.2/maven-shared-utils-3.4.2.pom
#16 111.2 Progress (1): 793 BProgress (1): 2.3 kBProgress (1): 4.3 kBProgress (1): 5.9 kB                    Downloaded from central: https://repo.maven.apache.org/maven2/org/apache/maven/shared/maven-shared-utils/3.4.2/maven-shared-utils-3.4.2.pom (5.9 kB at 41 kB/s)
#16 111.3 Downloading from central: https://repo.maven.apache.org/maven2/org/apache/maven/shared/maven-shared-incremental/1.1/maven-shared-incremental-1.1.pom
#16 111.4 Progress (1): 806 BProgress (1): 2.3 kBProgress (1): 4.7 kB                    Downloaded from central: https://repo.maven.apache.org/maven2/org/apache/maven/shared/maven-shared-incremental/1.1/maven-shared-incremental-1.1.pom (4.7 kB at 47 kB/s)
#16 111.4 Downloading from central: https://repo.maven.apache.org/maven2/org/apache/maven/shared/maven-shared-components/19/maven-shared-components-19.pom
#16 111.4 Progress (1): 773 BProgress (1): 2.4 kBProgress (1): 4.2 kBProgress (1): 6.4 kB                    Downloaded from central: https://repo.maven.apache.org/maven2/org/apache/maven/shared/maven-shared-components/19/maven-shared-components-19.pom (6.4 kB at 110 kB/s)
#16 111.4 Downloading from central: https://repo.maven.apache.org/maven2/org/apache/maven/maven-parent/23/maven-parent-23.pom
#16 111.6 Progress (1): 726 BProgress (1): 2.0 kBProgress (1): 5.9 kBProgress (1): 10 kB Progress (1): 15 kBProgress (1): 19 kBProgress (1): 22 kBProgress (1): 25 kBProgress (1): 27 kBProgress (1): 31 kBProgress (1): 33 kB                   Downloaded from central: https://repo.maven.apache.org/maven2/org/apache/maven/maven-parent/23/maven-parent-23.pom (33 kB at 229 kB/s)
#16 111.6 Downloading from central: https://repo.maven.apache.org/maven2/org/apache/apache/13/apache-13.pom
#16 111.6 Progress (1): 749 BProgress (1): 2.1 kBProgress (1): 4.1 kBProgress (1): 9.0 kBProgress (1): 11 kB Progress (1): 14 kB                   Downloaded from central: https://repo.maven.apache.org/maven2/org/apache/apache/13/apache-13.pom (14 kB at 189 kB/s)
#16 111.6 Downloading from central: https://repo.maven.apache.org/maven2/org/codehaus/plexus/plexus-java/1.5.0/plexus-java-1.5.0.pom
#16 111.7 Progress (1): 1.9 kBProgress (1): 4.1 kB                    Downloaded from central: https://repo.maven.apache.org/maven2/org/codehaus/plexus/plexus-java/1.5.0/plexus-java-1.5.0.pom (4.1 kB at 50 kB/s)
#16 111.7 Downloading from central: https://repo.maven.apache.org/maven2/org/codehaus/plexus/plexus-languages/1.5.0/plexus-languages-1.5.0.pom
#16 111.8 Progress (1): 1.4 kBProgress (1): 3.9 kB                    Downloaded from central: https://repo.maven.apache.org/maven2/org/codehaus/plexus/plexus-languages/1.5.0/plexus-languages-1.5.0.pom (3.9 kB at 41 kB/s)
#16 111.8 Downloading from central: https://repo.maven.apache.org/maven2/org/codehaus/plexus/plexus/20/plexus-20.pom
#16 111.9 Progress (1): 692 BProgress (1): 2.5 kBProgress (1): 6.4 kBProgress (1): 8.8 kBProgress (1): 11 kB Progress (1): 14 kBProgress (1): 17 kBProgress (1): 20 kBProgress (1): 24 kBProgress (1): 28 kBProgress (1): 29 kB                   Downloaded from central: https://repo.maven.apache.org/maven2/org/codehaus/plexus/plexus/20/plexus-20.pom (29 kB at 429 kB/s)
#16 111.9 Downloading from central: https://repo.maven.apache.org/maven2/org/junit/junit-bom/5.11.4/junit-bom-5.11.4.pom
#16 112.0 Progress (1): 908 BProgress (1): 4.1 kBProgress (1): 5.6 kB                    Downloaded from central: https://repo.maven.apache.org/maven2/org/junit/junit-bom/5.11.4/junit-bom-5.11.4.pom (5.6 kB at 90 kB/s)
#16 112.0 Downloading from central: https://repo.maven.apache.org/maven2/com/thoughtworks/qdox/qdox/2.2.0/qdox-2.2.0.pom
#16 112.0 Progress (1): 872 BProgress (1): 3.4 kBProgress (1): 6.5 kBProgress (1): 11 kB Progress (1): 13 kBProgress (1): 18 kBProgress (1): 18 kB                   Downloaded from central: https://repo.maven.apache.org/maven2/com/thoughtworks/qdox/qdox/2.2.0/qdox-2.2.0.pom (18 kB at 205 kB/s)
#16 112.0 Downloading from central: https://repo.maven.apache.org/maven2/org/codehaus/plexus/plexus-compiler-api/2.15.0/plexus-compiler-api-2.15.0.pom
#16 112.1 Progress (1): 1.4 kB                    Downloaded from central: https://repo.maven.apache.org/maven2/org/codehaus/plexus/plexus-compiler-api/2.15.0/plexus-compiler-api-2.15.0.pom (1.4 kB at 19 kB/s)
#16 112.1 Downloading from central: https://repo.maven.apache.org/maven2/org/codehaus/plexus/plexus-compiler/2.15.0/plexus-compiler-2.15.0.pom
#16 112.2 Progress (1): 1.2 kBProgress (1): 4.5 kBProgress (1): 7.6 kBProgress (1): 7.6 kB                    Downloaded from central: https://repo.maven.apache.org/maven2/org/codehaus/plexus/plexus-compiler/2.15.0/plexus-compiler-2.15.0.pom (7.6 kB at 106 kB/s)
#16 112.2 Downloading from central: https://repo.maven.apache.org/maven2/org/codehaus/plexus/plexus/17/plexus-17.pom
#16 112.3 Progress (1): 691 BProgress (1): 2.5 kBProgress (1): 6.4 kBProgress (1): 8.9 kBProgress (1): 11 kB Progress (1): 14 kBProgress (1): 19 kBProgress (1): 21 kBProgress (1): 25 kBProgress (1): 28 kB                   Downloaded from central: https://repo.maven.apache.org/maven2/org/codehaus/plexus/plexus/17/plexus-17.pom (28 kB at 344 kB/s)
#16 112.3 Downloading from central: https://repo.maven.apache.org/maven2/org/codehaus/plexus/plexus-compiler-manager/2.15.0/plexus-compiler-manager-2.15.0.pom
#16 112.4 Progress (1): 1.3 kB                    Downloaded from central: https://repo.maven.apache.org/maven2/org/codehaus/plexus/plexus-compiler-manager/2.15.0/plexus-compiler-manager-2.15.0.pom (1.3 kB at 17 kB/s)
#16 112.4 Downloading from central: https://repo.maven.apache.org/maven2/org/codehaus/plexus/plexus-xml/3.0.1/plexus-xml-3.0.1.pom
#16 112.4 Progress (1): 814 BProgress (1): 2.6 kBProgress (1): 3.7 kB                    Downloaded from central: https://repo.maven.apache.org/maven2/org/codehaus/plexus/plexus-xml/3.0.1/plexus-xml-3.0.1.pom (3.7 kB at 54 kB/s)
#16 112.4 Downloading from central: https://repo.maven.apache.org/maven2/org/codehaus/plexus/plexus/18/plexus-18.pom
#16 112.5 Progress (1): 692 BProgress (1): 2.5 kBProgress (1): 6.4 kBProgress (1): 8.9 kBProgress (1): 10 kB Progress (1): 14 kBProgress (1): 18 kBProgress (1): 21 kBProgress (1): 25 kBProgress (1): 29 kBProgress (1): 29 kB                   Downloaded from central: https://repo.maven.apache.org/maven2/org/codehaus/plexus/plexus/18/plexus-18.pom (29 kB at 340 kB/s)
#16 112.5 Downloading from central: https://repo.maven.apache.org/maven2/org/codehaus/plexus/plexus-compiler-javac/2.15.0/plexus-compiler-javac-2.15.0.pom
#16 112.6 Progress (1): 1.3 kB                    Downloaded from central: https://repo.maven.apache.org/maven2/org/codehaus/plexus/plexus-compiler-javac/2.15.0/plexus-compiler-javac-2.15.0.pom (1.3 kB at 16 kB/s)
#16 112.6 Downloading from central: https://repo.maven.apache.org/maven2/org/codehaus/plexus/plexus-compilers/2.15.0/plexus-compilers-2.15.0.pom
#16 112.7 Progress (1): 1.6 kBProgress (1): 1.6 kB                    Downloaded from central: https://repo.maven.apache.org/maven2/org/codehaus/plexus/plexus-compilers/2.15.0/plexus-compilers-2.15.0.pom (1.6 kB at 13 kB/s)
#16 112.7 Downloading from central: https://repo.maven.apache.org/maven2/org/ow2/asm/asm/9.8/asm-9.8.jar
#16 112.8 Progress (1): 3.2/126 kBProgress (1): 11/126 kB Progress (1): 28/126 kBProgress (1): 44/126 kBProgress (1): 61/126 kBProgress (1): 77/126 kBProgress (1): 93/126 kBProgress (1): 110/126 kBProgress (1): 126/126 kBProgress (1): 126 kB                        Downloaded from central: https://repo.maven.apache.org/maven2/org/ow2/asm/asm/9.8/asm-9.8.jar (126 kB at 667 kB/s)
#16 112.9 Downloading from central: https://repo.maven.apache.org/maven2/org/apache/maven/shared/maven-shared-utils/3.4.2/maven-shared-utils-3.4.2.jar
#16 112.9 Downloading from central: https://repo.maven.apache.org/maven2/org/apache/maven/shared/maven-shared-incremental/1.1/maven-shared-incremental-1.1.jar
#16 112.9 Downloading from central: https://repo.maven.apache.org/maven2/org/codehaus/plexus/plexus-java/1.5.0/plexus-java-1.5.0.jar
#16 112.9 Downloading from central: https://repo.maven.apache.org/maven2/com/thoughtworks/qdox/qdox/2.2.0/qdox-2.2.0.jar
#16 112.9 Downloading from central: https://repo.maven.apache.org/maven2/org/codehaus/plexus/plexus-compiler-api/2.15.0/plexus-compiler-api-2.15.0.jar
#16 113.0 Progress (1): 3.2/151 kBProgress (1): 11/151 kB Progress (1): 28/151 kBProgress (2): 28/151 kB | 7.3/14 kBProgress (3): 28/151 kB | 7.3/14 kB | 7.7/29 kBProgress (3): 28/151 kB | 7.3/14 kB | 16/29 kB Progress (4): 28/151 kB | 7.3/14 kB | 16/29 kB | 7.7/57 kBProgress (4): 28/151 kB | 7.3/14 kB | 16/29 kB | 16/57 kB Progress (4): 44/151 kB | 7.3/14 kB | 16/29 kB | 16/57 kBProgress (4): 44/151 kB | 7.3/14 kB | 16/29 kB | 28/57 kBProgress (4): 44/151 kB | 7.3/14 kB | 28/29 kB | 28/57 kBProgress (4): 44/151 kB | 7.3/14 kB | 29 kB | 28/57 kB   Progress (4): 44/151 kB | 14 kB | 29 kB | 28/57 kB    Progress (4): 61/151 kB | 14 kB | 29 kB | 28/57 kB                                                  Downloaded from central: https://repo.maven.apache.org/maven2/org/codehaus/plexus/plexus-compiler-api/2.15.0/plexus-compiler-api-2.15.0.jar (29 kB at 161 kB/s)
#16 113.1 Downloading from central: https://repo.maven.apache.org/maven2/org/codehaus/plexus/plexus-compiler-manager/2.15.0/plexus-compiler-manager-2.15.0.jar
#16 113.1 Downloaded from central: https://repo.maven.apache.org/maven2/org/apache/maven/shared/maven-shared-incremental/1.1/maven-shared-incremental-1.1.jar (14 kB at 74 kB/s)
#16 113.1 Downloading from central: https://repo.maven.apache.org/maven2/org/codehaus/plexus/plexus-xml/3.0.1/plexus-xml-3.0.1.jar
#16 113.1 Progress (2): 77/151 kB | 28/57 kBProgress (2): 77/151 kB | 44/57 kBProgress (2): 77/151 kB | 57 kB   Progress (2): 93/151 kB | 57 kBProgress (2): 110/151 kB | 57 kB                                Downloaded from central: https://repo.maven.apache.org/maven2/org/codehaus/plexus/plexus-java/1.5.0/plexus-java-1.5.0.jar (57 kB at 283 kB/s)
#16 113.1 Downloading from central: https://repo.maven.apache.org/maven2/org/codehaus/plexus/plexus-compiler-javac/2.15.0/plexus-compiler-javac-2.15.0.jar
#16 113.1 Progress (1): 126/151 kBProgress (1): 142/151 kBProgress (1): 151 kB    Progress (2): 151 kB | 7.7/353 kBProgress (2): 151 kB | 11/353 kB                                 Downloaded from central: https://repo.maven.apache.org/maven2/org/apache/maven/shared/maven-shared-utils/3.4.2/maven-shared-utils-3.4.2.jar (151 kB at 649 kB/s)
#16 113.2 Progress (2): 11/353 kB | 5.2 kB                                Downloaded from central: https://repo.maven.apache.org/maven2/org/codehaus/plexus/plexus-compiler-manager/2.15.0/plexus-compiler-manager-2.15.0.jar (5.2 kB at 19 kB/s)
#16 113.2 Progress (2): 11/353 kB | 7.7/94 kBProgress (2): 11/353 kB | 16/94 kB Progress (2): 11/353 kB | 28/94 kBProgress (2): 11/353 kB | 44/94 kBProgress (3): 11/353 kB | 44/94 kB | 7.7/26 kBProgress (3): 11/353 kB | 44/94 kB | 11/26 kB Progress (3): 11/353 kB | 61/94 kB | 11/26 kBProgress (3): 11/353 kB | 77/94 kB | 11/26 kBProgress (3): 11/353 kB | 77/94 kB | 26 kB   Progress (3): 11/353 kB | 93/94 kB | 26 kBProgress (3): 11/353 kB | 94 kB | 26 kB                                          Downloaded from central: https://repo.maven.apache.org/maven2/org/codehaus/plexus/plexus-compiler-javac/2.15.0/plexus-compiler-javac-2.15.0.jar (26 kB at 72 kB/s)
#16 113.3 Downloaded from central: https://repo.maven.apache.org/maven2/org/codehaus/plexus/plexus-xml/3.0.1/plexus-xml-3.0.1.jar (94 kB at 264 kB/s)
#16 113.4 Progress (1): 28/353 kBProgress (1): 44/353 kBProgress (1): 61/353 kBProgress (1): 69/353 kBProgress (1): 77/353 kBProgress (1): 93/353 kBProgress (1): 110/353 kBProgress (1): 126/353 kBProgress (1): 134/353 kBProgress (1): 142/353 kBProgress (1): 159/353 kBProgress (1): 175/353 kBProgress (1): 192/353 kBProgress (1): 208/353 kBProgress (1): 224/353 kBProgress (1): 241/353 kBProgress (1): 257/353 kBProgress (1): 274/353 kBProgress (1): 290/353 kBProgress (1): 306/353 kBProgress (1): 323/353 kBProgress (1): 339/353 kBProgress (1): 353 kB                        Downloaded from central: https://repo.maven.apache.org/maven2/com/thoughtworks/qdox/qdox/2.2.0/qdox-2.2.0.jar (353 kB at 161 kB/s)
#16 115.2 [INFO] Recompiling the module because of changed source code.
#16 115.2 [INFO] Compiling 75 source files with javac [debug parameters release 21] to target/classes
#16 117.4 [INFO] 
#16 117.4 [INFO] --- resources:3.3.1:testResources (default-testResources) @ employee ---
#16 117.4 [INFO] Copying 1 resource from src/test/resources to target/test-classes
#16 117.4 [INFO] 
#16 117.4 [INFO] --- compiler:3.14.1:testCompile (default-testCompile) @ employee ---
#16 117.4 [INFO] Recompiling the module because of changed dependency.
#16 117.4 [INFO] Compiling 1 source file with javac [debug parameters release 21] to target/test-classes
#16 118.1 [INFO] 
#16 118.1 [INFO] --- surefire:3.5.5:test (default-test) @ employee ---
#16 118.1 Downloading from central: https://repo.maven.apache.org/maven2/org/apache/maven/surefire/surefire-api/3.5.5/surefire-api-3.5.5.pom
#16 118.2 Progress (1): 833 BProgress (1): 2.9 kBProgress (1): 3.7 kB                    Downloaded from central: https://repo.maven.apache.org/maven2/org/apache/maven/surefire/surefire-api/3.5.5/surefire-api-3.5.5.pom (3.7 kB at 34 kB/s)
#16 118.2 Downloading from central: https://repo.maven.apache.org/maven2/org/apache/maven/surefire/surefire-logger-api/3.5.5/surefire-logger-api-3.5.5.pom
#16 118.4 Progress (1): 826 BProgress (1): 2.5 kBProgress (1): 3.5 kB                    Downloaded from central: https://repo.maven.apache.org/maven2/org/apache/maven/surefire/surefire-logger-api/3.5.5/surefire-logger-api-3.5.5.pom (3.5 kB at 23 kB/s)
#16 118.4 Downloading from central: https://repo.maven.apache.org/maven2/org/apache/maven/surefire/surefire-shared-utils/3.5.5/surefire-shared-utils-3.5.5.pom
#16 118.4 Progress (1): 1.1 kBProgress (1): 4.0 kB                    Downloaded from central: https://repo.maven.apache.org/maven2/org/apache/maven/surefire/surefire-shared-utils/3.5.5/surefire-shared-utils-3.5.5.pom (4.0 kB at 52 kB/s)
#16 118.5 Downloading from central: https://repo.maven.apache.org/maven2/org/apache/maven/surefire/surefire-extensions-api/3.5.5/surefire-extensions-api-3.5.5.pom
#16 118.6 Progress (1): 833 BProgress (1): 3.1 kBProgress (1): 3.6 kB                    Downloaded from central: https://repo.maven.apache.org/maven2/org/apache/maven/surefire/surefire-extensions-api/3.5.5/surefire-extensions-api-3.5.5.pom (3.6 kB at 30 kB/s)
#16 118.6 Downloading from central: https://repo.maven.apache.org/maven2/org/apache/maven/surefire/maven-surefire-common/3.5.5/maven-surefire-common-3.5.5.pom
#16 118.6 Progress (1): 822 BProgress (1): 4.1 kBProgress (1): 7.2 kBProgress (1): 7.3 kB                    Downloaded from central: https://repo.maven.apache.org/maven2/org/apache/maven/surefire/maven-surefire-common/3.5.5/maven-surefire-common-3.5.5.pom (7.3 kB at 102 kB/s)
#16 118.7 Downloading from central: https://repo.maven.apache.org/maven2/org/apache/maven/surefire/surefire-booter/3.5.5/surefire-booter-3.5.5.pom
#16 118.7 Progress (1): 830 BProgress (1): 3.6 kBProgress (1): 5.1 kB                    Downloaded from central: https://repo.maven.apache.org/maven2/org/apache/maven/surefire/surefire-booter/3.5.5/surefire-booter-3.5.5.pom (5.1 kB at 56 kB/s)
#16 118.8 Downloading from central: https://repo.maven.apache.org/maven2/org/apache/maven/surefire/surefire-extensions-spi/3.5.5/surefire-extensions-spi-3.5.5.pom
#16 118.8 Progress (1): 872 BProgress (1): 1.7 kB                    Downloaded from central: https://repo.maven.apache.org/maven2/org/apache/maven/surefire/surefire-extensions-spi/3.5.5/surefire-extensions-spi-3.5.5.pom (1.7 kB at 20 kB/s)
#16 118.8 Downloading from central: https://repo.maven.apache.org/maven2/org/apache/maven/resolver/maven-resolver-util/1.4.1/maven-resolver-util-1.4.1.pom
#16 119.0 Progress (1): 825 BProgress (1): 2.8 kBProgress (1): 2.8 kB                    Downloaded from central: https://repo.maven.apache.org/maven2/org/apache/maven/resolver/maven-resolver-util/1.4.1/maven-resolver-util-1.4.1.pom (2.8 kB at 18 kB/s)
#16 119.0 Downloading from central: https://repo.maven.apache.org/maven2/org/apache/maven/resolver/maven-resolver/1.4.1/maven-resolver-1.4.1.pom
#16 119.1 Progress (1): 774 BProgress (1): 2.2 kBProgress (1): 6.0 kBProgress (1): 9.6 kBProgress (1): 13 kB Progress (1): 16 kBProgress (1): 18 kB                   Downloaded from central: https://repo.maven.apache.org/maven2/org/apache/maven/resolver/maven-resolver/1.4.1/maven-resolver-1.4.1.pom (18 kB at 171 kB/s)
#16 119.1 Downloading from central: https://repo.maven.apache.org/maven2/org/apache/maven/maven-parent/33/maven-parent-33.pom
#16 119.2 Progress (1): 717 BProgress (1): 1.9 kBProgress (1): 5.4 kBProgress (1): 9.9 kBProgress (1): 14 kB Progress (1): 19 kBProgress (1): 23 kBProgress (1): 26 kBProgress (1): 27 kBProgress (1): 30 kBProgress (1): 34 kBProgress (1): 36 kBProgress (1): 39 kBProgress (1): 44 kB                   Downloaded from central: https://repo.maven.apache.org/maven2/org/apache/maven/maven-parent/33/maven-parent-33.pom (44 kB at 359 kB/s)
#16 119.2 Downloading from central: https://repo.maven.apache.org/maven2/org/apache/apache/21/apache-21.pom
#16 119.3 Progress (1): 753 BProgress (1): 2.1 kBProgress (1): 3.9 kBProgress (1): 8.3 kBProgress (1): 13 kB Progress (1): 16 kBProgress (1): 17 kB                   Downloaded from central: https://repo.maven.apache.org/maven2/org/apache/apache/21/apache-21.pom (17 kB at 176 kB/s)
#16 119.3 Downloading from central: https://repo.maven.apache.org/maven2/org/apache/maven/resolver/maven-resolver-api/1.4.1/maven-resolver-api-1.4.1.pom
#16 119.5 Progress (1): 843 BProgress (1): 2.6 kBProgress (1): 2.6 kB                    Downloaded from central: https://repo.maven.apache.org/maven2/org/apache/maven/resolver/maven-resolver-api/1.4.1/maven-resolver-api-1.4.1.pom (2.6 kB at 17 kB/s)
#16 119.5 Downloading from central: https://repo.maven.apache.org/maven2/org/apache/maven/shared/maven-common-artifact-filters/3.4.0/maven-common-artifact-filters-3.4.0.pom
#16 119.6 Progress (1): 798 BProgress (1): 2.3 kBProgress (1): 5.4 kBProgress (1): 5.4 kB                    Downloaded from central: https://repo.maven.apache.org/maven2/org/apache/maven/shared/maven-common-artifact-filters/3.4.0/maven-common-artifact-filters-3.4.0.pom (5.4 kB at 40 kB/s)
#16 119.6 Downloading from central: https://repo.maven.apache.org/maven2/org/apache/maven/shared/maven-shared-components/42/maven-shared-components-42.pom
#16 119.7 Progress (1): 811 BProgress (1): 2.3 kBProgress (1): 3.8 kB                    Downloaded from central: https://repo.maven.apache.org/maven2/org/apache/maven/shared/maven-shared-components/42/maven-shared-components-42.pom (3.8 kB at 45 kB/s)
#16 119.7 Downloading from central: https://repo.maven.apache.org/maven2/org/codehaus/plexus/plexus-java/1.5.2/plexus-java-1.5.2.pom
#16 119.8 Progress (1): 1.9 kBProgress (1): 4.1 kB                    Downloaded from central: https://repo.maven.apache.org/maven2/org/codehaus/plexus/plexus-java/1.5.2/plexus-java-1.5.2.pom (4.1 kB at 40 kB/s)
#16 119.8 Downloading from central: https://repo.maven.apache.org/maven2/org/codehaus/plexus/plexus-languages/1.5.2/plexus-languages-1.5.2.pom
#16 119.9 Progress (1): 1.4 kBProgress (1): 3.9 kB                    Downloaded from central: https://repo.maven.apache.org/maven2/org/codehaus/plexus/plexus-languages/1.5.2/plexus-languages-1.5.2.pom (3.9 kB at 34 kB/s)
#16 120.0 Downloading from central: https://repo.maven.apache.org/maven2/org/codehaus/plexus/plexus/24/plexus-24.pom
#16 120.1 Progress (1): 689 BProgress (1): 2.5 kBProgress (1): 6.4 kBProgress (1): 8.8 kBProgress (1): 11 kB Progress (1): 12 kBProgress (1): 16 kBProgress (1): 21 kBProgress (1): 23 kBProgress (1): 28 kBProgress (1): 31 kB                   Downloaded from central: https://repo.maven.apache.org/maven2/org/codehaus/plexus/plexus/24/plexus-24.pom (31 kB at 273 kB/s)
#16 120.1 Downloading from central: https://repo.maven.apache.org/maven2/org/ow2/asm/asm/9.9.1/asm-9.9.1.pom
#16 120.2 Progress (1): 1.3 kBProgress (1): 2.4 kB                    Downloaded from central: https://repo.maven.apache.org/maven2/org/ow2/asm/asm/9.9.1/asm-9.9.1.pom (2.4 kB at 21 kB/s)
#16 120.2 Downloading from central: https://repo.maven.apache.org/maven2/org/apache/maven/surefire/surefire-api/3.5.5/surefire-api-3.5.5.jar
#16 120.3 Progress (1): 7.7/174 kBProgress (1): 16/174 kB Progress (1): 24/174 kBProgress (1): 40/174 kBProgress (1): 57/174 kBProgress (1): 73/174 kBProgress (1): 90/174 kBProgress (1): 106/174 kBProgress (1): 122/174 kBProgress (1): 139/174 kBProgress (1): 155/174 kBProgress (1): 172/174 kBProgress (1): 174 kB                        Downloaded from central: https://repo.maven.apache.org/maven2/org/apache/maven/surefire/surefire-api/3.5.5/surefire-api-3.5.5.jar (174 kB at 281 kB/s)
#16 120.8 Downloading from central: https://repo.maven.apache.org/maven2/org/apache/maven/surefire/surefire-shared-utils/3.5.5/surefire-shared-utils-3.5.5.jar
#16 120.8 Downloading from central: https://repo.maven.apache.org/maven2/org/apache/maven/surefire/surefire-extensions-api/3.5.5/surefire-extensions-api-3.5.5.jar
#16 120.8 Downloading from central: https://repo.maven.apache.org/maven2/org/apache/maven/surefire/maven-surefire-common/3.5.5/maven-surefire-common-3.5.5.jar
#16 120.8 Downloading from central: https://repo.maven.apache.org/maven2/org/apache/maven/surefire/surefire-booter/3.5.5/surefire-booter-3.5.5.jar
#16 120.8 Downloading from central: https://repo.maven.apache.org/maven2/org/apache/maven/surefire/surefire-logger-api/3.5.5/surefire-logger-api-3.5.5.jar
#16 120.9 Progress (1): 7.7/14 kBProgress (1): 14 kB                       Downloaded from central: https://repo.maven.apache.org/maven2/org/apache/maven/surefire/surefire-logger-api/3.5.5/surefire-logger-api-3.5.5.jar (14 kB at 115 kB/s)
#16 120.9 Downloading from central: https://repo.maven.apache.org/maven2/org/apache/maven/surefire/surefire-extensions-spi/3.5.5/surefire-extensions-spi-3.5.5.jar
#16 120.9 Progress (1): 7.7/316 kBProgress (1): 15/316 kB Progress (2): 15/316 kB | 7.7/26 kBProgress (2): 15/316 kB | 16/26 kB Progress (2): 15/316 kB | 24/26 kBProgress (2): 15/316 kB | 26 kB   Progress (3): 15/316 kB | 26 kB | 7.7/123 kBProgress (3): 15/316 kB | 26 kB | 16/123 kB                                            Downloaded from central: https://repo.maven.apache.org/maven2/org/apache/maven/surefire/surefire-extensions-api/3.5.5/surefire-extensions-api-3.5.5.jar (26 kB at 193 kB/s)
#16 120.9 Downloading from central: https://repo.maven.apache.org/maven2/org/apache/maven/resolver/maven-resolver-util/1.4.1/maven-resolver-util-1.4.1.jar
#16 121.0 Progress (2): 32/316 kB | 16/123 kBProgress (2): 32/316 kB | 25/123 kBProgress (3): 32/316 kB | 25/123 kB | 0/3.0 MBProgress (3): 32/316 kB | 25/123 kB | 0/3.0 MBProgress (3): 48/316 kB | 25/123 kB | 0/3.0 MBProgress (3): 48/316 kB | 25/123 kB | 0/3.0 MBProgress (3): 65/316 kB | 25/123 kB | 0/3.0 MBProgress (3): 65/316 kB | 41/123 kB | 0/3.0 MBProgress (3): 81/316 kB | 41/123 kB | 0/3.0 MBProgress (3): 81/316 kB | 41/123 kB | 0/3.0 MBProgress (3): 97/316 kB | 41/123 kB | 0/3.0 MBProgress (3): 97/316 kB | 57/123 kB | 0/3.0 MBProgress (4): 97/316 kB | 57/123 kB | 0/3.0 MB | 7.7/8.2 kBProgress (4): 97/316 kB | 57/123 kB | 0/3.0 MB | 8.2 kB                                                           Downloaded from central: https://repo.maven.apache.org/maven2/org/apache/maven/surefire/surefire-extensions-spi/3.5.5/surefire-extensions-spi-3.5.5.jar (8.2 kB at 30 kB/s)
#16 121.1 Downloading from central: https://repo.maven.apache.org/maven2/org/apache/maven/resolver/maven-resolver-api/1.4.1/maven-resolver-api-1.4.1.jar
#16 121.1 Progress (3): 114/316 kB | 57/123 kB | 0/3.0 MBProgress (4): 114/316 kB | 57/123 kB | 0/3.0 MB | 7.7/168 kBProgress (4): 114/316 kB | 57/123 kB | 0/3.0 MB | 16/168 kB Progress (4): 114/316 kB | 57/123 kB | 0/3.0 MB | 32/168 kBProgress (4): 130/316 kB | 57/123 kB | 0/3.0 MB | 32/168 kBProgress (4): 130/316 kB | 74/123 kB | 0/3.0 MB | 32/168 kBProgress (4): 130/316 kB | 74/123 kB | 0.1/3.0 MB | 32/168 kBProgress (4): 130/316 kB | 74/123 kB | 0.1/3.0 MB | 48/168 kBProgress (4): 130/316 kB | 74/123 kB | 0.1/3.0 MB | 65/168 kBProgress (4): 147/316 kB | 74/123 kB | 0.1/3.0 MB | 65/168 kBProgress (4): 147/316 kB | 74/123 kB | 0.1/3.0 MB | 81/168 kBProgress (4): 147/316 kB | 74/123 kB | 0.1/3.0 MB | 97/168 kBProgress (4): 147/316 kB | 90/123 kB | 0.1/3.0 MB | 97/168 kBProgress (4): 163/316 kB | 90/123 kB | 0.1/3.0 MB | 97/168 kBProgress (4): 163/316 kB | 90/123 kB | 0.1/3.0 MB | 97/168 kBProgress (4): 163/316 kB | 90/123 kB | 0.1/3.0 MB | 114/168 kBProgress (4): 163/316 kB | 90/123 kB | 0.1/3.0 MB | 130/168 kBProgress (4): 163/316 kB | 90/123 kB | 0.1/3.0 MB | 147/168 kBProgress (4): 179/316 kB | 90/123 kB | 0.1/3.0 MB | 147/168 kBProgress (4): 179/316 kB | 106/123 kB | 0.1/3.0 MB | 147/168 kBProgress (4): 179/316 kB | 106/123 kB | 0.1/3.0 MB | 147/168 kBProgress (4): 179/316 kB | 106/123 kB | 0.1/3.0 MB | 163/168 kBProgress (4): 179/316 kB | 106/123 kB | 0.1/3.0 MB | 168 kB                                                               Downloaded from central: https://repo.maven.apache.org/maven2/org/apache/maven/resolver/maven-resolver-util/1.4.1/maven-resolver-util-1.4.1.jar (168 kB at 398 kB/s)
#16 121.2 Downloading from central: https://repo.maven.apache.org/maven2/org/apache/maven/shared/maven-common-artifact-filters/3.4.0/maven-common-artifact-filters-3.4.0.jar
#16 121.2 Progress (3): 196/316 kB | 106/123 kB | 0.1/3.0 MBProgress (3): 212/316 kB | 106/123 kB | 0.1/3.0 MBProgress (3): 212/316 kB | 106/123 kB | 0.1/3.0 MBProgress (3): 212/316 kB | 123/123 kB | 0.1/3.0 MBProgress (3): 212/316 kB | 123 kB | 0.1/3.0 MB                                                  Downloaded from central: https://repo.maven.apache.org/maven2/org/apache/maven/surefire/surefire-booter/3.5.5/surefire-booter-3.5.5.jar (123 kB at 284 kB/s)
#16 121.2 Downloading from central: https://repo.maven.apache.org/maven2/org/codehaus/plexus/plexus-java/1.5.2/plexus-java-1.5.2.jar
#16 121.2 Progress (2): 228/316 kB | 0.1/3.0 MBProgress (3): 228/316 kB | 0.1/3.0 MB | 7.7/149 kBProgress (3): 228/316 kB | 0.1/3.0 MB | 7.7/149 kBProgress (3): 245/316 kB | 0.1/3.0 MB | 7.7/149 kBProgress (3): 245/316 kB | 0.1/3.0 MB | 7.7/149 kBProgress (3): 245/316 kB | 0.1/3.0 MB | 24/149 kB Progress (3): 261/316 kB | 0.1/3.0 MB | 24/149 kBProgress (3): 261/316 kB | 0.1/3.0 MB | 40/149 kBProgress (3): 261/316 kB | 0.1/3.0 MB | 57/149 kBProgress (3): 278/316 kB | 0.1/3.0 MB | 57/149 kBProgress (3): 278/316 kB | 0.1/3.0 MB | 73/149 kBProgress (3): 278/316 kB | 0.1/3.0 MB | 73/149 kBProgress (3): 294/316 kB | 0.1/3.0 MB | 73/149 kBProgress (3): 294/316 kB | 0.1/3.0 MB | 90/149 kBProgress (3): 310/316 kB | 0.1/3.0 MB | 90/149 kBProgress (3): 316 kB | 0.1/3.0 MB | 90/149 kB    Progress (3): 316 kB | 0.1/3.0 MB | 106/149 kBProgress (3): 316 kB | 0.2/3.0 MB | 106/149 kB                                              Downloaded from central: https://repo.maven.apache.org/maven2/org/apache/maven/surefire/maven-surefire-common/3.5.5/maven-surefire-common-3.5.5.jar (316 kB at 617 kB/s)
#16 121.3 Downloading from central: https://repo.maven.apache.org/maven2/org/ow2/asm/asm/9.9.1/asm-9.9.1.jar
#16 121.3 Progress (2): 0.2/3.0 MB | 122/149 kBProgress (3): 0.2/3.0 MB | 122/149 kB | 7.7/58 kBProgress (3): 0.2/3.0 MB | 122/149 kB | 15/58 kB Progress (3): 0.2/3.0 MB | 139/149 kB | 15/58 kBProgress (3): 0.2/3.0 MB | 139/149 kB | 32/58 kBProgress (4): 0.2/3.0 MB | 139/149 kB | 32/58 kB | 7.7/57 kBProgress (4): 0.2/3.0 MB | 139/149 kB | 32/58 kB | 8.2/57 kBProgress (4): 0.2/3.0 MB | 139/149 kB | 48/58 kB | 8.2/57 kBProgress (4): 0.2/3.0 MB | 149 kB | 48/58 kB | 8.2/57 kB    Progress (4): 0.2/3.0 MB | 149 kB | 48/58 kB | 8.2/57 kB                                                        Downloaded from central: https://repo.maven.apache.org/maven2/org/apache/maven/resolver/maven-resolver-api/1.4.1/maven-resolver-api-1.4.1.jar (149 kB at 253 kB/s)
#16 121.4 Progress (3): 0.2/3.0 MB | 58 kB | 8.2/57 kB                                            Downloaded from central: https://repo.maven.apache.org/maven2/org/apache/maven/shared/maven-common-artifact-filters/3.4.0/maven-common-artifact-filters-3.4.0.jar (58 kB at 99 kB/s)
#16 121.4 Progress (2): 0.2/3.0 MB | 25/57 kBProgress (2): 0.2/3.0 MB | 25/57 kBProgress (2): 0.2/3.0 MB | 41/57 kBProgress (2): 0.2/3.0 MB | 41/57 kBProgress (2): 0.2/3.0 MB | 41/57 kBProgress (2): 0.2/3.0 MB | 41/57 kBProgress (2): 0.2/3.0 MB | 57/57 kBProgress (2): 0.2/3.0 MB | 57 kB                                   Downloaded from central: https://repo.maven.apache.org/maven2/org/codehaus/plexus/plexus-java/1.5.2/plexus-java-1.5.2.jar (57 kB at 76 kB/s)
#16 121.6 Progress (1): 0.3/3.0 MBProgress (2): 0.3/3.0 MB | 7.7/126 kBProgress (2): 0.3/3.0 MB | 12/126 kB Progress (2): 0.3/3.0 MB | 12/126 kBProgress (2): 0.3/3.0 MB | 29/126 kBProgress (2): 0.3/3.0 MB | 45/126 kBProgress (2): 0.3/3.0 MB | 45/126 kBProgress (2): 0.3/3.0 MB | 61/126 kBProgress (2): 0.3/3.0 MB | 66/126 kBProgress (2): 0.3/3.0 MB | 82/126 kBProgress (2): 0.3/3.0 MB | 82/126 kBProgress (2): 0.3/3.0 MB | 98/126 kBProgress (2): 0.3/3.0 MB | 115/126 kBProgress (2): 0.3/3.0 MB | 115/126 kBProgress (2): 0.3/3.0 MB | 126 kB                                     Downloaded from central: https://repo.maven.apache.org/maven2/org/ow2/asm/asm/9.9.1/asm-9.9.1.jar (126 kB at 134 kB/s)
#16 121.8 Progress (1): 0.3/3.0 MBProgress (1): 0.4/3.0 MBProgress (1): 0.4/3.0 MBProgress (1): 0.4/3.0 MBProgress (1): 0.4/3.0 MBProgress (1): 0.4/3.0 MBProgress (1): 0.4/3.0 MBProgress (1): 0.5/3.0 MBProgress (1): 0.5/3.0 MBProgress (1): 0.5/3.0 MBProgress (1): 0.5/3.0 MBProgress (1): 0.5/3.0 MBProgress (1): 0.5/3.0 MBProgress (1): 0.5/3.0 MBProgress (1): 0.6/3.0 MBProgress (1): 0.6/3.0 MBProgress (1): 0.6/3.0 MBProgress (1): 0.6/3.0 MBProgress (1): 0.6/3.0 MBProgress (1): 0.6/3.0 MBProgress (1): 0.7/3.0 MBProgress (1): 0.7/3.0 MBProgress (1): 0.7/3.0 MBProgress (1): 0.7/3.0 MBProgress (1): 0.7/3.0 MBProgress (1): 0.7/3.0 MBProgress (1): 0.8/3.0 MBProgress (1): 0.8/3.0 MBProgress (1): 0.8/3.0 MBProgress (1): 0.8/3.0 MBProgress (1): 0.8/3.0 MBProgress (1): 0.8/3.0 MBProgress (1): 0.9/3.0 MBProgress (1): 0.9/3.0 MBProgress (1): 0.9/3.0 MBProgress (1): 0.9/3.0 MBProgress (1): 0.9/3.0 MBProgress (1): 0.9/3.0 MBProgress (1): 1.0/3.0 MBProgress (1): 1.0/3.0 MBProgress (1): 1.0/3.0 MBProgress (1): 1.0/3.0 MBProgress (1): 1.0/3.0 MBProgress (1): 1.0/3.0 MBProgress (1): 1.1/3.0 MBProgress (1): 1.1/3.0 MBProgress (1): 1.1/3.0 MBProgress (1): 1.1/3.0 MBProgress (1): 1.1/3.0 MBProgress (1): 1.1/3.0 MBProgress (1): 1.2/3.0 MBProgress (1): 1.2/3.0 MBProgress (1): 1.2/3.0 MBProgress (1): 1.2/3.0 MBProgress (1): 1.2/3.0 MBProgress (1): 1.2/3.0 MBProgress (1): 1.3/3.0 MBProgress (1): 1.3/3.0 MBProgress (1): 1.3/3.0 MBProgress (1): 1.3/3.0 MBProgress (1): 1.3/3.0 MBProgress (1): 1.3/3.0 MBProgress (1): 1.4/3.0 MBProgress (1): 1.4/3.0 MBProgress (1): 1.4/3.0 MBProgress (1): 1.4/3.0 MBProgress (1): 1.4/3.0 MBProgress (1): 1.4/3.0 MBProgress (1): 1.4/3.0 MBProgress (1): 1.5/3.0 MBProgress (1): 1.5/3.0 MBProgress (1): 1.5/3.0 MBProgress (1): 1.5/3.0 MBProgress (1): 1.5/3.0 MBProgress (1): 1.5/3.0 MBProgress (1): 1.6/3.0 MBProgress (1): 1.6/3.0 MBProgress (1): 1.6/3.0 MBProgress (1): 1.6/3.0 MBProgress (1): 1.6/3.0 MBProgress (1): 1.6/3.0 MBProgress (1): 1.7/3.0 MBProgress (1): 1.7/3.0 MBProgress (1): 1.7/3.0 MBProgress (1): 1.7/3.0 MBProgress (1): 1.7/3.0 MBProgress (1): 1.7/3.0 MBProgress (1): 1.8/3.0 MBProgress (1): 1.8/3.0 MBProgress (1): 1.8/3.0 MBProgress (1): 1.8/3.0 MBProgress (1): 1.8/3.0 MBProgress (1): 1.8/3.0 MBProgress (1): 1.9/3.0 MBProgress (1): 1.9/3.0 MBProgress (1): 1.9/3.0 MBProgress (1): 1.9/3.0 MBProgress (1): 1.9/3.0 MBProgress (1): 1.9/3.0 MBProgress (1): 2.0/3.0 MBProgress (1): 2.0/3.0 MBProgress (1): 2.0/3.0 MBProgress (1): 2.0/3.0 MBProgress (1): 2.0/3.0 MBProgress (1): 2.0/3.0 MBProgress (1): 2.1/3.0 MBProgress (1): 2.1/3.0 MBProgress (1): 2.1/3.0 MBProgress (1): 2.1/3.0 MBProgress (1): 2.1/3.0 MBProgress (1): 2.1/3.0 MBProgress (1): 2.2/3.0 MBProgress (1): 2.2/3.0 MBProgress (1): 2.2/3.0 MBProgress (1): 2.2/3.0 MBProgress (1): 2.2/3.0 MBProgress (1): 2.2/3.0 MBProgress (1): 2.3/3.0 MBProgress (1): 2.3/3.0 MBProgress (1): 2.3/3.0 MBProgress (1): 2.3/3.0 MBProgress (1): 2.3/3.0 MBProgress (1): 2.3/3.0 MBProgress (1): 2.4/3.0 MBProgress (1): 2.4/3.0 MBProgress (1): 2.4/3.0 MBProgress (1): 2.4/3.0 MBProgress (1): 2.4/3.0 MBProgress (1): 2.4/3.0 MBProgress (1): 2.4/3.0 MBProgress (1): 2.5/3.0 MBProgress (1): 2.5/3.0 MBProgress (1): 2.5/3.0 MBProgress (1): 2.5/3.0 MBProgress (1): 2.5/3.0 MBProgress (1): 2.5/3.0 MBProgress (1): 2.6/3.0 MBProgress (1): 2.6/3.0 MBProgress (1): 2.6/3.0 MBProgress (1): 2.6/3.0 MBProgress (1): 2.6/3.0 MBProgress (1): 2.6/3.0 MBProgress (1): 2.7/3.0 MBProgress (1): 2.7/3.0 MBProgress (1): 2.7/3.0 MBProgress (1): 2.7/3.0 MBProgress (1): 2.7/3.0 MBProgress (1): 2.7/3.0 MBProgress (1): 2.8/3.0 MBProgress (1): 2.8/3.0 MBProgress (1): 2.8/3.0 MBProgress (1): 2.8/3.0 MBProgress (1): 2.8/3.0 MBProgress (1): 2.8/3.0 MBProgress (1): 2.9/3.0 MBProgress (1): 2.9/3.0 MBProgress (1): 2.9/3.0 MBProgress (1): 2.9/3.0 MBProgress (1): 2.9/3.0 MBProgress (1): 2.9/3.0 MBProgress (1): 3.0/3.0 MBProgress (1): 3.0 MB                        Downloaded from central: https://repo.maven.apache.org/maven2/org/apache/maven/surefire/surefire-shared-utils/3.5.5/surefire-shared-utils-3.5.5.jar (3.0 MB at 603 kB/s)
#16 125.8 [INFO] Tests are skipped.
#16 125.8 [INFO] 
#16 125.8 [INFO] --- jar:3.4.2:jar (default-jar) @ employee ---
#16 125.8 Downloading from central: https://repo.maven.apache.org/maven2/org/apache/maven/shared/file-management/3.1.0/file-management-3.1.0.pom
#16 125.9 Progress (1): 794 BProgress (1): 2.2 kBProgress (1): 4.4 kBProgress (1): 4.5 kB                    Downloaded from central: https://repo.maven.apache.org/maven2/org/apache/maven/shared/file-management/3.1.0/file-management-3.1.0.pom (4.5 kB at 52 kB/s)
#16 125.9 Downloading from central: https://repo.maven.apache.org/maven2/org/apache/maven/shared/maven-shared-components/36/maven-shared-components-36.pom
#16 126.0 Progress (1): 781 BProgress (1): 2.3 kBProgress (1): 4.5 kBProgress (1): 4.9 kB                    Downloaded from central: https://repo.maven.apache.org/maven2/org/apache/maven/shared/maven-shared-components/36/maven-shared-components-36.pom (4.9 kB at 74 kB/s)
#16 126.0 Downloading from central: https://repo.maven.apache.org/maven2/org/apache/maven/maven-parent/36/maven-parent-36.pom
#16 126.0 Progress (1): 725 BProgress (1): 1.9 kBProgress (1): 5.4 kBProgress (1): 9.7 kBProgress (1): 14 kB Progress (1): 19 kBProgress (1): 23 kBProgress (1): 26 kBProgress (1): 28 kBProgress (1): 30 kBProgress (1): 34 kBProgress (1): 37 kBProgress (1): 40 kBProgress (1): 45 kBProgress (1): 45 kB                   Downloaded from central: https://repo.maven.apache.org/maven2/org/apache/maven/maven-parent/36/maven-parent-36.pom (45 kB at 591 kB/s)
#16 126.0 Downloading from central: https://repo.maven.apache.org/maven2/org/apache/apache/26/apache-26.pom
#16 126.1 Progress (1): 744 BProgress (1): 2.1 kBProgress (1): 3.9 kBProgress (1): 7.3 kBProgress (1): 12 kB Progress (1): 16 kBProgress (1): 19 kBProgress (1): 21 kB                   Downloaded from central: https://repo.maven.apache.org/maven2/org/apache/apache/26/apache-26.pom (21 kB at 214 kB/s)
#16 126.1 Downloading from central: https://repo.maven.apache.org/maven2/org/codehaus/plexus/plexus-utils/4.0.1/plexus-utils-4.0.1.pom
#16 126.2 Progress (1): 729 BProgress (1): 2.2 kBProgress (1): 4.3 kBProgress (1): 7.8 kB                    Downloaded from central: https://repo.maven.apache.org/maven2/org/codehaus/plexus/plexus-utils/4.0.1/plexus-utils-4.0.1.pom (7.8 kB at 95 kB/s)
#16 126.2 Downloading from central: https://repo.maven.apache.org/maven2/commons-io/commons-io/2.16.1/commons-io-2.16.1.pom
#16 126.3 Progress (1): 762 BProgress (1): 2.0 kBProgress (1): 4.9 kBProgress (1): 6.7 kBProgress (1): 8.8 kBProgress (1): 12 kB Progress (1): 15 kBProgress (1): 18 kBProgress (1): 20 kB                   Downloaded from central: https://repo.maven.apache.org/maven2/commons-io/commons-io/2.16.1/commons-io-2.16.1.pom (20 kB at 231 kB/s)
#16 126.3 Downloading from central: https://repo.maven.apache.org/maven2/org/apache/commons/commons-parent/69/commons-parent-69.pom
#16 126.4 Progress (1): 810 BProgress (1): 2.1 kBProgress (1): 3.2 kBProgress (1): 4.5 kBProgress (1): 6.1 kBProgress (1): 8.3 kBProgress (1): 9.7 kBProgress (1): 12 kB Progress (1): 14 kBProgress (1): 17 kBProgress (1): 18 kBProgress (1): 22 kBProgress (1): 24 kBProgress (1): 27 kBProgress (1): 31 kBProgress (1): 34 kBProgress (1): 39 kBProgress (1): 42 kBProgress (1): 45 kBProgress (1): 48 kBProgress (1): 50 kBProgress (1): 53 kBProgress (1): 57 kBProgress (1): 59 kBProgress (1): 63 kBProgress (1): 66 kBProgress (1): 70 kBProgress (1): 72 kBProgress (1): 75 kBProgress (1): 77 kB                   Downloaded from central: https://repo.maven.apache.org/maven2/org/apache/commons/commons-parent/69/commons-parent-69.pom (77 kB at 670 kB/s)
#16 126.4 Downloading from central: https://repo.maven.apache.org/maven2/org/apache/apache/31/apache-31.pom
#16 126.5 Progress (1): 739 BProgress (1): 2.1 kBProgress (1): 3.9 kBProgress (1): 6.2 kBProgress (1): 11 kB Progress (1): 16 kBProgress (1): 20 kBProgress (1): 22 kBProgress (1): 24 kB                   Downloaded from central: https://repo.maven.apache.org/maven2/org/apache/apache/31/apache-31.pom (24 kB at 284 kB/s)
#16 126.5 Downloading from central: https://repo.maven.apache.org/maven2/org/apache/maven/maven-archiver/3.6.2/maven-archiver-3.6.2.pom
#16 126.6 Progress (1): 801 BProgress (1): 2.3 kBProgress (1): 4.4 kB                    Downloaded from central: https://repo.maven.apache.org/maven2/org/apache/maven/maven-archiver/3.6.2/maven-archiver-3.6.2.pom (4.4 kB at 50 kB/s)
#16 126.6 Downloading from central: https://repo.maven.apache.org/maven2/org/apache/maven/shared/maven-shared-components/41/maven-shared-components-41.pom
#16 126.7 Progress (1): 815 BProgress (1): 2.3 kBProgress (1): 3.2 kB                    Downloaded from central: https://repo.maven.apache.org/maven2/org/apache/maven/shared/maven-shared-components/41/maven-shared-components-41.pom (3.2 kB at 33 kB/s)
#16 126.7 Downloading from central: https://repo.maven.apache.org/maven2/org/apache/maven/maven-parent/41/maven-parent-41.pom
#16 126.8 Progress (1): 724 BProgress (1): 1.9 kBProgress (1): 5.5 kBProgress (1): 9.9 kBProgress (1): 14 kB Progress (1): 19 kBProgress (1): 23 kBProgress (1): 27 kBProgress (1): 28 kBProgress (1): 31 kBProgress (1): 34 kBProgress (1): 37 kBProgress (1): 40 kBProgress (1): 43 kBProgress (1): 48 kBProgress (1): 48 kBProgress (1): 50 kB                   Downloaded from central: https://repo.maven.apache.org/maven2/org/apache/maven/maven-parent/41/maven-parent-41.pom (50 kB at 396 kB/s)
#16 126.8 Downloading from central: https://repo.maven.apache.org/maven2/org/codehaus/plexus/plexus-archiver/4.9.2/plexus-archiver-4.9.2.pom
#16 126.9 Progress (1): 1.3 kBProgress (1): 4.1 kBProgress (1): 6.0 kB                    Downloaded from central: https://repo.maven.apache.org/maven2/org/codehaus/plexus/plexus-archiver/4.9.2/plexus-archiver-4.9.2.pom (6.0 kB at 83 kB/s)
#16 126.9 Downloading from central: https://repo.maven.apache.org/maven2/org/codehaus/plexus/plexus-io/3.4.2/plexus-io-3.4.2.pom
#16 127.0 Progress (1): 1.2 kBProgress (1): 3.9 kB                    Downloaded from central: https://repo.maven.apache.org/maven2/org/codehaus/plexus/plexus-io/3.4.2/plexus-io-3.4.2.pom (3.9 kB at 48 kB/s)
#16 127.0 Downloading from central: https://repo.maven.apache.org/maven2/org/codehaus/plexus/plexus/16/plexus-16.pom
#16 127.1 Progress (1): 692 BProgress (1): 2.7 kBProgress (1): 6.4 kBProgress (1): 8.9 kBProgress (1): 11 kB Progress (1): 14 kBProgress (1): 18 kBProgress (1): 21 kBProgress (1): 25 kBProgress (1): 28 kB                   Downloaded from central: https://repo.maven.apache.org/maven2/org/codehaus/plexus/plexus/16/plexus-16.pom (28 kB at 279 kB/s)
#16 127.1 Downloading from central: https://repo.maven.apache.org/maven2/org/junit/junit-bom/5.10.1/junit-bom-5.10.1.pom
#16 127.2 Progress (1): 908 BProgress (1): 4.1 kBProgress (1): 5.6 kB                    Downloaded from central: https://repo.maven.apache.org/maven2/org/junit/junit-bom/5.10.1/junit-bom-5.10.1.pom (5.6 kB at 44 kB/s)
#16 127.2 Downloading from central: https://repo.maven.apache.org/maven2/org/apache/commons/commons-compress/1.26.1/commons-compress-1.26.1.pom
#16 127.3 Progress (1): 758 BProgress (1): 1.9 kBProgress (1): 3.7 kBProgress (1): 5.9 kBProgress (1): 9.2 kBProgress (1): 12 kB Progress (1): 15 kBProgress (1): 19 kBProgress (1): 21 kBProgress (1): 22 kB                   Downloaded from central: https://repo.maven.apache.org/maven2/org/apache/commons/commons-compress/1.26.1/commons-compress-1.26.1.pom (22 kB at 235 kB/s)
#16 127.3 Downloading from central: https://repo.maven.apache.org/maven2/org/apache/commons/commons-parent/66/commons-parent-66.pom
#16 127.5 Progress (1): 708 BProgress (1): 1.9 kBProgress (1): 3.1 kBProgress (1): 4.7 kBProgress (1): 6.5 kBProgress (1): 8.5 kBProgress (1): 10 kB Progress (1): 13 kBProgress (1): 14 kBProgress (1): 17 kBProgress (1): 19 kBProgress (1): 22 kBProgress (1): 25 kBProgress (1): 28 kBProgress (1): 31 kBProgress (1): 32 kBProgress (1): 35 kBProgress (1): 40 kBProgress (1): 43 kBProgress (1): 46 kBProgress (1): 48 kBProgress (1): 51 kBProgress (1): 55 kBProgress (1): 57 kBProgress (1): 60 kBProgress (1): 63 kBProgress (1): 67 kBProgress (1): 70 kBProgress (1): 73 kBProgress (1): 75 kBProgress (1): 77 kB                   Downloaded from central: https://repo.maven.apache.org/maven2/org/apache/commons/commons-parent/66/commons-parent-66.pom (77 kB at 538 kB/s)
#16 127.5 Downloading from central: https://repo.maven.apache.org/maven2/commons-codec/commons-codec/1.16.1/commons-codec-1.16.1.pom
#16 127.6 Progress (1): 749 BProgress (1): 1.9 kBProgress (1): 3.8 kBProgress (1): 6.3 kBProgress (1): 8.7 kBProgress (1): 11 kB Progress (1): 13 kBProgress (1): 16 kB                   Downloaded from central: https://repo.maven.apache.org/maven2/commons-codec/commons-codec/1.16.1/commons-codec-1.16.1.pom (16 kB at 163 kB/s)
#16 127.6 Downloading from central: https://repo.maven.apache.org/maven2/org/apache/commons/commons-lang3/3.14.0/commons-lang3-3.14.0.pom
#16 127.7 Progress (1): 747 BProgress (1): 2.1 kBProgress (1): 4.7 kBProgress (1): 8.4 kBProgress (1): 12 kB Progress (1): 15 kBProgress (1): 17 kBProgress (1): 18 kBProgress (1): 21 kBProgress (1): 24 kBProgress (1): 28 kBProgress (1): 30 kBProgress (1): 31 kB                   Downloaded from central: https://repo.maven.apache.org/maven2/org/apache/commons/commons-lang3/3.14.0/commons-lang3-3.14.0.pom (31 kB at 332 kB/s)
#16 127.7 Downloading from central: https://repo.maven.apache.org/maven2/org/apache/commons/commons-parent/64/commons-parent-64.pom
#16 127.8 Progress (1): 706 BProgress (1): 1.9 kBProgress (1): 3.1 kBProgress (1): 4.7 kBProgress (1): 6.4 kBProgress (1): 8.4 kBProgress (1): 10 kB Progress (1): 13 kBProgress (1): 15 kBProgress (1): 18 kBProgress (1): 19 kBProgress (1): 23 kBProgress (1): 25 kBProgress (1): 28 kBProgress (1): 32 kBProgress (1): 32 kBProgress (1): 35 kBProgress (1): 41 kBProgress (1): 44 kBProgress (1): 46 kBProgress (1): 49 kBProgress (1): 51 kBProgress (1): 54 kBProgress (1): 58 kBProgress (1): 60 kBProgress (1): 64 kBProgress (1): 67 kBProgress (1): 71 kBProgress (1): 74 kBProgress (1): 76 kBProgress (1): 78 kB                   Downloaded from central: https://repo.maven.apache.org/maven2/org/apache/commons/commons-parent/64/commons-parent-64.pom (78 kB at 787 kB/s)
#16 127.8 Downloading from central: https://repo.maven.apache.org/maven2/org/apache/apache/30/apache-30.pom
#16 128.0 Progress (1): 743 BProgress (1): 2.1 kBProgress (1): 4.0 kBProgress (1): 6.3 kBProgress (1): 11 kB Progress (1): 16 kBProgress (1): 20 kBProgress (1): 22 kBProgress (1): 23 kB                   Downloaded from central: https://repo.maven.apache.org/maven2/org/apache/apache/30/apache-30.pom (23 kB at 98 kB/s)
#16 128.0 Downloading from central: https://repo.maven.apache.org/maven2/org/junit/junit-bom/5.10.0/junit-bom-5.10.0.pom
#16 128.1 Progress (1): 913 BProgress (1): 4.1 kBProgress (1): 5.6 kB                    Downloaded from central: https://repo.maven.apache.org/maven2/org/junit/junit-bom/5.10.0/junit-bom-5.10.0.pom (5.6 kB at 70 kB/s)
#16 128.1 Downloading from central: https://repo.maven.apache.org/maven2/org/iq80/snappy/snappy/0.4/snappy-0.4.pom
#16 128.2 Progress (1): 1.2 kBProgress (1): 3.7 kBProgress (1): 8.5 kBProgress (1): 12 kB Progress (1): 15 kB                   Downloaded from central: https://repo.maven.apache.org/maven2/org/iq80/snappy/snappy/0.4/snappy-0.4.pom (15 kB at 179 kB/s)
#16 128.2 Downloading from central: https://repo.maven.apache.org/maven2/org/tukaani/xz/1.9/xz-1.9.pom
#16 128.3 Progress (1): 1.1 kBProgress (1): 2.0 kB                    Downloaded from central: https://repo.maven.apache.org/maven2/org/tukaani/xz/1.9/xz-1.9.pom (2.0 kB at 26 kB/s)
#16 128.3 Downloading from central: https://repo.maven.apache.org/maven2/com/github/luben/zstd-jni/1.5.5-11/zstd-jni-1.5.5-11.pom
#16 128.4 Progress (1): 1.1 kBProgress (1): 2.0 kB                    Downloaded from central: https://repo.maven.apache.org/maven2/com/github/luben/zstd-jni/1.5.5-11/zstd-jni-1.5.5-11.pom (2.0 kB at 26 kB/s)
#16 128.4 Downloading from central: https://repo.maven.apache.org/maven2/org/codehaus/plexus/plexus-interpolation/1.27/plexus-interpolation-1.27.pom
#16 128.4 Progress (1): 1.3 kBProgress (1): 3.0 kB                    Downloaded from central: https://repo.maven.apache.org/maven2/org/codehaus/plexus/plexus-interpolation/1.27/plexus-interpolation-1.27.pom (3.0 kB at 41 kB/s)
#16 128.4 Downloading from central: https://repo.maven.apache.org/maven2/org/apache/maven/shared/file-management/3.1.0/file-management-3.1.0.jar
#16 128.5 Progress (1): 7.7/36 kBProgress (1): 11/36 kB Progress (1): 28/36 kBProgress (1): 36 kB                      Downloaded from central: https://repo.maven.apache.org/maven2/org/apache/maven/shared/file-management/3.1.0/file-management-3.1.0.jar (36 kB at 242 kB/s)
#16 128.6 Downloading from central: https://repo.maven.apache.org/maven2/org/codehaus/plexus/plexus-utils/4.0.1/plexus-utils-4.0.1.jar
#16 128.6 Downloading from central: https://repo.maven.apache.org/maven2/commons-io/commons-io/2.16.1/commons-io-2.16.1.jar
#16 128.6 Downloading from central: https://repo.maven.apache.org/maven2/org/apache/maven/maven-archiver/3.6.2/maven-archiver-3.6.2.jar
#16 128.6 Downloading from central: https://repo.maven.apache.org/maven2/org/codehaus/plexus/plexus-interpolation/1.27/plexus-interpolation-1.27.jar
#16 128.6 Downloading from central: https://repo.maven.apache.org/maven2/org/codehaus/plexus/plexus-archiver/4.9.2/plexus-archiver-4.9.2.jar
#16 128.7 Progress (1): 3.2/193 kBProgress (2): 3.2/193 kB | 7.7/225 kBProgress (2): 3.2/193 kB | 11/225 kB Progress (3): 3.2/193 kB | 11/225 kB | 7.7/509 kBProgress (3): 3.2/193 kB | 11/225 kB | 15/509 kB Progress (4): 3.2/193 kB | 11/225 kB | 15/509 kB | 7.7/27 kBProgress (4): 3.2/193 kB | 11/225 kB | 15/509 kB | 11/27 kB Progress (4): 20/193 kB | 11/225 kB | 15/509 kB | 11/27 kB Progress (5): 20/193 kB | 11/225 kB | 15/509 kB | 11/27 kB | 7.7/86 kBProgress (5): 20/193 kB | 11/225 kB | 15/509 kB | 11/27 kB | 16/86 kB Progress (5): 20/193 kB | 28/225 kB | 15/509 kB | 11/27 kB | 16/86 kBProgress (5): 20/193 kB | 28/225 kB | 15/509 kB | 11/27 kB | 32/86 kBProgress (5): 20/193 kB | 28/225 kB | 32/509 kB | 11/27 kB | 32/86 kBProgress (5): 36/193 kB | 28/225 kB | 32/509 kB | 11/27 kB | 32/86 kBProgress (5): 36/193 kB | 44/225 kB | 32/509 kB | 11/27 kB | 32/86 kBProgress (5): 36/193 kB | 44/225 kB | 32/509 kB | 11/27 kB | 48/86 kBProgress (5): 36/193 kB | 44/225 kB | 48/509 kB | 11/27 kB | 48/86 kBProgress (5): 36/193 kB | 44/225 kB | 48/509 kB | 27 kB | 48/86 kB   Progress (5): 36/193 kB | 44/225 kB | 48/509 kB | 27 kB | 65/86 kBProgress (5): 36/193 kB | 61/225 kB | 48/509 kB | 27 kB | 65/86 kB                                                                  Downloaded from central: https://repo.maven.apache.org/maven2/org/apache/maven/maven-archiver/3.6.2/maven-archiver-3.6.2.jar (27 kB at 109 kB/s)
#16 128.8 Downloading from central: https://repo.maven.apache.org/maven2/org/codehaus/plexus/plexus-io/3.4.2/plexus-io-3.4.2.jar
#16 128.8 Progress (4): 52/193 kB | 61/225 kB | 48/509 kB | 65/86 kBProgress (4): 61/193 kB | 61/225 kB | 48/509 kB | 65/86 kBProgress (4): 61/193 kB | 61/225 kB | 65/509 kB | 65/86 kBProgress (4): 61/193 kB | 61/225 kB | 65/509 kB | 81/86 kBProgress (4): 61/193 kB | 61/225 kB | 65/509 kB | 86 kB   Progress (4): 61/193 kB | 77/225 kB | 65/509 kB | 86 kB                                                       Downloaded from central: https://repo.maven.apache.org/maven2/org/codehaus/plexus/plexus-interpolation/1.27/plexus-interpolation-1.27.jar (86 kB at 325 kB/s)
#16 128.9 Downloading from central: https://repo.maven.apache.org/maven2/org/apache/commons/commons-compress/1.26.1/commons-compress-1.26.1.jar
#16 128.9 Progress (3): 61/193 kB | 77/225 kB | 81/509 kBProgress (3): 77/193 kB | 77/225 kB | 81/509 kBProgress (3): 77/193 kB | 93/225 kB | 81/509 kBProgress (3): 77/193 kB | 93/225 kB | 97/509 kBProgress (3): 77/193 kB | 110/225 kB | 97/509 kBProgress (3): 93/193 kB | 110/225 kB | 97/509 kBProgress (3): 93/193 kB | 110/225 kB | 114/509 kBProgress (3): 93/193 kB | 126/225 kB | 114/509 kBProgress (3): 93/193 kB | 131/225 kB | 114/509 kBProgress (3): 93/193 kB | 147/225 kB | 114/509 kBProgress (3): 110/193 kB | 147/225 kB | 114/509 kBProgress (3): 110/193 kB | 147/225 kB | 130/509 kBProgress (3): 110/193 kB | 156/225 kB | 130/509 kBProgress (3): 110/193 kB | 172/225 kB | 130/509 kBProgress (3): 110/193 kB | 172/225 kB | 147/509 kBProgress (3): 110/193 kB | 172/225 kB | 163/509 kBProgress (3): 126/193 kB | 172/225 kB | 163/509 kBProgress (3): 126/193 kB | 188/225 kB | 163/509 kBProgress (3): 126/193 kB | 205/225 kB | 163/509 kBProgress (3): 126/193 kB | 205/225 kB | 179/509 kBProgress (3): 126/193 kB | 221/225 kB | 179/509 kBProgress (3): 131/193 kB | 221/225 kB | 179/509 kBProgress (3): 131/193 kB | 225 kB | 179/509 kB    Progress (3): 147/193 kB | 225 kB | 179/509 kBProgress (3): 147/193 kB | 225 kB | 196/509 kB                                              Downloaded from central: https://repo.maven.apache.org/maven2/org/codehaus/plexus/plexus-archiver/4.9.2/plexus-archiver-4.9.2.jar (225 kB at 529 kB/s)
#16 129.0 Downloading from central: https://repo.maven.apache.org/maven2/org/apache/commons/commons-lang3/3.14.0/commons-lang3-3.14.0.jar
#16 129.0 Progress (2): 147/193 kB | 212/509 kBProgress (3): 147/193 kB | 212/509 kB | 7.7/79 kBProgress (3): 147/193 kB | 212/509 kB | 8.2/79 kBProgress (3): 147/193 kB | 228/509 kB | 8.2/79 kBProgress (4): 147/193 kB | 228/509 kB | 8.2/79 kB | 0/1.1 MBProgress (4): 147/193 kB | 228/509 kB | 8.2/79 kB | 0/1.1 MBProgress (4): 147/193 kB | 228/509 kB | 8.2/79 kB | 0/1.1 MBProgress (4): 147/193 kB | 245/509 kB | 8.2/79 kB | 0/1.1 MBProgress (4): 147/193 kB | 245/509 kB | 8.2/79 kB | 0/1.1 MBProgress (4): 147/193 kB | 245/509 kB | 25/79 kB | 0/1.1 MB Progress (4): 147/193 kB | 245/509 kB | 25/79 kB | 0.1/1.1 MBProgress (4): 147/193 kB | 261/509 kB | 25/79 kB | 0.1/1.1 MBProgress (4): 164/193 kB | 261/509 kB | 25/79 kB | 0.1/1.1 MBProgress (4): 164/193 kB | 261/509 kB | 25/79 kB | 0.1/1.1 MBProgress (4): 164/193 kB | 278/509 kB | 25/79 kB | 0.1/1.1 MBProgress (4): 164/193 kB | 294/509 kB | 25/79 kB | 0.1/1.1 MBProgress (4): 164/193 kB | 294/509 kB | 41/79 kB | 0.1/1.1 MBProgress (5): 164/193 kB | 294/509 kB | 41/79 kB | 0.1/1.1 MB | 7.7/658 kBProgress (5): 164/193 kB | 294/509 kB | 41/79 kB | 0.1/1.1 MB | 8.2/658 kBProgress (5): 164/193 kB | 294/509 kB | 41/79 kB | 0.1/1.1 MB | 8.2/658 kBProgress (5): 164/193 kB | 294/509 kB | 41/79 kB | 0.1/1.1 MB | 8.2/658 kBProgress (5): 164/193 kB | 294/509 kB | 41/79 kB | 0.1/1.1 MB | 25/658 kB Progress (5): 164/193 kB | 310/509 kB | 41/79 kB | 0.1/1.1 MB | 25/658 kBProgress (5): 164/193 kB | 310/509 kB | 41/79 kB | 0.1/1.1 MB | 33/658 kBProgress (5): 164/193 kB | 310/509 kB | 41/79 kB | 0.1/1.1 MB | 33/658 kBProgress (5): 180/193 kB | 310/509 kB | 41/79 kB | 0.1/1.1 MB | 33/658 kBProgress (5): 180/193 kB | 327/509 kB | 41/79 kB | 0.1/1.1 MB | 33/658 kBProgress (5): 180/193 kB | 327/509 kB | 57/79 kB | 0.1/1.1 MB | 33/658 kBProgress (5): 180/193 kB | 327/509 kB | 57/79 kB | 0.1/1.1 MB | 49/658 kBProgress (5): 180/193 kB | 327/509 kB | 57/79 kB | 0.1/1.1 MB | 49/658 kBProgress (5): 180/193 kB | 327/509 kB | 57/79 kB | 0.1/1.1 MB | 66/658 kBProgress (5): 180/193 kB | 343/509 kB | 57/79 kB | 0.1/1.1 MB | 66/658 kBProgress (5): 193 kB | 343/509 kB | 57/79 kB | 0.1/1.1 MB | 66/658 kB                                                                         Downloaded from central: https://repo.maven.apache.org/maven2/org/codehaus/plexus/plexus-utils/4.0.1/plexus-utils-4.0.1.jar (193 kB at 264 kB/s)
#16 129.3 Downloading from central: https://repo.maven.apache.org/maven2/commons-codec/commons-codec/1.16.1/commons-codec-1.16.1.jar
#16 129.3 Progress (4): 343/509 kB | 57/79 kB | 0.2/1.1 MB | 66/658 kBProgress (4): 343/509 kB | 57/79 kB | 0.2/1.1 MB | 82/658 kBProgress (4): 360/509 kB | 57/79 kB | 0.2/1.1 MB | 82/658 kBProgress (4): 360/509 kB | 57/79 kB | 0.2/1.1 MB | 82/658 kBProgress (4): 360/509 kB | 74/79 kB | 0.2/1.1 MB | 82/658 kBProgress (4): 360/509 kB | 74/79 kB | 0.2/1.1 MB | 98/658 kBProgress (4): 360/509 kB | 79 kB | 0.2/1.1 MB | 98/658 kB                                                            Downloaded from central: https://repo.maven.apache.org/maven2/org/codehaus/plexus/plexus-io/3.4.2/plexus-io-3.4.2.jar (79 kB at 107 kB/s)
#16 129.3 Progress (3): 360/509 kB | 0.2/1.1 MB | 98/658 kB                                                 Downloading from central: https://repo.maven.apache.org/maven2/org/iq80/snappy/snappy/0.4/snappy-0.4.jar
#16 129.3 Progress (3): 376/509 kB | 0.2/1.1 MB | 98/658 kBProgress (3): 376/509 kB | 0.2/1.1 MB | 115/658 kBProgress (3): 376/509 kB | 0.2/1.1 MB | 115/658 kBProgress (3): 392/509 kB | 0.2/1.1 MB | 115/658 kBProgress (3): 392/509 kB | 0.2/1.1 MB | 131/658 kBProgress (3): 392/509 kB | 0.2/1.1 MB | 131/658 kBProgress (3): 392/509 kB | 0.2/1.1 MB | 139/658 kBProgress (3): 409/509 kB | 0.2/1.1 MB | 139/658 kBProgress (3): 409/509 kB | 0.2/1.1 MB | 147/658 kBProgress (3): 409/509 kB | 0.2/1.1 MB | 147/658 kBProgress (3): 409/509 kB | 0.3/1.1 MB | 147/658 kBProgress (3): 425/509 kB | 0.3/1.1 MB | 147/658 kBProgress (3): 425/509 kB | 0.3/1.1 MB | 147/658 kBProgress (3): 425/509 kB | 0.3/1.1 MB | 164/658 kBProgress (3): 441/509 kB | 0.3/1.1 MB | 164/658 kBProgress (3): 441/509 kB | 0.3/1.1 MB | 164/658 kBProgress (3): 441/509 kB | 0.3/1.1 MB | 180/658 kBProgress (3): 441/509 kB | 0.3/1.1 MB | 180/658 kBProgress (3): 458/509 kB | 0.3/1.1 MB | 180/658 kBProgress (3): 458/509 kB | 0.3/1.1 MB | 197/658 kBProgress (3): 474/509 kB | 0.3/1.1 MB | 197/658 kBProgress (3): 474/509 kB | 0.3/1.1 MB | 197/658 kBProgress (3): 474/509 kB | 0.3/1.1 MB | 197/658 kBProgress (3): 491/509 kB | 0.3/1.1 MB | 197/658 kBProgress (3): 491/509 kB | 0.3/1.1 MB | 213/658 kBProgress (3): 491/509 kB | 0.3/1.1 MB | 229/658 kBProgress (3): 507/509 kB | 0.3/1.1 MB | 229/658 kBProgress (3): 509 kB | 0.3/1.1 MB | 229/658 kB    Progress (3): 509 kB | 0.3/1.1 MB | 246/658 kB                                              Downloaded from central: https://repo.maven.apache.org/maven2/commons-io/commons-io/2.16.1/commons-io-2.16.1.jar (509 kB at 614 kB/s)
#16 129.4 Downloading from central: https://repo.maven.apache.org/maven2/org/tukaani/xz/1.9/xz-1.9.jar
#16 129.4 Progress (2): 0.3/1.1 MB | 262/658 kBProgress (2): 0.4/1.1 MB | 262/658 kBProgress (2): 0.4/1.1 MB | 270/658 kBProgress (2): 0.4/1.1 MB | 279/658 kBProgress (2): 0.4/1.1 MB | 295/658 kBProgress (2): 0.4/1.1 MB | 295/658 kBProgress (2): 0.4/1.1 MB | 295/658 kBProgress (2): 0.4/1.1 MB | 311/658 kBProgress (2): 0.4/1.1 MB | 311/658 kBProgress (2): 0.4/1.1 MB | 328/658 kBProgress (2): 0.4/1.1 MB | 328/658 kBProgress (2): 0.4/1.1 MB | 328/658 kBProgress (3): 0.4/1.1 MB | 328/658 kB | 7.7/116 kBProgress (3): 0.4/1.1 MB | 328/658 kB | 8.2/116 kBProgress (3): 0.4/1.1 MB | 344/658 kB | 8.2/116 kBProgress (3): 0.5/1.1 MB | 344/658 kB | 8.2/116 kBProgress (3): 0.5/1.1 MB | 360/658 kB | 8.2/116 kBProgress (3): 0.5/1.1 MB | 360/658 kB | 25/116 kB Progress (4): 0.5/1.1 MB | 360/658 kB | 25/116 kB | 7.7/365 kBProgress (4): 0.5/1.1 MB | 360/658 kB | 25/116 kB | 11/365 kB Progress (5): 0.5/1.1 MB | 360/658 kB | 25/116 kB | 11/365 kB | 7.7/58 kBProgress (5): 0.5/1.1 MB | 360/658 kB | 25/116 kB | 11/365 kB | 15/58 kB Progress (5): 0.5/1.1 MB | 360/658 kB | 25/116 kB | 11/365 kB | 15/58 kBProgress (5): 0.5/1.1 MB | 360/658 kB | 41/116 kB | 11/365 kB | 15/58 kBProgress (5): 0.5/1.1 MB | 377/658 kB | 41/116 kB | 11/365 kB | 15/58 kBProgress (5): 0.5/1.1 MB | 377/658 kB | 41/116 kB | 11/365 kB | 15/58 kBProgress (5): 0.5/1.1 MB | 393/658 kB | 41/116 kB | 11/365 kB | 15/58 kBProgress (5): 0.5/1.1 MB | 393/658 kB | 41/116 kB | 11/365 kB | 15/58 kBProgress (5): 0.5/1.1 MB | 393/658 kB | 57/116 kB | 11/365 kB | 15/58 kBProgress (5): 0.5/1.1 MB | 401/658 kB | 57/116 kB | 11/365 kB | 15/58 kBProgress (5): 0.5/1.1 MB | 401/658 kB | 57/116 kB | 11/365 kB | 15/58 kBProgress (5): 0.5/1.1 MB | 401/658 kB | 57/116 kB | 11/365 kB | 32/58 kBProgress (5): 0.5/1.1 MB | 401/658 kB | 57/116 kB | 28/365 kB | 32/58 kBProgress (5): 0.5/1.1 MB | 401/658 kB | 74/116 kB | 28/365 kB | 32/58 kBProgress (5): 0.5/1.1 MB | 418/658 kB | 74/116 kB | 28/365 kB | 32/58 kBProgress (5): 0.5/1.1 MB | 418/658 kB | 74/116 kB | 28/365 kB | 32/58 kBProgress (5): 0.5/1.1 MB | 434/658 kB | 74/116 kB | 28/365 kB | 32/58 kBProgress (5): 0.6/1.1 MB | 434/658 kB | 74/116 kB | 28/365 kB | 32/58 kBProgress (5): 0.6/1.1 MB | 434/658 kB | 90/116 kB | 28/365 kB | 32/58 kBProgress (5): 0.6/1.1 MB | 434/658 kB | 90/116 kB | 28/365 kB | 32/58 kBProgress (5): 0.6/1.1 MB | 434/658 kB | 90/116 kB | 28/365 kB | 48/58 kBProgress (5): 0.6/1.1 MB | 451/658 kB | 90/116 kB | 28/365 kB | 48/58 kBProgress (5): 0.6/1.1 MB | 451/658 kB | 106/116 kB | 28/365 kB | 48/58 kBProgress (5): 0.6/1.1 MB | 451/658 kB | 106/116 kB | 28/365 kB | 48/58 kBProgress (5): 0.6/1.1 MB | 467/658 kB | 106/116 kB | 28/365 kB | 48/58 kBProgress (5): 0.6/1.1 MB | 467/658 kB | 106/116 kB | 44/365 kB | 48/58 kBProgress (5): 0.6/1.1 MB | 467/658 kB | 116 kB | 44/365 kB | 48/58 kB                                                                         Downloaded from central: https://repo.maven.apache.org/maven2/org/tukaani/xz/1.9/xz-1.9.jar (116 kB at 103 kB/s)
#16 129.7 Downloading from central: https://repo.maven.apache.org/maven2/com/github/luben/zstd-jni/1.5.5-11/zstd-jni-1.5.5-11.jar
#16 129.7 Progress (4): 0.6/1.1 MB | 467/658 kB | 44/365 kB | 58 kBProgress (4): 0.6/1.1 MB | 467/658 kB | 44/365 kB | 58 kB                                                         Downloaded from central: https://repo.maven.apache.org/maven2/org/iq80/snappy/snappy/0.4/snappy-0.4.jar (58 kB at 51 kB/s)
#16 129.7 Progress (3): 0.6/1.1 MB | 467/658 kB | 44/365 kBProgress (3): 0.6/1.1 MB | 483/658 kB | 44/365 kBProgress (3): 0.6/1.1 MB | 483/658 kB | 44/365 kBProgress (3): 0.6/1.1 MB | 500/658 kB | 44/365 kBProgress (3): 0.6/1.1 MB | 500/658 kB | 61/365 kBProgress (3): 0.7/1.1 MB | 500/658 kB | 61/365 kBProgress (3): 0.7/1.1 MB | 516/658 kB | 61/365 kBProgress (3): 0.7/1.1 MB | 516/658 kB | 61/365 kBProgress (3): 0.7/1.1 MB | 532/658 kB | 61/365 kBProgress (3): 0.7/1.1 MB | 549/658 kB | 61/365 kBProgress (3): 0.7/1.1 MB | 549/658 kB | 61/365 kBProgress (3): 0.7/1.1 MB | 549/658 kB | 61/365 kBProgress (3): 0.7/1.1 MB | 549/658 kB | 77/365 kBProgress (3): 0.7/1.1 MB | 565/658 kB | 77/365 kBProgress (3): 0.7/1.1 MB | 565/658 kB | 77/365 kBProgress (3): 0.7/1.1 MB | 582/658 kB | 77/365 kBProgress (3): 0.7/1.1 MB | 582/658 kB | 77/365 kBProgress (3): 0.7/1.1 MB | 582/658 kB | 77/365 kBProgress (4): 0.7/1.1 MB | 582/658 kB | 77/365 kB | 0/6.8 MBProgress (4): 0.7/1.1 MB | 582/658 kB | 77/365 kB | 0/6.8 MBProgress (4): 0.7/1.1 MB | 598/658 kB | 77/365 kB | 0/6.8 MBProgress (4): 0.7/1.1 MB | 598/658 kB | 93/365 kB | 0/6.8 MBProgress (4): 0.8/1.1 MB | 598/658 kB | 93/365 kB | 0/6.8 MBProgress (4): 0.8/1.1 MB | 598/658 kB | 93/365 kB | 0/6.8 MBProgress (4): 0.8/1.1 MB | 598/658 kB | 93/365 kB | 0/6.8 MBProgress (4): 0.8/1.1 MB | 614/658 kB | 93/365 kB | 0/6.8 MBProgress (4): 0.8/1.1 MB | 614/658 kB | 93/365 kB | 0/6.8 MBProgress (4): 0.8/1.1 MB | 614/658 kB | 93/365 kB | 0/6.8 MBProgress (4): 0.8/1.1 MB | 631/658 kB | 93/365 kB | 0/6.8 MBProgress (4): 0.8/1.1 MB | 631/658 kB | 93/365 kB | 0/6.8 MBProgress (4): 0.8/1.1 MB | 631/658 kB | 93/365 kB | 0.1/6.8 MBProgress (4): 0.8/1.1 MB | 631/658 kB | 110/365 kB | 0.1/6.8 MBProgress (4): 0.8/1.1 MB | 647/658 kB | 110/365 kB | 0.1/6.8 MBProgress (4): 0.8/1.1 MB | 647/658 kB | 110/365 kB | 0.1/6.8 MBProgress (4): 0.8/1.1 MB | 658 kB | 110/365 kB | 0.1/6.8 MB                                                               Downloaded from central: https://repo.maven.apache.org/maven2/org/apache/commons/commons-lang3/3.14.0/commons-lang3-3.14.0.jar (658 kB at 506 kB/s)
#16 129.9 Progress (3): 0.8/1.1 MB | 110/365 kB | 0.1/6.8 MBProgress (3): 0.8/1.1 MB | 110/365 kB | 0.1/6.8 MBProgress (3): 0.9/1.1 MB | 110/365 kB | 0.1/6.8 MBProgress (3): 0.9/1.1 MB | 110/365 kB | 0.1/6.8 MBProgress (3): 0.9/1.1 MB | 110/365 kB | 0.1/6.8 MBProgress (3): 0.9/1.1 MB | 110/365 kB | 0.1/6.8 MBProgress (3): 0.9/1.1 MB | 126/365 kB | 0.1/6.8 MBProgress (3): 0.9/1.1 MB | 126/365 kB | 0.1/6.8 MBProgress (3): 0.9/1.1 MB | 134/365 kB | 0.1/6.8 MBProgress (3): 0.9/1.1 MB | 134/365 kB | 0.1/6.8 MBProgress (3): 0.9/1.1 MB | 134/365 kB | 0.1/6.8 MBProgress (3): 0.9/1.1 MB | 134/365 kB | 0.1/6.8 MBProgress (3): 1.0/1.1 MB | 134/365 kB | 0.1/6.8 MBProgress (3): 1.0/1.1 MB | 134/365 kB | 0.1/6.8 MBProgress (3): 1.0/1.1 MB | 134/365 kB | 0.1/6.8 MBProgress (3): 1.0/1.1 MB | 151/365 kB | 0.1/6.8 MBProgress (3): 1.0/1.1 MB | 151/365 kB | 0.1/6.8 MBProgress (3): 1.0/1.1 MB | 151/365 kB | 0.2/6.8 MBProgress (3): 1.0/1.1 MB | 151/365 kB | 0.2/6.8 MBProgress (3): 1.0/1.1 MB | 151/365 kB | 0.2/6.8 MBProgress (3): 1.0/1.1 MB | 151/365 kB | 0.2/6.8 MBProgress (3): 1.0/1.1 MB | 151/365 kB | 0.2/6.8 MBProgress (3): 1.0/1.1 MB | 167/365 kB | 0.2/6.8 MBProgress (3): 1.0/1.1 MB | 167/365 kB | 0.2/6.8 MBProgress (3): 1.0/1.1 MB | 167/365 kB | 0.2/6.8 MBProgress (3): 1.1/1.1 MB | 167/365 kB | 0.2/6.8 MBProgress (3): 1.1/1.1 MB | 167/365 kB | 0.2/6.8 MBProgress (3): 1.1/1.1 MB | 167/365 kB | 0.2/6.8 MBProgress (3): 1.1/1.1 MB | 183/365 kB | 0.2/6.8 MBProgress (3): 1.1 MB | 183/365 kB | 0.2/6.8 MB    Progress (3): 1.1 MB | 183/365 kB | 0.2/6.8 MB                                              Downloaded from central: https://repo.maven.apache.org/maven2/org/apache/commons/commons-compress/1.26.1/commons-compress-1.26.1.jar (1.1 MB at 641 kB/s)
#16 130.3 Progress (2): 183/365 kB | 0.2/6.8 MBProgress (2): 200/365 kB | 0.2/6.8 MBProgress (2): 200/365 kB | 0.3/6.8 MBProgress (2): 200/365 kB | 0.3/6.8 MBProgress (2): 200/365 kB | 0.3/6.8 MBProgress (2): 216/365 kB | 0.3/6.8 MBProgress (2): 216/365 kB | 0.3/6.8 MBProgress (2): 216/365 kB | 0.3/6.8 MBProgress (2): 233/365 kB | 0.3/6.8 MBProgress (2): 233/365 kB | 0.3/6.8 MBProgress (2): 233/365 kB | 0.4/6.8 MBProgress (2): 233/365 kB | 0.4/6.8 MBProgress (2): 249/365 kB | 0.4/6.8 MBProgress (2): 249/365 kB | 0.4/6.8 MBProgress (2): 265/365 kB | 0.4/6.8 MBProgress (2): 265/365 kB | 0.4/6.8 MBProgress (2): 265/365 kB | 0.4/6.8 MBProgress (2): 265/365 kB | 0.4/6.8 MBProgress (2): 282/365 kB | 0.4/6.8 MBProgress (2): 282/365 kB | 0.5/6.8 MBProgress (2): 282/365 kB | 0.5/6.8 MBProgress (2): 298/365 kB | 0.5/6.8 MBProgress (2): 298/365 kB | 0.5/6.8 MBProgress (2): 298/365 kB | 0.5/6.8 MBProgress (2): 314/365 kB | 0.5/6.8 MBProgress (2): 314/365 kB | 0.5/6.8 MBProgress (2): 314/365 kB | 0.5/6.8 MBProgress (2): 314/365 kB | 0.6/6.8 MBProgress (2): 331/365 kB | 0.6/6.8 MBProgress (2): 331/365 kB | 0.6/6.8 MBProgress (2): 331/365 kB | 0.6/6.8 MBProgress (2): 331/365 kB | 0.6/6.8 MBProgress (2): 347/365 kB | 0.6/6.8 MBProgress (2): 347/365 kB | 0.6/6.8 MBProgress (2): 347/365 kB | 0.6/6.8 MBProgress (2): 364/365 kB | 0.6/6.8 MBProgress (2): 364/365 kB | 0.7/6.8 MBProgress (2): 365 kB | 0.7/6.8 MB                                     Downloaded from central: https://repo.maven.apache.org/maven2/commons-codec/commons-codec/1.16.1/commons-codec-1.16.1.jar (365 kB at 173 kB/s)
#16 130.8 Progress (1): 0.7/6.8 MBProgress (1): 0.7/6.8 MBProgress (1): 0.7/6.8 MBProgress (1): 0.7/6.8 MBProgress (1): 0.7/6.8 MBProgress (1): 0.8/6.8 MBProgress (1): 0.8/6.8 MBProgress (1): 0.8/6.8 MBProgress (1): 0.8/6.8 MBProgress (1): 0.8/6.8 MBProgress (1): 0.8/6.8 MBProgress (1): 0.9/6.8 MBProgress (1): 0.9/6.8 MBProgress (1): 0.9/6.8 MBProgress (1): 0.9/6.8 MBProgress (1): 0.9/6.8 MBProgress (1): 0.9/6.8 MBProgress (1): 0.9/6.8 MBProgress (1): 1.0/6.8 MBProgress (1): 1.0/6.8 MBProgress (1): 1.0/6.8 MBProgress (1): 1.0/6.8 MBProgress (1): 1.0/6.8 MBProgress (1): 1.0/6.8 MBProgress (1): 1.1/6.8 MBProgress (1): 1.1/6.8 MBProgress (1): 1.1/6.8 MBProgress (1): 1.1/6.8 MBProgress (1): 1.1/6.8 MBProgress (1): 1.1/6.8 MBProgress (1): 1.2/6.8 MBProgress (1): 1.2/6.8 MBProgress (1): 1.2/6.8 MBProgress (1): 1.2/6.8 MBProgress (1): 1.2/6.8 MBProgress (1): 1.2/6.8 MBProgress (1): 1.3/6.8 MBProgress (1): 1.3/6.8 MBProgress (1): 1.3/6.8 MBProgress (1): 1.3/6.8 MBProgress (1): 1.3/6.8 MBProgress (1): 1.3/6.8 MBProgress (1): 1.4/6.8 MBProgress (1): 1.4/6.8 MBProgress (1): 1.4/6.8 MBProgress (1): 1.4/6.8 MBProgress (1): 1.4/6.8 MBProgress (1): 1.4/6.8 MBProgress (1): 1.5/6.8 MBProgress (1): 1.5/6.8 MBProgress (1): 1.5/6.8 MBProgress (1): 1.5/6.8 MBProgress (1): 1.5/6.8 MBProgress (1): 1.5/6.8 MBProgress (1): 1.6/6.8 MBProgress (1): 1.6/6.8 MBProgress (1): 1.6/6.8 MBProgress (1): 1.6/6.8 MBProgress (1): 1.6/6.8 MBProgress (1): 1.6/6.8 MBProgress (1): 1.7/6.8 MBProgress (1): 1.7/6.8 MBProgress (1): 1.7/6.8 MBProgress (1): 1.7/6.8 MBProgress (1): 1.7/6.8 MBProgress (1): 1.7/6.8 MBProgress (1): 1.8/6.8 MBProgress (1): 1.8/6.8 MBProgress (1): 1.8/6.8 MBProgress (1): 1.8/6.8 MBProgress (1): 1.8/6.8 MBProgress (1): 1.8/6.8 MBProgress (1): 1.9/6.8 MBProgress (1): 1.9/6.8 MBProgress (1): 1.9/6.8 MBProgress (1): 1.9/6.8 MBProgress (1): 1.9/6.8 MBProgress (1): 1.9/6.8 MBProgress (1): 1.9/6.8 MBProgress (1): 2.0/6.8 MBProgress (1): 2.0/6.8 MBProgress (1): 2.0/6.8 MBProgress (1): 2.0/6.8 MBProgress (1): 2.0/6.8 MBProgress (1): 2.0/6.8 MBProgress (1): 2.1/6.8 MBProgress (1): 2.1/6.8 MBProgress (1): 2.1/6.8 MBProgress (1): 2.1/6.8 MBProgress (1): 2.1/6.8 MBProgress (1): 2.1/6.8 MBProgress (1): 2.2/6.8 MBProgress (1): 2.2/6.8 MBProgress (1): 2.2/6.8 MBProgress (1): 2.2/6.8 MBProgress (1): 2.2/6.8 MBProgress (1): 2.2/6.8 MBProgress (1): 2.3/6.8 MBProgress (1): 2.3/6.8 MBProgress (1): 2.3/6.8 MBProgress (1): 2.3/6.8 MBProgress (1): 2.3/6.8 MBProgress (1): 2.3/6.8 MBProgress (1): 2.4/6.8 MBProgress (1): 2.4/6.8 MBProgress (1): 2.4/6.8 MBProgress (1): 2.4/6.8 MBProgress (1): 2.4/6.8 MBProgress (1): 2.4/6.8 MBProgress (1): 2.5/6.8 MBProgress (1): 2.5/6.8 MBProgress (1): 2.5/6.8 MBProgress (1): 2.5/6.8 MBProgress (1): 2.5/6.8 MBProgress (1): 2.5/6.8 MBProgress (1): 2.6/6.8 MBProgress (1): 2.6/6.8 MBProgress (1): 2.6/6.8 MBProgress (1): 2.6/6.8 MBProgress (1): 2.6/6.8 MBProgress (1): 2.6/6.8 MBProgress (1): 2.7/6.8 MBProgress (1): 2.7/6.8 MBProgress (1): 2.7/6.8 MBProgress (1): 2.7/6.8 MBProgress (1): 2.7/6.8 MBProgress (1): 2.7/6.8 MBProgress (1): 2.8/6.8 MBProgress (1): 2.8/6.8 MBProgress (1): 2.8/6.8 MBProgress (1): 2.8/6.8 MBProgress (1): 2.8/6.8 MBProgress (1): 2.8/6.8 MBProgress (1): 2.9/6.8 MBProgress (1): 2.9/6.8 MBProgress (1): 2.9/6.8 MBProgress (1): 2.9/6.8 MBProgress (1): 2.9/6.8 MBProgress (1): 2.9/6.8 MBProgress (1): 2.9/6.8 MBProgress (1): 3.0/6.8 MBProgress (1): 3.0/6.8 MBProgress (1): 3.0/6.8 MBProgress (1): 3.0/6.8 MBProgress (1): 3.0/6.8 MBProgress (1): 3.0/6.8 MBProgress (1): 3.1/6.8 MBProgress (1): 3.1/6.8 MBProgress (1): 3.1/6.8 MBProgress (1): 3.1/6.8 MBProgress (1): 3.1/6.8 MBProgress (1): 3.1/6.8 MBProgress (1): 3.2/6.8 MBProgress (1): 3.2/6.8 MBProgress (1): 3.2/6.8 MBProgress (1): 3.2/6.8 MBProgress (1): 3.2/6.8 MBProgress (1): 3.2/6.8 MBProgress (1): 3.3/6.8 MBProgress (1): 3.3/6.8 MBProgress (1): 3.3/6.8 MBProgress (1): 3.3/6.8 MBProgress (1): 3.3/6.8 MBProgress (1): 3.3/6.8 MBProgress (1): 3.4/6.8 MBProgress (1): 3.4/6.8 MBProgress (1): 3.4/6.8 MBProgress (1): 3.4/6.8 MBProgress (1): 3.4/6.8 MBProgress (1): 3.4/6.8 MBProgress (1): 3.5/6.8 MBProgress (1): 3.5/6.8 MBProgress (1): 3.5/6.8 MBProgress (1): 3.5/6.8 MBProgress (1): 3.5/6.8 MBProgress (1): 3.5/6.8 MBProgress (1): 3.6/6.8 MBProgress (1): 3.6/6.8 MBProgress (1): 3.6/6.8 MBProgress (1): 3.6/6.8 MBProgress (1): 3.6/6.8 MBProgress (1): 3.6/6.8 MBProgress (1): 3.7/6.8 MBProgress (1): 3.7/6.8 MBProgress (1): 3.7/6.8 MBProgress (1): 3.7/6.8 MBProgress (1): 3.7/6.8 MBProgress (1): 3.7/6.8 MBProgress (1): 3.8/6.8 MBProgress (1): 3.8/6.8 MBProgress (1): 3.8/6.8 MBProgress (1): 3.8/6.8 MBProgress (1): 3.8/6.8 MBProgress (1): 3.8/6.8 MBProgress (1): 3.8/6.8 MBProgress (1): 3.9/6.8 MBProgress (1): 3.9/6.8 MBProgress (1): 3.9/6.8 MBProgress (1): 3.9/6.8 MBProgress (1): 3.9/6.8 MBProgress (1): 3.9/6.8 MBProgress (1): 4.0/6.8 MBProgress (1): 4.0/6.8 MBProgress (1): 4.0/6.8 MBProgress (1): 4.0/6.8 MBProgress (1): 4.0/6.8 MBProgress (1): 4.0/6.8 MBProgress (1): 4.1/6.8 MBProgress (1): 4.1/6.8 MBProgress (1): 4.1/6.8 MBProgress (1): 4.1/6.8 MBProgress (1): 4.1/6.8 MBProgress (1): 4.1/6.8 MBProgress (1): 4.2/6.8 MBProgress (1): 4.2/6.8 MBProgress (1): 4.2/6.8 MBProgress (1): 4.2/6.8 MBProgress (1): 4.2/6.8 MBProgress (1): 4.2/6.8 MBProgress (1): 4.3/6.8 MBProgress (1): 4.3/6.8 MBProgress (1): 4.3/6.8 MBProgress (1): 4.3/6.8 MBProgress (1): 4.3/6.8 MBProgress (1): 4.3/6.8 MBProgress (1): 4.4/6.8 MBProgress (1): 4.4/6.8 MBProgress (1): 4.4/6.8 MBProgress (1): 4.4/6.8 MBProgress (1): 4.4/6.8 MBProgress (1): 4.4/6.8 MBProgress (1): 4.5/6.8 MBProgress (1): 4.5/6.8 MBProgress (1): 4.5/6.8 MBProgress (1): 4.5/6.8 MBProgress (1): 4.5/6.8 MBProgress (1): 4.5/6.8 MBProgress (1): 4.6/6.8 MBProgress (1): 4.6/6.8 MBProgress (1): 4.6/6.8 MBProgress (1): 4.6/6.8 MBProgress (1): 4.6/6.8 MBProgress (1): 4.6/6.8 MBProgress (1): 4.7/6.8 MBProgress (1): 4.7/6.8 MBProgress (1): 4.7/6.8 MBProgress (1): 4.7/6.8 MBProgress (1): 4.7/6.8 MBProgress (1): 4.7/6.8 MBProgress (1): 4.8/6.8 MBProgress (1): 4.8/6.8 MBProgress (1): 4.8/6.8 MBProgress (1): 4.8/6.8 MBProgress (1): 4.8/6.8 MBProgress (1): 4.8/6.8 MBProgress (1): 4.8/6.8 MBProgress (1): 4.9/6.8 MBProgress (1): 4.9/6.8 MBProgress (1): 4.9/6.8 MBProgress (1): 4.9/6.8 MBProgress (1): 4.9/6.8 MBProgress (1): 4.9/6.8 MBProgress (1): 5.0/6.8 MBProgress (1): 5.0/6.8 MBProgress (1): 5.0/6.8 MBProgress (1): 5.0/6.8 MBProgress (1): 5.0/6.8 MBProgress (1): 5.0/6.8 MBProgress (1): 5.1/6.8 MBProgress (1): 5.1/6.8 MBProgress (1): 5.1/6.8 MBProgress (1): 5.1/6.8 MBProgress (1): 5.1/6.8 MBProgress (1): 5.1/6.8 MBProgress (1): 5.2/6.8 MBProgress (1): 5.2/6.8 MBProgress (1): 5.2/6.8 MBProgress (1): 5.2/6.8 MBProgress (1): 5.2/6.8 MBProgress (1): 5.2/6.8 MBProgress (1): 5.3/6.8 MBProgress (1): 5.3/6.8 MBProgress (1): 5.3/6.8 MBProgress (1): 5.3/6.8 MBProgress (1): 5.3/6.8 MBProgress (1): 5.3/6.8 MBProgress (1): 5.4/6.8 MBProgress (1): 5.4/6.8 MBProgress (1): 5.4/6.8 MBProgress (1): 5.4/6.8 MBProgress (1): 5.4/6.8 MBProgress (1): 5.4/6.8 MBProgress (1): 5.5/6.8 MBProgress (1): 5.5/6.8 MBProgress (1): 5.5/6.8 MBProgress (1): 5.5/6.8 MBProgress (1): 5.5/6.8 MBProgress (1): 5.5/6.8 MBProgress (1): 5.6/6.8 MBProgress (1): 5.6/6.8 MBProgress (1): 5.6/6.8 MBProgress (1): 5.6/6.8 MBProgress (1): 5.6/6.8 MBProgress (1): 5.6/6.8 MBProgress (1): 5.7/6.8 MBProgress (1): 5.7/6.8 MBProgress (1): 5.7/6.8 MBProgress (1): 5.7/6.8 MBProgress (1): 5.7/6.8 MBProgress (1): 5.7/6.8 MBProgress (1): 5.8/6.8 MBProgress (1): 5.8/6.8 MBProgress (1): 5.8/6.8 MBProgress (1): 5.8/6.8 MBProgress (1): 5.8/6.8 MBProgress (1): 5.8/6.8 MBProgress (1): 5.8/6.8 MBProgress (1): 5.9/6.8 MBProgress (1): 5.9/6.8 MBProgress (1): 5.9/6.8 MBProgress (1): 5.9/6.8 MBProgress (1): 5.9/6.8 MBProgress (1): 5.9/6.8 MBProgress (1): 6.0/6.8 MBProgress (1): 6.0/6.8 MBProgress (1): 6.0/6.8 MBProgress (1): 6.0/6.8 MBProgress (1): 6.0/6.8 MBProgress (1): 6.0/6.8 MBProgress (1): 6.1/6.8 MBProgress (1): 6.1/6.8 MBProgress (1): 6.1/6.8 MBProgress (1): 6.1/6.8 MBProgress (1): 6.1/6.8 MBProgress (1): 6.1/6.8 MBProgress (1): 6.2/6.8 MBProgress (1): 6.2/6.8 MBProgress (1): 6.2/6.8 MBProgress (1): 6.2/6.8 MBProgress (1): 6.2/6.8 MBProgress (1): 6.2/6.8 MBProgress (1): 6.3/6.8 MBProgress (1): 6.3/6.8 MBProgress (1): 6.3/6.8 MBProgress (1): 6.3/6.8 MBProgress (1): 6.3/6.8 MBProgress (1): 6.3/6.8 MBProgress (1): 6.4/6.8 MBProgress (1): 6.4/6.8 MBProgress (1): 6.4/6.8 MBProgress (1): 6.4/6.8 MBProgress (1): 6.4/6.8 MBProgress (1): 6.4/6.8 MBProgress (1): 6.5/6.8 MBProgress (1): 6.5/6.8 MBProgress (1): 6.5/6.8 MBProgress (1): 6.5/6.8 MBProgress (1): 6.5/6.8 MBProgress (1): 6.5/6.8 MBProgress (1): 6.6/6.8 MBProgress (1): 6.6/6.8 MBProgress (1): 6.6/6.8 MBProgress (1): 6.6/6.8 MBProgress (1): 6.6/6.8 MBProgress (1): 6.6/6.8 MBProgress (1): 6.7/6.8 MBProgress (1): 6.7/6.8 MBProgress (1): 6.7/6.8 MBProgress (1): 6.7/6.8 MBProgress (1): 6.7/6.8 MBProgress (1): 6.7/6.8 MBProgress (1): 6.7/6.8 MBProgress (1): 6.8/6.8 MBProgress (1): 6.8 MB                        Downloaded from central: https://repo.maven.apache.org/maven2/com/github/luben/zstd-jni/1.5.5-11/zstd-jni-1.5.5-11.jar (6.8 MB at 1.1 MB/s)
#16 135.2 [INFO] Building jar: /app/target/employee-0.0.1-SNAPSHOT.jar
#16 135.2 [INFO] 
#16 135.2 [INFO] --- spring-boot:4.0.6:repackage (repackage) @ employee ---
#16 135.2 Downloading from central: https://repo.maven.apache.org/maven2/org/springframework/boot/spring-boot-buildpack-platform/4.0.6/spring-boot-buildpack-platform-4.0.6.pom
#16 135.3 Progress (1): 1.0 kBProgress (1): 3.0 kB                    Downloaded from central: https://repo.maven.apache.org/maven2/org/springframework/boot/spring-boot-buildpack-platform/4.0.6/spring-boot-buildpack-platform-4.0.6.pom (3.0 kB at 31 kB/s)
#16 135.3 Downloading from central: https://repo.maven.apache.org/maven2/net/java/dev/jna/jna-platform/5.17.0/jna-platform-5.17.0.pom
#16 135.4 Progress (1): 1.3 kBProgress (1): 2.3 kB                    Downloaded from central: https://repo.maven.apache.org/maven2/net/java/dev/jna/jna-platform/5.17.0/jna-platform-5.17.0.pom (2.3 kB at 30 kB/s)
#16 135.4 Downloading from central: https://repo.maven.apache.org/maven2/net/java/dev/jna/jna/5.17.0/jna-5.17.0.pom
#16 135.5 Progress (1): 1.4 kBProgress (1): 2.0 kB                    Downloaded from central: https://repo.maven.apache.org/maven2/net/java/dev/jna/jna/5.17.0/jna-5.17.0.pom (2.0 kB at 21 kB/s)
#16 135.5 Downloading from central: https://repo.maven.apache.org/maven2/org/apache/commons/commons-compress/1.27.1/commons-compress-1.27.1.pom
#16 135.6 Progress (1): 749 BProgress (1): 1.9 kBProgress (1): 3.8 kBProgress (1): 5.3 kBProgress (1): 9.2 kBProgress (1): 12 kB Progress (1): 15 kBProgress (1): 18 kBProgress (1): 21 kBProgress (1): 23 kB                   Downloaded from central: https://repo.maven.apache.org/maven2/org/apache/commons/commons-compress/1.27.1/commons-compress-1.27.1.pom (23 kB at 245 kB/s)
#16 135.6 Downloading from central: https://repo.maven.apache.org/maven2/org/apache/commons/commons-parent/72/commons-parent-72.pom
#16 135.6 Progress (1): 705 BProgress (1): 1.9 kBProgress (1): 3.2 kBProgress (1): 4.7 kBProgress (1): 6.8 kBProgress (1): 8.4 kBProgress (1): 11 kB Progress (1): 13 kBProgress (1): 15 kBProgress (1): 17 kBProgress (1): 20 kBProgress (1): 22 kBProgress (1): 25 kBProgress (1): 28 kBProgress (1): 32 kBProgress (1): 32 kBProgress (1): 36 kBProgress (1): 40 kBProgress (1): 44 kBProgress (1): 46 kBProgress (1): 49 kBProgress (1): 51 kBProgress (1): 55 kBProgress (1): 57 kBProgress (1): 60 kBProgress (1): 63 kBProgress (1): 67 kBProgress (1): 70 kBProgress (1): 73 kBProgress (1): 75 kBProgress (1): 78 kB                   Downloaded from central: https://repo.maven.apache.org/maven2/org/apache/commons/commons-parent/72/commons-parent-72.pom (78 kB at 962 kB/s)
#16 135.7 Downloading from central: https://repo.maven.apache.org/maven2/org/apache/apache/33/apache-33.pom
#16 135.8 Progress (1): 741 BProgress (1): 2.1 kBProgress (1): 4.0 kBProgress (1): 6.0 kBProgress (1): 10 kB Progress (1): 16 kBProgress (1): 19 kBProgress (1): 22 kBProgress (1): 24 kB                   Downloaded from central: https://repo.maven.apache.org/maven2/org/apache/apache/33/apache-33.pom (24 kB at 247 kB/s)
#16 135.8 Downloading from central: https://repo.maven.apache.org/maven2/org/junit/junit-bom/5.11.0-M2/junit-bom-5.11.0-M2.pom
#16 136.2 Progress (1): 908 BProgress (1): 4.1 kBProgress (1): 5.7 kB                    Downloaded from central: https://repo.maven.apache.org/maven2/org/junit/junit-bom/5.11.0-M2/junit-bom-5.11.0-M2.pom (5.7 kB at 13 kB/s)
#16 136.2 Downloading from central: https://repo.maven.apache.org/maven2/commons-codec/commons-codec/1.17.1/commons-codec-1.17.1.pom
#16 136.7 Progress (1): 744 BProgress (1): 1.9 kBProgress (1): 4.1 kBProgress (1): 5.9 kBProgress (1): 8.4 kBProgress (1): 12 kB Progress (1): 14 kBProgress (1): 17 kBProgress (1): 18 kB                   Downloaded from central: https://repo.maven.apache.org/maven2/commons-codec/commons-codec/1.17.1/commons-codec-1.17.1.pom (18 kB at 38 kB/s)
#16 136.7 Downloading from central: https://repo.maven.apache.org/maven2/org/apache/commons/commons-parent/71/commons-parent-71.pom
#16 137.2 Progress (1): 708 BProgress (1): 1.9 kBProgress (1): 3.2 kBProgress (1): 4.6 kBProgress (1): 6.8 kBProgress (1): 8.4 kBProgress (1): 11 kB Progress (1): 13 kBProgress (1): 15 kBProgress (1): 17 kBProgress (1): 20 kBProgress (1): 22 kBProgress (1): 25 kBProgress (1): 28 kBProgress (1): 32 kBProgress (1): 32 kBProgress (1): 35 kBProgress (1): 40 kBProgress (1): 43 kBProgress (1): 45 kBProgress (1): 49 kBProgress (1): 51 kBProgress (1): 55 kBProgress (1): 57 kBProgress (1): 60 kBProgress (1): 63 kBProgress (1): 67 kBProgress (1): 70 kBProgress (1): 73 kBProgress (1): 75 kBProgress (1): 78 kB                   Downloaded from central: https://repo.maven.apache.org/maven2/org/apache/commons/commons-parent/71/commons-parent-71.pom (78 kB at 153 kB/s)
#16 137.2 Downloading from central: https://repo.maven.apache.org/maven2/org/apache/commons/commons-lang3/3.16.0/commons-lang3-3.16.0.pom
#16 137.3 Progress (1): 744 BProgress (1): 1.8 kBProgress (1): 4.1 kBProgress (1): 5.7 kBProgress (1): 7.5 kBProgress (1): 10.0 kBProgress (1): 13 kB  Progress (1): 17 kBProgress (1): 20 kBProgress (1): 22 kBProgress (1): 26 kBProgress (1): 29 kBProgress (1): 31 kB                   Downloaded from central: https://repo.maven.apache.org/maven2/org/apache/commons/commons-lang3/3.16.0/commons-lang3-3.16.0.pom (31 kB at 333 kB/s)
#16 137.3 Downloading from central: https://repo.maven.apache.org/maven2/org/apache/httpcomponents/client5/httpclient5/5.5.2/httpclient5-5.5.2.pom
#16 137.5 Progress (1): 867 BProgress (1): 3.2 kBProgress (1): 5.6 kBProgress (1): 6.1 kB                    Downloaded from central: https://repo.maven.apache.org/maven2/org/apache/httpcomponents/client5/httpclient5/5.5.2/httpclient5-5.5.2.pom (6.1 kB at 31 kB/s)
#16 137.5 Downloading from central: https://repo.maven.apache.org/maven2/org/apache/httpcomponents/client5/httpclient5-parent/5.5.2/httpclient5-parent-5.5.2.pom
#16 137.6 Progress (1): 837 BProgress (1): 2.2 kBProgress (1): 3.9 kBProgress (1): 8.4 kBProgress (1): 12 kB Progress (1): 15 kBProgress (1): 17 kB                   Downloaded from central: https://repo.maven.apache.org/maven2/org/apache/httpcomponents/client5/httpclient5-parent/5.5.2/httpclient5-parent-5.5.2.pom (17 kB at 236 kB/s)
#16 137.6 Downloading from central: https://repo.maven.apache.org/maven2/org/apache/httpcomponents/httpcomponents-parent/14/httpcomponents-parent-14.pom
#16 137.7 Progress (1): 805 BProgress (1): 2.2 kBProgress (1): 4.0 kBProgress (1): 5.9 kBProgress (1): 7.1 kBProgress (1): 8.5 kBProgress (1): 13 kB Progress (1): 16 kBProgress (1): 18 kBProgress (1): 22 kBProgress (1): 24 kBProgress (1): 27 kBProgress (1): 30 kBProgress (1): 30 kB                   Downloaded from central: https://repo.maven.apache.org/maven2/org/apache/httpcomponents/httpcomponents-parent/14/httpcomponents-parent-14.pom (30 kB at 201 kB/s)
#16 137.7 Downloading from central: https://repo.maven.apache.org/maven2/org/apache/apache/27/apache-27.pom
#16 137.8 Progress (1): 745 BProgress (1): 2.1 kBProgress (1): 3.9 kBProgress (1): 7.3 kBProgress (1): 12 kB Progress (1): 16 kBProgress (1): 19 kBProgress (1): 20 kB                   Downloaded from central: https://repo.maven.apache.org/maven2/org/apache/apache/27/apache-27.pom (20 kB at 251 kB/s)
#16 137.8 Downloading from central: https://repo.maven.apache.org/maven2/org/junit/junit-bom/5.13.3/junit-bom-5.13.3.pom
#16 137.9 Progress (1): 908 BProgress (1): 4.1 kBProgress (1): 5.7 kB                    Downloaded from central: https://repo.maven.apache.org/maven2/org/junit/junit-bom/5.13.3/junit-bom-5.13.3.pom (5.7 kB at 69 kB/s)
#16 137.9 Downloading from central: https://repo.maven.apache.org/maven2/org/apache/httpcomponents/core5/httpcore5/5.3.6/httpcore5-5.3.6.pom
#16 138.0 Progress (1): 883 BProgress (1): 2.9 kBProgress (1): 3.9 kB                    Downloaded from central: https://repo.maven.apache.org/maven2/org/apache/httpcomponents/core5/httpcore5/5.3.6/httpcore5-5.3.6.pom (3.9 kB at 58 kB/s)
#16 138.0 Downloading from central: https://repo.maven.apache.org/maven2/org/apache/httpcomponents/core5/httpcore5-parent/5.3.6/httpcore5-parent-5.3.6.pom
#16 138.2 Progress (1): 846 BProgress (1): 2.2 kBProgress (1): 3.9 kBProgress (1): 7.5 kBProgress (1): 10 kB Progress (1): 14 kB                   Downloaded from central: https://repo.maven.apache.org/maven2/org/apache/httpcomponents/core5/httpcore5-parent/5.3.6/httpcore5-parent-5.3.6.pom (14 kB at 61 kB/s)
#16 138.2 Downloading from central: https://repo.maven.apache.org/maven2/org/apache/httpcomponents/httpcomponents-parent/13/httpcomponents-parent-13.pom
#16 138.4 Progress (1): 805 BProgress (1): 2.1 kBProgress (1): 4.1 kBProgress (1): 5.9 kBProgress (1): 7.1 kBProgress (1): 8.5 kBProgress (1): 12 kB Progress (1): 16 kBProgress (1): 18 kBProgress (1): 22 kBProgress (1): 24 kBProgress (1): 27 kBProgress (1): 30 kBProgress (1): 30 kB                   Downloaded from central: https://repo.maven.apache.org/maven2/org/apache/httpcomponents/httpcomponents-parent/13/httpcomponents-parent-13.pom (30 kB at 127 kB/s)
#16 138.4 Downloading from central: https://repo.maven.apache.org/maven2/org/apache/httpcomponents/core5/httpcore5-h2/5.3.6/httpcore5-h2-5.3.6.pom
#16 138.6 Progress (1): 889 BProgress (1): 3.1 kBProgress (1): 3.6 kB                    Downloaded from central: https://repo.maven.apache.org/maven2/org/apache/httpcomponents/core5/httpcore5-h2/5.3.6/httpcore5-h2-5.3.6.pom (3.6 kB at 31 kB/s)
#16 138.6 Downloading from central: https://repo.maven.apache.org/maven2/commons-logging/commons-logging/1.3.5/commons-logging-1.3.5.pom
#16 138.6 Progress (1): 740 BProgress (1): 2.1 kBProgress (1): 3.9 kBProgress (1): 5.4 kBProgress (1): 8.5 kBProgress (1): 11 kB Progress (1): 14 kBProgress (1): 20 kBProgress (1): 23 kBProgress (1): 28 kBProgress (1): 31 kBProgress (1): 32 kB                   Downloaded from central: https://repo.maven.apache.org/maven2/commons-logging/commons-logging/1.3.5/commons-logging-1.3.5.pom (32 kB at 474 kB/s)
#16 138.6 Downloading from central: https://repo.maven.apache.org/maven2/org/apache/commons/commons-parent/81/commons-parent-81.pom
#16 138.7 Progress (1): 701 BProgress (1): 1.9 kBProgress (1): 3.2 kBProgress (1): 4.7 kBProgress (1): 6.8 kBProgress (1): 9.2 kBProgress (1): 11 kB Progress (1): 13 kBProgress (1): 16 kBProgress (1): 18 kBProgress (1): 21 kBProgress (1): 23 kBProgress (1): 25 kBProgress (1): 29 kBProgress (1): 32 kBProgress (1): 32 kBProgress (1): 37 kBProgress (1): 41 kBProgress (1): 45 kBProgress (1): 47 kBProgress (1): 50 kBProgress (1): 52 kBProgress (1): 56 kBProgress (1): 58 kBProgress (1): 61 kBProgress (1): 64 kBProgress (1): 69 kBProgress (1): 71 kBProgress (1): 74 kBProgress (1): 76 kBProgress (1): 78 kB                   Downloaded from central: https://repo.maven.apache.org/maven2/org/apache/commons/commons-parent/81/commons-parent-81.pom (78 kB at 680 kB/s)
#16 138.8 Downloading from central: https://repo.maven.apache.org/maven2/org/tomlj/tomlj/1.0.0/tomlj-1.0.0.pom
#16 138.8 Progress (1): 1.2 kBProgress (1): 2.8 kB                    Downloaded from central: https://repo.maven.apache.org/maven2/org/tomlj/tomlj/1.0.0/tomlj-1.0.0.pom (2.8 kB at 45 kB/s)
#16 138.8 Downloading from central: https://repo.maven.apache.org/maven2/org/antlr/antlr4-runtime/4.7.2/antlr4-runtime-4.7.2.pom
#16 138.9 Progress (1): 915 BProgress (1): 3.3 kBProgress (1): 3.6 kB                    Downloaded from central: https://repo.maven.apache.org/maven2/org/antlr/antlr4-runtime/4.7.2/antlr4-runtime-4.7.2.pom (3.6 kB at 42 kB/s)
#16 138.9 Downloading from central: https://repo.maven.apache.org/maven2/org/antlr/antlr4-master/4.7.2/antlr4-master-4.7.2.pom
#16 139.0 Progress (1): 1.0 kBProgress (1): 2.9 kBProgress (1): 4.4 kB                    Downloaded from central: https://repo.maven.apache.org/maven2/org/antlr/antlr4-master/4.7.2/antlr4-master-4.7.2.pom (4.4 kB at 60 kB/s)
#16 139.0 Downloading from central: https://repo.maven.apache.org/maven2/com/google/code/findbugs/jsr305/3.0.2/jsr305-3.0.2.pom
#16 139.1 Progress (1): 1.0 kBProgress (1): 3.7 kBProgress (1): 4.3 kB                    Downloaded from central: https://repo.maven.apache.org/maven2/com/google/code/findbugs/jsr305/3.0.2/jsr305-3.0.2.pom (4.3 kB at 58 kB/s)
#16 139.1 Downloading from central: https://repo.maven.apache.org/maven2/org/springframework/boot/spring-boot-loader-tools/4.0.6/spring-boot-loader-tools-4.0.6.pom
#16 139.1 Progress (1): 1.0 kBProgress (1): 2.2 kB                    Downloaded from central: https://repo.maven.apache.org/maven2/org/springframework/boot/spring-boot-loader-tools/4.0.6/spring-boot-loader-tools-4.0.6.pom (2.2 kB at 33 kB/s)
#16 139.1 Downloading from central: https://repo.maven.apache.org/maven2/org/apache/maven/plugins/maven-shade-plugin/3.6.0/maven-shade-plugin-3.6.0.pom
#16 139.2 Progress (1): 773 BProgress (1): 2.3 kBProgress (1): 4.9 kBProgress (1): 8.0 kBProgress (1): 11 kB Progress (1): 12 kB                   Downloaded from central: https://repo.maven.apache.org/maven2/org/apache/maven/plugins/maven-shade-plugin/3.6.0/maven-shade-plugin-3.6.0.pom (12 kB at 191 kB/s)
#16 139.2 Downloading from central: https://repo.maven.apache.org/maven2/org/ow2/asm/asm/9.7/asm-9.7.pom
#16 139.3 Progress (1): 1.3 kBProgress (1): 2.4 kB                    Downloaded from central: https://repo.maven.apache.org/maven2/org/ow2/asm/asm/9.7/asm-9.7.pom (2.4 kB at 39 kB/s)
#16 139.3 Downloading from central: https://repo.maven.apache.org/maven2/org/ow2/asm/asm-commons/9.7/asm-commons-9.7.pom
#16 139.3 Progress (1): 1.1 kBProgress (1): 2.8 kB                    Downloaded from central: https://repo.maven.apache.org/maven2/org/ow2/asm/asm-commons/9.7/asm-commons-9.7.pom (2.8 kB at 28 kB/s)
#16 139.4 Downloading from central: https://repo.maven.apache.org/maven2/org/ow2/asm/asm-tree/9.7/asm-tree-9.7.pom
#16 139.5 Progress (1): 1.1 kBProgress (1): 2.6 kB                    Downloaded from central: https://repo.maven.apache.org/maven2/org/ow2/asm/asm-tree/9.7/asm-tree-9.7.pom (2.6 kB at 24 kB/s)
#16 139.5 Downloading from central: https://repo.maven.apache.org/maven2/org/jdom/jdom2/2.0.6.1/jdom2-2.0.6.1.pom
#16 139.6 Progress (1): 956 BProgress (1): 2.2 kBProgress (1): 3.2 kBProgress (1): 4.6 kB                    Downloaded from central: https://repo.maven.apache.org/maven2/org/jdom/jdom2/2.0.6.1/jdom2-2.0.6.1.pom (4.6 kB at 58 kB/s)
#16 139.6 Downloading from central: https://repo.maven.apache.org/maven2/org/apache/commons/commons-compress/1.26.2/commons-compress-1.26.2.pom
#16 139.6 Progress (1): 758 BProgress (1): 1.9 kBProgress (1): 3.7 kBProgress (1): 5.4 kBProgress (1): 9.3 kBProgress (1): 12 kB Progress (1): 15 kBProgress (1): 18 kBProgress (1): 21 kBProgress (1): 23 kB                   Downloaded from central: https://repo.maven.apache.org/maven2/org/apache/commons/commons-compress/1.26.2/commons-compress-1.26.2.pom (23 kB at 280 kB/s)
#16 139.7 Downloading from central: https://repo.maven.apache.org/maven2/commons-codec/commons-codec/1.17.0/commons-codec-1.17.0.pom
#16 139.7 Progress (1): 745 BProgress (1): 1.9 kBProgress (1): 4.0 kBProgress (1): 5.8 kBProgress (1): 8.4 kBProgress (1): 11 kB Progress (1): 14 kBProgress (1): 17 kBProgress (1): 18 kB                   Downloaded from central: https://repo.maven.apache.org/maven2/commons-codec/commons-codec/1.17.0/commons-codec-1.17.0.pom (18 kB at 267 kB/s)
#16 139.7 Downloading from central: https://repo.maven.apache.org/maven2/org/vafer/jdependency/2.10/jdependency-2.10.pom
#16 139.8 Progress (1): 1.1 kBProgress (1): 4.9 kBProgress (1): 8.5 kBProgress (1): 12 kB Progress (1): 14 kB                   Downloaded from central: https://repo.maven.apache.org/maven2/org/vafer/jdependency/2.10/jdependency-2.10.pom (14 kB at 175 kB/s)
#16 139.8 Downloading from central: https://repo.maven.apache.org/maven2/org/springframework/boot/spring-boot-buildpack-platform/4.0.6/spring-boot-buildpack-platform-4.0.6.jar
#16 139.9 Progress (1): 7.7/332 kBProgress (1): 16/332 kB Progress (1): 25/332 kBProgress (1): 41/332 kBProgress (1): 57/332 kBProgress (1): 74/332 kBProgress (1): 90/332 kBProgress (1): 106/332 kBProgress (1): 123/332 kBProgress (1): 131/332 kBProgress (1): 147/332 kBProgress (1): 164/332 kBProgress (1): 180/332 kBProgress (1): 197/332 kBProgress (1): 213/332 kBProgress (1): 229/332 kBProgress (1): 246/332 kBProgress (1): 262/332 kBProgress (1): 279/332 kBProgress (1): 295/332 kBProgress (1): 311/332 kBProgress (1): 328/332 kBProgress (1): 332 kB                        Downloaded from central: https://repo.maven.apache.org/maven2/org/springframework/boot/spring-boot-buildpack-platform/4.0.6/spring-boot-buildpack-platform-4.0.6.jar (332 kB at 1.1 MB/s)
#16 140.1 Downloading from central: https://repo.maven.apache.org/maven2/net/java/dev/jna/jna-platform/5.17.0/jna-platform-5.17.0.jar
#16 140.1 Downloading from central: https://repo.maven.apache.org/maven2/net/java/dev/jna/jna/5.17.0/jna-5.17.0.jar
#16 140.1 Downloading from central: https://repo.maven.apache.org/maven2/org/apache/commons/commons-compress/1.27.1/commons-compress-1.27.1.jar
#16 140.1 Downloading from central: https://repo.maven.apache.org/maven2/commons-codec/commons-codec/1.17.1/commons-codec-1.17.1.jar
#16 140.1 Downloading from central: https://repo.maven.apache.org/maven2/org/apache/commons/commons-lang3/3.16.0/commons-lang3-3.16.0.jar
#16 140.2 Progress (1): 0/1.4 MBProgress (1): 0/1.4 MBProgress (2): 0/1.4 MB | 3.2/373 kBProgress (2): 0/1.4 MB | 3.2/373 kBProgress (2): 0/1.4 MB | 20/373 kB Progress (2): 0/1.4 MB | 20/373 kBProgress (2): 0.1/1.4 MB | 20/373 kBProgress (2): 0.1/1.4 MB | 36/373 kBProgress (2): 0.1/1.4 MB | 36/373 kBProgress (3): 0.1/1.4 MB | 36/373 kB | 0/1.1 MBProgress (4): 0.1/1.4 MB | 36/373 kB | 0/1.1 MB | 7.7/674 kBProgress (4): 0.1/1.4 MB | 36/373 kB | 0/1.1 MB | 7.7/674 kBProgress (4): 0.1/1.4 MB | 36/373 kB | 0/1.1 MB | 7.7/674 kBProgress (4): 0.1/1.4 MB | 52/373 kB | 0/1.1 MB | 7.7/674 kBProgress (4): 0.1/1.4 MB | 52/373 kB | 0/1.1 MB | 7.7/674 kBProgress (4): 0.1/1.4 MB | 52/373 kB | 0/1.1 MB | 7.7/674 kBProgress (4): 0.1/1.4 MB | 52/373 kB | 0/1.1 MB | 7.7/674 kBProgress (4): 0.1/1.4 MB | 69/373 kB | 0/1.1 MB | 7.7/674 kBProgress (4): 0.1/1.4 MB | 69/373 kB | 0/1.1 MB | 7.7/674 kBProgress (4): 0.1/1.4 MB | 69/373 kB | 0/1.1 MB | 7.7/674 kBProgress (5): 0.1/1.4 MB | 69/373 kB | 0/1.1 MB | 7.7/674 kB | 0/2.0 MBProgress (5): 0.1/1.4 MB | 69/373 kB | 0/1.1 MB | 7.7/674 kB | 0/2.0 MBProgress (5): 0.1/1.4 MB | 69/373 kB | 0/1.1 MB | 24/674 kB | 0/2.0 MB Progress (5): 0.1/1.4 MB | 69/373 kB | 0.1/1.1 MB | 24/674 kB | 0/2.0 MBProgress (5): 0.1/1.4 MB | 85/373 kB | 0.1/1.1 MB | 24/674 kB | 0/2.0 MBProgress (5): 0.1/1.4 MB | 85/373 kB | 0.1/1.1 MB | 24/674 kB | 0/2.0 MBProgress (5): 0.1/1.4 MB | 85/373 kB | 0.1/1.1 MB | 24/674 kB | 0/2.0 MBProgress (5): 0.1/1.4 MB | 85/373 kB | 0.1/1.1 MB | 24/674 kB | 0/2.0 MBProgress (5): 0.2/1.4 MB | 85/373 kB | 0.1/1.1 MB | 24/674 kB | 0/2.0 MBProgress (5): 0.2/1.4 MB | 102/373 kB | 0.1/1.1 MB | 24/674 kB | 0/2.0 MBProgress (5): 0.2/1.4 MB | 110/373 kB | 0.1/1.1 MB | 24/674 kB | 0/2.0 MBProgress (5): 0.2/1.4 MB | 110/373 kB | 0.1/1.1 MB | 24/674 kB | 0/2.0 MBProgress (5): 0.2/1.4 MB | 110/373 kB | 0.1/1.1 MB | 24/674 kB | 0/2.0 MBProgress (5): 0.2/1.4 MB | 110/373 kB | 0.1/1.1 MB | 40/674 kB | 0/2.0 MBProgress (5): 0.2/1.4 MB | 110/373 kB | 0.1/1.1 MB | 40/674 kB | 0/2.0 MBProgress (5): 0.2/1.4 MB | 110/373 kB | 0.1/1.1 MB | 40/674 kB | 0/2.0 MBProgress (5): 0.2/1.4 MB | 126/373 kB | 0.1/1.1 MB | 40/674 kB | 0/2.0 MBProgress (5): 0.2/1.4 MB | 126/373 kB | 0.1/1.1 MB | 40/674 kB | 0/2.0 MBProgress (5): 0.2/1.4 MB | 126/373 kB | 0.1/1.1 MB | 40/674 kB | 0/2.0 MBProgress (5): 0.2/1.4 MB | 134/373 kB | 0.1/1.1 MB | 40/674 kB | 0/2.0 MBProgress (5): 0.2/1.4 MB | 134/373 kB | 0.1/1.1 MB | 40/674 kB | 0/2.0 MBProgress (5): 0.2/1.4 MB | 134/373 kB | 0.1/1.1 MB | 40/674 kB | 0/2.0 MBProgress (5): 0.2/1.4 MB | 134/373 kB | 0.1/1.1 MB | 40/674 kB | 0/2.0 MBProgress (5): 0.2/1.4 MB | 151/373 kB | 0.1/1.1 MB | 40/674 kB | 0/2.0 MBProgress (5): 0.2/1.4 MB | 151/373 kB | 0.1/1.1 MB | 57/674 kB | 0/2.0 MBProgress (5): 0.2/1.4 MB | 151/373 kB | 0.1/1.1 MB | 57/674 kB | 0/2.0 MBProgress (5): 0.2/1.4 MB | 151/373 kB | 0.2/1.1 MB | 57/674 kB | 0/2.0 MBProgress (5): 0.3/1.4 MB | 151/373 kB | 0.2/1.1 MB | 57/674 kB | 0/2.0 MBProgress (5): 0.3/1.4 MB | 151/373 kB | 0.2/1.1 MB | 57/674 kB | 0/2.0 MBProgress (5): 0.3/1.4 MB | 151/373 kB | 0.2/1.1 MB | 57/674 kB | 0/2.0 MBProgress (5): 0.3/1.4 MB | 167/373 kB | 0.2/1.1 MB | 57/674 kB | 0/2.0 MBProgress (5): 0.3/1.4 MB | 167/373 kB | 0.2/1.1 MB | 57/674 kB | 0/2.0 MBProgress (5): 0.3/1.4 MB | 183/373 kB | 0.2/1.1 MB | 57/674 kB | 0/2.0 MBProgress (5): 0.3/1.4 MB | 183/373 kB | 0.2/1.1 MB | 57/674 kB | 0.1/2.0 MBProgress (5): 0.3/1.4 MB | 183/373 kB | 0.2/1.1 MB | 73/674 kB | 0.1/2.0 MBProgress (5): 0.3/1.4 MB | 183/373 kB | 0.2/1.1 MB | 73/674 kB | 0.1/2.0 MBProgress (5): 0.3/1.4 MB | 200/373 kB | 0.2/1.1 MB | 73/674 kB | 0.1/2.0 MBProgress (5): 0.3/1.4 MB | 200/373 kB | 0.2/1.1 MB | 73/674 kB | 0.1/2.0 MBProgress (5): 0.3/1.4 MB | 200/373 kB | 0.2/1.1 MB | 73/674 kB | 0.1/2.0 MBProgress (5): 0.3/1.4 MB | 200/373 kB | 0.2/1.1 MB | 73/674 kB | 0.1/2.0 MBProgress (5): 0.3/1.4 MB | 216/373 kB | 0.2/1.1 MB | 73/674 kB | 0.1/2.0 MBProgress (5): 0.3/1.4 MB | 216/373 kB | 0.2/1.1 MB | 73/674 kB | 0.1/2.0 MBProgress (5): 0.3/1.4 MB | 233/373 kB | 0.2/1.1 MB | 73/674 kB | 0.1/2.0 MBProgress (5): 0.3/1.4 MB | 233/373 kB | 0.2/1.1 MB | 73/674 kB | 0.1/2.0 MBProgress (5): 0.3/1.4 MB | 233/373 kB | 0.3/1.1 MB | 73/674 kB | 0.1/2.0 MBProgress (5): 0.3/1.4 MB | 249/373 kB | 0.3/1.1 MB | 73/674 kB | 0.1/2.0 MBProgress (5): 0.3/1.4 MB | 249/373 kB | 0.3/1.1 MB | 73/674 kB | 0.1/2.0 MBProgress (5): 0.3/1.4 MB | 265/373 kB | 0.3/1.1 MB | 73/674 kB | 0.1/2.0 MBProgress (5): 0.3/1.4 MB | 265/373 kB | 0.3/1.1 MB | 73/674 kB | 0.1/2.0 MBProgress (5): 0.3/1.4 MB | 265/373 kB | 0.3/1.1 MB | 90/674 kB | 0.1/2.0 MBProgress (5): 0.3/1.4 MB | 265/373 kB | 0.3/1.1 MB | 90/674 kB | 0.1/2.0 MBProgress (5): 0.3/1.4 MB | 282/373 kB | 0.3/1.1 MB | 90/674 kB | 0.1/2.0 MBProgress (5): 0.3/1.4 MB | 282/373 kB | 0.3/1.1 MB | 90/674 kB | 0.1/2.0 MBProgress (5): 0.3/1.4 MB | 282/373 kB | 0.3/1.1 MB | 90/674 kB | 0.1/2.0 MBProgress (5): 0.3/1.4 MB | 282/373 kB | 0.3/1.1 MB | 90/674 kB | 0.1/2.0 MBProgress (5): 0.3/1.4 MB | 282/373 kB | 0.3/1.1 MB | 90/674 kB | 0.1/2.0 MBProgress (5): 0.3/1.4 MB | 298/373 kB | 0.3/1.1 MB | 90/674 kB | 0.1/2.0 MBProgress (5): 0.4/1.4 MB | 298/373 kB | 0.3/1.1 MB | 90/674 kB | 0.1/2.0 MBProgress (5): 0.4/1.4 MB | 298/373 kB | 0.3/1.1 MB | 90/674 kB | 0.1/2.0 MBProgress (5): 0.4/1.4 MB | 314/373 kB | 0.3/1.1 MB | 90/674 kB | 0.1/2.0 MBProgress (5): 0.4/1.4 MB | 314/373 kB | 0.3/1.1 MB | 90/674 kB | 0.1/2.0 MBProgress (5): 0.4/1.4 MB | 314/373 kB | 0.4/1.1 MB | 90/674 kB | 0.1/2.0 MBProgress (5): 0.4/1.4 MB | 331/373 kB | 0.4/1.1 MB | 90/674 kB | 0.1/2.0 MBProgress (5): 0.4/1.4 MB | 331/373 kB | 0.4/1.1 MB | 90/674 kB | 0.1/2.0 MBProgress (5): 0.4/1.4 MB | 331/373 kB | 0.4/1.1 MB | 90/674 kB | 0.1/2.0 MBProgress (5): 0.4/1.4 MB | 331/373 kB | 0.4/1.1 MB | 90/674 kB | 0.1/2.0 MBProgress (5): 0.4/1.4 MB | 331/373 kB | 0.4/1.1 MB | 90/674 kB | 0.1/2.0 MBProgress (5): 0.4/1.4 MB | 331/373 kB | 0.4/1.1 MB | 90/674 kB | 0.1/2.0 MBProgress (5): 0.4/1.4 MB | 331/373 kB | 0.4/1.1 MB | 90/674 kB | 0.1/2.0 MBProgress (5): 0.4/1.4 MB | 331/373 kB | 0.4/1.1 MB | 106/674 kB | 0.1/2.0 MBProgress (5): 0.4/1.4 MB | 331/373 kB | 0.4/1.1 MB | 106/674 kB | 0.1/2.0 MBProgress (5): 0.4/1.4 MB | 347/373 kB | 0.4/1.1 MB | 106/674 kB | 0.1/2.0 MBProgress (5): 0.4/1.4 MB | 347/373 kB | 0.4/1.1 MB | 106/674 kB | 0.1/2.0 MBProgress (5): 0.4/1.4 MB | 347/373 kB | 0.4/1.1 MB | 106/674 kB | 0.1/2.0 MBProgress (5): 0.4/1.4 MB | 347/373 kB | 0.5/1.1 MB | 106/674 kB | 0.1/2.0 MBProgress (5): 0.4/1.4 MB | 347/373 kB | 0.5/1.1 MB | 106/674 kB | 0.1/2.0 MBProgress (5): 0.4/1.4 MB | 364/373 kB | 0.5/1.1 MB | 106/674 kB | 0.1/2.0 MBProgress (5): 0.4/1.4 MB | 364/373 kB | 0.5/1.1 MB | 106/674 kB | 0.1/2.0 MBProgress (5): 0.4/1.4 MB | 364/373 kB | 0.5/1.1 MB | 106/674 kB | 0.1/2.0 MBProgress (5): 0.4/1.4 MB | 373 kB | 0.5/1.1 MB | 106/674 kB | 0.1/2.0 MB    Progress (5): 0.4/1.4 MB | 373 kB | 0.5/1.1 MB | 106/674 kB | 0.1/2.0 MB                                                                        Downloaded from central: https://repo.maven.apache.org/maven2/commons-codec/commons-codec/1.17.1/commons-codec-1.17.1.jar (373 kB at 593 kB/s)
#16 140.8 Downloading from central: https://repo.maven.apache.org/maven2/org/apache/httpcomponents/client5/httpclient5/5.5.2/httpclient5-5.5.2.jar
#16 140.8 Progress (4): 0.4/1.4 MB | 0.5/1.1 MB | 106/674 kB | 0.1/2.0 MBProgress (4): 0.4/1.4 MB | 0.5/1.1 MB | 106/674 kB | 0.1/2.0 MBProgress (4): 0.4/1.4 MB | 0.5/1.1 MB | 106/674 kB | 0.1/2.0 MBProgress (4): 0.4/1.4 MB | 0.5/1.1 MB | 122/674 kB | 0.1/2.0 MBProgress (4): 0.5/1.4 MB | 0.5/1.1 MB | 122/674 kB | 0.1/2.0 MBProgress (4): 0.5/1.4 MB | 0.5/1.1 MB | 122/674 kB | 0.1/2.0 MBProgress (4): 0.5/1.4 MB | 0.5/1.1 MB | 122/674 kB | 0.2/2.0 MBProgress (4): 0.5/1.4 MB | 0.6/1.1 MB | 122/674 kB | 0.2/2.0 MBProgress (4): 0.5/1.4 MB | 0.6/1.1 MB | 122/674 kB | 0.2/2.0 MBProgress (4): 0.5/1.4 MB | 0.6/1.1 MB | 122/674 kB | 0.2/2.0 MBProgress (4): 0.5/1.4 MB | 0.6/1.1 MB | 122/674 kB | 0.2/2.0 MBProgress (4): 0.5/1.4 MB | 0.6/1.1 MB | 139/674 kB | 0.2/2.0 MBProgress (4): 0.5/1.4 MB | 0.6/1.1 MB | 139/674 kB | 0.2/2.0 MBProgress (4): 0.5/1.4 MB | 0.6/1.1 MB | 139/674 kB | 0.2/2.0 MBProgress (4): 0.5/1.4 MB | 0.6/1.1 MB | 139/674 kB | 0.2/2.0 MBProgress (4): 0.5/1.4 MB | 0.6/1.1 MB | 139/674 kB | 0.2/2.0 MBProgress (4): 0.5/1.4 MB | 0.6/1.1 MB | 139/674 kB | 0.2/2.0 MBProgress (4): 0.5/1.4 MB | 0.6/1.1 MB | 139/674 kB | 0.2/2.0 MBProgress (4): 0.5/1.4 MB | 0.6/1.1 MB | 155/674 kB | 0.2/2.0 MBProgress (4): 0.5/1.4 MB | 0.6/1.1 MB | 155/674 kB | 0.2/2.0 MBProgress (4): 0.5/1.4 MB | 0.7/1.1 MB | 155/674 kB | 0.2/2.0 MBProgress (4): 0.5/1.4 MB | 0.7/1.1 MB | 155/674 kB | 0.2/2.0 MBProgress (4): 0.5/1.4 MB | 0.7/1.1 MB | 155/674 kB | 0.2/2.0 MBProgress (4): 0.5/1.4 MB | 0.7/1.1 MB | 155/674 kB | 0.2/2.0 MBProgress (4): 0.5/1.4 MB | 0.7/1.1 MB | 155/674 kB | 0.2/2.0 MBProgress (4): 0.5/1.4 MB | 0.7/1.1 MB | 155/674 kB | 0.2/2.0 MBProgress (4): 0.5/1.4 MB | 0.7/1.1 MB | 155/674 kB | 0.2/2.0 MBProgress (4): 0.5/1.4 MB | 0.7/1.1 MB | 155/674 kB | 0.2/2.0 MBProgress (4): 0.5/1.4 MB | 0.7/1.1 MB | 155/674 kB | 0.2/2.0 MBProgress (4): 0.5/1.4 MB | 0.7/1.1 MB | 155/674 kB | 0.2/2.0 MBProgress (4): 0.5/1.4 MB | 0.8/1.1 MB | 155/674 kB | 0.2/2.0 MBProgress (4): 0.5/1.4 MB | 0.8/1.1 MB | 155/674 kB | 0.2/2.0 MBProgress (4): 0.5/1.4 MB | 0.8/1.1 MB | 155/674 kB | 0.2/2.0 MBProgress (4): 0.6/1.4 MB | 0.8/1.1 MB | 155/674 kB | 0.2/2.0 MBProgress (4): 0.6/1.4 MB | 0.8/1.1 MB | 155/674 kB | 0.2/2.0 MBProgress (4): 0.6/1.4 MB | 0.8/1.1 MB | 172/674 kB | 0.2/2.0 MBProgress (4): 0.6/1.4 MB | 0.8/1.1 MB | 172/674 kB | 0.2/2.0 MBProgress (4): 0.6/1.4 MB | 0.8/1.1 MB | 172/674 kB | 0.2/2.0 MBProgress (4): 0.6/1.4 MB | 0.8/1.1 MB | 172/674 kB | 0.2/2.0 MBProgress (4): 0.6/1.4 MB | 0.8/1.1 MB | 172/674 kB | 0.2/2.0 MBProgress (4): 0.6/1.4 MB | 0.8/1.1 MB | 172/674 kB | 0.2/2.0 MBProgress (4): 0.6/1.4 MB | 0.8/1.1 MB | 172/674 kB | 0.2/2.0 MBProgress (4): 0.6/1.4 MB | 0.8/1.1 MB | 172/674 kB | 0.2/2.0 MBProgress (4): 0.6/1.4 MB | 0.9/1.1 MB | 172/674 kB | 0.2/2.0 MBProgress (4): 0.6/1.4 MB | 0.9/1.1 MB | 172/674 kB | 0.2/2.0 MBProgress (4): 0.6/1.4 MB | 0.9/1.1 MB | 172/674 kB | 0.2/2.0 MBProgress (4): 0.6/1.4 MB | 0.9/1.1 MB | 188/674 kB | 0.2/2.0 MBProgress (4): 0.6/1.4 MB | 0.9/1.1 MB | 188/674 kB | 0.2/2.0 MBProgress (4): 0.6/1.4 MB | 0.9/1.1 MB | 188/674 kB | 0.3/2.0 MBProgress (4): 0.6/1.4 MB | 0.9/1.1 MB | 188/674 kB | 0.3/2.0 MBProgress (4): 0.6/1.4 MB | 0.9/1.1 MB | 188/674 kB | 0.3/2.0 MBProgress (4): 0.7/1.4 MB | 0.9/1.1 MB | 188/674 kB | 0.3/2.0 MBProgress (4): 0.7/1.4 MB | 0.9/1.1 MB | 188/674 kB | 0.3/2.0 MBProgress (4): 0.7/1.4 MB | 0.9/1.1 MB | 188/674 kB | 0.3/2.0 MBProgress (4): 0.7/1.4 MB | 0.9/1.1 MB | 188/674 kB | 0.3/2.0 MBProgress (4): 0.7/1.4 MB | 0.9/1.1 MB | 204/674 kB | 0.3/2.0 MBProgress (4): 0.7/1.4 MB | 0.9/1.1 MB | 204/674 kB | 0.3/2.0 MBProgress (4): 0.7/1.4 MB | 0.9/1.1 MB | 204/674 kB | 0.3/2.0 MBProgress (4): 0.7/1.4 MB | 0.9/1.1 MB | 204/674 kB | 0.3/2.0 MBProgress (4): 0.7/1.4 MB | 1.0/1.1 MB | 204/674 kB | 0.3/2.0 MBProgress (4): 0.7/1.4 MB | 1.0/1.1 MB | 204/674 kB | 0.3/2.0 MBProgress (4): 0.7/1.4 MB | 1.0/1.1 MB | 204/674 kB | 0.3/2.0 MBProgress (5): 0.7/1.4 MB | 1.0/1.1 MB | 204/674 kB | 0.3/2.0 MB | 3.2/961 kBProgress (5): 0.7/1.4 MB | 1.0/1.1 MB | 204/674 kB | 0.3/2.0 MB | 3.2/961 kBProgress (5): 0.7/1.4 MB | 1.0/1.1 MB | 204/674 kB | 0.3/2.0 MB | 20/961 kB Progress (5): 0.7/1.4 MB | 1.0/1.1 MB | 221/674 kB | 0.3/2.0 MB | 20/961 kBProgress (5): 0.7/1.4 MB | 1.0/1.1 MB | 221/674 kB | 0.3/2.0 MB | 20/961 kBProgress (5): 0.7/1.4 MB | 1.0/1.1 MB | 221/674 kB | 0.3/2.0 MB | 20/961 kBProgress (5): 0.8/1.4 MB | 1.0/1.1 MB | 221/674 kB | 0.3/2.0 MB | 20/961 kBProgress (5): 0.8/1.4 MB | 1.0/1.1 MB | 221/674 kB | 0.3/2.0 MB | 20/961 kBProgress (5): 0.8/1.4 MB | 1.0/1.1 MB | 221/674 kB | 0.3/2.0 MB | 20/961 kBProgress (5): 0.8/1.4 MB | 1.0/1.1 MB | 221/674 kB | 0.3/2.0 MB | 36/961 kBProgress (5): 0.8/1.4 MB | 1.0/1.1 MB | 221/674 kB | 0.3/2.0 MB | 36/961 kBProgress (5): 0.8/1.4 MB | 1.0/1.1 MB | 221/674 kB | 0.3/2.0 MB | 36/961 kBProgress (5): 0.8/1.4 MB | 1.0/1.1 MB | 237/674 kB | 0.3/2.0 MB | 36/961 kBProgress (5): 0.8/1.4 MB | 1.0/1.1 MB | 237/674 kB | 0.3/2.0 MB | 52/961 kBProgress (5): 0.8/1.4 MB | 1.0/1.1 MB | 237/674 kB | 0.3/2.0 MB | 52/961 kBProgress (5): 0.8/1.4 MB | 1.0/1.1 MB | 237/674 kB | 0.3/2.0 MB | 52/961 kBProgress (5): 0.8/1.4 MB | 1.0/1.1 MB | 237/674 kB | 0.3/2.0 MB | 69/961 kBProgress (5): 0.8/1.4 MB | 1.1/1.1 MB | 237/674 kB | 0.3/2.0 MB | 69/961 kBProgress (5): 0.8/1.4 MB | 1.1/1.1 MB | 237/674 kB | 0.3/2.0 MB | 69/961 kBProgress (5): 0.8/1.4 MB | 1.1/1.1 MB | 237/674 kB | 0.3/2.0 MB | 69/961 kBProgress (5): 0.8/1.4 MB | 1.1/1.1 MB | 237/674 kB | 0.3/2.0 MB | 69/961 kBProgress (5): 0.8/1.4 MB | 1.1 MB | 237/674 kB | 0.3/2.0 MB | 69/961 kB    Progress (5): 0.8/1.4 MB | 1.1 MB | 237/674 kB | 0.3/2.0 MB | 85/961 kBProgress (5): 0.8/1.4 MB | 1.1 MB | 253/674 kB | 0.3/2.0 MB | 85/961 kB                                                                       Downloaded from central: https://repo.maven.apache.org/maven2/org/apache/commons/commons-compress/1.27.1/commons-compress-1.27.1.jar (1.1 MB at 1.1 MB/s)
#16 141.1 Downloading from central: https://repo.maven.apache.org/maven2/org/apache/httpcomponents/core5/httpcore5/5.3.6/httpcore5-5.3.6.jar
#16 141.1 Progress (4): 0.8/1.4 MB | 253/674 kB | 0.3/2.0 MB | 85/961 kBProgress (4): 0.8/1.4 MB | 253/674 kB | 0.3/2.0 MB | 85/961 kBProgress (4): 0.8/1.4 MB | 253/674 kB | 0.3/2.0 MB | 102/961 kBProgress (4): 0.8/1.4 MB | 253/674 kB | 0.3/2.0 MB | 102/961 kBProgress (4): 0.8/1.4 MB | 253/674 kB | 0.3/2.0 MB | 118/961 kBProgress (4): 0.8/1.4 MB | 253/674 kB | 0.3/2.0 MB | 118/961 kBProgress (4): 0.8/1.4 MB | 253/674 kB | 0.3/2.0 MB | 134/961 kBProgress (4): 0.9/1.4 MB | 253/674 kB | 0.3/2.0 MB | 134/961 kBProgress (4): 0.9/1.4 MB | 270/674 kB | 0.3/2.0 MB | 134/961 kBProgress (4): 0.9/1.4 MB | 270/674 kB | 0.3/2.0 MB | 151/961 kBProgress (4): 0.9/1.4 MB | 270/674 kB | 0.3/2.0 MB | 151/961 kBProgress (4): 0.9/1.4 MB | 270/674 kB | 0.3/2.0 MB | 151/961 kBProgress (4): 0.9/1.4 MB | 270/674 kB | 0.3/2.0 MB | 167/961 kBProgress (4): 0.9/1.4 MB | 270/674 kB | 0.3/2.0 MB | 167/961 kBProgress (4): 0.9/1.4 MB | 270/674 kB | 0.3/2.0 MB | 183/961 kBProgress (4): 0.9/1.4 MB | 286/674 kB | 0.3/2.0 MB | 183/961 kBProgress (4): 0.9/1.4 MB | 286/674 kB | 0.3/2.0 MB | 200/961 kBProgress (4): 0.9/1.4 MB | 286/674 kB | 0.3/2.0 MB | 200/961 kBProgress (4): 0.9/1.4 MB | 286/674 kB | 0.4/2.0 MB | 200/961 kBProgress (4): 0.9/1.4 MB | 286/674 kB | 0.4/2.0 MB | 216/961 kBProgress (4): 0.9/1.4 MB | 286/674 kB | 0.4/2.0 MB | 216/961 kBProgress (4): 0.9/1.4 MB | 286/674 kB | 0.4/2.0 MB | 233/961 kBProgress (4): 0.9/1.4 MB | 286/674 kB | 0.4/2.0 MB | 233/961 kBProgress (4): 0.9/1.4 MB | 286/674 kB | 0.4/2.0 MB | 249/961 kBProgress (4): 0.9/1.4 MB | 303/674 kB | 0.4/2.0 MB | 249/961 kBProgress (4): 0.9/1.4 MB | 303/674 kB | 0.4/2.0 MB | 249/961 kBProgress (4): 0.9/1.4 MB | 303/674 kB | 0.4/2.0 MB | 265/961 kBProgress (4): 1.0/1.4 MB | 303/674 kB | 0.4/2.0 MB | 265/961 kBProgress (4): 1.0/1.4 MB | 303/674 kB | 0.4/2.0 MB | 265/961 kBProgress (4): 1.0/1.4 MB | 303/674 kB | 0.4/2.0 MB | 265/961 kBProgress (4): 1.0/1.4 MB | 303/674 kB | 0.4/2.0 MB | 282/961 kBProgress (4): 1.0/1.4 MB | 303/674 kB | 0.4/2.0 MB | 282/961 kBProgress (4): 1.0/1.4 MB | 319/674 kB | 0.4/2.0 MB | 282/961 kBProgress (4): 1.0/1.4 MB | 319/674 kB | 0.4/2.0 MB | 282/961 kBProgress (4): 1.0/1.4 MB | 319/674 kB | 0.4/2.0 MB | 298/961 kBProgress (4): 1.0/1.4 MB | 319/674 kB | 0.4/2.0 MB | 298/961 kBProgress (4): 1.0/1.4 MB | 319/674 kB | 0.4/2.0 MB | 298/961 kBProgress (4): 1.0/1.4 MB | 319/674 kB | 0.4/2.0 MB | 298/961 kBProgress (4): 1.0/1.4 MB | 319/674 kB | 0.4/2.0 MB | 314/961 kBProgress (4): 1.0/1.4 MB | 319/674 kB | 0.4/2.0 MB | 331/961 kBProgress (4): 1.0/1.4 MB | 319/674 kB | 0.4/2.0 MB | 331/961 kBProgress (4): 1.0/1.4 MB | 335/674 kB | 0.4/2.0 MB | 331/961 kBProgress (4): 1.1/1.4 MB | 335/674 kB | 0.4/2.0 MB | 331/961 kBProgress (4): 1.1/1.4 MB | 335/674 kB | 0.4/2.0 MB | 347/961 kBProgress (4): 1.1/1.4 MB | 335/674 kB | 0.4/2.0 MB | 347/961 kBProgress (5): 1.1/1.4 MB | 335/674 kB | 0.4/2.0 MB | 347/961 kB | 7.7/909 kBProgress (5): 1.1/1.4 MB | 335/674 kB | 0.4/2.0 MB | 347/961 kB | 12/909 kB Progress (5): 1.1/1.4 MB | 335/674 kB | 0.4/2.0 MB | 364/961 kB | 12/909 kBProgress (5): 1.1/1.4 MB | 335/674 kB | 0.4/2.0 MB | 364/961 kB | 12/909 kBProgress (5): 1.1/1.4 MB | 335/674 kB | 0.4/2.0 MB | 364/961 kB | 29/909 kBProgress (5): 1.1/1.4 MB | 352/674 kB | 0.4/2.0 MB | 364/961 kB | 29/909 kBProgress (5): 1.1/1.4 MB | 352/674 kB | 0.4/2.0 MB | 364/961 kB | 29/909 kBProgress (5): 1.1/1.4 MB | 352/674 kB | 0.4/2.0 MB | 380/961 kB | 29/909 kBProgress (5): 1.1/1.4 MB | 352/674 kB | 0.4/2.0 MB | 380/961 kB | 45/909 kBProgress (5): 1.1/1.4 MB | 352/674 kB | 0.4/2.0 MB | 380/961 kB | 45/909 kBProgress (5): 1.1/1.4 MB | 352/674 kB | 0.4/2.0 MB | 396/961 kB | 45/909 kBProgress (5): 1.1/1.4 MB | 352/674 kB | 0.4/2.0 MB | 396/961 kB | 45/909 kBProgress (5): 1.1/1.4 MB | 352/674 kB | 0.4/2.0 MB | 396/961 kB | 61/909 kBProgress (5): 1.1/1.4 MB | 352/674 kB | 0.4/2.0 MB | 396/961 kB | 78/909 kBProgress (5): 1.1/1.4 MB | 352/674 kB | 0.4/2.0 MB | 413/961 kB | 78/909 kBProgress (5): 1.1/1.4 MB | 352/674 kB | 0.5/2.0 MB | 413/961 kB | 78/909 kBProgress (5): 1.1/1.4 MB | 352/674 kB | 0.5/2.0 MB | 413/961 kB | 94/909 kBProgress (5): 1.1/1.4 MB | 352/674 kB | 0.5/2.0 MB | 413/961 kB | 94/909 kBProgress (5): 1.1/1.4 MB | 368/674 kB | 0.5/2.0 MB | 413/961 kB | 94/909 kBProgress (5): 1.1/1.4 MB | 368/674 kB | 0.5/2.0 MB | 429/961 kB | 94/909 kBProgress (5): 1.1/1.4 MB | 368/674 kB | 0.5/2.0 MB | 429/961 kB | 111/909 kBProgress (5): 1.2/1.4 MB | 368/674 kB | 0.5/2.0 MB | 429/961 kB | 111/909 kBProgress (5): 1.2/1.4 MB | 368/674 kB | 0.5/2.0 MB | 446/961 kB | 111/909 kBProgress (5): 1.2/1.4 MB | 368/674 kB | 0.5/2.0 MB | 446/961 kB | 127/909 kBProgress (5): 1.2/1.4 MB | 368/674 kB | 0.5/2.0 MB | 446/961 kB | 143/909 kBProgress (5): 1.2/1.4 MB | 368/674 kB | 0.5/2.0 MB | 462/961 kB | 143/909 kBProgress (5): 1.2/1.4 MB | 368/674 kB | 0.5/2.0 MB | 462/961 kB | 143/909 kBProgress (5): 1.2/1.4 MB | 385/674 kB | 0.5/2.0 MB | 462/961 kB | 143/909 kBProgress (5): 1.2/1.4 MB | 385/674 kB | 0.5/2.0 MB | 462/961 kB | 160/909 kBProgress (5): 1.2/1.4 MB | 385/674 kB | 0.5/2.0 MB | 475/961 kB | 160/909 kBProgress (5): 1.2/1.4 MB | 385/674 kB | 0.5/2.0 MB | 478/961 kB | 160/909 kBProgress (5): 1.2/1.4 MB | 385/674 kB | 0.5/2.0 MB | 478/961 kB | 176/909 kBProgress (5): 1.2/1.4 MB | 385/674 kB | 0.5/2.0 MB | 478/961 kB | 176/909 kBProgress (5): 1.2/1.4 MB | 385/674 kB | 0.5/2.0 MB | 495/961 kB | 176/909 kBProgress (5): 1.2/1.4 MB | 385/674 kB | 0.5/2.0 MB | 495/961 kB | 193/909 kBProgress (5): 1.2/1.4 MB | 385/674 kB | 0.5/2.0 MB | 495/961 kB | 193/909 kBProgress (5): 1.2/1.4 MB | 401/674 kB | 0.5/2.0 MB | 495/961 kB | 193/909 kBProgress (5): 1.2/1.4 MB | 401/674 kB | 0.5/2.0 MB | 495/961 kB | 209/909 kBProgress (5): 1.2/1.4 MB | 401/674 kB | 0.5/2.0 MB | 495/961 kB | 209/909 kBProgress (5): 1.2/1.4 MB | 401/674 kB | 0.5/2.0 MB | 511/961 kB | 209/909 kBProgress (5): 1.2/1.4 MB | 401/674 kB | 0.5/2.0 MB | 511/961 kB | 209/909 kBProgress (5): 1.2/1.4 MB | 401/674 kB | 0.5/2.0 MB | 511/961 kB | 225/909 kBProgress (5): 1.2/1.4 MB | 401/674 kB | 0.5/2.0 MB | 527/961 kB | 225/909 kBProgress (5): 1.2/1.4 MB | 401/674 kB | 0.5/2.0 MB | 527/961 kB | 242/909 kBProgress (5): 1.2/1.4 MB | 401/674 kB | 0.5/2.0 MB | 527/961 kB | 242/909 kBProgress (5): 1.2/1.4 MB | 401/674 kB | 0.5/2.0 MB | 544/961 kB | 242/909 kBProgress (5): 1.2/1.4 MB | 401/674 kB | 0.5/2.0 MB | 544/961 kB | 242/909 kBProgress (5): 1.2/1.4 MB | 401/674 kB | 0.5/2.0 MB | 544/961 kB | 258/909 kBProgress (5): 1.2/1.4 MB | 401/674 kB | 0.5/2.0 MB | 544/961 kB | 274/909 kBProgress (5): 1.2/1.4 MB | 401/674 kB | 0.5/2.0 MB | 560/961 kB | 274/909 kBProgress (5): 1.2/1.4 MB | 401/674 kB | 0.5/2.0 MB | 560/961 kB | 274/909 kBProgress (5): 1.2/1.4 MB | 401/674 kB | 0.5/2.0 MB | 560/961 kB | 291/909 kBProgress (5): 1.2/1.4 MB | 401/674 kB | 0.5/2.0 MB | 560/961 kB | 307/909 kBProgress (5): 1.2/1.4 MB | 401/674 kB | 0.5/2.0 MB | 560/961 kB | 324/909 kBProgress (5): 1.2/1.4 MB | 401/674 kB | 0.5/2.0 MB | 560/961 kB | 340/909 kBProgress (5): 1.2/1.4 MB | 401/674 kB | 0.5/2.0 MB | 560/961 kB | 356/909 kBProgress (5): 1.2/1.4 MB | 401/674 kB | 0.5/2.0 MB | 560/961 kB | 356/909 kBProgress (5): 1.2/1.4 MB | 417/674 kB | 0.5/2.0 MB | 560/961 kB | 356/909 kBProgress (5): 1.2/1.4 MB | 417/674 kB | 0.5/2.0 MB | 577/961 kB | 356/909 kBProgress (5): 1.2/1.4 MB | 417/674 kB | 0.5/2.0 MB | 577/961 kB | 356/909 kBProgress (5): 1.2/1.4 MB | 417/674 kB | 0.5/2.0 MB | 577/961 kB | 373/909 kBProgress (5): 1.3/1.4 MB | 417/674 kB | 0.5/2.0 MB | 577/961 kB | 373/909 kBProgress (5): 1.3/1.4 MB | 417/674 kB | 0.5/2.0 MB | 577/961 kB | 373/909 kBProgress (5): 1.3/1.4 MB | 417/674 kB | 0.5/2.0 MB | 577/961 kB | 373/909 kBProgress (5): 1.3/1.4 MB | 417/674 kB | 0.5/2.0 MB | 577/961 kB | 373/909 kBProgress (5): 1.3/1.4 MB | 417/674 kB | 0.5/2.0 MB | 577/961 kB | 373/909 kBProgress (5): 1.3/1.4 MB | 417/674 kB | 0.5/2.0 MB | 577/961 kB | 373/909 kBProgress (5): 1.3/1.4 MB | 417/674 kB | 0.5/2.0 MB | 593/961 kB | 373/909 kBProgress (5): 1.3/1.4 MB | 417/674 kB | 0.5/2.0 MB | 606/961 kB | 373/909 kBProgress (5): 1.3/1.4 MB | 417/674 kB | 0.6/2.0 MB | 606/961 kB | 373/909 kBProgress (5): 1.3/1.4 MB | 417/674 kB | 0.6/2.0 MB | 623/961 kB | 373/909 kBProgress (5): 1.3/1.4 MB | 417/674 kB | 0.6/2.0 MB | 623/961 kB | 373/909 kBProgress (5): 1.4/1.4 MB | 417/674 kB | 0.6/2.0 MB | 623/961 kB | 373/909 kBProgress (5): 1.4/1.4 MB | 417/674 kB | 0.6/2.0 MB | 639/961 kB | 373/909 kBProgress (5): 1.4/1.4 MB | 417/674 kB | 0.6/2.0 MB | 639/961 kB | 373/909 kBProgress (5): 1.4/1.4 MB | 417/674 kB | 0.6/2.0 MB | 655/961 kB | 373/909 kBProgress (5): 1.4 MB | 417/674 kB | 0.6/2.0 MB | 655/961 kB | 373/909 kB    Progress (5): 1.4 MB | 417/674 kB | 0.6/2.0 MB | 672/961 kB | 373/909 kB                                                                        Downloaded from central: https://repo.maven.apache.org/maven2/net/java/dev/jna/jna-platform/5.17.0/jna-platform-5.17.0.jar (1.4 MB at 530 kB/s)
#16 142.7 Downloading from central: https://repo.maven.apache.org/maven2/org/apache/httpcomponents/core5/httpcore5-h2/5.3.6/httpcore5-h2-5.3.6.jar
#16 142.7 Progress (4): 417/674 kB | 0.6/2.0 MB | 688/961 kB | 373/909 kBProgress (4): 417/674 kB | 0.6/2.0 MB | 705/961 kB | 373/909 kBProgress (4): 417/674 kB | 0.6/2.0 MB | 721/961 kB | 373/909 kBProgress (4): 434/674 kB | 0.6/2.0 MB | 721/961 kB | 373/909 kBProgress (4): 434/674 kB | 0.6/2.0 MB | 721/961 kB | 373/909 kBProgress (4): 434/674 kB | 0.6/2.0 MB | 737/961 kB | 373/909 kBProgress (4): 434/674 kB | 0.6/2.0 MB | 754/961 kB | 373/909 kBProgress (4): 450/674 kB | 0.6/2.0 MB | 754/961 kB | 373/909 kBProgress (4): 450/674 kB | 0.6/2.0 MB | 770/961 kB | 373/909 kBProgress (4): 450/674 kB | 0.6/2.0 MB | 770/961 kB | 373/909 kBProgress (4): 466/674 kB | 0.6/2.0 MB | 770/961 kB | 373/909 kBProgress (4): 466/674 kB | 0.6/2.0 MB | 786/961 kB | 373/909 kBProgress (4): 483/674 kB | 0.6/2.0 MB | 786/961 kB | 373/909 kBProgress (4): 483/674 kB | 0.6/2.0 MB | 803/961 kB | 373/909 kBProgress (4): 483/674 kB | 0.6/2.0 MB | 819/961 kB | 373/909 kBProgress (4): 483/674 kB | 0.6/2.0 MB | 836/961 kB | 373/909 kBProgress (4): 483/674 kB | 0.6/2.0 MB | 852/961 kB | 373/909 kBProgress (4): 483/674 kB | 0.6/2.0 MB | 868/961 kB | 373/909 kBProgress (4): 483/674 kB | 0.6/2.0 MB | 868/961 kB | 373/909 kBProgress (4): 483/674 kB | 0.6/2.0 MB | 868/961 kB | 389/909 kBProgress (4): 483/674 kB | 0.6/2.0 MB | 868/961 kB | 389/909 kBProgress (4): 483/674 kB | 0.6/2.0 MB | 868/961 kB | 389/909 kBProgress (4): 483/674 kB | 0.6/2.0 MB | 868/961 kB | 406/909 kBProgress (4): 483/674 kB | 0.6/2.0 MB | 885/961 kB | 406/909 kBProgress (4): 483/674 kB | 0.7/2.0 MB | 885/961 kB | 406/909 kBProgress (4): 483/674 kB | 0.7/2.0 MB | 885/961 kB | 422/909 kBProgress (4): 483/674 kB | 0.7/2.0 MB | 885/961 kB | 438/909 kBProgress (4): 483/674 kB | 0.7/2.0 MB | 885/961 kB | 455/909 kBProgress (4): 483/674 kB | 0.7/2.0 MB | 885/961 kB | 455/909 kBProgress (4): 483/674 kB | 0.7/2.0 MB | 885/961 kB | 455/909 kBProgress (4): 483/674 kB | 0.7/2.0 MB | 885/961 kB | 471/909 kBProgress (4): 483/674 kB | 0.7/2.0 MB | 885/961 kB | 471/909 kBProgress (4): 483/674 kB | 0.7/2.0 MB | 885/961 kB | 471/909 kBProgress (4): 483/674 kB | 0.7/2.0 MB | 885/961 kB | 471/909 kBProgress (4): 483/674 kB | 0.8/2.0 MB | 885/961 kB | 471/909 kBProgress (4): 499/674 kB | 0.8/2.0 MB | 885/961 kB | 471/909 kBProgress (4): 499/674 kB | 0.8/2.0 MB | 885/961 kB | 487/909 kBProgress (4): 516/674 kB | 0.8/2.0 MB | 885/961 kB | 487/909 kBProgress (4): 532/674 kB | 0.8/2.0 MB | 885/961 kB | 487/909 kBProgress (4): 548/674 kB | 0.8/2.0 MB | 885/961 kB | 487/909 kBProgress (4): 565/674 kB | 0.8/2.0 MB | 885/961 kB | 487/909 kBProgress (4): 565/674 kB | 0.8/2.0 MB | 885/961 kB | 504/909 kBProgress (4): 565/674 kB | 0.8/2.0 MB | 885/961 kB | 504/909 kBProgress (4): 565/674 kB | 0.8/2.0 MB | 901/961 kB | 504/909 kBProgress (4): 565/674 kB | 0.8/2.0 MB | 918/961 kB | 504/909 kBProgress (4): 565/674 kB | 0.8/2.0 MB | 934/961 kB | 504/909 kBProgress (4): 581/674 kB | 0.8/2.0 MB | 934/961 kB | 504/909 kBProgress (4): 581/674 kB | 0.8/2.0 MB | 934/961 kB | 504/909 kBProgress (4): 581/674 kB | 0.8/2.0 MB | 950/961 kB | 504/909 kBProgress (4): 581/674 kB | 0.8/2.0 MB | 961 kB | 504/909 kB                                                               Downloaded from central: https://repo.maven.apache.org/maven2/org/apache/httpcomponents/client5/httpclient5/5.5.2/httpclient5-5.5.2.jar (961 kB at 340 kB/s)
#16 143.0 Downloading from central: https://repo.maven.apache.org/maven2/org/tomlj/tomlj/1.0.0/tomlj-1.0.0.jar
#16 143.0 Progress (3): 598/674 kB | 0.8/2.0 MB | 504/909 kBProgress (3): 598/674 kB | 0.8/2.0 MB | 504/909 kBProgress (4): 598/674 kB | 0.8/2.0 MB | 504/909 kB | 7.7/243 kBProgress (4): 598/674 kB | 0.8/2.0 MB | 504/909 kB | 12/243 kB Progress (4): 598/674 kB | 0.8/2.0 MB | 504/909 kB | 29/243 kBProgress (4): 598/674 kB | 0.8/2.0 MB | 504/909 kB | 45/243 kBProgress (4): 614/674 kB | 0.8/2.0 MB | 504/909 kB | 45/243 kBProgress (4): 614/674 kB | 0.8/2.0 MB | 504/909 kB | 61/243 kBProgress (4): 614/674 kB | 0.8/2.0 MB | 504/909 kB | 66/243 kBProgress (4): 614/674 kB | 0.8/2.0 MB | 504/909 kB | 66/243 kBProgress (4): 614/674 kB | 0.8/2.0 MB | 504/909 kB | 82/243 kBProgress (4): 614/674 kB | 0.8/2.0 MB | 504/909 kB | 98/243 kBProgress (4): 630/674 kB | 0.8/2.0 MB | 504/909 kB | 98/243 kBProgress (4): 630/674 kB | 0.8/2.0 MB | 504/909 kB | 115/243 kBProgress (4): 630/674 kB | 0.8/2.0 MB | 520/909 kB | 115/243 kBProgress (4): 630/674 kB | 0.8/2.0 MB | 520/909 kB | 131/243 kBProgress (4): 630/674 kB | 0.8/2.0 MB | 537/909 kB | 131/243 kBProgress (4): 647/674 kB | 0.8/2.0 MB | 537/909 kB | 131/243 kBProgress (4): 663/674 kB | 0.8/2.0 MB | 537/909 kB | 131/243 kBProgress (4): 674 kB | 0.8/2.0 MB | 537/909 kB | 131/243 kB                                                               Downloaded from central: https://repo.maven.apache.org/maven2/org/apache/commons/commons-lang3/3.16.0/commons-lang3-3.16.0.jar (674 kB at 202 kB/s)
#16 143.5 Downloading from central: https://repo.maven.apache.org/maven2/org/antlr/antlr4-runtime/4.7.2/antlr4-runtime-4.7.2.jar
#16 143.5 Progress (4): 0.8/2.0 MB | 537/909 kB | 131/243 kB | 7.7/157 kBProgress (4): 0.8/2.0 MB | 537/909 kB | 131/243 kB | 11/157 kB Progress (4): 0.8/2.0 MB | 537/909 kB | 131/243 kB | 28/157 kBProgress (4): 0.8/2.0 MB | 537/909 kB | 131/243 kB | 44/157 kBProgress (4): 0.8/2.0 MB | 537/909 kB | 131/243 kB | 61/157 kBProgress (4): 0.8/2.0 MB | 537/909 kB | 131/243 kB | 77/157 kBProgress (4): 0.8/2.0 MB | 537/909 kB | 131/243 kB | 93/157 kBProgress (4): 0.8/2.0 MB | 537/909 kB | 131/243 kB | 110/157 kBProgress (4): 0.8/2.0 MB | 537/909 kB | 131/243 kB | 126/157 kBProgress (4): 0.8/2.0 MB | 537/909 kB | 131/243 kB | 142/157 kBProgress (4): 0.8/2.0 MB | 537/909 kB | 131/243 kB | 157 kB                                                               Downloaded from central: https://repo.maven.apache.org/maven2/org/tomlj/tomlj/1.0.0/tomlj-1.0.0.jar (157 kB at 43 kB/s)
#16 143.8 Downloading from central: https://repo.maven.apache.org/maven2/com/google/code/findbugs/jsr305/3.0.2/jsr305-3.0.2.jar
#16 143.9 Progress (4): 0.8/2.0 MB | 537/909 kB | 131/243 kB | 7.7/338 kBProgress (4): 0.8/2.0 MB | 537/909 kB | 131/243 kB | 12/338 kB Progress (4): 0.8/2.0 MB | 537/909 kB | 147/243 kB | 12/338 kBProgress (4): 0.8/2.0 MB | 537/909 kB | 164/243 kB | 12/338 kBProgress (4): 0.8/2.0 MB | 537/909 kB | 180/243 kB | 12/338 kBProgress (4): 0.8/2.0 MB | 537/909 kB | 197/243 kB | 12/338 kBProgress (4): 0.8/2.0 MB | 537/909 kB | 213/243 kB | 12/338 kBProgress (4): 0.8/2.0 MB | 537/909 kB | 229/243 kB | 12/338 kBProgress (4): 0.8/2.0 MB | 537/909 kB | 243 kB | 12/338 kB                                                              Downloaded from central: https://repo.maven.apache.org/maven2/org/apache/httpcomponents/core5/httpcore5-h2/5.3.6/httpcore5-h2-5.3.6.jar (243 kB at 65 kB/s)
#16 143.9 Downloading from central: https://repo.maven.apache.org/maven2/org/springframework/boot/spring-boot-loader-tools/4.0.6/spring-boot-loader-tools-4.0.6.jar
#16 143.9 Progress (3): 0.8/2.0 MB | 537/909 kB | 29/338 kBProgress (3): 0.8/2.0 MB | 537/909 kB | 45/338 kBProgress (3): 0.8/2.0 MB | 537/909 kB | 61/338 kBProgress (3): 0.8/2.0 MB | 537/909 kB | 61/338 kBProgress (3): 0.9/2.0 MB | 537/909 kB | 61/338 kBProgress (3): 0.9/2.0 MB | 537/909 kB | 61/338 kBProgress (3): 0.9/2.0 MB | 537/909 kB | 61/338 kBProgress (3): 0.9/2.0 MB | 537/909 kB | 61/338 kBProgress (3): 0.9/2.0 MB | 537/909 kB | 61/338 kBProgress (3): 0.9/2.0 MB | 537/909 kB | 78/338 kBProgress (3): 0.9/2.0 MB | 537/909 kB | 78/338 kBProgress (3): 0.9/2.0 MB | 537/909 kB | 78/338 kBProgress (3): 1.0/2.0 MB | 537/909 kB | 78/338 kBProgress (3): 1.0/2.0 MB | 553/909 kB | 78/338 kBProgress (3): 1.0/2.0 MB | 553/909 kB | 78/338 kBProgress (3): 1.0/2.0 MB | 553/909 kB | 78/338 kBProgress (3): 1.0/2.0 MB | 569/909 kB | 78/338 kBProgress (3): 1.0/2.0 MB | 569/909 kB | 78/338 kBProgress (3): 1.0/2.0 MB | 569/909 kB | 78/338 kBProgress (3): 1.0/2.0 MB | 586/909 kB | 78/338 kBProgress (3): 1.0/2.0 MB | 586/909 kB | 78/338 kBProgress (3): 1.0/2.0 MB | 602/909 kB | 78/338 kBProgress (3): 1.0/2.0 MB | 602/909 kB | 78/338 kBProgress (3): 1.1/2.0 MB | 602/909 kB | 78/338 kBProgress (3): 1.1/2.0 MB | 618/909 kB | 78/338 kBProgress (3): 1.1/2.0 MB | 635/909 kB | 78/338 kBProgress (3): 1.1/2.0 MB | 635/909 kB | 78/338 kBProgress (3): 1.1/2.0 MB | 651/909 kB | 78/338 kBProgress (3): 1.1/2.0 MB | 651/909 kB | 78/338 kBProgress (3): 1.1/2.0 MB | 668/909 kB | 78/338 kBProgress (3): 1.1/2.0 MB | 668/909 kB | 78/338 kBProgress (3): 1.1/2.0 MB | 668/909 kB | 78/338 kBProgress (3): 1.1/2.0 MB | 684/909 kB | 78/338 kBProgress (3): 1.1/2.0 MB | 684/909 kB | 78/338 kBProgress (3): 1.1/2.0 MB | 700/909 kB | 78/338 kBProgress (3): 1.2/2.0 MB | 700/909 kB | 78/338 kBProgress (3): 1.2/2.0 MB | 717/909 kB | 78/338 kBProgress (3): 1.2/2.0 MB | 717/909 kB | 78/338 kBProgress (3): 1.2/2.0 MB | 733/909 kB | 78/338 kBProgress (3): 1.2/2.0 MB | 733/909 kB | 78/338 kBProgress (3): 1.2/2.0 MB | 750/909 kB | 78/338 kBProgress (3): 1.2/2.0 MB | 750/909 kB | 78/338 kBProgress (3): 1.2/2.0 MB | 766/909 kB | 78/338 kBProgress (3): 1.2/2.0 MB | 766/909 kB | 78/338 kBProgress (3): 1.2/2.0 MB | 782/909 kB | 78/338 kBProgress (3): 1.2/2.0 MB | 799/909 kB | 78/338 kBProgress (3): 1.2/2.0 MB | 799/909 kB | 78/338 kBProgress (3): 1.2/2.0 MB | 815/909 kB | 78/338 kBProgress (3): 1.3/2.0 MB | 815/909 kB | 78/338 kBProgress (4): 1.3/2.0 MB | 815/909 kB | 78/338 kB | 7.7/20 kBProgress (4): 1.3/2.0 MB | 815/909 kB | 78/338 kB | 11/20 kB Progress (4): 1.3/2.0 MB | 815/909 kB | 78/338 kB | 20 kB                                                            Downloaded from central: https://repo.maven.apache.org/maven2/com/google/code/findbugs/jsr305/3.0.2/jsr305-3.0.2.jar (20 kB at 5.2 kB/s)
#16 144.0 Downloading from central: https://repo.maven.apache.org/maven2/commons-logging/commons-logging/1.3.5/commons-logging-1.3.5.jar
#16 144.0 Progress (3): 1.3/2.0 MB | 831/909 kB | 78/338 kBProgress (3): 1.3/2.0 MB | 848/909 kB | 78/338 kBProgress (3): 1.3/2.0 MB | 864/909 kB | 78/338 kBProgress (3): 1.3/2.0 MB | 881/909 kB | 78/338 kBProgress (3): 1.3/2.0 MB | 897/909 kB | 78/338 kBProgress (3): 1.3/2.0 MB | 909 kB | 78/338 kB    Progress (3): 1.3/2.0 MB | 909 kB | 78/338 kBProgress (3): 1.3/2.0 MB | 909 kB | 78/338 kB                                             Downloaded from central: https://repo.maven.apache.org/maven2/org/apache/httpcomponents/core5/httpcore5/5.3.6/httpcore5-5.3.6.jar (909 kB at 229 kB/s)
#16 144.1 Downloading from central: https://repo.maven.apache.org/maven2/org/apache/maven/plugins/maven-shade-plugin/3.6.0/maven-shade-plugin-3.6.0.jar
#16 144.1 Progress (2): 1.3/2.0 MB | 78/338 kBProgress (2): 1.3/2.0 MB | 94/338 kBProgress (2): 1.3/2.0 MB | 111/338 kBProgress (2): 1.3/2.0 MB | 111/338 kBProgress (3): 1.3/2.0 MB | 111/338 kB | 7.7/341 kBProgress (3): 1.3/2.0 MB | 111/338 kB | 16/341 kB Progress (3): 1.3/2.0 MB | 111/338 kB | 24/341 kBProgress (3): 1.3/2.0 MB | 127/338 kB | 24/341 kBProgress (3): 1.3/2.0 MB | 127/338 kB | 24/341 kBProgress (3): 1.3/2.0 MB | 127/338 kB | 40/341 kBProgress (3): 1.3/2.0 MB | 127/338 kB | 57/341 kBProgress (4): 1.3/2.0 MB | 127/338 kB | 57/341 kB | 7.7/74 kBProgress (4): 1.3/2.0 MB | 127/338 kB | 57/341 kB | 8.2/74 kBProgress (4): 1.4/2.0 MB | 127/338 kB | 57/341 kB | 8.2/74 kBProgress (5): 1.4/2.0 MB | 127/338 kB | 57/341 kB | 8.2/74 kB | 7.7/150 kBProgress (5): 1.4/2.0 MB | 127/338 kB | 57/341 kB | 8.2/74 kB | 15/150 kB Progress (5): 1.4/2.0 MB | 127/338 kB | 57/341 kB | 25/74 kB | 15/150 kB Progress (5): 1.4/2.0 MB | 127/338 kB | 73/341 kB | 25/74 kB | 15/150 kBProgress (5): 1.4/2.0 MB | 143/338 kB | 73/341 kB | 25/74 kB | 15/150 kBProgress (5): 1.4/2.0 MB | 143/338 kB | 73/341 kB | 25/74 kB | 32/150 kBProgress (5): 1.4/2.0 MB | 143/338 kB | 73/341 kB | 41/74 kB | 32/150 kBProgress (5): 1.4/2.0 MB | 143/338 kB | 73/341 kB | 41/74 kB | 32/150 kBProgress (5): 1.4/2.0 MB | 143/338 kB | 73/341 kB | 57/74 kB | 32/150 kBProgress (5): 1.4/2.0 MB | 143/338 kB | 73/341 kB | 57/74 kB | 48/150 kBProgress (5): 1.4/2.0 MB | 143/338 kB | 90/341 kB | 57/74 kB | 48/150 kBProgress (5): 1.4/2.0 MB | 143/338 kB | 90/341 kB | 57/74 kB | 65/150 kBProgress (5): 1.4/2.0 MB | 143/338 kB | 106/341 kB | 57/74 kB | 65/150 kBProgress (5): 1.4/2.0 MB | 160/338 kB | 106/341 kB | 57/74 kB | 65/150 kBProgress (5): 1.4/2.0 MB | 160/338 kB | 106/341 kB | 57/74 kB | 65/150 kBProgress (5): 1.4/2.0 MB | 160/338 kB | 106/341 kB | 74/74 kB | 65/150 kBProgress (5): 1.4/2.0 MB | 160/338 kB | 106/341 kB | 74 kB | 65/150 kB                                                                         Downloaded from central: https://repo.maven.apache.org/maven2/commons-logging/commons-logging/1.3.5/commons-logging-1.3.5.jar (74 kB at 18 kB/s)
#16 144.3 Downloading from central: https://repo.maven.apache.org/maven2/org/ow2/asm/asm/9.7/asm-9.7.jar
#16 144.3 Progress (4): 1.4/2.0 MB | 160/338 kB | 106/341 kB | 81/150 kBProgress (4): 1.4/2.0 MB | 160/338 kB | 122/341 kB | 81/150 kBProgress (4): 1.4/2.0 MB | 160/338 kB | 122/341 kB | 97/150 kBProgress (4): 1.4/2.0 MB | 160/338 kB | 122/341 kB | 114/150 kBProgress (4): 1.4/2.0 MB | 160/338 kB | 131/341 kB | 114/150 kBProgress (4): 1.4/2.0 MB | 160/338 kB | 131/341 kB | 114/150 kBProgress (4): 1.4/2.0 MB | 176/338 kB | 131/341 kB | 114/150 kBProgress (4): 1.4/2.0 MB | 176/338 kB | 131/341 kB | 130/150 kBProgress (4): 1.4/2.0 MB | 176/338 kB | 147/341 kB | 130/150 kBProgress (4): 1.4/2.0 MB | 176/338 kB | 147/341 kB | 147/150 kBProgress (4): 1.4/2.0 MB | 176/338 kB | 147/341 kB | 150 kB    Progress (4): 1.4/2.0 MB | 193/338 kB | 147/341 kB | 150 kB                                                           Downloaded from central: https://repo.maven.apache.org/maven2/org/apache/maven/plugins/maven-shade-plugin/3.6.0/maven-shade-plugin-3.6.0.jar (150 kB at 35 kB/s)
#16 144.4 Progress (3): 1.4/2.0 MB | 193/338 kB | 164/341 kB                                                  Downloading from central: https://repo.maven.apache.org/maven2/org/ow2/asm/asm-commons/9.7/asm-commons-9.7.jar
#16 144.4 Progress (3): 1.4/2.0 MB | 193/338 kB | 164/341 kBProgress (3): 1.4/2.0 MB | 193/338 kB | 180/341 kBProgress (3): 1.4/2.0 MB | 209/338 kB | 180/341 kBProgress (3): 1.4/2.0 MB | 209/338 kB | 197/341 kBProgress (3): 1.4/2.0 MB | 209/338 kB | 197/341 kBProgress (3): 1.4/2.0 MB | 209/338 kB | 213/341 kBProgress (3): 1.4/2.0 MB | 225/338 kB | 213/341 kBProgress (3): 1.5/2.0 MB | 225/338 kB | 213/341 kBProgress (3): 1.5/2.0 MB | 225/338 kB | 229/341 kBProgress (3): 1.5/2.0 MB | 225/338 kB | 246/341 kBProgress (3): 1.5/2.0 MB | 242/338 kB | 246/341 kBProgress (3): 1.5/2.0 MB | 242/338 kB | 246/341 kBProgress (3): 1.5/2.0 MB | 242/338 kB | 262/341 kBProgress (4): 1.5/2.0 MB | 242/338 kB | 262/341 kB | 3.2/125 kBProgress (4): 1.5/2.0 MB | 258/338 kB | 262/341 kB | 3.2/125 kBProgress (4): 1.5/2.0 MB | 258/338 kB | 262/341 kB | 20/125 kB Progress (4): 1.5/2.0 MB | 258/338 kB | 279/341 kB | 20/125 kBProgress (4): 1.5/2.0 MB | 258/338 kB | 279/341 kB | 36/125 kBProgress (4): 1.5/2.0 MB | 258/338 kB | 295/341 kB | 36/125 kBProgress (4): 1.5/2.0 MB | 258/338 kB | 295/341 kB | 36/125 kBProgress (4): 1.5/2.0 MB | 258/338 kB | 295/341 kB | 52/125 kBProgress (4): 1.5/2.0 MB | 258/338 kB | 311/341 kB | 52/125 kBProgress (4): 1.5/2.0 MB | 258/338 kB | 311/341 kB | 61/125 kBProgress (4): 1.5/2.0 MB | 274/338 kB | 311/341 kB | 61/125 kBProgress (5): 1.5/2.0 MB | 274/338 kB | 311/341 kB | 61/125 kB | 7.7/73 kBProgress (5): 1.5/2.0 MB | 274/338 kB | 311/341 kB | 61/125 kB | 16/73 kB Progress (5): 1.5/2.0 MB | 274/338 kB | 311/341 kB | 61/125 kB | 32/73 kBProgress (5): 1.5/2.0 MB | 274/338 kB | 311/341 kB | 61/125 kB | 32/73 kBProgress (5): 1.5/2.0 MB | 274/338 kB | 328/341 kB | 61/125 kB | 32/73 kBProgress (5): 1.5/2.0 MB | 274/338 kB | 328/341 kB | 77/125 kB | 32/73 kBProgress (5): 1.5/2.0 MB | 274/338 kB | 328/341 kB | 77/125 kB | 49/73 kBProgress (5): 1.5/2.0 MB | 291/338 kB | 328/341 kB | 77/125 kB | 49/73 kBProgress (5): 1.5/2.0 MB | 291/338 kB | 341 kB | 77/125 kB | 49/73 kB    Progress (5): 1.5/2.0 MB | 291/338 kB | 341 kB | 77/125 kB | 65/73 kB                                                                     Downloaded from central: https://repo.maven.apache.org/maven2/org/springframework/boot/spring-boot-loader-tools/4.0.6/spring-boot-loader-tools-4.0.6.jar (341 kB at 76 kB/s)
#16 144.6 Downloading from central: https://repo.maven.apache.org/maven2/org/ow2/asm/asm-tree/9.7/asm-tree-9.7.jar
#16 144.6 Progress (4): 1.5/2.0 MB | 291/338 kB | 93/125 kB | 65/73 kBProgress (4): 1.5/2.0 MB | 291/338 kB | 97/125 kB | 65/73 kBProgress (4): 1.5/2.0 MB | 291/338 kB | 97/125 kB | 73 kB                                                            Downloaded from central: https://repo.maven.apache.org/maven2/org/ow2/asm/asm-commons/9.7/asm-commons-9.7.jar (73 kB at 16 kB/s)
#16 144.6 Downloading from central: https://repo.maven.apache.org/maven2/org/jdom/jdom2/2.0.6.1/jdom2-2.0.6.1.jar
#16 144.6 Progress (3): 1.5/2.0 MB | 291/338 kB | 97/125 kBProgress (3): 1.5/2.0 MB | 291/338 kB | 113/125 kBProgress (3): 1.5/2.0 MB | 307/338 kB | 113/125 kBProgress (3): 1.5/2.0 MB | 307/338 kB | 125 kB                                                  Downloaded from central: https://repo.maven.apache.org/maven2/org/ow2/asm/asm/9.7/asm-9.7.jar (125 kB at 28 kB/s)
#16 144.6 Downloading from central: https://repo.maven.apache.org/maven2/org/vafer/jdependency/2.10/jdependency-2.10.jar
#16 144.6 Progress (2): 1.5/2.0 MB | 324/338 kBProgress (2): 1.5/2.0 MB | 324/338 kBProgress (2): 1.5/2.0 MB | 338 kB    Progress (2): 1.6/2.0 MB | 338 kB                                 Downloaded from central: https://repo.maven.apache.org/maven2/org/antlr/antlr4-runtime/4.7.2/antlr4-runtime-4.7.2.jar (338 kB at 75 kB/s)
#16 144.7 Progress (1): 1.6/2.0 MBProgress (1): 1.6/2.0 MBProgress (1): 1.6/2.0 MBProgress (1): 1.6/2.0 MBProgress (1): 1.6/2.0 MBProgress (2): 1.6/2.0 MB | 7.7/52 kBProgress (2): 1.6/2.0 MB | 12/52 kB Progress (3): 1.6/2.0 MB | 12/52 kB | 7.7/416 kBProgress (3): 1.6/2.0 MB | 12/52 kB | 11/416 kB Progress (3): 1.7/2.0 MB | 12/52 kB | 11/416 kBProgress (4): 1.7/2.0 MB | 12/52 kB | 11/416 kB | 8.2/328 kBProgress (4): 1.7/2.0 MB | 29/52 kB | 11/416 kB | 8.2/328 kBProgress (4): 1.7/2.0 MB | 29/52 kB | 11/416 kB | 25/328 kB Progress (4): 1.7/2.0 MB | 29/52 kB | 28/416 kB | 25/328 kBProgress (4): 1.7/2.0 MB | 29/52 kB | 28/416 kB | 41/328 kBProgress (4): 1.7/2.0 MB | 45/52 kB | 28/416 kB | 41/328 kBProgress (4): 1.7/2.0 MB | 45/52 kB | 44/416 kB | 41/328 kBProgress (4): 1.7/2.0 MB | 45/52 kB | 44/416 kB | 41/328 kBProgress (4): 1.7/2.0 MB | 52 kB | 44/416 kB | 41/328 kB   Progress (4): 1.7/2.0 MB | 52 kB | 44/416 kB | 57/328 kB                                                        Downloaded from central: https://repo.maven.apache.org/maven2/org/ow2/asm/asm-tree/9.7/asm-tree-9.7.jar (52 kB at 11 kB/s)
#16 144.8 Progress (3): 1.7/2.0 MB | 44/416 kB | 66/328 kBProgress (3): 1.7/2.0 MB | 61/416 kB | 66/328 kBProgress (3): 1.7/2.0 MB | 61/416 kB | 82/328 kBProgress (3): 1.7/2.0 MB | 77/416 kB | 82/328 kBProgress (3): 1.7/2.0 MB | 77/416 kB | 82/328 kBProgress (3): 1.7/2.0 MB | 77/416 kB | 98/328 kBProgress (3): 1.7/2.0 MB | 77/416 kB | 102/328 kBProgress (3): 1.7/2.0 MB | 93/416 kB | 102/328 kBProgress (3): 1.7/2.0 MB | 93/416 kB | 118/328 kBProgress (3): 1.7/2.0 MB | 93/416 kB | 135/328 kBProgress (3): 1.7/2.0 MB | 110/416 kB | 135/328 kBProgress (3): 1.7/2.0 MB | 110/416 kB | 151/328 kBProgress (3): 1.7/2.0 MB | 110/416 kB | 151/328 kBProgress (3): 1.7/2.0 MB | 110/416 kB | 168/328 kBProgress (3): 1.7/2.0 MB | 126/416 kB | 168/328 kBProgress (3): 1.7/2.0 MB | 134/416 kB | 168/328 kBProgress (3): 1.7/2.0 MB | 151/416 kB | 168/328 kBProgress (3): 1.7/2.0 MB | 151/416 kB | 168/328 kBProgress (3): 1.7/2.0 MB | 167/416 kB | 168/328 kBProgress (3): 1.7/2.0 MB | 167/416 kB | 168/328 kBProgress (3): 1.7/2.0 MB | 183/416 kB | 168/328 kBProgress (3): 1.7/2.0 MB | 200/416 kB | 168/328 kBProgress (3): 1.7/2.0 MB | 200/416 kB | 168/328 kBProgress (3): 1.7/2.0 MB | 216/416 kB | 168/328 kBProgress (3): 1.8/2.0 MB | 216/416 kB | 168/328 kBProgress (3): 1.8/2.0 MB | 233/416 kB | 168/328 kBProgress (3): 1.8/2.0 MB | 249/416 kB | 168/328 kBProgress (3): 1.8/2.0 MB | 265/416 kB | 168/328 kBProgress (3): 1.8/2.0 MB | 265/416 kB | 168/328 kBProgress (3): 1.8/2.0 MB | 265/416 kB | 168/328 kBProgress (3): 1.8/2.0 MB | 282/416 kB | 168/328 kBProgress (3): 1.8/2.0 MB | 282/416 kB | 168/328 kBProgress (3): 1.8/2.0 MB | 282/416 kB | 168/328 kBProgress (3): 1.8/2.0 MB | 282/416 kB | 168/328 kBProgress (3): 1.9/2.0 MB | 282/416 kB | 168/328 kBProgress (3): 1.9/2.0 MB | 282/416 kB | 168/328 kBProgress (3): 1.9/2.0 MB | 298/416 kB | 168/328 kBProgress (3): 1.9/2.0 MB | 314/416 kB | 168/328 kBProgress (3): 1.9/2.0 MB | 314/416 kB | 168/328 kBProgress (3): 1.9/2.0 MB | 331/416 kB | 168/328 kBProgress (3): 1.9/2.0 MB | 331/416 kB | 184/328 kBProgress (3): 1.9/2.0 MB | 331/416 kB | 184/328 kBProgress (3): 1.9/2.0 MB | 347/416 kB | 184/328 kBProgress (3): 1.9/2.0 MB | 347/416 kB | 200/328 kBProgress (3): 1.9/2.0 MB | 364/416 kB | 200/328 kBProgress (3): 1.9/2.0 MB | 364/416 kB | 217/328 kBProgress (3): 1.9/2.0 MB | 364/416 kB | 217/328 kBProgress (3): 1.9/2.0 MB | 364/416 kB | 233/328 kBProgress (3): 1.9/2.0 MB | 380/416 kB | 233/328 kBProgress (3): 1.9/2.0 MB | 380/416 kB | 250/328 kBProgress (3): 1.9/2.0 MB | 380/416 kB | 250/328 kBProgress (3): 1.9/2.0 MB | 380/416 kB | 266/328 kBProgress (3): 1.9/2.0 MB | 396/416 kB | 266/328 kBProgress (3): 1.9/2.0 MB | 396/416 kB | 282/328 kBProgress (3): 1.9/2.0 MB | 413/416 kB | 282/328 kBProgress (3): 1.9/2.0 MB | 416 kB | 282/328 kB    Progress (3): 2.0/2.0 MB | 416 kB | 282/328 kBProgress (3): 2.0/2.0 MB | 416 kB | 299/328 kBProgress (3): 2.0/2.0 MB | 416 kB | 315/328 kB                                              Downloaded from central: https://repo.maven.apache.org/maven2/org/vafer/jdependency/2.10/jdependency-2.10.jar (416 kB at 78 kB/s)
#16 145.5 Progress (2): 2.0/2.0 MB | 315/328 kBProgress (2): 2.0/2.0 MB | 328 kB                                     Downloaded from central: https://repo.maven.apache.org/maven2/org/jdom/jdom2/2.0.6.1/jdom2-2.0.6.1.jar (328 kB at 61 kB/s)
#16 145.5 Progress (1): 2.0/2.0 MBProgress (1): 2.0 MB                        Downloaded from central: https://repo.maven.apache.org/maven2/net/java/dev/jna/jna/5.17.0/jna-5.17.0.jar (2.0 MB at 374 kB/s)
#16 146.2 [INFO] Replacing main artifact /app/target/employee-0.0.1-SNAPSHOT.jar with repackaged archive, adding nested dependencies in BOOT-INF/.
#16 146.2 [INFO] The original artifact has been renamed to /app/target/employee-0.0.1-SNAPSHOT.jar.original
#16 146.2 [INFO] ------------------------------------------------------------------------
#16 146.2 [INFO] BUILD SUCCESS
#16 146.2 [INFO] ------------------------------------------------------------------------
#16 146.2 [INFO] Total time:  02:17 min
#16 146.2 [INFO] Finished at: 2026-05-16T22:44:26Z
#16 146.2 [INFO] ------------------------------------------------------------------------
#16 DONE 146.4s

#17 [stage-1 2/5] WORKDIR /app
#17 CACHED

#18 [stage-1 3/5] RUN apk add --no-cache wget
#18 CACHED

#19 [stage-1 4/5] COPY --from=builder /app/target/*.jar app.jar
#19 DONE 0.2s

#20 [stage-1 5/5] RUN addgroup -S appgroup && adduser -S appuser -G appgroup
#20 DONE 0.3s

#21 exporting to image
#21 exporting layers
#21 exporting layers 2.0s done
#21 exporting manifest sha256:b4bab3444d32f7162b366667a7ebf4233054526c3ab8fb47c975e3686f7ad548 0.0s done
#21 exporting config sha256:2595c2fa9840f04fd43d2f0239eceb3e509ceba8c3373d2299fcc379c9495eac 0.0s done
#21 exporting attestation manifest sha256:0c6311f037016ab1dcdbd5cd5e9b97872b8658d79d9c6da6c4565ec62c940795 0.0s done
#21 exporting manifest list sha256:a822fa5c3ad9cdea91ad16c80fda3ffa3dcbc70524cf395bc014a3b039be438a 0.0s done
#21 naming to docker.io/library/employee-service-employee-service:latest
#21 naming to docker.io/library/employee-service-employee-service:latest done
#21 unpacking to docker.io/library/employee-service-employee-service:latest
#21 unpacking to docker.io/library/employee-service-employee-service:latest 0.4s done
#21 DONE 2.5s

#22 resolving provenance for metadata file
#22 DONE 0.1s
 Image employee-service-employee-service Built 
 Container hrms-employee-service Recreate 
 Container hrms-employee-service Recreated 
 Container hrms-employee-service Starting 
 Container hrms-employee-service Started 
  Waiting for hrms-employee-service to be healthy...........................................
[0;31m  ERR  hrms-employee-service did not become healthy within 120s[0m
2026-05-16 22:46:22 - HHH90000025: PostgreSQLDialect does not need to be specified explicitly using 'hibernate.dialect' (remove the property setting and it will be selected by default)
2026-05-16 22:46:24 - Exception encountered during context initialization - cancelling refresh attempt: org.springframework.beans.factory.UnsatisfiedDependencyException: Error creating bean with name 'authServiceClient': Unsatisfied dependency expressed through field 'objectMapper': No qualifying bean of type 'com.fasterxml.jackson.databind.ObjectMapper' available: expected at least 1 bean which qualifies as autowire candidate. Dependency annotations: {@org.springframework.beans.factory.annotation.Autowired(required=true)}
2026-05-16 22:46:24 - 

***************************
APPLICATION FAILED TO START
***************************

Description:

Field objectMapper in com.hrms.employee.infrastructure.service.AuthServiceClient required a bean of type 'com.fasterxml.jackson.databind.ObjectMapper' that could not be found.

The injection point has the following annotations:
	- @org.springframework.beans.factory.annotation.Autowired(required=true)


Action:

Consider defining a bean of type 'com.fasterxml.jackson.databind.ObjectMapper' in your configuration.

